
> seikotsuin-management-saas@0.1.0 prebuild
> node scripts/check-swc-binary.mjs


> seikotsuin-management-saas@0.1.0 build
> next build

   笆ｲ Next.js 15.5.9
   - Environments: .env.local, .env.production
   - Experiments (use with caution):
     ﾂｷ optimizePackageImports

   Creating an optimized production build ...
 笨・Compiled successfully in 49s
   Linting and checking validity of types ...

 笞 The Next.js plugin was not detected in your ESLint configuration. See https://nextjs.org/docs/app/api-reference/config/eslint#migrating-existing-config

Failed to compile.

./src/api/database/supabase-client.ts
25:23  Warning: Unexpected any. Specify a different type.  @typescript-eslint/no-explicit-any
41:5  Warning: Unexpected console statement.  no-console
47:28  Warning: Unexpected any. Specify a different type.  @typescript-eslint/no-explicit-any
94:45  Warning: Unexpected any. Specify a different type.  @typescript-eslint/no-explicit-any
107:38  Warning: Unexpected any. Specify a different type.  @typescript-eslint/no-explicit-any
121:5  Warning: Unexpected console statement.  no-console

./src/api/gemini/ai-analysis-service.ts
141:5  Warning: Unexpected console statement.  no-console
230:19  Warning: Unexpected any. Specify a different type.  @typescript-eslint/no-explicit-any
251:11  Error: Insert `ﾂｷﾂｷ`  prettier/prettier
252:1  Error: Insert `ﾂｷﾂｷ`  prettier/prettier
253:11  Error: Insert `ﾂｷﾂｷ`  prettier/prettier
254:1  Error: Insert `ﾂｷﾂｷ`  prettier/prettier
276:5  Warning: Unexpected console statement.  no-console
328:31  Warning: Unexpected any. Specify a different type.  @typescript-eslint/no-explicit-any
329:24  Warning: Unexpected any. Specify a different type.  @typescript-eslint/no-explicit-any
336:31  Warning: Unexpected any. Specify a different type.  @typescript-eslint/no-explicit-any
337:24  Warning: Unexpected any. Specify a different type.  @typescript-eslint/no-explicit-any
338:24  Warning: Unexpected any. Specify a different type.  @typescript-eslint/no-explicit-any
417:19  Warning: Unexpected any. Specify a different type.  @typescript-eslint/no-explicit-any
430:5  Warning: Unexpected console statement.  no-console

./src/app/admin/(protected)/beta-monitoring/page.tsx
78:6  Warning: React Hook useEffect has a missing dependency: 'loadData'. Either include it or remove the dependency array.  react-hooks/exhaustive-deps
93:60  Error: Replace `ﾂｷerror:ﾂｷerr,ﾂｷtab:ﾂｷactiveTab` with `竢篠ｷﾂｷﾂｷﾂｷﾂｷﾂｷﾂｷﾂｷerror:ﾂｷerr,竢篠ｷﾂｷﾂｷﾂｷﾂｷﾂｷﾂｷﾂｷtab:ﾂｷactiveTab,竢篠ｷﾂｷﾂｷﾂｷﾂｷ`  prettier/prettier
124:46  Error: Replace `(m)` with `m`  prettier/prettier
129:76  Error: Insert `竢篠ｷﾂｷﾂｷﾂｷﾂｷ`  prettier/prettier
173:20  Error: Replace `"p-6ﾂｷspace-y-6"` with `'p-6ﾂｷspace-y-6'`  prettier/prettier
174:22  Error: Replace `"flexﾂｷjustify-betweenﾂｷitems-center"` with `'flexﾂｷjustify-betweenﾂｷitems-center'`  prettier/prettier
175:23  Error: Replace `"text-3xlﾂｷfont-bold"` with `'text-3xlﾂｷfont-bold'`  prettier/prettier
176:24  Error: Replace `"text-smﾂｷtext-gray-500"` with `'text-smﾂｷtext-gray-500'`  prettier/prettier
183:24  Error: Replace `"gridﾂｷgrid-cols-1ﾂｷmd:grid-cols-4ﾂｷgap-4"` with `'gridﾂｷgrid-cols-1ﾂｷmd:grid-cols-4ﾂｷgap-4'`  prettier/prettier
184:27  Error: Replace `"p-4"` with `'p-4'`  prettier/prettier
185:28  Error: Replace `"text-smﾂｷtext-gray-500"` with `'text-smﾂｷtext-gray-500'`  prettier/prettier
186:28  Error: Replace `"text-2xlﾂｷfont-bold">{overallMetrics.totalClinics}` with `'text-2xlﾂｷfont-bold'>竢篠ｷﾂｷﾂｷﾂｷﾂｷﾂｷﾂｷﾂｷﾂｷﾂｷﾂｷﾂｷﾂｷﾂｷ{overallMetrics.totalClinics}竢篠ｷﾂｷﾂｷﾂｷﾂｷﾂｷﾂｷﾂｷﾂｷﾂｷﾂｷﾂｷ`  prettier/prettier
188:27  Error: Replace `"p-4"` with `'p-4'`  prettier/prettier
189:28  Error: Replace `"text-smﾂｷtext-gray-500"` with `'text-smﾂｷtext-gray-500'`  prettier/prettier
190:28  Error: Replace `"text-2xlﾂｷfont-bold">{overallMetrics.totalLogins}` with `'text-2xlﾂｷfont-bold'>竢篠ｷﾂｷﾂｷﾂｷﾂｷﾂｷﾂｷﾂｷﾂｷﾂｷﾂｷﾂｷﾂｷﾂｷ{overallMetrics.totalLogins}竢篠ｷﾂｷﾂｷﾂｷﾂｷﾂｷﾂｷﾂｷﾂｷﾂｷﾂｷﾂｷ`  prettier/prettier
192:27  Error: Replace `"p-4"` with `'p-4'`  prettier/prettier
193:28  Error: Replace `"text-smﾂｷtext-gray-500"` with `'text-smﾂｷtext-gray-500'`  prettier/prettier
194:28  Error: Replace `"text-2xlﾂｷfont-bold">{overallMetrics.avgDailyActiveRate}%` with `'text-2xlﾂｷfont-bold'>竢篠ｷﾂｷﾂｷﾂｷﾂｷﾂｷﾂｷﾂｷﾂｷﾂｷﾂｷﾂｷﾂｷﾂｷ{overallMetrics.avgDailyActiveRate}%竢篠ｷﾂｷﾂｷﾂｷﾂｷﾂｷﾂｷﾂｷﾂｷﾂｷﾂｷﾂｷ`  prettier/prettier
196:27  Error: Replace `"p-4"` with `'p-4'`  prettier/prettier
197:28  Error: Replace `"text-smﾂｷtext-gray-500"` with `'text-smﾂｷtext-gray-500'`  prettier/prettier
198:28  Error: Replace `"text-2xlﾂｷfont-bold">{overallMetrics.avgDailyReportCompletion}%` with `'text-2xlﾂｷfont-bold'>竢篠ｷﾂｷﾂｷﾂｷﾂｷﾂｷﾂｷﾂｷﾂｷﾂｷﾂｷﾂｷﾂｷﾂｷ{overallMetrics.avgDailyReportCompletion}%竢篠ｷﾂｷﾂｷﾂｷﾂｷﾂｷﾂｷﾂｷﾂｷﾂｷﾂｷﾂｷ`  prettier/prettier
206:30  Error: Replace `"metrics"` with `'metrics'`  prettier/prettier
207:30  Error: Replace `"feedback"` with `'feedback'`  prettier/prettier
208:30  Error: Replace `"backlog"` with `'backlog'`  prettier/prettier
209:30  Error: Replace `"gonogo"` with `'gonogo'`  prettier/prettier
213:28  Error: Replace `"metrics"` with `'metrics'`  prettier/prettier
214:27  Error: Replace `"p-6"` with `'p-6'`  prettier/prettier
215:27  Error: Replace `"text-xlﾂｷfont-boldﾂｷmb-4"` with `'text-xlﾂｷfont-boldﾂｷmb-4'`  prettier/prettier
217:30  Error: Replace `"text-centerﾂｷpy-8"` with `'text-centerﾂｷpy-8'`  prettier/prettier
219:30  Error: Replace `"text-red-600ﾂｷtext-centerﾂｷpy-8"` with `'text-red-600ﾂｷtext-centerﾂｷpy-8'`  prettier/prettier
221:30  Error: Replace `"text-gray-500ﾂｷtext-centerﾂｷpy-8"` with `'text-gray-500ﾂｷtext-centerﾂｷpy-8'`  prettier/prettier
225:30  Error: Replace `"space-y-4"` with `'space-y-4'`  prettier/prettier
226:30  Error: Replace `(metric)` with `metric`  prettier/prettier
227:50  Error: Replace `"borderﾂｷrounded-lgﾂｷp-4"` with `'borderﾂｷrounded-lgﾂｷp-4'`  prettier/prettier
228:35  Error: Replace `"font-boldﾂｷmb-2"` with `'font-boldﾂｷmb-2'`  prettier/prettier
231:36  Error: Replace `"gridﾂｷgrid-cols-2ﾂｷmd:grid-cols-4ﾂｷgap-4ﾂｷtext-sm"` with `'gridﾂｷgrid-cols-2ﾂｷmd:grid-cols-4ﾂｷgap-4ﾂｷtext-sm'`  prettier/prettier
233:40  Error: Replace `"text-gray-500"` with `'text-gray-500'`  prettier/prettier
234:40  Error: Replace `"font-semibold">{metric.login_count}` with `'font-semibold'>竢篠ｷﾂｷﾂｷﾂｷﾂｷﾂｷﾂｷﾂｷﾂｷﾂｷﾂｷﾂｷﾂｷﾂｷﾂｷﾂｷﾂｷﾂｷﾂｷﾂｷﾂｷﾂｷﾂｷﾂｷﾂｷﾂｷ{metric.login_count}竢篠ｷﾂｷﾂｷﾂｷﾂｷﾂｷﾂｷﾂｷﾂｷﾂｷﾂｷﾂｷﾂｷﾂｷﾂｷﾂｷﾂｷﾂｷﾂｷﾂｷﾂｷﾂｷﾂｷﾂｷ`  prettier/prettier
237:40  Error: Replace `"text-gray-500"` with `'text-gray-500'`  prettier/prettier
238:40  Error: Replace `"font-semibold">{metric.unique_users}` with `'font-semibold'>竢篠ｷﾂｷﾂｷﾂｷﾂｷﾂｷﾂｷﾂｷﾂｷﾂｷﾂｷﾂｷﾂｷﾂｷﾂｷﾂｷﾂｷﾂｷﾂｷﾂｷﾂｷﾂｷﾂｷﾂｷﾂｷﾂｷ{metric.unique_users}竢篠ｷﾂｷﾂｷﾂｷﾂｷﾂｷﾂｷﾂｷﾂｷﾂｷﾂｷﾂｷﾂｷﾂｷﾂｷﾂｷﾂｷﾂｷﾂｷﾂｷﾂｷﾂｷﾂｷﾂｷ`  prettier/prettier
241:40  Error: Replace `"text-gray-500"` with `'text-gray-500'`  prettier/prettier
242:40  Error: Replace `"font-semibold">{metric.daily_report_submissions}` with `'font-semibold'>竢篠ｷﾂｷﾂｷﾂｷﾂｷﾂｷﾂｷﾂｷﾂｷﾂｷﾂｷﾂｷﾂｷﾂｷﾂｷﾂｷﾂｷﾂｷﾂｷﾂｷﾂｷﾂｷﾂｷﾂｷﾂｷﾂｷ{metric.daily_report_submissions}竢篠ｷﾂｷﾂｷﾂｷﾂｷﾂｷﾂｷﾂｷﾂｷﾂｷﾂｷﾂｷﾂｷﾂｷﾂｷﾂｷﾂｷﾂｷﾂｷﾂｷﾂｷﾂｷﾂｷﾂｷ`  prettier/prettier
245:40  Error: Replace `"text-gray-500"` with `'text-gray-500'`  prettier/prettier
246:40  Error: Replace `"font-semibold"` with `'font-semibold'`  prettier/prettier
251:40  Error: Replace `"text-gray-500"` with `'text-gray-500'`  prettier/prettier
252:40  Error: Replace `"font-semibold"` with `'font-semibold'`  prettier/prettier
257:40  Error: Replace `"text-gray-500"` with `'text-gray-500'`  prettier/prettier
258:40  Error: Replace `"font-semibold">{metric.error_rate.toFixed(2)}%` with `'font-semibold'>竢篠ｷﾂｷﾂｷﾂｷﾂｷﾂｷﾂｷﾂｷﾂｷﾂｷﾂｷﾂｷﾂｷﾂｷﾂｷﾂｷﾂｷﾂｷﾂｷﾂｷﾂｷﾂｷﾂｷﾂｷﾂｷﾂｷ{metric.error_rate.toFixed(2)}%竢篠ｷﾂｷﾂｷﾂｷﾂｷﾂｷﾂｷﾂｷﾂｷﾂｷﾂｷﾂｷﾂｷﾂｷﾂｷﾂｷﾂｷﾂｷﾂｷﾂｷﾂｷﾂｷﾂｷﾂｷ`  prettier/prettier
269:28  Error: Replace `"feedback"` with `'feedback'`  prettier/prettier
270:27  Error: Replace `"p-6"` with `'p-6'`  prettier/prettier
271:27  Error: Replace `"text-xlﾂｷfont-boldﾂｷmb-4"` with `'text-xlﾂｷfont-boldﾂｷmb-4'`  prettier/prettier
273:30  Error: Replace `"text-centerﾂｷpy-8"` with `'text-centerﾂｷpy-8'`  prettier/prettier
275:30  Error: Replace `"text-red-600ﾂｷtext-centerﾂｷpy-8"` with `'text-red-600ﾂｷtext-centerﾂｷpy-8'`  prettier/prettier
277:30  Error: Replace `"text-gray-500ﾂｷtext-centerﾂｷpy-8"` with `'text-gray-500ﾂｷtext-centerﾂｷpy-8'`  prettier/prettier
281:30  Error: Replace `"space-y-3"` with `'space-y-3'`  prettier/prettier
282:30  Error: Replace `((item)` with `(item`  prettier/prettier
283:23  Error: Replace `ﾂｷkey={item.id}ﾂｷclassName="borderﾂｷrounded-lgﾂｷp-4ﾂｷhover:bg-gray-50"` with `竢篠ｷﾂｷﾂｷﾂｷﾂｷﾂｷﾂｷﾂｷﾂｷﾂｷﾂｷﾂｷﾂｷﾂｷﾂｷﾂｷﾂｷﾂｷﾂｷﾂｷkey={item.id}竢篠ｷﾂｷﾂｷﾂｷﾂｷﾂｷﾂｷﾂｷﾂｷﾂｷﾂｷﾂｷﾂｷﾂｷﾂｷﾂｷﾂｷﾂｷﾂｷﾂｷclassName='borderﾂｷrounded-lgﾂｷp-4ﾂｷhover:bg-gray-50'竢篠ｷﾂｷﾂｷﾂｷﾂｷﾂｷﾂｷﾂｷﾂｷﾂｷﾂｷﾂｷﾂｷﾂｷﾂｷﾂｷﾂｷﾂｷ`  prettier/prettier
284:36  Error: Replace `"flexﾂｷitems-startﾂｷjustify-between"` with `'flexﾂｷitems-startﾂｷjustify-between'`  prettier/prettier
285:38  Error: Replace `"flex-1"` with `'flex-1'`  prettier/prettier
286:40  Error: Replace `"flexﾂｷitems-centerﾂｷgap-2ﾂｷmb-2"` with `'flexﾂｷitems-centerﾂｷgap-2ﾂｷmb-2'`  prettier/prettier
287:43  Error: Replace `"text-xl">{getCategoryIcon(item.category)}` with `'text-xl'>竢篠ｷﾂｷﾂｷﾂｷﾂｷﾂｷﾂｷﾂｷﾂｷﾂｷﾂｷﾂｷﾂｷﾂｷﾂｷﾂｷﾂｷﾂｷﾂｷﾂｷﾂｷﾂｷﾂｷﾂｷﾂｷﾂｷﾂｷﾂｷ{getCategoryIcon(item.category)}竢篠ｷﾂｷﾂｷﾂｷﾂｷﾂｷﾂｷﾂｷﾂｷﾂｷﾂｷﾂｷﾂｷﾂｷﾂｷﾂｷﾂｷﾂｷﾂｷﾂｷﾂｷﾂｷﾂｷﾂｷﾂｷﾂｷ`  prettier/prettier
288:43  Error: Replace `"font-semibold"` with `'font-semibold'`  prettier/prettier
296:32  Error: Replace `ﾂｷclassName={`px-2ﾂｷpy-1ﾂｷroundedﾂｷtext-xsﾂｷ${getPriorityBadge(item.priority)}`}` with `竢篠ｷﾂｷﾂｷﾂｷﾂｷﾂｷﾂｷﾂｷﾂｷﾂｷﾂｷﾂｷﾂｷﾂｷﾂｷﾂｷﾂｷﾂｷﾂｷﾂｷﾂｷﾂｷﾂｷﾂｷﾂｷﾂｷﾂｷﾂｷclassName={`px-2ﾂｷpy-1ﾂｷroundedﾂｷtext-xsﾂｷ${getPriorityBadge(item.priority)}`}竢篠ｷﾂｷﾂｷﾂｷﾂｷﾂｷﾂｷﾂｷﾂｷﾂｷﾂｷﾂｷﾂｷﾂｷﾂｷﾂｷﾂｷﾂｷﾂｷﾂｷﾂｷﾂｷﾂｷﾂｷﾂｷﾂｷ`  prettier/prettier
300:38  Error: Replace `"text-smﾂｷtext-gray-600ﾂｷmb-2">{item.description}` with `'text-smﾂｷtext-gray-600ﾂｷmb-2'>竢篠ｷﾂｷﾂｷﾂｷﾂｷﾂｷﾂｷﾂｷﾂｷﾂｷﾂｷﾂｷﾂｷﾂｷﾂｷﾂｷﾂｷﾂｷﾂｷﾂｷﾂｷﾂｷﾂｷﾂｷﾂｷﾂｷ{item.description}竢篠ｷﾂｷﾂｷﾂｷﾂｷﾂｷﾂｷﾂｷﾂｷﾂｷﾂｷﾂｷﾂｷﾂｷﾂｷﾂｷﾂｷﾂｷﾂｷﾂｷﾂｷﾂｷﾂｷﾂｷ`  prettier/prettier
301:40  Error: Replace `"text-xsﾂｷtext-gray-500"` with `'text-xsﾂｷtext-gray-500'`  prettier/prettier
302:45  Error: Replace `ﾂｷ{newﾂｷDate(item.created_at).toLocaleDateString('ja-JP'` with `{'ﾂｷ'}竢篠ｷﾂｷﾂｷﾂｷﾂｷﾂｷﾂｷﾂｷﾂｷﾂｷﾂｷﾂｷﾂｷﾂｷﾂｷﾂｷﾂｷﾂｷﾂｷﾂｷﾂｷﾂｷﾂｷﾂｷﾂｷﾂｷ{newﾂｷDate(item.created_at).toLocaleDateString(竢篠ｷﾂｷﾂｷﾂｷﾂｷﾂｷﾂｷﾂｷﾂｷﾂｷﾂｷﾂｷﾂｷﾂｷﾂｷﾂｷﾂｷﾂｷﾂｷﾂｷﾂｷﾂｷﾂｷﾂｷﾂｷﾂｷﾂｷﾂｷ'ja-JP'竢篠ｷﾂｷﾂｷﾂｷﾂｷﾂｷﾂｷﾂｷﾂｷﾂｷﾂｷﾂｷﾂｷﾂｷﾂｷﾂｷﾂｷﾂｷﾂｷﾂｷﾂｷﾂｷﾂｷﾂｷﾂｷﾂｷ`  prettier/prettier
305:38  Error: Replace `"text-sm"` with `'text-sm'`  prettier/prettier
311:31  Error: Insert `ﾂｷﾂｷ`  prettier/prettier
312:1  Error: Insert `ﾂｷﾂｷ`  prettier/prettier
327:28  Error: Replace `"backlog"` with `'backlog'`  prettier/prettier
328:27  Error: Replace `"p-6"` with `'p-6'`  prettier/prettier
329:27  Error: Replace `"text-xlﾂｷfont-boldﾂｷmb-4"` with `'text-xlﾂｷfont-boldﾂｷmb-4'`  prettier/prettier
331:30  Error: Replace `"text-centerﾂｷpy-8"` with `'text-centerﾂｷpy-8'`  prettier/prettier
333:30  Error: Replace `"text-red-600ﾂｷtext-centerﾂｷpy-8"` with `'text-red-600ﾂｷtext-centerﾂｷpy-8'`  prettier/prettier
335:30  Error: Replace `"text-gray-500ﾂｷtext-centerﾂｷpy-8"` with `'text-gray-500ﾂｷtext-centerﾂｷpy-8'`  prettier/prettier
339:30  Error: Replace `"space-y-3"` with `'space-y-3'`  prettier/prettier
340:30  Error: Replace `(item)` with `item`  prettier/prettier
341:48  Error: Replace `"borderﾂｷrounded-lgﾂｷp-4"` with `'borderﾂｷrounded-lgﾂｷp-4'`  prettier/prettier
342:36  Error: Replace `"flexﾂｷitems-startﾂｷjustify-between"` with `'flexﾂｷitems-startﾂｷjustify-between'`  prettier/prettier
343:38  Error: Replace `"flex-1"` with `'flex-1'`  prettier/prettier
344:40  Error: Replace `"flexﾂｷitems-centerﾂｷgap-2ﾂｷmb-2"` with `'flexﾂｷitems-centerﾂｷgap-2ﾂｷmb-2'`  prettier/prettier
345:43  Error: Replace `"font-semibold"` with `'font-semibold'`  prettier/prettier
346:32  Error: Replace `ﾂｷclassName={`px-2ﾂｷpy-1ﾂｷroundedﾂｷtext-xsﾂｷ${getPriorityBadge(item.priority)}`}` with `竢篠ｷﾂｷﾂｷﾂｷﾂｷﾂｷﾂｷﾂｷﾂｷﾂｷﾂｷﾂｷﾂｷﾂｷﾂｷﾂｷﾂｷﾂｷﾂｷﾂｷﾂｷﾂｷﾂｷﾂｷﾂｷﾂｷﾂｷﾂｷclassName={`px-2ﾂｷpy-1ﾂｷroundedﾂｷtext-xsﾂｷ${getPriorityBadge(item.priority)}`}竢篠ｷﾂｷﾂｷﾂｷﾂｷﾂｷﾂｷﾂｷﾂｷﾂｷﾂｷﾂｷﾂｷﾂｷﾂｷﾂｷﾂｷﾂｷﾂｷﾂｷﾂｷﾂｷﾂｷﾂｷﾂｷﾂｷ`  prettier/prettier
349:43  Error: Replace `"px-2ﾂｷpy-1ﾂｷroundedﾂｷtext-xsﾂｷbg-gray-100ﾂｷtext-gray-800"` with `'px-2ﾂｷpy-1ﾂｷroundedﾂｷtext-xsﾂｷbg-gray-100ﾂｷtext-gray-800'`  prettier/prettier
352:43  Error: Replace `"text-xsﾂｷtext-gray-600"` with `'text-xsﾂｷtext-gray-600'`  prettier/prettier
356:38  Error: Replace `"text-smﾂｷtext-gray-600ﾂｷmb-2">{item.description}` with `'text-smﾂｷtext-gray-600ﾂｷmb-2'>竢篠ｷﾂｷﾂｷﾂｷﾂｷﾂｷﾂｷﾂｷﾂｷﾂｷﾂｷﾂｷﾂｷﾂｷﾂｷﾂｷﾂｷﾂｷﾂｷﾂｷﾂｷﾂｷﾂｷﾂｷﾂｷﾂｷ{item.description}竢篠ｷﾂｷﾂｷﾂｷﾂｷﾂｷﾂｷﾂｷﾂｷﾂｷﾂｷﾂｷﾂｷﾂｷﾂｷﾂｷﾂｷﾂｷﾂｷﾂｷﾂｷﾂｷﾂｷﾂｷ`  prettier/prettier
357:40  Error: Replace `"text-xsﾂｷtext-gray-500"` with `'text-xsﾂｷtext-gray-500'`  prettier/prettier
361:38  Error: Replace `"text-sm"` with `'text-sm'`  prettier/prettier
367:31  Error: Insert `ﾂｷﾂｷ`  prettier/prettier
368:1  Error: Insert `ﾂｷﾂｷ`  prettier/prettier
383:28  Error: Replace `"gonogo"` with `'gonogo'`  prettier/prettier
384:27  Error: Replace `"p-6"` with `'p-6'`  prettier/prettier
385:27  Error: Replace `"text-xlﾂｷfont-boldﾂｷmb-4"` with `'text-xlﾂｷfont-boldﾂｷmb-4'`  prettier/prettier
386:28  Error: Replace `"space-y-4"` with `'space-y-4'`  prettier/prettier
387:30  Error: Replace `"border-l-4ﾂｷborder-blue-500ﾂｷpl-4"` with `'border-l-4ﾂｷborder-blue-500ﾂｷpl-4'`  prettier/prettier
388:31  Error: Replace `"font-semiboldﾂｷmb-2"` with `'font-semiboldﾂｷmb-2'`  prettier/prettier
389:31  Error: Replace `"space-y-2ﾂｷtext-sm"` with `'space-y-2ﾂｷtext-sm'`  prettier/prettier
390:33  Error: Replace `"flexﾂｷitems-centerﾂｷgap-2"` with `'flexﾂｷitems-centerﾂｷgap-2'`  prettier/prettier
391:26  Error: Replace `ﾂｷclassName={overallMetricsﾂｷ&&ﾂｷparseFloat(overallMetrics.avgDailyActiveRate)ﾂｷ>=ﾂｷ80ﾂｷ?ﾂｷ'笨・ﾂｷ:ﾂｷ'笞・・}` with `竢篠ｷﾂｷﾂｷﾂｷﾂｷﾂｷﾂｷﾂｷﾂｷﾂｷﾂｷﾂｷﾂｷﾂｷﾂｷﾂｷﾂｷﾂｷﾂｷﾂｷﾂｷﾂｷclassName={竢篠ｷﾂｷﾂｷﾂｷﾂｷﾂｷﾂｷﾂｷﾂｷﾂｷﾂｷﾂｷﾂｷﾂｷﾂｷﾂｷﾂｷﾂｷﾂｷﾂｷﾂｷﾂｷﾂｷﾂｷoverallMetricsﾂｷ&&竢篠ｷﾂｷﾂｷﾂｷﾂｷﾂｷﾂｷﾂｷﾂｷﾂｷﾂｷﾂｷﾂｷﾂｷﾂｷﾂｷﾂｷﾂｷﾂｷﾂｷﾂｷﾂｷﾂｷﾂｷparseFloat(overallMetrics.avgDailyActiveRate)ﾂｷ>=ﾂｷ80竢篠ｷﾂｷﾂｷﾂｷﾂｷﾂｷﾂｷﾂｷﾂｷﾂｷﾂｷﾂｷﾂｷﾂｷﾂｷﾂｷﾂｷﾂｷﾂｷﾂｷﾂｷﾂｷﾂｷﾂｷﾂｷﾂｷ?ﾂｷ'笨・竢篠ｷﾂｷﾂｷﾂｷﾂｷﾂｷﾂｷﾂｷﾂｷﾂｷﾂｷﾂｷﾂｷﾂｷﾂｷﾂｷﾂｷﾂｷﾂｷﾂｷﾂｷﾂｷﾂｷﾂｷﾂｷﾂｷ:ﾂｷ'笞・・竢篠ｷﾂｷﾂｷﾂｷﾂｷﾂｷﾂｷﾂｷﾂｷﾂｷﾂｷﾂｷﾂｷﾂｷﾂｷﾂｷﾂｷﾂｷﾂｷﾂｷﾂｷﾂｷ}竢篠ｷﾂｷﾂｷﾂｷﾂｷﾂｷﾂｷﾂｷﾂｷﾂｷﾂｷﾂｷﾂｷﾂｷﾂｷﾂｷﾂｷﾂｷﾂｷﾂｷ`  prettier/prettier
392:41  Error: Replace `ﾂｷparseFloat(overallMetrics.avgDailyActiveRate)ﾂｷ>=ﾂｷ80ﾂｷ?ﾂｷ'笨・` with `竢篠ｷﾂｷﾂｷﾂｷﾂｷﾂｷﾂｷﾂｷﾂｷﾂｷﾂｷﾂｷﾂｷﾂｷﾂｷﾂｷﾂｷﾂｷﾂｷﾂｷﾂｷﾂｷparseFloat(overallMetrics.avgDailyActiveRate)ﾂｷ>=ﾂｷ80竢篠ｷﾂｷﾂｷﾂｷﾂｷﾂｷﾂｷﾂｷﾂｷﾂｷﾂｷﾂｷﾂｷﾂｷﾂｷﾂｷﾂｷﾂｷﾂｷﾂｷﾂｷﾂｷﾂｷﾂｷ?ﾂｷ'笨・竢篠ｷﾂｷﾂｷﾂｷﾂｷﾂｷﾂｷﾂｷﾂｷﾂｷﾂｷﾂｷﾂｷﾂｷﾂｷﾂｷﾂｷﾂｷﾂｷﾂｷﾂｷﾂｷﾂｷ`  prettier/prettier
396:33  Error: Replace `"flexﾂｷitems-centerﾂｷgap-2"` with `'flexﾂｷitems-centerﾂｷgap-2'`  prettier/prettier
397:26  Error: Replace `ﾂｷclassName={overallMetricsﾂｷ&&ﾂｷparseFloat(overallMetrics.avgDailyReportCompletion)ﾂｷ>=ﾂｷ90ﾂｷ?ﾂｷ'笨・ﾂｷ:ﾂｷ'笞・・}` with `竢篠ｷﾂｷﾂｷﾂｷﾂｷﾂｷﾂｷﾂｷﾂｷﾂｷﾂｷﾂｷﾂｷﾂｷﾂｷﾂｷﾂｷﾂｷﾂｷﾂｷﾂｷﾂｷclassName={竢篠ｷﾂｷﾂｷﾂｷﾂｷﾂｷﾂｷﾂｷﾂｷﾂｷﾂｷﾂｷﾂｷﾂｷﾂｷﾂｷﾂｷﾂｷﾂｷﾂｷﾂｷﾂｷﾂｷﾂｷoverallMetricsﾂｷ&&竢篠ｷﾂｷﾂｷﾂｷﾂｷﾂｷﾂｷﾂｷﾂｷﾂｷﾂｷﾂｷﾂｷﾂｷﾂｷﾂｷﾂｷﾂｷﾂｷﾂｷﾂｷﾂｷﾂｷﾂｷparseFloat(overallMetrics.avgDailyReportCompletion)ﾂｷ>=竢篠ｷﾂｷﾂｷﾂｷﾂｷﾂｷﾂｷﾂｷﾂｷﾂｷﾂｷﾂｷﾂｷﾂｷﾂｷﾂｷﾂｷﾂｷﾂｷﾂｷﾂｷﾂｷﾂｷﾂｷﾂｷﾂｷ90竢篠ｷﾂｷﾂｷﾂｷﾂｷﾂｷﾂｷﾂｷﾂｷﾂｷﾂｷﾂｷﾂｷﾂｷﾂｷﾂｷﾂｷﾂｷﾂｷﾂｷﾂｷﾂｷﾂｷﾂｷﾂｷﾂｷ?ﾂｷ'笨・竢篠ｷﾂｷﾂｷﾂｷﾂｷﾂｷﾂｷﾂｷﾂｷﾂｷﾂｷﾂｷﾂｷﾂｷﾂｷﾂｷﾂｷﾂｷﾂｷﾂｷﾂｷﾂｷﾂｷﾂｷﾂｷﾂｷ:ﾂｷ'笞・・竢篠ｷﾂｷﾂｷﾂｷﾂｷﾂｷﾂｷﾂｷﾂｷﾂｷﾂｷﾂｷﾂｷﾂｷﾂｷﾂｷﾂｷﾂｷﾂｷﾂｷﾂｷﾂｷ}竢篠ｷﾂｷﾂｷﾂｷﾂｷﾂｷﾂｷﾂｷﾂｷﾂｷﾂｷﾂｷﾂｷﾂｷﾂｷﾂｷﾂｷﾂｷﾂｷﾂｷ`  prettier/prettier
398:41  Error: Replace `ﾂｷparseFloat(overallMetrics.avgDailyReportCompletion)ﾂｷ>=ﾂｷ90ﾂｷ?ﾂｷ'笨・` with `竢篠ｷﾂｷﾂｷﾂｷﾂｷﾂｷﾂｷﾂｷﾂｷﾂｷﾂｷﾂｷﾂｷﾂｷﾂｷﾂｷﾂｷﾂｷﾂｷﾂｷﾂｷﾂｷparseFloat(overallMetrics.avgDailyReportCompletion)ﾂｷ>=ﾂｷ90竢篠ｷﾂｷﾂｷﾂｷﾂｷﾂｷﾂｷﾂｷﾂｷﾂｷﾂｷﾂｷﾂｷﾂｷﾂｷﾂｷﾂｷﾂｷﾂｷﾂｷﾂｷﾂｷﾂｷﾂｷ?ﾂｷ'笨・竢篠ｷﾂｷﾂｷﾂｷﾂｷﾂｷﾂｷﾂｷﾂｷﾂｷﾂｷﾂｷﾂｷﾂｷﾂｷﾂｷﾂｷﾂｷﾂｷﾂｷﾂｷﾂｷﾂｷ`  prettier/prettier
402:33  Error: Replace `"flexﾂｷitems-centerﾂｷgap-2"` with `'flexﾂｷitems-centerﾂｷgap-2'`  prettier/prettier
406:33  Error: Replace `"flexﾂｷitems-centerﾂｷgap-2"` with `'flexﾂｷitems-centerﾂｷgap-2'`  prettier/prettier
408:31  Error: Insert `竢篠ｷﾂｷﾂｷﾂｷﾂｷﾂｷﾂｷﾂｷﾂｷﾂｷﾂｷﾂｷﾂｷﾂｷﾂｷﾂｷﾂｷﾂｷﾂｷ`  prettier/prettier
413:30  Error: Replace `"bg-yellow-50ﾂｷborderﾂｷborder-yellow-200ﾂｷroundedﾂｷp-4"` with `'bg-yellow-50ﾂｷborderﾂｷborder-yellow-200ﾂｷroundedﾂｷp-4'`  prettier/prettier
414:30  Error: Replace `"text-smﾂｷtext-yellow-800"` with `'text-smﾂｷtext-yellow-800'`  prettier/prettier
415:39  Error: Insert `{'ﾂｷ'}竢篠ｷﾂｷﾂｷﾂｷﾂｷﾂｷﾂｷﾂｷﾂｷﾂｷﾂｷﾂｷﾂｷﾂｷﾂｷﾂｷﾂｷ`  prettier/prettier

./src/app/admin/(protected)/chat/page.tsx
21:10  Error: Replace `竢篠ｷﾂｷﾂｷﾂｷmessages,竢篠ｷﾂｷﾂｷﾂｷsendMessage,竢篠ｷﾂｷﾂｷﾂｷisLoading,竢篠ｷﾂｷﾂｷﾂｷexportChat,竢篠ｷﾂｷﾂｷﾂｷerror,` with `ﾂｷmessages,ﾂｷsendMessage,ﾂｷisLoading,ﾂｷexportChat,ﾂｷerrorﾂｷ}ﾂｷ=`  prettier/prettier
27:3  Error: Replace `}ﾂｷ=` with `ﾂｷ`  prettier/prettier

./src/app/admin/(protected)/security-dashboard/page.tsx
41:40  Error: Replace `竢篠ｷﾂｷﾂｷﾂｷﾂｷﾂｷﾂｷﾂｷﾂｷﾂｷﾂｷﾂｷ邂｡逅・・→縺励※繝ｭ繧ｰ繧､繝ｳ縺励※縺上□縺輔＞縲や庶ﾂｷﾂｷﾂｷﾂｷﾂｷﾂｷﾂｷﾂｷﾂｷﾂｷ` with `邂｡逅・・→縺励※繝ｭ繧ｰ繧､繝ｳ縺励※縺上□縺輔＞縲Ａ  prettier/prettier

./src/app/admin/(protected)/settings/page.tsx
3:27  Error: 'useEffect' is defined but never used.  @typescript-eslint/no-unused-vars

./src/app/admin/(protected)/tenants/page.tsx
114:31  Error: Replace `typeofﾂｷclinics` with `(typeofﾂｷclinics)`  prettier/prettier
125:45  Error: Replace `typeofﾂｷclinics` with `(typeofﾂｷclinics)`  prettier/prettier
132:25  Error: Replace `ﾂｷ?ﾂｷ'繧ｯ繝ｪ繝九ャ繧ｯ繧堤┌蜉ｹ蛹悶＠縺ｾ縺励◆'` with `竢篠ｷﾂｷﾂｷﾂｷﾂｷﾂｷﾂｷﾂｷﾂｷﾂｷ?ﾂｷ'繧ｯ繝ｪ繝九ャ繧ｯ繧堤┌蜉ｹ蛹悶＠縺ｾ縺励◆'竢篠ｷﾂｷﾂｷﾂｷﾂｷﾂｷﾂｷﾂｷﾂｷ`  prettier/prettier
151:19  Error: A form label must be associated with a control.  jsx-a11y/label-has-associated-control
164:19  Error: A form label must be associated with a control.  jsx-a11y/label-has-associated-control
179:19  Error: A form label must be associated with a control.  jsx-a11y/label-has-associated-control
204:30  Error: Replace `"submit"` with `'submit'`  prettier/prettier
208:32  Error: Replace `"button"ﾂｷvariant="outline"` with `'button'ﾂｷvariant='outline'`  prettier/prettier
289:36  Error: Replace `clinic.is_activeﾂｷ?ﾂｷ'destructive'ﾂｷ:ﾂｷ'secondary'` with `竢篠ｷﾂｷﾂｷﾂｷﾂｷﾂｷﾂｷﾂｷﾂｷﾂｷﾂｷﾂｷﾂｷﾂｷﾂｷﾂｷﾂｷﾂｷﾂｷﾂｷﾂｷﾂｷﾂｷﾂｷﾂｷﾂｷﾂｷﾂｷclinic.is_activeﾂｷ?ﾂｷ'destructive'ﾂｷ:ﾂｷ'secondary'竢篠ｷﾂｷﾂｷﾂｷﾂｷﾂｷﾂｷﾂｷﾂｷﾂｷﾂｷﾂｷﾂｷﾂｷﾂｷﾂｷﾂｷﾂｷﾂｷﾂｷﾂｷﾂｷﾂｷﾂｷﾂｷﾂｷ`  prettier/prettier

./src/app/admin/(protected)/users/page.tsx
166:19  Error: A form label must be associated with a control.  jsx-a11y/label-has-associated-control
180:19  Error: A form label must be associated with a control.  jsx-a11y/label-has-associated-control
202:19  Error: A form label must be associated with a control.  jsx-a11y/label-has-associated-control

./src/app/admin/actions.ts
12:1  Error: '@/lib/supabase/server' import is restricted from being used. 蠢・★ '@/lib/supabase' 縺九ｉ import 縺励※縺上□縺輔＞  no-restricted-imports
70:32  Warning: Unexpected any. Specify a different type.  @typescript-eslint/no-explicit-any
83:7  Warning: Unexpected console statement.  no-console
122:7  Warning: Unexpected console statement.  no-console
178:5  Warning: Unexpected console statement.  no-console
192:5  Warning: Unexpected console statement.  no-console
207:6  Warning: Unexpected any. Specify a different type.  @typescript-eslint/no-explicit-any
219:5  Warning: Unexpected console statement.  no-console
239:7  Warning: Unexpected console statement.  no-console
257:5  Warning: Unexpected console statement.  no-console
271:5  Warning: Unexpected console statement.  no-console
298:7  Warning: Unexpected console statement.  no-console
304:7  Warning: Unexpected console statement.  no-console
308:35  Error: Replace `竢篠ｷﾂｷﾂｷﾂｷﾂｷﾂｷﾂｷﾂｷuser.id,竢篠ｷﾂｷﾂｷﾂｷﾂｷﾂｷﾂｷﾂｷuser.emailﾂｷ||ﾂｷ'',竢篠ｷﾂｷﾂｷﾂｷﾂｷﾂｷﾂｷﾂｷipAddress竢篠ｷﾂｷﾂｷﾂｷﾂｷﾂｷ` with `user.id,ﾂｷuser.emailﾂｷ||ﾂｷ'',ﾂｷipAddress`  prettier/prettier
321:5  Warning: Unexpected console statement.  no-console

./src/app/admin/callback/route.ts
26:19  Error: Replace `'role,ﾂｷclinic_id',ﾂｷPick<ProfileRow,ﾂｷ'role'ﾂｷ|ﾂｷ'clinic_id'>` with `竢篠ｷﾂｷﾂｷﾂｷﾂｷﾂｷﾂｷﾂｷﾂｷﾂｷﾂｷﾂｷ'role,ﾂｷclinic_id',竢篠ｷﾂｷﾂｷﾂｷﾂｷﾂｷﾂｷﾂｷﾂｷﾂｷﾂｷﾂｷPick<ProfileRow,ﾂｷ'role'ﾂｷ|ﾂｷ'clinic_id'>竢篠ｷﾂｷﾂｷﾂｷﾂｷﾂｷﾂｷﾂｷﾂｷﾂｷ`  prettier/prettier
44:9  Warning: Unexpected console statement.  no-console
51:9  Warning: Unexpected console statement.  no-console
59:7  Warning: Unexpected console statement.  no-console
62:5  Warning: Unexpected console statement.  no-console
69:3  Warning: Unexpected console statement.  no-console

./src/app/admin/login/page.tsx
14:1  Error: '@/lib/schemas/auth' import is duplicated.  no-duplicate-imports
70:21  Warning: Unexpected any. Specify a different type.  @typescript-eslint/no-explicit-any
71:34  Warning: Unexpected any. Specify a different type.  @typescript-eslint/no-explicit-any
94:34  Error: Replace `value[0]ﾂｷ??ﾂｷ''ﾂｷ:ﾂｷvalueﾂｷ??ﾂｷ''` with `(value[0]ﾂｷ??ﾂｷ'')ﾂｷ:ﾂｷ(valueﾂｷ??ﾂｷ'')`  prettier/prettier
141:13  Error: A form label must be associated with a control.  jsx-a11y/label-has-associated-control
156:27  Error: Empty block statement.  no-empty
170:13  Error: A form label must be associated with a control.  jsx-a11y/label-has-associated-control
174:13  Error: Insert `ﾂｷﾂｷ`  prettier/prettier
175:1  Error: Insert `ﾂｷﾂｷ`  prettier/prettier
176:15  Error: Insert `ﾂｷﾂｷ`  prettier/prettier
177:1  Error: Insert `ﾂｷﾂｷ`  prettier/prettier
186:29  Error: Empty block statement.  no-empty

./src/app/ai-insights/page.tsx
55:36  Error: Replace `ﾂｷjson?.errorﾂｷ||` with `竢篠ｷﾂｷﾂｷﾂｷﾂｷﾂｷﾂｷﾂｷﾂｷﾂｷﾂｷﾂｷﾂｷﾂｷjson?.errorﾂｷ||竢篠ｷﾂｷﾂｷﾂｷﾂｷﾂｷﾂｷﾂｷﾂｷﾂｷﾂｷﾂｷﾂｷ`  prettier/prettier
65:33  Error: Replace `ﾂｷ?ﾂｷerr.message` with `竢篠ｷﾂｷﾂｷﾂｷﾂｷﾂｷﾂｷﾂｷﾂｷﾂｷﾂｷﾂｷﾂｷﾂｷ?ﾂｷerr.message竢篠ｷﾂｷﾂｷﾂｷﾂｷﾂｷﾂｷﾂｷﾂｷﾂｷﾂｷﾂｷﾂｷ`  prettier/prettier
150:40  Error: Replace `陦ｨ遉ｺ縺ｧ縺阪ｋAI繧､繝ｳ繧ｵ繧､繝医′縺ゅｊ縺ｾ縺帙ｓ縲Ａ with `竢篠ｷﾂｷﾂｷﾂｷﾂｷﾂｷﾂｷﾂｷﾂｷﾂｷ陦ｨ遉ｺ縺ｧ縺阪ｋAI繧､繝ｳ繧ｵ繧､繝医′縺ゅｊ縺ｾ縺帙ｓ縲や庶ﾂｷﾂｷﾂｷﾂｷﾂｷﾂｷﾂｷﾂｷ`  prettier/prettier

./src/app/api/admin/dashboard/route.ts
128:41  Error: Replace `竢篠ｷﾂｷﾂｷﾂｷﾂｷﾂｷ(dailyReportsﾂｷ??` with `ﾂｷ(dailyReportsﾂｷ??竢篠ｷﾂｷﾂｷﾂｷﾂｷ`  prettier/prettier
130:51  Error: Replace `竢篠ｷﾂｷﾂｷﾂｷﾂｷﾂｷ(staffPerformanceﾂｷ??` with `ﾂｷ(staffPerformanceﾂｷ??竢篠ｷﾂｷﾂｷﾂｷﾂｷ`  prettier/prettier
148:22  Error: Insert `竢篠ｷﾂｷﾂｷﾂｷﾂｷﾂｷﾂｷ`  prettier/prettier
149:9  Error: Insert `ﾂｷﾂｷ`  prettier/prettier
150:1  Error: Insert `ﾂｷﾂｷ`  prettier/prettier

./src/app/api/admin/master-data/export/route.ts
9:15  Error: 'Database' is defined but never used.  @typescript-eslint/no-unused-vars
132:45  Error: Replace `supabase竢篠ｷﾂｷﾂｷﾂｷﾂｷﾂｷ.from('temporary_data')ﾂｷasﾂｷany)` with `竢篠ｷﾂｷﾂｷﾂｷﾂｷﾂｷsupabase.from('temporary_data')ﾂｷasﾂｷany`  prettier/prettier
134:1  Error: Replace `ﾂｷﾂｷﾂｷﾂｷﾂｷﾂｷ` with `ﾂｷﾂｷﾂｷﾂｷ)`  prettier/prettier
135:7  Error: Delete `ﾂｷﾂｷ`  prettier/prettier
136:1  Error: Replace `ﾂｷﾂｷﾂｷﾂｷﾂｷﾂｷﾂｷﾂｷﾂｷﾂｷ` with `ﾂｷﾂｷﾂｷﾂｷﾂｷﾂｷﾂｷﾂｷ`  prettier/prettier
137:1  Error: Delete `ﾂｷﾂｷ`  prettier/prettier
138:11  Error: Delete `ﾂｷﾂｷ`  prettier/prettier
139:1  Error: Replace `ﾂｷﾂｷﾂｷﾂｷﾂｷﾂｷﾂｷﾂｷﾂｷﾂｷﾂｷﾂｷ` with `ﾂｷﾂｷﾂｷﾂｷﾂｷﾂｷﾂｷﾂｷﾂｷﾂｷ`  prettier/prettier
140:11  Error: Delete `ﾂｷﾂｷ`  prettier/prettier
141:1  Error: Delete `ﾂｷﾂｷ`  prettier/prettier
142:11  Error: Delete `ﾂｷﾂｷ`  prettier/prettier
143:9  Error: Delete `ﾂｷﾂｷ`  prettier/prettier
144:1  Error: Delete `ﾂｷﾂｷ`  prettier/prettier
145:1  Error: Delete `ﾂｷﾂｷ`  prettier/prettier
146:1  Error: Delete `ﾂｷﾂｷ`  prettier/prettier

./src/app/api/admin/master-data/rollback/route.ts
66:64  Error: Replace `supabase竢篠ｷﾂｷﾂｷﾂｷﾂｷﾂｷ.from('temporary_data')ﾂｷasﾂｷany` with `竢篠ｷﾂｷﾂｷﾂｷﾂｷﾂｷsupabase.from('temporary_data')ﾂｷasﾂｷany竢篠ｷﾂｷﾂｷﾂｷ`  prettier/prettier
88:34  Error: Replace `'蠕ｩ蜈・ｯｾ雎｡縺ｮ繧ｹ繝翫ャ繝励す繝ｧ繝・ヨ縺瑚ｦ九▽縺九ｊ縺ｾ縺帙ｓ',ﾂｷ404` with `竢篠ｷﾂｷﾂｷﾂｷﾂｷﾂｷﾂｷﾂｷ'蠕ｩ蜈・ｯｾ雎｡縺ｮ繧ｹ繝翫ャ繝励す繝ｧ繝・ヨ縺瑚ｦ九▽縺九ｊ縺ｾ縺帙ｓ',竢篠ｷﾂｷﾂｷﾂｷﾂｷﾂｷﾂｷﾂｷ404竢篠ｷﾂｷﾂｷﾂｷﾂｷﾂｷ`  prettier/prettier
123:45  Error: Delete `supabase`  prettier/prettier
124:9  Error: Replace `.from('system_settings')ﾂｷasﾂｷany)` with `supabase.from('system_settings')ﾂｷasﾂｷany`  prettier/prettier
125:7  Error: Replace `ﾂｷﾂｷ` with `)`  prettier/prettier

./src/app/api/admin/master-data/route.ts
11:15  Error: 'Database' is defined but never used.  @typescript-eslint/no-unused-vars
61:1  Error: Delete `竢餐  prettier/prettier
243:44  Error: Delete `竢篠ｷﾂｷﾂｷﾂｷﾂｷﾂｷ`  prettier/prettier
348:44  Error: Delete `竢篠ｷﾂｷﾂｷﾂｷﾂｷﾂｷ`  prettier/prettier
432:62  Error: Replace `supabase竢篠ｷﾂｷﾂｷﾂｷﾂｷﾂｷ.from('system_settings')ﾂｷasﾂｷany` with `竢篠ｷﾂｷﾂｷﾂｷﾂｷﾂｷsupabase.from('system_settings')ﾂｷasﾂｷany竢篠ｷﾂｷﾂｷﾂｷ`  prettier/prettier

./src/app/api/admin/rate-limit/stats/route.ts
13:17  Error: Replace `'login_attempts',ﾂｷ'api_calls',ﾂｷ'session_creation',ﾂｷ'mfa_attempts'` with `竢篠ｷﾂｷﾂｷﾂｷ'login_attempts',竢篠ｷﾂｷﾂｷﾂｷ'api_calls',竢篠ｷﾂｷﾂｷﾂｷ'session_creation',竢篠ｷﾂｷﾂｷﾂｷ'mfa_attempts',竢篠ｷﾂｷ`  prettier/prettier

./src/app/api/admin/security/csp-violations/route.ts
114:11  Error: 'statsQuery' is assigned a value but never used.  @typescript-eslint/no-unused-vars
190:35  Error: Replace `ﾂｷ?ﾂｷ(bodyﾂｷasﾂｷany).is_false_positive` with `竢篠ｷﾂｷﾂｷﾂｷﾂｷﾂｷ?ﾂｷ(bodyﾂｷasﾂｷany).is_false_positive竢篠ｷﾂｷﾂｷﾂｷﾂｷ`  prettier/prettier

./src/app/api/admin/security/events/route.ts
19:9  Error: Replace `ﾂｷADMIN_UI_ROLES,ﾂｷcanAccessAdminUIWithCompatﾂｷ` with `竢篠ｷﾂｷADMIN_UI_ROLES,竢篠ｷﾂｷcanAccessAdminUIWithCompat,竢餐  prettier/prettier

./src/app/api/admin/security/metrics/route.ts
37:23  Error: 'auth' is assigned a value but never used.  @typescript-eslint/no-unused-vars

./src/app/api/admin/security/sessions/route.ts
48:15  Error: Insert `竢篠ｷﾂｷﾂｷﾂｷﾂｷﾂｷﾂｷﾂｷ`  prettier/prettier
63:8  Error: Insert `竢篠ｷﾂｷﾂｷﾂｷﾂｷﾂｷ`  prettier/prettier
88:47  Error: Replace `(s)` with `s`  prettier/prettier
112:51  Error: Replace `(session)` with `session`  prettier/prettier
118:25  Error: Delete `竢篠ｷﾂｷﾂｷﾂｷﾂｷﾂｷﾂｷ`  prettier/prettier

./src/app/api/admin/security/sessions/terminate/route.ts
17:9  Error: Replace `ﾂｷADMIN_UI_ROLES,ﾂｷcanAccessAdminUIWithCompatﾂｷ` with `竢篠ｷﾂｷADMIN_UI_ROLES,竢篠ｷﾂｷcanAccessAdminUIWithCompat,竢餐  prettier/prettier

./src/app/api/admin/security/stats/route.ts
59:8  Error: Replace `ﾂｷrequireClinicMatch:ﾂｷclinicIdﾂｷ!==ﾂｷnull,ﾂｷallowedRoles:ﾂｷArray.from(ADMIN_UI_ROLES)` with `竢篠ｷﾂｷﾂｷﾂｷﾂｷﾂｷﾂｷﾂｷrequireClinicMatch:ﾂｷclinicIdﾂｷ!==ﾂｷnull,竢篠ｷﾂｷﾂｷﾂｷﾂｷﾂｷﾂｷﾂｷallowedRoles:ﾂｷArray.from(ADMIN_UI_ROLES),竢篠ｷﾂｷﾂｷﾂｷﾂｷ`  prettier/prettier

./src/app/api/admin/settings/route.ts
1:4  Error: Delete `竦港  prettier/prettier
2:15  Error: Delete `竦港  prettier/prettier
3:31  Error: Delete `竦港  prettier/prettier
4:61  Error: Delete `竦港  prettier/prettier
5:3  Error: Delete `竦港  prettier/prettier
6:48  Error: Delete `竦港  prettier/prettier
7:43  Error: Delete `竦港  prettier/prettier
8:4  Error: Delete `竦港  prettier/prettier
9:1  Error: Delete `竦港  prettier/prettier
10:43  Error: Delete `竦港  prettier/prettier
11:25  Error: Delete `竦港  prettier/prettier
12:9  Error: Delete `竦港  prettier/prettier
13:23  Error: Delete `竦港  prettier/prettier
14:25  Error: Delete `竦港  prettier/prettier
15:12  Error: Delete `竦港  prettier/prettier
16:21  Error: Delete `竦港  prettier/prettier
17:28  Error: Delete `竦港  prettier/prettier
18:50  Error: Delete `竦港  prettier/prettier
19:9  Error: Replace `ﾂｷCLINIC_ADMIN_ROLES,ﾂｷSTAFF_ROLES,ﾂｷtypeﾂｷRoleﾂｷ}ﾂｷfromﾂｷ'@/lib/constants/roles';竦港 with `竢篠ｷﾂｷCLINIC_ADMIN_ROLES,竢篠ｷﾂｷSTAFF_ROLES,竢篠ｷﾂｷtypeﾂｷRole,竢枝ﾂｷfromﾂｷ'@/lib/constants/roles';`  prettier/prettier
20:1  Error: Delete `竦港  prettier/prettier
21:10  Error: Delete `竦港  prettier/prettier
22:27  Error: Delete `竦港  prettier/prettier
23:18  Error: Delete `竦港  prettier/prettier
24:18  Error: Delete `竦港  prettier/prettier
25:22  Error: Delete `竦港  prettier/prettier
26:19  Error: Delete `竦港  prettier/prettier
27:21  Error: Delete `竦港  prettier/prettier
28:19  Error: Delete `竦港  prettier/prettier
29:22  Error: Delete `竦港  prettier/prettier
30:23  Error: Delete `竦港  prettier/prettier
31:21  Error: Delete `竦港  prettier/prettier
32:12  Error: Delete `竦港  prettier/prettier
33:1  Error: Delete `竦港  prettier/prettier
34:59  Error: Delete `竦港  prettier/prettier
35:1  Error: Delete `竦港  prettier/prettier
36:12  Error: Delete `竦港  prettier/prettier
37:78  Error: Delete `竦港  prettier/prettier
38:18  Error: Delete `竦港  prettier/prettier
39:14  Error: Delete `竦港  prettier/prettier
40:17  Error: Delete `竦港  prettier/prettier
41:17  Error: Delete `竦港  prettier/prettier
42:15  Error: Delete `竦港  prettier/prettier
43:13  Error: Delete `竦港  prettier/prettier
44:15  Error: Delete `竦港  prettier/prettier
45:17  Error: Delete `竦港  prettier/prettier
46:21  Error: Delete `竦港  prettier/prettier
47:19  Error: Delete `竦港  prettier/prettier
48:5  Error: Delete `竦港  prettier/prettier
49:18  Error: Delete `竦港  prettier/prettier
50:20  Error: Delete `竦港  prettier/prettier
51:18  Error: Delete `竦港  prettier/prettier
52:25  Error: Delete `竦港  prettier/prettier
53:5  Error: Delete `竦港  prettier/prettier
54:22  Error: Delete `竦港  prettier/prettier
55:21  Error: Delete `竦港  prettier/prettier
56:22  Error: Delete `竦港  prettier/prettier
57:21  Error: Delete `竦港  prettier/prettier
58:31  Error: Delete `竦港  prettier/prettier
59:31  Error: Delete `竦港  prettier/prettier
60:31  Error: Delete `竦港  prettier/prettier
61:29  Error: Delete `竦港  prettier/prettier
62:35  Error: Delete `竦港  prettier/prettier
63:33  Error: Delete `竦港  prettier/prettier
64:5  Error: Delete `竦港  prettier/prettier
65:19  Error: Delete `竦港  prettier/prettier
66:25  Error: Delete `竦港  prettier/prettier
67:23  Error: Delete `竦港  prettier/prettier
68:24  Error: Delete `竦港  prettier/prettier
69:24  Error: Delete `竦港  prettier/prettier
70:20  Error: Delete `竦港  prettier/prettier
71:16  Error: Delete `竦港  prettier/prettier
72:17  Error: Delete `竦港  prettier/prettier
73:16  Error: Delete `竦港  prettier/prettier
74:20  Error: Delete `竦港  prettier/prettier
75:7  Error: Delete `竦港  prettier/prettier
76:19  Error: Delete `竦港  prettier/prettier
77:5  Error: Delete `竦港  prettier/prettier
78:21  Error: Delete `竦港  prettier/prettier
79:22  Error: Delete `竦港  prettier/prettier
80:20  Error: Delete `竦港  prettier/prettier
81:30  Error: Delete `竦港  prettier/prettier
82:28  Error: Delete `竦港  prettier/prettier
83:29  Error: Delete `竦港  prettier/prettier
84:7  Error: Delete `竦港  prettier/prettier
85:29  Error: Delete `竦港  prettier/prettier
86:24  Error: Delete `竦港  prettier/prettier
87:22  Error: Delete `竦港  prettier/prettier
88:25  Error: Delete `竦港  prettier/prettier
89:5  Error: Delete `竦港  prettier/prettier
90:19  Error: Delete `竦港  prettier/prettier
91:23  Error: Delete `竦港  prettier/prettier
92:30  Error: Delete `竦港  prettier/prettier
93:25  Error: Delete `竦港  prettier/prettier
94:23  Error: Delete `竦港  prettier/prettier
95:25  Error: Delete `竦港  prettier/prettier
96:28  Error: Delete `竦港  prettier/prettier
97:5  Error: Delete `竦港  prettier/prettier
98:22  Error: Delete `竦港  prettier/prettier
99:15  Error: Delete `竦港  prettier/prettier
100:20  Error: Delete `竦港  prettier/prettier
101:26  Error: Delete `竦港  prettier/prettier
102:5  Error: Delete `竦港  prettier/prettier
103:23  Error: Delete `竦港  prettier/prettier
104:24  Error: Delete `竦港  prettier/prettier
105:25  Error: Delete `竦港  prettier/prettier
106:29  Error: Delete `竦港  prettier/prettier
107:5  Error: Delete `竦港  prettier/prettier
108:21  Error: Delete `竦港  prettier/prettier
109:26  Error: Delete `竦港  prettier/prettier
110:25  Error: Delete `竦港  prettier/prettier
111:24  Error: Delete `竦港  prettier/prettier
112:5  Error: Delete `竦港  prettier/prettier
113:3  Error: Delete `竦港  prettier/prettier
114:1  Error: Delete `竦港  prettier/prettier
115:22  Error: Delete `竦港  prettier/prettier
116:37  Error: Delete `竦港  prettier/prettier
117:38  Error: Delete `竦港  prettier/prettier
118:34  Error: Delete `竦港  prettier/prettier
119:34  Error: Delete `竦港  prettier/prettier
120:32  Error: Delete `竦港  prettier/prettier
121:30  Error: Delete `竦港  prettier/prettier
122:11  Error: Replace `.string().email('譛牙柑縺ｪ繝｡繝ｼ繝ｫ繧｢繝峨Ξ繧ｹ繧貞・蜉帙＠縺ｦ縺上□縺輔＞').optional().or(z.literal('')),竦港 with `竢篠ｷﾂｷﾂｷﾂｷ.string()竢篠ｷﾂｷﾂｷﾂｷ.email('譛牙柑縺ｪ繝｡繝ｼ繝ｫ繧｢繝峨Ξ繧ｹ繧貞・蜉帙＠縺ｦ縺上□縺輔＞')竢篠ｷﾂｷﾂｷﾂｷ.optional()竢篠ｷﾂｷﾂｷﾂｷ.or(z.literal('')),`  prettier/prettier
123:13  Error: Replace `.string().url('譛牙柑縺ｪURL繧貞・蜉帙＠縺ｦ縺上□縺輔＞').optional().or(z.literal('')),竦港 with `竢篠ｷﾂｷﾂｷﾂｷ.string()竢篠ｷﾂｷﾂｷﾂｷ.url('譛牙柑縺ｪURL繧貞・蜉帙＠縺ｦ縺上□縺輔＞')竢篠ｷﾂｷﾂｷﾂｷ.optional()竢篠ｷﾂｷﾂｷﾂｷ.or(z.literal('')),`  prettier/prettier
124:17  Error: Replace `.string().max(500,ﾂｷ'邏ｹ莉区枚縺ｯ500譁・ｭ嶺ｻ･蜀・〒蜈･蜉帙＠縺ｦ縺上□縺輔＞').optional(),竦港 with `竢篠ｷﾂｷﾂｷﾂｷ.string()竢篠ｷﾂｷﾂｷﾂｷ.max(500,ﾂｷ'邏ｹ莉区枚縺ｯ500譁・ｭ嶺ｻ･蜀・〒蜈･蜉帙＠縺ｦ縺上□縺輔＞')竢篠ｷﾂｷﾂｷﾂｷ.optional(),`  prettier/prettier
125:45  Error: Delete `竦港  prettier/prettier
126:4  Error: Delete `竦港  prettier/prettier
127:1  Error: Delete `竦港  prettier/prettier
128:37  Error: Delete `竦港  prettier/prettier
129:48  Error: Delete `竦港  prettier/prettier
130:44  Error: Delete `竦港  prettier/prettier
131:52  Error: Delete `竦港  prettier/prettier
132:4  Error: Delete `竦港  prettier/prettier
133:1  Error: Delete `竦港  prettier/prettier
134:41  Error: Delete `竦港  prettier/prettier
135:17  Error: Replace `.number().min(5,ﾂｷ'莠育ｴ・棧縺ｯ5蛻・ｻ･荳翫↓縺励※縺上□縺輔＞').max(180,ﾂｷ'莠育ｴ・棧縺ｯ180蛻・ｻ･蜀・↓縺励※縺上□縺輔＞').optional(),竦港 with `竢篠ｷﾂｷﾂｷﾂｷ.number()竢篠ｷﾂｷﾂｷﾂｷ.min(5,ﾂｷ'莠育ｴ・棧縺ｯ5蛻・ｻ･荳翫↓縺励※縺上□縺輔＞')竢篠ｷﾂｷﾂｷﾂｷ.max(180,ﾂｷ'莠育ｴ・棧縺ｯ180蛻・ｻ･蜀・↓縺励※縺上□縺輔＞')竢篠ｷﾂｷﾂｷﾂｷ.optional(),`  prettier/prettier
136:19  Error: Replace `.number().min(1,ﾂｷ'蜷梧凾莠育ｴ・焚縺ｯ1莉･荳翫↓縺励※縺上□縺輔＞').max(100).optional(),竦港 with `竢篠ｷﾂｷﾂｷﾂｷ.number()竢篠ｷﾂｷﾂｷﾂｷ.min(1,ﾂｷ'蜷梧凾莠育ｴ・焚縺ｯ1莉･荳翫↓縺励※縺上□縺輔＞')竢篠ｷﾂｷﾂｷﾂｷ.max(100)竢篠ｷﾂｷﾂｷﾂｷ.optional(),`  prettier/prettier
137:53  Error: Delete `竦港  prettier/prettier
138:46  Error: Delete `竦港  prettier/prettier
139:64  Error: Delete `竦港  prettier/prettier
140:64  Error: Delete `竦港  prettier/prettier
141:45  Error: Delete `竦港  prettier/prettier
142:68  Error: Delete `竦港  prettier/prettier
143:68  Error: Delete `竦港  prettier/prettier
144:4  Error: Delete `竦港  prettier/prettier
145:1  Error: Delete `竦港  prettier/prettier
146:39  Error: Delete `竦港  prettier/prettier
147:40  Error: Delete `竦港  prettier/prettier
148:38  Error: Delete `竦港  prettier/prettier
149:39  Error: Delete `竦港  prettier/prettier
150:39  Error: Delete `竦港  prettier/prettier
151:18  Error: Replace `.object({竦港 with `竢篠ｷﾂｷﾂｷﾂｷ.object({`  prettier/prettier
152:1  Error: Replace `ﾂｷﾂｷﾂｷﾂｷhost:ﾂｷz.string().optional(),竦港 with `ﾂｷﾂｷﾂｷﾂｷﾂｷﾂｷhost:ﾂｷz.string().optional(),`  prettier/prettier
153:1  Error: Replace `ﾂｷﾂｷﾂｷﾂｷport:ﾂｷz.number().min(1).max(65535).optional(),竦港 with `ﾂｷﾂｷﾂｷﾂｷﾂｷﾂｷport:ﾂｷz.number().min(1).max(65535).optional(),`  prettier/prettier
154:1  Error: Replace `ﾂｷﾂｷﾂｷﾂｷuser:ﾂｷz.string().optional(),竦港 with `ﾂｷﾂｷﾂｷﾂｷﾂｷﾂｷuser:ﾂｷz.string().optional(),`  prettier/prettier
155:1  Error: Replace `ﾂｷﾂｷﾂｷﾂｷpassword:ﾂｷz.string().optional(),竦港 with `ﾂｷﾂｷﾂｷﾂｷﾂｷﾂｷpassword:ﾂｷz.string().optional(),`  prettier/prettier
156:1  Error: Replace `ﾂｷﾂｷ}).optional(),竦港 with `ﾂｷﾂｷﾂｷﾂｷ})竢篠ｷﾂｷﾂｷﾂｷ.optional(),`  prettier/prettier
157:46  Error: Delete `竦港  prettier/prettier
158:4  Error: Delete `竦港  prettier/prettier
159:1  Error: Delete `竦港  prettier/prettier
160:40  Error: Delete `竦港  prettier/prettier
161:20  Error: Replace `.object({竦港 with `竢篠ｷﾂｷﾂｷﾂｷ.object({`  prettier/prettier
162:1  Error: Replace `ﾂｷﾂｷﾂｷﾂｷminLength:ﾂｷz.number().min(4).max(128).optional(),竦港 with `ﾂｷﾂｷﾂｷﾂｷﾂｷﾂｷminLength:ﾂｷz.number().min(4).max(128).optional(),`  prettier/prettier
163:1  Error: Replace `ﾂｷﾂｷﾂｷﾂｷrequireUppercase:ﾂｷz.boolean().optional(),竦港 with `ﾂｷﾂｷﾂｷﾂｷﾂｷﾂｷrequireUppercase:ﾂｷz.boolean().optional(),`  prettier/prettier
164:1  Error: Replace `ﾂｷﾂｷﾂｷﾂｷrequireNumbers:ﾂｷz.boolean().optional(),竦港 with `ﾂｷﾂｷﾂｷﾂｷﾂｷﾂｷrequireNumbers:ﾂｷz.boolean().optional(),`  prettier/prettier
165:1  Error: Replace `ﾂｷﾂｷﾂｷﾂｷrequireSymbols:ﾂｷz.boolean().optional(),竦港 with `ﾂｷﾂｷﾂｷﾂｷﾂｷﾂｷrequireSymbols:ﾂｷz.boolean().optional(),`  prettier/prettier
166:3  Error: Replace `}).optional(),竦港 with `ﾂｷﾂｷ})竢篠ｷﾂｷﾂｷﾂｷ.optional(),`  prettier/prettier
167:44  Error: Delete `竦港  prettier/prettier
168:57  Error: Delete `竦港  prettier/prettier
169:55  Error: Delete `竦港  prettier/prettier
170:59  Error: Delete `竦港  prettier/prettier
171:4  Error: Delete `竦港  prettier/prettier
172:1  Error: Delete `竦港  prettier/prettier
173:38  Error: Delete `竦港  prettier/prettier
174:38  Error: Delete `竦港  prettier/prettier
175:70  Error: Delete `竦港  prettier/prettier
176:37  Error: Delete `竦港  prettier/prettier
177:56  Error: Delete `竦港  prettier/prettier
178:40  Error: Delete `竦港  prettier/prettier
179:63  Error: Delete `竦港  prettier/prettier
180:4  Error: Delete `竦港  prettier/prettier
181:1  Error: Delete `竦港  prettier/prettier
182:41  Error: Delete `竦港  prettier/prettier
183:42  Error: Delete `竦港  prettier/prettier
184:47  Error: Delete `竦港  prettier/prettier
185:53  Error: Delete `竦港  prettier/prettier
186:4  Error: Delete `竦港  prettier/prettier
187:1  Error: Delete `竦港  prettier/prettier
188:42  Error: Delete `竦港  prettier/prettier
189:51  Error: Delete `竦港  prettier/prettier
190:53  Error: Delete `竦港  prettier/prettier
191:70  Error: Delete `竦港  prettier/prettier
192:4  Error: Delete `竦港  prettier/prettier
193:1  Error: Delete `竦港  prettier/prettier
194:40  Error: Delete `竦港  prettier/prettier
195:65  Error: Delete `竦港  prettier/prettier
196:68  Error: Delete `竦港  prettier/prettier
197:58  Error: Delete `竦港  prettier/prettier
198:4  Error: Delete `竦港  prettier/prettier
199:1  Error: Delete `竦港  prettier/prettier
200:19  Error: Delete `竦港  prettier/prettier
201:67  Error: Delete `竦港  prettier/prettier
202:35  Error: Delete `竦港  prettier/prettier
203:35  Error: Delete `竦港  prettier/prettier
204:43  Error: Delete `竦港  prettier/prettier
205:38  Error: Delete `竦港  prettier/prettier
206:41  Error: Delete `竦港  prettier/prettier
207:37  Error: Delete `竦港  prettier/prettier
208:43  Error: Delete `竦港  prettier/prettier
209:45  Error: Delete `竦港  prettier/prettier
210:41  Error: Delete `竦港  prettier/prettier
211:3  Error: Delete `竦港  prettier/prettier
212:1  Error: Delete `竦港  prettier/prettier
213:31  Error: Delete `竦港  prettier/prettier
214:44  Error: Delete `竦港  prettier/prettier
215:40  Error: Delete `竦港  prettier/prettier
216:1  Error: Delete `竦港  prettier/prettier
217:4  Error: Delete `竦港  prettier/prettier
218:27  Error: Delete `竦港  prettier/prettier
219:25  Error: Delete `竦港  prettier/prettier
220:4  Error: Delete `竦港  prettier/prettier
221:50  Error: Delete `竦港  prettier/prettier
222:49  Error: Delete `竦港  prettier/prettier
223:50  Error: Delete `竦港  prettier/prettier
224:49  Error: Delete `竦港  prettier/prettier
225:1  Error: Delete `竦港  prettier/prettier
226:8  Error: Delete `竦港  prettier/prettier
227:61  Error: Delete `竦港  prettier/prettier
228:45  Error: Delete `竦港  prettier/prettier
229:16  Error: Delete `竦港  prettier/prettier
230:8  Error: Delete `竦港  prettier/prettier
231:1  Error: Delete `竦港  prettier/prettier
232:34  Error: Delete `竦港  prettier/prettier
233:35  Error: Delete `竦港  prettier/prettier
234:6  Error: Delete `竦港  prettier/prettier
235:1  Error: Delete `竦港  prettier/prettier
236:46  Error: Delete `竦港  prettier/prettier
237:1  Error: Delete `竦港  prettier/prettier
238:15  Error: Delete `竦港  prettier/prettier
239:21  Error: Delete `竦港  prettier/prettier
240:57  Error: Delete `竦港  prettier/prettier
241:6  Error: Delete `竦港  prettier/prettier
242:1  Error: Delete `竦港  prettier/prettier
243:21  Error: Delete `竦港  prettier/prettier
244:56  Error: Delete `竦港  prettier/prettier
245:6  Error: Delete `竦港  prettier/prettier
246:1  Error: Delete `竦港  prettier/prettier
247:68  Error: Delete `竦港  prettier/prettier
248:34  Error: Delete `竦港  prettier/prettier
249:62  Error: Delete `竦港  prettier/prettier
250:12  Error: Delete `竦港  prettier/prettier
251:9  Error: Delete `竦港  prettier/prettier
252:6  Error: Delete `竦港  prettier/prettier
253:1  Error: Delete `竦港  prettier/prettier
254:18  Error: Delete `竦港  prettier/prettier
255:43  Error: Delete `竦港  prettier/prettier
256:31  Error: Delete `竦港  prettier/prettier
257:50  Error: Delete `竦港  prettier/prettier
258:33  Error: Delete `竦港  prettier/prettier
259:32  Error: Delete `竦港  prettier/prettier
260:17  Error: Delete `竦港  prettier/prettier
261:1  Error: Delete `竦港  prettier/prettier
262:46  Error: Delete `竦港  prettier/prettier
263:47  Error: Delete `竦港  prettier/prettier
264:24  Error: Delete `竦港  prettier/prettier
265:41  Error: Delete `竦港  prettier/prettier
266:23  Error: Delete `竦港  prettier/prettier
267:25  Error: Delete `竦港  prettier/prettier
268:51  Error: Delete `竦港  prettier/prettier
269:10  Error: Delete `竦港  prettier/prettier
270:55  Error: Delete `竦港  prettier/prettier
271:6  Error: Delete `竦港  prettier/prettier
272:1  Error: Delete `竦港  prettier/prettier
273:25  Error: Delete `竦港  prettier/prettier
274:21  Error: Replace `ﾂｷdata?.settingsﾂｷ??ﾂｷDEFAULT_SETTINGS[categoryﾂｷasﾂｷSettingsCategory];竦港 with `竢篠ｷﾂｷﾂｷﾂｷﾂｷﾂｷdata?.settingsﾂｷ??ﾂｷDEFAULT_SETTINGS[categoryﾂｷasﾂｷSettingsCategory];`  prettier/prettier
275:1  Error: Delete `竦港  prettier/prettier
276:35  Error: Delete `竦港  prettier/prettier
277:16  Error: Delete `竦港  prettier/prettier
278:44  Error: Delete `竦港  prettier/prettier
279:44  Error: Delete `竦港  prettier/prettier
280:8  Error: Delete `竦港  prettier/prettier
281:20  Error: Delete `竦港  prettier/prettier
282:22  Error: Delete `竦港  prettier/prettier
283:39  Error: Delete `竦港  prettier/prettier
284:21  Error: Delete `竦港  prettier/prettier
285:25  Error: Delete `竦港  prettier/prettier
286:8  Error: Delete `竦港  prettier/prettier
287:55  Error: Delete `竦港  prettier/prettier
288:4  Error: Delete `竦港  prettier/prettier
289:2  Error: Delete `竦港  prettier/prettier
290:1  Error: Delete `竦港  prettier/prettier
291:4  Error: Delete `竦港  prettier/prettier
292:27  Error: Delete `竦港  prettier/prettier
293:17  Error: Delete `竦港  prettier/prettier
294:4  Error: Delete `竦港  prettier/prettier
295:50  Error: Delete `竦港  prettier/prettier
296:8  Error: Delete `竦港  prettier/prettier
297:47  Error: Delete `竦港  prettier/prettier
298:10  Error: Delete `竦港  prettier/prettier
299:56  Error: Delete `竦港  prettier/prettier
300:24  Error: Delete `竦港  prettier/prettier
301:51  Error: Replace `ﾂｷ?ﾂｷpreviewBody.clinic_idﾂｷ:ﾂｷnull;竦港 with `竢篠ｷﾂｷﾂｷﾂｷﾂｷﾂｷﾂｷﾂｷﾂｷﾂｷ?ﾂｷpreviewBody.clinic_id竢篠ｷﾂｷﾂｷﾂｷﾂｷﾂｷﾂｷﾂｷﾂｷﾂｷ:ﾂｷnull;`  prettier/prettier
302:14  Error: Delete `竦港  prettier/prettier
303:30  Error: Delete `竦港  prettier/prettier
304:6  Error: Delete `竦港  prettier/prettier
305:1  Error: Delete `竦港  prettier/prettier
306:61  Error: Delete `竦港  prettier/prettier
307:25  Error: Delete `竦港  prettier/prettier
308:52  Error: Delete `竦港  prettier/prettier
309:33  Error: Delete `竦港  prettier/prettier
310:8  Error: Delete `竦港  prettier/prettier
311:1  Error: Delete `竦港  prettier/prettier
312:34  Error: Delete `竦港  prettier/prettier
313:35  Error: Delete `竦港  prettier/prettier
314:6  Error: Delete `竦港  prettier/prettier
315:1  Error: Delete `竦港  prettier/prettier
316:65  Error: Delete `竦港  prettier/prettier
317:1  Error: Delete `竦港  prettier/prettier
318:17  Error: Delete `竦港  prettier/prettier
319:48  Error: Delete `竦港  prettier/prettier
320:53  Error: Delete `竦港  prettier/prettier
321:6  Error: Delete `竦港  prettier/prettier
322:1  Error: Delete `竦港  prettier/prettier
323:15  Error: Delete `竦港  prettier/prettier
324:56  Error: Delete `竦港  prettier/prettier
325:26  Error: Delete `竦港  prettier/prettier
326:25  Error: Delete `竦港  prettier/prettier
327:42  Error: Delete `竦港  prettier/prettier
328:7  Error: Delete `竦港  prettier/prettier
329:1  Error: Delete `竦港  prettier/prettier
330:15  Error: Delete `竦港  prettier/prettier
331:22  Error: Delete `竦港  prettier/prettier
332:57  Error: Delete `竦港  prettier/prettier
333:6  Error: Delete `竦港  prettier/prettier
334:1  Error: Delete `竦港  prettier/prettier
335:21  Error: Delete `竦港  prettier/prettier
336:56  Error: Delete `竦港  prettier/prettier
337:6  Error: Delete `竦港  prettier/prettier
338:1  Error: Delete `竦港  prettier/prettier
339:68  Error: Delete `竦港  prettier/prettier
340:34  Error: Delete `竦港  prettier/prettier
341:62  Error: Delete `竦港  prettier/prettier
342:12  Error: Delete `竦港  prettier/prettier
343:9  Error: Delete `竦港  prettier/prettier
344:6  Error: Delete `竦港  prettier/prettier
345:1  Error: Delete `竦港  prettier/prettier
346:53  Error: Delete `竦港  prettier/prettier
347:56  Error: Delete `竦港  prettier/prettier
348:6  Error: Delete `竦港  prettier/prettier
349:1  Error: Delete `竦港  prettier/prettier
350:22  Error: Delete `竦港  prettier/prettier
351:67  Error: Delete `竦港  prettier/prettier
352:52  Error: Delete `竦港  prettier/prettier
353:1  Error: Delete `竦港  prettier/prettier
354:32  Error: Delete `竦港  prettier/prettier
355:50  Error: Delete `竦港  prettier/prettier
356:25  Error: Replace `ﾂｷObject.values(errors.fieldErrors)[0]?.[0]ﾂｷ??ﾂｷ竦港 with `竢篠ｷﾂｷﾂｷﾂｷﾂｷﾂｷﾂｷﾂｷObject.values(errors.fieldErrors)[0]?.[0]ﾂｷ??`  prettier/prettier
357:9  Error: Replace `ﾂｷﾂｷﾂｷﾂｷﾂｷﾂｷﾂｷﾂｷﾂｷﾂｷﾂｷﾂｷﾂｷﾂｷﾂｷﾂｷﾂｷﾂｷerrors.formErrors[0]ﾂｷ??ﾂｷ竦港 with `errors.formErrors[0]ﾂｷ??`  prettier/prettier
358:1  Error: Replace `ﾂｷﾂｷﾂｷﾂｷﾂｷﾂｷﾂｷﾂｷﾂｷﾂｷﾂｷﾂｷﾂｷﾂｷﾂｷﾂｷﾂｷﾂｷﾂｷﾂｷﾂｷﾂｷﾂｷﾂｷﾂｷﾂｷ'蜈･蜉帛､縺ｫ繧ｨ繝ｩ繝ｼ縺後≠繧翫∪縺・;竦港 with `ﾂｷﾂｷﾂｷﾂｷﾂｷﾂｷﾂｷﾂｷ'蜈･蜉帛､縺ｫ繧ｨ繝ｩ繝ｼ縺後≠繧翫∪縺・;`  prettier/prettier
359:59  Error: Delete `竦港  prettier/prettier
360:6  Error: Delete `竦港  prettier/prettier
361:1  Error: Delete `竦港  prettier/prettier
362:16  Error: Delete `竦港  prettier/prettier
363:69  Error: Delete `竦港  prettier/prettier
364:8  Error: Delete `竦港  prettier/prettier
365:19  Error: Delete `竦港  prettier/prettier
366:18  Error: Delete `竦港  prettier/prettier
367:36  Error: Delete `竦港  prettier/prettier
368:29  Error: Delete `竦港  prettier/prettier
369:9  Error: Delete `竦港  prettier/prettier
370:43  Error: Delete `竦港  prettier/prettier
371:7  Error: Delete `竦港  prettier/prettier
372:1  Error: Delete `竦港  prettier/prettier
373:17  Error: Delete `竦港  prettier/prettier
374:24  Error: Delete `竦港  prettier/prettier
375:41  Error: Delete `竦港  prettier/prettier
376:23  Error: Delete `竦港  prettier/prettier
377:25  Error: Delete `竦港  prettier/prettier
378:41  Error: Delete `竦港  prettier/prettier
379:10  Error: Delete `竦港  prettier/prettier
380:55  Error: Delete `竦港  prettier/prettier
381:6  Error: Delete `竦港  prettier/prettier
382:1  Error: Delete `竦港  prettier/prettier
395:1  Error: Delete `竦港  prettier/prettier
396:35  Error: Delete `竦港  prettier/prettier
397:28  Error: Delete `竦港  prettier/prettier
398:8  Error: Delete `竦港  prettier/prettier
399:20  Error: Delete `竦港  prettier/prettier
400:22  Error: Delete `竦港  prettier/prettier
401:39  Error: Delete `竦港  prettier/prettier
402:21  Error: Delete `竦港  prettier/prettier
403:25  Error: Delete `竦港  prettier/prettier
404:8  Error: Delete `竦港  prettier/prettier
405:55  Error: Delete `竦港  prettier/prettier
406:4  Error: Delete `竦港  prettier/prettier
407:2  Error: Delete `竦港  prettier/prettier

./src/app/api/admin/tenants/route.ts
10:1  Error: '@/lib/supabase/server' import is restricted from being used. 蠢・★ '@/lib/supabase' 縺九ｉ import 縺励※縺上□縺輔＞  no-restricted-imports
63:21  Error: Replace `(id)` with `id`  prettier/prettier
210:35  Error: Replace `(c)` with `c`  prettier/prettier
213:25  Error: Replace `(clinic)` with `clinic`  prettier/prettier

./src/app/api/admin/users/route.ts
10:1  Error: '@/lib/supabase/server' import is restricted from being used. 蠢・★ '@/lib/supabase' 縺九ｉ import 縺励※縺上□縺輔＞  no-restricted-imports
63:15  Error: Replace `'id,ﾂｷstaff_id,ﾂｷrole,ﾂｷclinic_id,ﾂｷcreated_at,ﾂｷusername,ﾂｷclinics(name)'` with `竢篠ｷﾂｷﾂｷﾂｷﾂｷﾂｷﾂｷﾂｷ'id,ﾂｷstaff_id,ﾂｷrole,ﾂｷclinic_id,ﾂｷcreated_at,ﾂｷusername,ﾂｷclinics(name)'竢篠ｷﾂｷﾂｷﾂｷﾂｷﾂｷ`  prettier/prettier
137:36  Error: Replace `ﾂｷ?ﾂｷprofileMap.get(row.staff_id)?.email` with `竢篠ｷﾂｷﾂｷﾂｷﾂｷﾂｷﾂｷﾂｷﾂｷﾂｷ?ﾂｷprofileMap.get(row.staff_id)?.email竢篠ｷﾂｷﾂｷﾂｷﾂｷﾂｷﾂｷﾂｷﾂｷ`  prettier/prettier
138:35  Error: Replace `ﾂｷ?ﾂｷprofileMap.get(row.staff_id)?.full_name` with `竢篠ｷﾂｷﾂｷﾂｷﾂｷﾂｷﾂｷﾂｷﾂｷﾂｷ?ﾂｷprofileMap.get(row.staff_id)?.full_name竢篠ｷﾂｷﾂｷﾂｷﾂｷﾂｷﾂｷﾂｷﾂｷ`  prettier/prettier
225:63  Error: Insert `竢篠ｷﾂｷﾂｷﾂｷﾂｷ`  prettier/prettier
226:1  Error: Replace `ﾂｷﾂｷﾂｷﾂｷﾂｷﾂｷ` with `ﾂｷﾂｷﾂｷﾂｷﾂｷﾂｷﾂｷﾂｷ`  prettier/prettier
227:1  Error: Insert `ﾂｷﾂｷ`  prettier/prettier
228:1  Error: Replace `ﾂｷﾂｷﾂｷﾂｷﾂｷﾂｷ` with `ﾂｷﾂｷﾂｷﾂｷﾂｷﾂｷﾂｷﾂｷ`  prettier/prettier
229:1  Error: Insert `ﾂｷﾂｷ`  prettier/prettier
241:54  Error: Replace `clinic_idﾂｷ??ﾂｷnull` with `(clinic_idﾂｷ??ﾂｷnull)`  prettier/prettier

./src/app/api/ai-comments/route.ts
12:17  Error: Insert `竢篠ｷﾂｷﾂｷﾂｷﾂｷ`  prettier/prettier
224:9  Error: 'weeklyAvgPatients' is assigned a value but never used.  @typescript-eslint/no-unused-vars

./src/app/api/auth/profile/route.ts
7:9  Error: Replace `ﾂｷcanManageClinicSettingsWithCompat,ﾂｷnormalizeRoleﾂｷ` with `竢篠ｷﾂｷcanManageClinicSettingsWithCompat,竢篠ｷﾂｷnormalizeRole,竢餐  prettier/prettier

./src/app/api/beta/backlog/route.ts
12:1  Error: '@/lib/supabase/server' import is restricted from being used. 蠢・★ '@/lib/supabase' 縺九ｉ import 縺励※縺上□縺輔＞  no-restricted-imports
20:21  Error: Replace `'feature',ﾂｷ'enhancement',ﾂｷ'bug_fix',ﾂｷ'technical_debt',ﾂｷ'documentation'` with `竢篠ｷﾂｷﾂｷﾂｷ'feature',竢篠ｷﾂｷﾂｷﾂｷ'enhancement',竢篠ｷﾂｷﾂｷﾂｷ'bug_fix',竢篠ｷﾂｷﾂｷﾂｷ'technical_debt',竢篠ｷﾂｷﾂｷﾂｷ'documentation',竢篠ｷﾂｷ`  prettier/prettier
34:14  Error: Replace `.enum(['feature',ﾂｷ'enhancement',ﾂｷ'bug_fix',ﾂｷ'technical_debt',ﾂｷ'documentation'])` with `竢篠ｷﾂｷﾂｷﾂｷ.enum([竢篠ｷﾂｷﾂｷﾂｷﾂｷﾂｷ'feature',竢篠ｷﾂｷﾂｷﾂｷﾂｷﾂｷ'enhancement',竢篠ｷﾂｷﾂｷﾂｷﾂｷﾂｷ'bug_fix',竢篠ｷﾂｷﾂｷﾂｷﾂｷﾂｷ'technical_debt',竢篠ｷﾂｷﾂｷﾂｷﾂｷﾂｷ'documentation',竢篠ｷﾂｷﾂｷﾂｷ])竢篠ｷﾂｷﾂｷﾂｷ`  prettier/prettier
38:12  Error: Replace `.enum(['backlog',ﾂｷ'planned',ﾂｷ'in_progress',ﾂｷ'completed',ﾂｷ'cancelled'])` with `竢篠ｷﾂｷﾂｷﾂｷ.enum(['backlog',ﾂｷ'planned',ﾂｷ'in_progress',ﾂｷ'completed',ﾂｷ'cancelled'])竢篠ｷﾂｷﾂｷﾂｷ`  prettier/prettier
53:12  Error: Replace `ﾂｷdata:ﾂｷ{ﾂｷuserﾂｷ},ﾂｷerror:ﾂｷauthError` with `竢篠ｷﾂｷﾂｷﾂｷﾂｷﾂｷdata:ﾂｷ{ﾂｷuserﾂｷ},竢篠ｷﾂｷﾂｷﾂｷﾂｷﾂｷerror:ﾂｷauthError,竢篠ｷﾂｷﾂｷ`  prettier/prettier
56:32  Error: Replace `竢篠ｷﾂｷﾂｷﾂｷﾂｷﾂｷﾂｷﾂｷ{ﾂｷerror:ﾂｷ'Unauthorized'ﾂｷ},竢篠ｷﾂｷﾂｷﾂｷﾂｷﾂｷﾂｷﾂｷ{ﾂｷstatus:ﾂｷ401ﾂｷ}竢篠ｷﾂｷﾂｷﾂｷﾂｷﾂｷ` with `{ﾂｷerror:ﾂｷ'Unauthorized'ﾂｷ},ﾂｷ{ﾂｷstatus:ﾂｷ401ﾂｷ}`  prettier/prettier
92:60  Error: Replace `ﾂｷerror,ﾂｷuserId:ﾂｷuser.id` with `竢篠ｷﾂｷﾂｷﾂｷﾂｷﾂｷﾂｷﾂｷerror,竢篠ｷﾂｷﾂｷﾂｷﾂｷﾂｷﾂｷﾂｷuserId:ﾂｷuser.id,竢篠ｷﾂｷﾂｷﾂｷﾂｷ`  prettier/prettier
123:12  Error: Replace `ﾂｷdata:ﾂｷ{ﾂｷuserﾂｷ},ﾂｷerror:ﾂｷauthError` with `竢篠ｷﾂｷﾂｷﾂｷﾂｷﾂｷdata:ﾂｷ{ﾂｷuserﾂｷ},竢篠ｷﾂｷﾂｷﾂｷﾂｷﾂｷerror:ﾂｷauthError,竢篠ｷﾂｷﾂｷ`  prettier/prettier
126:32  Error: Replace `竢篠ｷﾂｷﾂｷﾂｷﾂｷﾂｷﾂｷﾂｷ{ﾂｷerror:ﾂｷ'Unauthorized'ﾂｷ},竢篠ｷﾂｷﾂｷﾂｷﾂｷﾂｷﾂｷﾂｷ{ﾂｷstatus:ﾂｷ401ﾂｷ}竢篠ｷﾂｷﾂｷﾂｷﾂｷﾂｷ` with `{ﾂｷerror:ﾂｷ'Unauthorized'ﾂｷ},ﾂｷ{ﾂｷstatus:ﾂｷ401ﾂｷ}`  prettier/prettier
202:30  Error: Replace `竢篠ｷﾂｷﾂｷﾂｷﾂｷﾂｷ{ﾂｷbacklog:ﾂｷnewBacklogﾂｷ},竢篠ｷﾂｷﾂｷﾂｷﾂｷﾂｷ{ﾂｷstatus:ﾂｷ201ﾂｷ}竢篠ｷﾂｷﾂｷﾂｷ` with `{ﾂｷbacklog:ﾂｷnewBacklogﾂｷ},ﾂｷ{ﾂｷstatus:ﾂｷ201ﾂｷ}`  prettier/prettier
224:12  Error: Replace `ﾂｷdata:ﾂｷ{ﾂｷuserﾂｷ},ﾂｷerror:ﾂｷauthError` with `竢篠ｷﾂｷﾂｷﾂｷﾂｷﾂｷdata:ﾂｷ{ﾂｷuserﾂｷ},竢篠ｷﾂｷﾂｷﾂｷﾂｷﾂｷerror:ﾂｷauthError,竢篠ｷﾂｷﾂｷ`  prettier/prettier
227:32  Error: Replace `竢篠ｷﾂｷﾂｷﾂｷﾂｷﾂｷﾂｷﾂｷ{ﾂｷerror:ﾂｷ'Unauthorized'ﾂｷ},竢篠ｷﾂｷﾂｷﾂｷﾂｷﾂｷﾂｷﾂｷ{ﾂｷstatus:ﾂｷ401ﾂｷ}竢篠ｷﾂｷﾂｷﾂｷﾂｷﾂｷ` with `{ﾂｷerror:ﾂｷ'Unauthorized'ﾂｷ},ﾂｷ{ﾂｷstatus:ﾂｷ401ﾂｷ}`  prettier/prettier
271:33  Error: Insert `竢篠ｷﾂｷﾂｷﾂｷﾂｷ`  prettier/prettier
272:31  Error: Insert `竢篠ｷﾂｷﾂｷﾂｷﾂｷ`  prettier/prettier
349:12  Error: Replace `ﾂｷdata:ﾂｷ{ﾂｷuserﾂｷ},ﾂｷerror:ﾂｷauthError` with `竢篠ｷﾂｷﾂｷﾂｷﾂｷﾂｷdata:ﾂｷ{ﾂｷuserﾂｷ},竢篠ｷﾂｷﾂｷﾂｷﾂｷﾂｷerror:ﾂｷauthError,竢篠ｷﾂｷﾂｷ`  prettier/prettier
352:32  Error: Replace `竢篠ｷﾂｷﾂｷﾂｷﾂｷﾂｷﾂｷﾂｷ{ﾂｷerror:ﾂｷ'Unauthorized'ﾂｷ},竢篠ｷﾂｷﾂｷﾂｷﾂｷﾂｷﾂｷﾂｷ{ﾂｷstatus:ﾂｷ401ﾂｷ}竢篠ｷﾂｷﾂｷﾂｷﾂｷﾂｷ` with `{ﾂｷerror:ﾂｷ'Unauthorized'ﾂｷ},ﾂｷ{ﾂｷstatus:ﾂｷ401ﾂｷ}`  prettier/prettier

./src/app/api/beta/feedback/route.ts
11:1  Error: '@/lib/supabase/server' import is restricted from being used. 蠢・★ '@/lib/supabase' 縺九ｉ import 縺励※縺上□縺輔＞  no-restricted-imports
17:21  Error: Replace `'feature_request',ﾂｷ'bug_report',ﾂｷ'usability',ﾂｷ'performance',ﾂｷ'other'` with `竢篠ｷﾂｷﾂｷﾂｷ'feature_request',竢篠ｷﾂｷﾂｷﾂｷ'bug_report',竢篠ｷﾂｷﾂｷﾂｷ'usability',竢篠ｷﾂｷﾂｷﾂｷ'performance',竢篠ｷﾂｷﾂｷﾂｷ'other',竢篠ｷﾂｷ`  prettier/prettier
30:12  Error: Replace `.enum(['new',ﾂｷ'acknowledged',ﾂｷ'in_progress',ﾂｷ'resolved',ﾂｷ'closed'])` with `竢篠ｷﾂｷﾂｷﾂｷ.enum(['new',ﾂｷ'acknowledged',ﾂｷ'in_progress',ﾂｷ'resolved',ﾂｷ'closed'])竢篠ｷﾂｷﾂｷﾂｷ`  prettier/prettier
46:12  Error: Replace `ﾂｷdata:ﾂｷ{ﾂｷuserﾂｷ},ﾂｷerror:ﾂｷauthError` with `竢篠ｷﾂｷﾂｷﾂｷﾂｷﾂｷdata:ﾂｷ{ﾂｷuserﾂｷ},竢篠ｷﾂｷﾂｷﾂｷﾂｷﾂｷerror:ﾂｷauthError,竢篠ｷﾂｷﾂｷ`  prettier/prettier
49:32  Error: Replace `竢篠ｷﾂｷﾂｷﾂｷﾂｷﾂｷﾂｷﾂｷ{ﾂｷerror:ﾂｷ'Unauthorized'ﾂｷ},竢篠ｷﾂｷﾂｷﾂｷﾂｷﾂｷﾂｷﾂｷ{ﾂｷstatus:ﾂｷ401ﾂｷ}竢篠ｷﾂｷﾂｷﾂｷﾂｷﾂｷ` with `{ﾂｷerror:ﾂｷ'Unauthorized'ﾂｷ},ﾂｷ{ﾂｷstatus:ﾂｷ401ﾂｷ}`  prettier/prettier
63:32  Error: Replace `竢篠ｷﾂｷﾂｷﾂｷﾂｷﾂｷﾂｷﾂｷ{ﾂｷerror:ﾂｷ'Profileﾂｷnotﾂｷfound'ﾂｷ},竢篠ｷﾂｷﾂｷﾂｷﾂｷﾂｷﾂｷﾂｷ{ﾂｷstatus:ﾂｷ404ﾂｷ}竢篠ｷﾂｷﾂｷﾂｷﾂｷﾂｷ` with `{ﾂｷerror:ﾂｷ'Profileﾂｷnotﾂｷfound'ﾂｷ},ﾂｷ{ﾂｷstatus:ﾂｷ404ﾂｷ}`  prettier/prettier
133:12  Error: Replace `ﾂｷdata:ﾂｷ{ﾂｷuserﾂｷ},ﾂｷerror:ﾂｷauthError` with `竢篠ｷﾂｷﾂｷﾂｷﾂｷﾂｷdata:ﾂｷ{ﾂｷuserﾂｷ},竢篠ｷﾂｷﾂｷﾂｷﾂｷﾂｷerror:ﾂｷauthError,竢篠ｷﾂｷﾂｷ`  prettier/prettier
136:32  Error: Replace `竢篠ｷﾂｷﾂｷﾂｷﾂｷﾂｷﾂｷﾂｷ{ﾂｷerror:ﾂｷ'Unauthorized'ﾂｷ},竢篠ｷﾂｷﾂｷﾂｷﾂｷﾂｷﾂｷﾂｷ{ﾂｷstatus:ﾂｷ401ﾂｷ}竢篠ｷﾂｷﾂｷﾂｷﾂｷﾂｷ` with `{ﾂｷerror:ﾂｷ'Unauthorized'ﾂｷ},ﾂｷ{ﾂｷstatus:ﾂｷ401ﾂｷ}`  prettier/prettier
194:18  Error: Replace `ﾂｷdata.severityﾂｷ===ﾂｷ'critical'ﾂｷ?ﾂｷ'p0'ﾂｷ:ﾂｷdata.severityﾂｷ===ﾂｷ'high'ﾂｷ?ﾂｷ'p1'` with `竢篠ｷﾂｷﾂｷﾂｷﾂｷﾂｷﾂｷﾂｷﾂｷﾂｷdata.severityﾂｷ===ﾂｷ'critical'竢篠ｷﾂｷﾂｷﾂｷﾂｷﾂｷﾂｷﾂｷﾂｷﾂｷﾂｷﾂｷ?ﾂｷ'p0'竢篠ｷﾂｷﾂｷﾂｷﾂｷﾂｷﾂｷﾂｷﾂｷﾂｷﾂｷﾂｷ:ﾂｷdata.severityﾂｷ===ﾂｷ'high'竢篠ｷﾂｷﾂｷﾂｷﾂｷﾂｷﾂｷﾂｷﾂｷﾂｷﾂｷﾂｷﾂｷﾂｷ?ﾂｷ'p1'竢篠ｷﾂｷﾂｷﾂｷﾂｷﾂｷﾂｷﾂｷﾂｷﾂｷﾂｷﾂｷﾂｷ`  prettier/prettier
217:30  Error: Replace `竢篠ｷﾂｷﾂｷﾂｷﾂｷﾂｷ{ﾂｷfeedback:ﾂｷnewFeedbackﾂｷ},竢篠ｷﾂｷﾂｷﾂｷﾂｷﾂｷ{ﾂｷstatus:ﾂｷ201ﾂｷ}竢篠ｷﾂｷﾂｷﾂｷ` with `{ﾂｷfeedback:ﾂｷnewFeedbackﾂｷ},ﾂｷ{ﾂｷstatus:ﾂｷ201ﾂｷ}`  prettier/prettier
239:12  Error: Replace `ﾂｷdata:ﾂｷ{ﾂｷuserﾂｷ},ﾂｷerror:ﾂｷauthError` with `竢篠ｷﾂｷﾂｷﾂｷﾂｷﾂｷdata:ﾂｷ{ﾂｷuserﾂｷ},竢篠ｷﾂｷﾂｷﾂｷﾂｷﾂｷerror:ﾂｷauthError,竢篠ｷﾂｷﾂｷ`  prettier/prettier
242:32  Error: Replace `竢篠ｷﾂｷﾂｷﾂｷﾂｷﾂｷﾂｷﾂｷ{ﾂｷerror:ﾂｷ'Unauthorized'ﾂｷ},竢篠ｷﾂｷﾂｷﾂｷﾂｷﾂｷﾂｷﾂｷ{ﾂｷstatus:ﾂｷ401ﾂｷ}竢篠ｷﾂｷﾂｷﾂｷﾂｷﾂｷ` with `{ﾂｷerror:ﾂｷ'Unauthorized'ﾂｷ},ﾂｷ{ﾂｷstatus:ﾂｷ401ﾂｷ}`  prettier/prettier

./src/app/api/beta/metrics/route.ts
10:1  Error: '@/lib/supabase/server' import is restricted from being used. 蠢・★ '@/lib/supabase' 縺九ｉ import 縺励※縺上□縺輔＞  no-restricted-imports
31:12  Error: Replace `ﾂｷdata:ﾂｷ{ﾂｷuserﾂｷ},ﾂｷerror:ﾂｷauthError` with `竢篠ｷﾂｷﾂｷﾂｷﾂｷﾂｷdata:ﾂｷ{ﾂｷuserﾂｷ},竢篠ｷﾂｷﾂｷﾂｷﾂｷﾂｷerror:ﾂｷauthError,竢篠ｷﾂｷﾂｷ`  prettier/prettier
34:32  Error: Replace `竢篠ｷﾂｷﾂｷﾂｷﾂｷﾂｷﾂｷﾂｷ{ﾂｷerror:ﾂｷ'Unauthorized'ﾂｷ},竢篠ｷﾂｷﾂｷﾂｷﾂｷﾂｷﾂｷﾂｷ{ﾂｷstatus:ﾂｷ401ﾂｷ}竢篠ｷﾂｷﾂｷﾂｷﾂｷﾂｷ` with `{ﾂｷerror:ﾂｷ'Unauthorized'ﾂｷ},ﾂｷ{ﾂｷstatus:ﾂｷ401ﾂｷ}`  prettier/prettier
48:32  Error: Replace `竢篠ｷﾂｷﾂｷﾂｷﾂｷﾂｷﾂｷﾂｷ{ﾂｷerror:ﾂｷ'Profileﾂｷnotﾂｷfound'ﾂｷ},竢篠ｷﾂｷﾂｷﾂｷﾂｷﾂｷﾂｷﾂｷ{ﾂｷstatus:ﾂｷ404ﾂｷ}竢篠ｷﾂｷﾂｷﾂｷﾂｷﾂｷ` with `{ﾂｷerror:ﾂｷ'Profileﾂｷnotﾂｷfound'ﾂｷ},ﾂｷ{ﾂｷstatus:ﾂｷ404ﾂｷ}`  prettier/prettier
128:12  Error: Replace `ﾂｷdata:ﾂｷ{ﾂｷuserﾂｷ},ﾂｷerror:ﾂｷauthError` with `竢篠ｷﾂｷﾂｷﾂｷﾂｷﾂｷdata:ﾂｷ{ﾂｷuserﾂｷ},竢篠ｷﾂｷﾂｷﾂｷﾂｷﾂｷerror:ﾂｷauthError,竢篠ｷﾂｷﾂｷ`  prettier/prettier
131:32  Error: Replace `竢篠ｷﾂｷﾂｷﾂｷﾂｷﾂｷﾂｷﾂｷ{ﾂｷerror:ﾂｷ'Unauthorized'ﾂｷ},竢篠ｷﾂｷﾂｷﾂｷﾂｷﾂｷﾂｷﾂｷ{ﾂｷstatus:ﾂｷ401ﾂｷ}竢篠ｷﾂｷﾂｷﾂｷﾂｷﾂｷ` with `{ﾂｷerror:ﾂｷ'Unauthorized'ﾂｷ},ﾂｷ{ﾂｷstatus:ﾂｷ401ﾂｷ}`  prettier/prettier
164:44  Error: Replace `supabase,ﾂｷclinicId,ﾂｷperiodStart,ﾂｷperiodEnd` with `竢篠ｷﾂｷﾂｷﾂｷﾂｷﾂｷsupabase,竢篠ｷﾂｷﾂｷﾂｷﾂｷﾂｷclinicId,竢篠ｷﾂｷﾂｷﾂｷﾂｷﾂｷperiodStart,竢篠ｷﾂｷﾂｷﾂｷﾂｷﾂｷperiodEnd竢篠ｷﾂｷﾂｷﾂｷ`  prettier/prettier
196:30  Error: Replace `竢篠ｷﾂｷﾂｷﾂｷﾂｷﾂｷ{ﾂｷmetrics:ﾂｷsavedMetricsﾂｷ},竢篠ｷﾂｷﾂｷﾂｷﾂｷﾂｷ{ﾂｷstatus:ﾂｷ201ﾂｷ}竢篠ｷﾂｷﾂｷﾂｷ` with `{ﾂｷmetrics:ﾂｷsavedMetricsﾂｷ},ﾂｷ{ﾂｷstatus:ﾂｷ201ﾂｷ}`  prettier/prettier
228:48  Error: Replace `(e)` with `e`  prettier/prettier
273:21  Error: Replace `((session)` with `(session`  prettier/prettier
285:72  Error: Insert `竢篠ｷﾂｷﾂｷﾂｷﾂｷ`  prettier/prettier
287:26  Error: Insert `竢篠ｷﾂｷﾂｷ`  prettier/prettier
291:15  Error: Replace `ﾂｷdashboardViewCountﾂｷ>ﾂｷ0ﾂｷ?ﾂｷ(uniqueUsersﾂｷ>ﾂｷ0ﾂｷ?ﾂｷ(dashboardViewCountﾂｷ/ﾂｷuniqueUsers)ﾂｷ*ﾂｷ100ﾂｷ:ﾂｷ0)` with `竢篠ｷﾂｷﾂｷﾂｷﾂｷﾂｷdashboardViewCountﾂｷ>ﾂｷ0竢篠ｷﾂｷﾂｷﾂｷﾂｷﾂｷﾂｷﾂｷ?ﾂｷuniqueUsersﾂｷ>ﾂｷ0竢篠ｷﾂｷﾂｷﾂｷﾂｷﾂｷﾂｷﾂｷﾂｷﾂｷ?ﾂｷ(dashboardViewCountﾂｷ/ﾂｷuniqueUsers)ﾂｷ*ﾂｷ100竢篠ｷﾂｷﾂｷﾂｷﾂｷﾂｷﾂｷﾂｷﾂｷﾂｷ:ﾂｷ0竢篠ｷﾂｷﾂｷﾂｷﾂｷﾂｷﾂｷ`  prettier/prettier
292:18  Error: Replace `ﾂｷdailyReportSubmissionsﾂｷ>ﾂｷ0ﾂｷ?ﾂｷ(uniqueUsersﾂｷ>ﾂｷ0ﾂｷ?ﾂｷ(dailyReportSubmissionsﾂｷ/ﾂｷuniqueUsers)ﾂｷ*ﾂｷ100ﾂｷ:ﾂｷ0)` with `竢篠ｷﾂｷﾂｷﾂｷﾂｷﾂｷdailyReportSubmissionsﾂｷ>ﾂｷ0竢篠ｷﾂｷﾂｷﾂｷﾂｷﾂｷﾂｷﾂｷ?ﾂｷuniqueUsersﾂｷ>ﾂｷ0竢篠ｷﾂｷﾂｷﾂｷﾂｷﾂｷﾂｷﾂｷﾂｷﾂｷ?ﾂｷ(dailyReportSubmissionsﾂｷ/ﾂｷuniqueUsers)ﾂｷ*ﾂｷ100竢篠ｷﾂｷﾂｷﾂｷﾂｷﾂｷﾂｷﾂｷﾂｷﾂｷ:ﾂｷ0竢篠ｷﾂｷﾂｷﾂｷﾂｷﾂｷﾂｷ`  prettier/prettier
293:21  Error: Replace `ﾂｷpatientAnalysisViewCountﾂｷ>ﾂｷ0ﾂｷ?ﾂｷ(uniqueUsersﾂｷ>ﾂｷ0ﾂｷ?ﾂｷ(patientAnalysisViewCountﾂｷ/ﾂｷuniqueUsers)ﾂｷ*ﾂｷ100ﾂｷ:ﾂｷ0)` with `竢篠ｷﾂｷﾂｷﾂｷﾂｷﾂｷpatientAnalysisViewCountﾂｷ>ﾂｷ0竢篠ｷﾂｷﾂｷﾂｷﾂｷﾂｷﾂｷﾂｷ?ﾂｷuniqueUsersﾂｷ>ﾂｷ0竢篠ｷﾂｷﾂｷﾂｷﾂｷﾂｷﾂｷﾂｷﾂｷﾂｷ?ﾂｷ(patientAnalysisViewCountﾂｷ/ﾂｷuniqueUsers)ﾂｷ*ﾂｷ100竢篠ｷﾂｷﾂｷﾂｷﾂｷﾂｷﾂｷﾂｷﾂｷﾂｷ:ﾂｷ0竢篠ｷﾂｷﾂｷﾂｷﾂｷﾂｷﾂｷ`  prettier/prettier
299:36  Error: Insert `竢篠ｷﾂｷﾂｷ`  prettier/prettier
300:1  Error: Insert `ﾂｷﾂｷ`  prettier/prettier
301:1  Error: Insert `ﾂｷﾂｷ`  prettier/prettier
312:34  Error: Insert `竢篠ｷﾂｷﾂｷﾂｷﾂｷ`  prettier/prettier

./src/app/api/blocks/route.ts
13:9  Error: Replace `ﾂｷSTAFF_ROLES,ﾂｷCLINIC_ADMIN_ROLES,ﾂｷisHQRoleﾂｷ` with `竢篠ｷﾂｷSTAFF_ROLES,竢篠ｷﾂｷCLINIC_ADMIN_ROLES,竢篠ｷﾂｷisHQRole,竢餐  prettier/prettier
45:34  Error: Replace `'莉悶・繧ｯ繝ｪ繝九ャ繧ｯ縺ｮ繝・・繧ｿ縺ｫ縺ｯ繧｢繧ｯ繧ｻ繧ｹ縺ｧ縺阪∪縺帙ｓ',ﾂｷ403` with `竢篠ｷﾂｷﾂｷﾂｷﾂｷﾂｷﾂｷﾂｷ'莉悶・繧ｯ繝ｪ繝九ャ繧ｯ縺ｮ繝・・繧ｿ縺ｫ縺ｯ繧｢繧ｯ繧ｻ繧ｹ縺ｧ縺阪∪縺帙ｓ',竢篠ｷﾂｷﾂｷﾂｷﾂｷﾂｷﾂｷﾂｷ403竢篠ｷﾂｷﾂｷﾂｷﾂｷﾂｷ`  prettier/prettier
58:15  Error: Insert `竢篠ｷﾂｷﾂｷﾂｷﾂｷﾂｷﾂｷﾂｷ`  prettier/prettier
61:8  Error: Insert `竢篠ｷﾂｷﾂｷﾂｷﾂｷﾂｷ`  prettier/prettier
97:70  Error: Replace `ﾂｷascending:ﾂｷtrue` with `竢篠ｷﾂｷﾂｷﾂｷﾂｷﾂｷﾂｷﾂｷascending:ﾂｷtrue,竢篠ｷﾂｷﾂｷﾂｷﾂｷ`  prettier/prettier
159:34  Error: Replace `'縺薙・繝ｪ繧ｽ繝ｼ繧ｹ縺ｸ縺ｮ繧｢繧ｯ繧ｻ繧ｹ讓ｩ髯舌′縺ゅｊ縺ｾ縺帙ｓ',ﾂｷ403` with `竢篠ｷﾂｷﾂｷﾂｷﾂｷﾂｷﾂｷﾂｷ'縺薙・繝ｪ繧ｽ繝ｼ繧ｹ縺ｸ縺ｮ繧｢繧ｯ繧ｻ繧ｹ讓ｩ髯舌′縺ゅｊ縺ｾ縺帙ｓ',竢篠ｷﾂｷﾂｷﾂｷﾂｷﾂｷﾂｷﾂｷ403竢篠ｷﾂｷﾂｷﾂｷﾂｷﾂｷ`  prettier/prettier
234:37  Error: Replace `竢篠ｷﾂｷﾂｷﾂｷﾂｷﾂｷ.from('blocks')竢篠ｷﾂｷﾂｷﾂｷﾂｷﾂｷ.delete()竢篠ｷﾂｷﾂｷﾂｷﾂｷﾂｷ` with `.from('blocks').delete()`  prettier/prettier
244:34  Error: Replace `{ﾂｷdeleted:ﾂｷtrueﾂｷ},ﾂｷ200,ﾂｷ'Block蜑企勁縺ｫ謌仙粥縺励∪縺励◆'` with `竢篠ｷﾂｷﾂｷﾂｷﾂｷﾂｷ{ﾂｷdeleted:ﾂｷtrueﾂｷ},竢篠ｷﾂｷﾂｷﾂｷﾂｷﾂｷ200,竢篠ｷﾂｷﾂｷﾂｷﾂｷﾂｷ'Block蜑企勁縺ｫ謌仙粥縺励∪縺励◆'竢篠ｷﾂｷﾂｷﾂｷ`  prettier/prettier

./src/app/api/chat/route.ts
4:10  Error: 'generateAIComment' is defined but never used.  @typescript-eslint/no-unused-vars

./src/app/api/customers/route.ts
2:9  Error: Replace `ﾂｷcreateErrorResponse,ﾂｷcreateSuccessResponse,ﾂｷprocessApiRequestﾂｷ` with `竢篠ｷﾂｷcreateErrorResponse,竢篠ｷﾂｷcreateSuccessResponse,竢篠ｷﾂｷprocessApiRequest,竢餐  prettier/prettier
31:34  Error: Replace `'蜈･蜉帛､縺ｫ繧ｨ繝ｩ繝ｼ縺後≠繧翫∪縺・,ﾂｷ400,ﾂｷparsedQuery.error.flatten()` with `竢篠ｷﾂｷﾂｷﾂｷﾂｷﾂｷﾂｷﾂｷ'蜈･蜉帛､縺ｫ繧ｨ繝ｩ繝ｼ縺後≠繧翫∪縺・,竢篠ｷﾂｷﾂｷﾂｷﾂｷﾂｷﾂｷﾂｷ400,竢篠ｷﾂｷﾂｷﾂｷﾂｷﾂｷﾂｷﾂｷparsedQuery.error.flatten()竢篠ｷﾂｷﾂｷﾂｷﾂｷﾂｷ`  prettier/prettier
35:53  Error: Replace `ﾂｷclinicId:ﾂｷclinic_id,ﾂｷrequireClinicMatch:ﾂｷtrue` with `竢篠ｷﾂｷﾂｷﾂｷﾂｷﾂｷclinicId:ﾂｷclinic_id,竢篠ｷﾂｷﾂｷﾂｷﾂｷﾂｷrequireClinicMatch:ﾂｷtrue,竢篠ｷﾂｷﾂｷ`  prettier/prettier
68:31  Error: Replace `.from('customers').select('*').eq('clinic_id',ﾂｷclinic_id)` with `竢篠ｷﾂｷﾂｷﾂｷﾂｷﾂｷ.from('customers')竢篠ｷﾂｷﾂｷﾂｷﾂｷﾂｷ.select('*')竢篠ｷﾂｷﾂｷﾂｷﾂｷﾂｷ.eq('clinic_id',ﾂｷclinic_id)竢篠ｷﾂｷﾂｷﾂｷﾂｷﾂｷ`  prettier/prettier
76:40  Error: Replace `.order('created_at',ﾂｷ{ﾂｷascending:ﾂｷfalseﾂｷ})` with `竢篠ｷﾂｷﾂｷﾂｷﾂｷﾂｷ.order('created_at',ﾂｷ{ﾂｷascending:ﾂｷfalseﾂｷ})竢篠ｷﾂｷﾂｷﾂｷﾂｷﾂｷ`  prettier/prettier
104:33  Error: Replace `ERROR_CODES.INTERNAL_SERVER_ERROR,ﾂｷ'Customersﾂｷfetchﾂｷfailed',ﾂｷundefined,ﾂｷPATH` with `竢篠ｷﾂｷﾂｷﾂｷﾂｷﾂｷﾂｷﾂｷERROR_CODES.INTERNAL_SERVER_ERROR,竢篠ｷﾂｷﾂｷﾂｷﾂｷﾂｷﾂｷﾂｷ'Customersﾂｷfetchﾂｷfailed',竢篠ｷﾂｷﾂｷﾂｷﾂｷﾂｷﾂｷﾂｷundefined,竢篠ｷﾂｷﾂｷﾂｷﾂｷﾂｷﾂｷﾂｷPATH竢篠ｷﾂｷﾂｷﾂｷﾂｷﾂｷ`  prettier/prettier
106:74  Error: Replace `ﾂｷpath:ﾂｷPATH` with `竢篠ｷﾂｷﾂｷﾂｷﾂｷﾂｷpath:ﾂｷPATH,竢篠ｷﾂｷﾂｷ`  prettier/prettier
117:34  Error: Replace `'蜈･蜉帛､縺ｫ繧ｨ繝ｩ繝ｼ縺後≠繧翫∪縺・,ﾂｷ400,ﾂｷparsedBody.error.flatten()` with `竢篠ｷﾂｷﾂｷﾂｷﾂｷﾂｷﾂｷﾂｷ'蜈･蜉帛､縺ｫ繧ｨ繝ｩ繝ｼ縺後≠繧翫∪縺・,竢篠ｷﾂｷﾂｷﾂｷﾂｷﾂｷﾂｷﾂｷ400,竢篠ｷﾂｷﾂｷﾂｷﾂｷﾂｷﾂｷﾂｷparsedBody.error.flatten()竢篠ｷﾂｷﾂｷﾂｷﾂｷﾂｷ`  prettier/prettier
120:53  Error: Replace `ﾂｷclinicId:ﾂｷdto.clinic_id,ﾂｷrequireClinicMatch:ﾂｷtrue` with `竢篠ｷﾂｷﾂｷﾂｷﾂｷﾂｷclinicId:ﾂｷdto.clinic_id,竢篠ｷﾂｷﾂｷﾂｷﾂｷﾂｷrequireClinicMatch:ﾂｷtrue,竢篠ｷﾂｷﾂｷ`  prettier/prettier
123:49  Error: Replace `.from('customers').insert(insertPayload).select()` with `竢篠ｷﾂｷﾂｷﾂｷﾂｷﾂｷ.from('customers')竢篠ｷﾂｷﾂｷﾂｷﾂｷﾂｷ.insert(insertPayload)竢篠ｷﾂｷﾂｷﾂｷﾂｷﾂｷ.select()竢篠ｷﾂｷﾂｷﾂｷﾂｷﾂｷ`  prettier/prettier
136:33  Error: Replace `ERROR_CODES.INTERNAL_SERVER_ERROR,ﾂｷ'Customerﾂｷcreationﾂｷfailed',ﾂｷundefined,ﾂｷPATH` with `竢篠ｷﾂｷﾂｷﾂｷﾂｷﾂｷﾂｷﾂｷERROR_CODES.INTERNAL_SERVER_ERROR,竢篠ｷﾂｷﾂｷﾂｷﾂｷﾂｷﾂｷﾂｷ'Customerﾂｷcreationﾂｷfailed',竢篠ｷﾂｷﾂｷﾂｷﾂｷﾂｷﾂｷﾂｷundefined,竢篠ｷﾂｷﾂｷﾂｷﾂｷﾂｷﾂｷﾂｷPATH竢篠ｷﾂｷﾂｷﾂｷﾂｷﾂｷ`  prettier/prettier
138:74  Error: Replace `ﾂｷpath:ﾂｷPATH` with `竢篠ｷﾂｷﾂｷﾂｷﾂｷﾂｷpath:ﾂｷPATH,竢篠ｷﾂｷﾂｷ`  prettier/prettier
149:34  Error: Replace `'蜈･蜉帛､縺ｫ繧ｨ繝ｩ繝ｼ縺後≠繧翫∪縺・,ﾂｷ400,ﾂｷparsedBody.error.flatten()` with `竢篠ｷﾂｷﾂｷﾂｷﾂｷﾂｷﾂｷﾂｷ'蜈･蜉帛､縺ｫ繧ｨ繝ｩ繝ｼ縺後≠繧翫∪縺・,竢篠ｷﾂｷﾂｷﾂｷﾂｷﾂｷﾂｷﾂｷ400,竢篠ｷﾂｷﾂｷﾂｷﾂｷﾂｷﾂｷﾂｷparsedBody.error.flatten()竢篠ｷﾂｷﾂｷﾂｷﾂｷﾂｷ`  prettier/prettier
152:53  Error: Replace `ﾂｷclinicId:ﾂｷdto.clinic_id,ﾂｷrequireClinicMatch:ﾂｷtrue` with `竢篠ｷﾂｷﾂｷﾂｷﾂｷﾂｷclinicId:ﾂｷdto.clinic_id,竢篠ｷﾂｷﾂｷﾂｷﾂｷﾂｷrequireClinicMatch:ﾂｷtrue,竢篠ｷﾂｷﾂｷ`  prettier/prettier
155:49  Error: Replace `.from('customers').update(updatePayload).eq('id',ﾂｷdto.id).eq('clinic_id',ﾂｷdto.clinic_id).select()` with `竢篠ｷﾂｷﾂｷﾂｷﾂｷﾂｷ.from('customers')竢篠ｷﾂｷﾂｷﾂｷﾂｷﾂｷ.update(updatePayload)竢篠ｷﾂｷﾂｷﾂｷﾂｷﾂｷ.eq('id',ﾂｷdto.id)竢篠ｷﾂｷﾂｷﾂｷﾂｷﾂｷ.eq('clinic_id',ﾂｷdto.clinic_id)竢篠ｷﾂｷﾂｷﾂｷﾂｷﾂｷ.select()竢篠ｷﾂｷﾂｷﾂｷﾂｷﾂｷ`  prettier/prettier
168:33  Error: Replace `ERROR_CODES.INTERNAL_SERVER_ERROR,ﾂｷ'Customerﾂｷupdateﾂｷfailed',ﾂｷundefined,ﾂｷPATH` with `竢篠ｷﾂｷﾂｷﾂｷﾂｷﾂｷﾂｷﾂｷERROR_CODES.INTERNAL_SERVER_ERROR,竢篠ｷﾂｷﾂｷﾂｷﾂｷﾂｷﾂｷﾂｷ'Customerﾂｷupdateﾂｷfailed',竢篠ｷﾂｷﾂｷﾂｷﾂｷﾂｷﾂｷﾂｷundefined,竢篠ｷﾂｷﾂｷﾂｷﾂｷﾂｷﾂｷﾂｷPATH竢篠ｷﾂｷﾂｷﾂｷﾂｷﾂｷ`  prettier/prettier
170:74  Error: Replace `ﾂｷpath:ﾂｷPATH` with `竢篠ｷﾂｷﾂｷﾂｷﾂｷﾂｷpath:ﾂｷPATH,竢篠ｷﾂｷﾂｷ`  prettier/prettier

./src/app/api/daily-reports/route.ts
50:7  Error: Delete `ﾂｷﾂｷ`  prettier/prettier
51:9  Error: Delete `ﾂｷﾂｷ`  prettier/prettier
52:1  Error: Delete `ﾂｷﾂｷ`  prettier/prettier
53:11  Error: Delete `ﾂｷﾂｷ`  prettier/prettier
54:1  Error: Delete `ﾂｷﾂｷ`  prettier/prettier
55:1  Error: Replace `ﾂｷﾂｷﾂｷﾂｷﾂｷﾂｷﾂｷﾂｷﾂｷﾂｷﾂｷﾂｷ` with `ﾂｷﾂｷﾂｷﾂｷﾂｷﾂｷﾂｷﾂｷﾂｷﾂｷ`  prettier/prettier
56:1  Error: Delete `ﾂｷﾂｷ`  prettier/prettier
57:11  Error: Delete `ﾂｷﾂｷ`  prettier/prettier
58:1  Error: Replace `ﾂｷﾂｷﾂｷﾂｷﾂｷﾂｷﾂｷﾂｷﾂｷﾂｷﾂｷﾂｷ` with `ﾂｷﾂｷﾂｷﾂｷﾂｷﾂｷﾂｷﾂｷﾂｷﾂｷ`  prettier/prettier
59:1  Error: Delete `ﾂｷﾂｷ`  prettier/prettier
60:1  Error: Delete `ﾂｷﾂｷ`  prettier/prettier
320:64  Error: Replace `request,ﾂｷPATH,ﾂｷnull,` with `竢篠ｷﾂｷﾂｷﾂｷﾂｷﾂｷrequest,竢篠ｷﾂｷﾂｷﾂｷﾂｷﾂｷPATH,竢篠ｷﾂｷﾂｷﾂｷﾂｷﾂｷnull,竢篠ｷﾂｷﾂｷﾂｷﾂｷ`  prettier/prettier
321:1  Error: Insert `ﾂｷﾂｷ`  prettier/prettier
322:7  Error: Insert `ﾂｷﾂｷ`  prettier/prettier
323:5  Error: Replace `}` with `ﾂｷﾂｷ}竢篠ｷﾂｷﾂｷﾂｷ`  prettier/prettier
341:32  Error: Replace `竢篠ｷﾂｷﾂｷﾂｷﾂｷﾂｷﾂｷﾂｷ{ﾂｷerror:ﾂｷ'Reportﾂｷnotﾂｷfound'ﾂｷ},竢篠ｷﾂｷﾂｷﾂｷﾂｷﾂｷﾂｷﾂｷ{ﾂｷstatus:ﾂｷ404ﾂｷ}竢篠ｷﾂｷﾂｷﾂｷﾂｷﾂｷ` with `{ﾂｷerror:ﾂｷ'Reportﾂｷnotﾂｷfound'ﾂｷ},ﾂｷ{ﾂｷstatus:ﾂｷ404ﾂｷ}`  prettier/prettier

./src/app/api/dashboard/route.ts
222:46  Error: Replace `ﾂｷstringﾂｷ|ﾂｷstring[]ﾂｷ|ﾂｷnull` with `竢篠ｷﾂｷﾂｷﾂｷﾂｷﾂｷﾂｷﾂｷﾂｷﾂｷﾂｷﾂｷﾂｷﾂｷﾂｷﾂｷ|ﾂｷstring竢篠ｷﾂｷﾂｷﾂｷﾂｷﾂｷﾂｷﾂｷﾂｷﾂｷﾂｷﾂｷﾂｷﾂｷﾂｷﾂｷ|ﾂｷstring[]竢篠ｷﾂｷﾂｷﾂｷﾂｷﾂｷﾂｷﾂｷﾂｷﾂｷﾂｷﾂｷﾂｷﾂｷﾂｷﾂｷ|ﾂｷnull竢篠ｷﾂｷﾂｷﾂｷﾂｷﾂｷﾂｷﾂｷﾂｷﾂｷﾂｷﾂｷﾂｷﾂｷﾂｷ`  prettier/prettier

./src/app/api/menus/route.ts
2:9  Error: Replace `ﾂｷcreateErrorResponse,ﾂｷcreateSuccessResponse,ﾂｷprocessApiRequestﾂｷ` with `竢篠ｷﾂｷcreateErrorResponse,竢篠ｷﾂｷcreateSuccessResponse,竢篠ｷﾂｷprocessApiRequest,竢餐  prettier/prettier
28:34  Error: Replace `'蜈･蜉帛､縺ｫ繧ｨ繝ｩ繝ｼ縺後≠繧翫∪縺・,ﾂｷ400,ﾂｷparsedQuery.error.flatten()` with `竢篠ｷﾂｷﾂｷﾂｷﾂｷﾂｷﾂｷﾂｷ'蜈･蜉帛､縺ｫ繧ｨ繝ｩ繝ｼ縺後≠繧翫∪縺・,竢篠ｷﾂｷﾂｷﾂｷﾂｷﾂｷﾂｷﾂｷ400,竢篠ｷﾂｷﾂｷﾂｷﾂｷﾂｷﾂｷﾂｷparsedQuery.error.flatten()竢篠ｷﾂｷﾂｷﾂｷﾂｷﾂｷ`  prettier/prettier
31:53  Error: Replace `ﾂｷclinicId:ﾂｷclinic_id,ﾂｷrequireClinicMatch:ﾂｷtrue` with `竢篠ｷﾂｷﾂｷﾂｷﾂｷﾂｷclinicId:ﾂｷclinic_id,竢篠ｷﾂｷﾂｷﾂｷﾂｷﾂｷrequireClinicMatch:ﾂｷtrue,竢篠ｷﾂｷﾂｷ`  prettier/prettier
68:33  Error: Replace `ERROR_CODES.INTERNAL_SERVER_ERROR,ﾂｷ'Menusﾂｷfetchﾂｷfailed',ﾂｷundefined,ﾂｷPATH` with `竢篠ｷﾂｷﾂｷﾂｷﾂｷﾂｷﾂｷﾂｷERROR_CODES.INTERNAL_SERVER_ERROR,竢篠ｷﾂｷﾂｷﾂｷﾂｷﾂｷﾂｷﾂｷ'Menusﾂｷfetchﾂｷfailed',竢篠ｷﾂｷﾂｷﾂｷﾂｷﾂｷﾂｷﾂｷundefined,竢篠ｷﾂｷﾂｷﾂｷﾂｷﾂｷﾂｷﾂｷPATH竢篠ｷﾂｷﾂｷﾂｷﾂｷﾂｷ`  prettier/prettier
70:74  Error: Replace `ﾂｷpath:ﾂｷPATH` with `竢篠ｷﾂｷﾂｷﾂｷﾂｷﾂｷpath:ﾂｷPATH,竢篠ｷﾂｷﾂｷ`  prettier/prettier
81:34  Error: Replace `'蜈･蜉帛､縺ｫ繧ｨ繝ｩ繝ｼ縺後≠繧翫∪縺・,ﾂｷ400,ﾂｷparsedBody.error.flatten()` with `竢篠ｷﾂｷﾂｷﾂｷﾂｷﾂｷﾂｷﾂｷ'蜈･蜉帛､縺ｫ繧ｨ繝ｩ繝ｼ縺後≠繧翫∪縺・,竢篠ｷﾂｷﾂｷﾂｷﾂｷﾂｷﾂｷﾂｷ400,竢篠ｷﾂｷﾂｷﾂｷﾂｷﾂｷﾂｷﾂｷparsedBody.error.flatten()竢篠ｷﾂｷﾂｷﾂｷﾂｷﾂｷ`  prettier/prettier
84:53  Error: Replace `ﾂｷclinicId:ﾂｷdto.clinic_id,ﾂｷrequireClinicMatch:ﾂｷtrue` with `竢篠ｷﾂｷﾂｷﾂｷﾂｷﾂｷclinicId:ﾂｷdto.clinic_id,竢篠ｷﾂｷﾂｷﾂｷﾂｷﾂｷrequireClinicMatch:ﾂｷtrue,竢篠ｷﾂｷﾂｷ`  prettier/prettier
88:49  Error: Replace `.from('menus').insert(insertPayload).select()` with `竢篠ｷﾂｷﾂｷﾂｷﾂｷﾂｷ.from('menus')竢篠ｷﾂｷﾂｷﾂｷﾂｷﾂｷ.insert(insertPayload)竢篠ｷﾂｷﾂｷﾂｷﾂｷﾂｷ.select()竢篠ｷﾂｷﾂｷﾂｷﾂｷﾂｷ`  prettier/prettier
101:33  Error: Replace `ERROR_CODES.INTERNAL_SERVER_ERROR,ﾂｷ'Menuﾂｷcreationﾂｷfailed',ﾂｷundefined,ﾂｷPATH` with `竢篠ｷﾂｷﾂｷﾂｷﾂｷﾂｷﾂｷﾂｷERROR_CODES.INTERNAL_SERVER_ERROR,竢篠ｷﾂｷﾂｷﾂｷﾂｷﾂｷﾂｷﾂｷ'Menuﾂｷcreationﾂｷfailed',竢篠ｷﾂｷﾂｷﾂｷﾂｷﾂｷﾂｷﾂｷundefined,竢篠ｷﾂｷﾂｷﾂｷﾂｷﾂｷﾂｷﾂｷPATH竢篠ｷﾂｷﾂｷﾂｷﾂｷﾂｷ`  prettier/prettier
103:74  Error: Replace `ﾂｷpath:ﾂｷPATH` with `竢篠ｷﾂｷﾂｷﾂｷﾂｷﾂｷpath:ﾂｷPATH,竢篠ｷﾂｷﾂｷ`  prettier/prettier
114:34  Error: Replace `'蜈･蜉帛､縺ｫ繧ｨ繝ｩ繝ｼ縺後≠繧翫∪縺・,ﾂｷ400,ﾂｷparsedBody.error.flatten()` with `竢篠ｷﾂｷﾂｷﾂｷﾂｷﾂｷﾂｷﾂｷ'蜈･蜉帛､縺ｫ繧ｨ繝ｩ繝ｼ縺後≠繧翫∪縺・,竢篠ｷﾂｷﾂｷﾂｷﾂｷﾂｷﾂｷﾂｷ400,竢篠ｷﾂｷﾂｷﾂｷﾂｷﾂｷﾂｷﾂｷparsedBody.error.flatten()竢篠ｷﾂｷﾂｷﾂｷﾂｷﾂｷ`  prettier/prettier
117:53  Error: Replace `ﾂｷclinicId:ﾂｷdto.clinic_id,ﾂｷrequireClinicMatch:ﾂｷtrue` with `竢篠ｷﾂｷﾂｷﾂｷﾂｷﾂｷclinicId:ﾂｷdto.clinic_id,竢篠ｷﾂｷﾂｷﾂｷﾂｷﾂｷrequireClinicMatch:ﾂｷtrue,竢篠ｷﾂｷﾂｷ`  prettier/prettier
121:49  Error: Replace `.from('menus').update(updatePayload).eq('id',ﾂｷdto.id).eq('clinic_id',ﾂｷdto.clinic_id).select()` with `竢篠ｷﾂｷﾂｷﾂｷﾂｷﾂｷ.from('menus')竢篠ｷﾂｷﾂｷﾂｷﾂｷﾂｷ.update(updatePayload)竢篠ｷﾂｷﾂｷﾂｷﾂｷﾂｷ.eq('id',ﾂｷdto.id)竢篠ｷﾂｷﾂｷﾂｷﾂｷﾂｷ.eq('clinic_id',ﾂｷdto.clinic_id)竢篠ｷﾂｷﾂｷﾂｷﾂｷﾂｷ.select()竢篠ｷﾂｷﾂｷﾂｷﾂｷﾂｷ`  prettier/prettier
134:33  Error: Replace `ERROR_CODES.INTERNAL_SERVER_ERROR,ﾂｷ'Menuﾂｷupdateﾂｷfailed',ﾂｷundefined,ﾂｷPATH` with `竢篠ｷﾂｷﾂｷﾂｷﾂｷﾂｷﾂｷﾂｷERROR_CODES.INTERNAL_SERVER_ERROR,竢篠ｷﾂｷﾂｷﾂｷﾂｷﾂｷﾂｷﾂｷ'Menuﾂｷupdateﾂｷfailed',竢篠ｷﾂｷﾂｷﾂｷﾂｷﾂｷﾂｷﾂｷundefined,竢篠ｷﾂｷﾂｷﾂｷﾂｷﾂｷﾂｷﾂｷPATH竢篠ｷﾂｷﾂｷﾂｷﾂｷﾂｷ`  prettier/prettier
136:74  Error: Replace `ﾂｷpath:ﾂｷPATH` with `竢篠ｷﾂｷﾂｷﾂｷﾂｷﾂｷpath:ﾂｷPATH,竢篠ｷﾂｷﾂｷ`  prettier/prettier
145:26  Error: Insert `竢篠ｷﾂｷﾂｷﾂｷﾂｷ`  prettier/prettier
146:53  Error: Replace `ﾂｷclinicId,ﾂｷrequireClinicMatch:ﾂｷtrue` with `竢篠ｷﾂｷﾂｷﾂｷﾂｷﾂｷclinicId,竢篠ｷﾂｷﾂｷﾂｷﾂｷﾂｷrequireClinicMatch:ﾂｷtrue,竢篠ｷﾂｷﾂｷ`  prettier/prettier
169:33  Error: Replace `ERROR_CODES.INTERNAL_SERVER_ERROR,ﾂｷ'Menuﾂｷdeleteﾂｷfailed',ﾂｷundefined,ﾂｷPATH` with `竢篠ｷﾂｷﾂｷﾂｷﾂｷﾂｷﾂｷﾂｷERROR_CODES.INTERNAL_SERVER_ERROR,竢篠ｷﾂｷﾂｷﾂｷﾂｷﾂｷﾂｷﾂｷ'Menuﾂｷdeleteﾂｷfailed',竢篠ｷﾂｷﾂｷﾂｷﾂｷﾂｷﾂｷﾂｷundefined,竢篠ｷﾂｷﾂｷﾂｷﾂｷﾂｷﾂｷﾂｷPATH竢篠ｷﾂｷﾂｷﾂｷﾂｷﾂｷ`  prettier/prettier
171:74  Error: Replace `ﾂｷpath:ﾂｷPATH` with `竢篠ｷﾂｷﾂｷﾂｷﾂｷﾂｷpath:ﾂｷPATH,竢篠ｷﾂｷﾂｷ`  prettier/prettier

./src/app/api/menus/schema.ts
71:1  Error: Delete `竢餐  prettier/prettier

./src/app/api/mfa/backup-codes/usage/route.ts
10:27  Error: 'request' is defined but never used. Allowed unused args must match /^_/u.  @typescript-eslint/no-unused-vars

./src/app/api/mfa/disable/route.ts
30:13  Error: 'reason' is assigned a value but never used.  @typescript-eslint/no-unused-vars

./src/app/api/mfa/setup/initiate/route.ts
38:9  Error: Replace `profileErrorﾂｷ||ﾂｷ!profileﾂｷ||ﾂｷ!profile.clinic_idﾂｷ||ﾂｷprofile.is_activeﾂｷ===ﾂｷfalse` with `竢篠ｷﾂｷﾂｷﾂｷﾂｷﾂｷprofileErrorﾂｷ||竢篠ｷﾂｷﾂｷﾂｷﾂｷﾂｷ!profileﾂｷ||竢篠ｷﾂｷﾂｷﾂｷﾂｷﾂｷ!profile.clinic_idﾂｷ||竢篠ｷﾂｷﾂｷﾂｷﾂｷﾂｷprofile.is_activeﾂｷ===ﾂｷfalse竢篠ｷﾂｷﾂｷﾂｷ`  prettier/prettier

./src/app/api/mfa/status/route.ts
10:27  Error: 'request' is defined but never used. Allowed unused args must match /^_/u.  @typescript-eslint/no-unused-vars

./src/app/api/onboarding/clinic/route.ts
9:1  Error: '@/lib/supabase/server' import is restricted from being used. 蠢・★ '@/lib/supabase' 縺九ｉ import 縺励※縺上□縺輔＞  no-restricted-imports
48:69  Error: Insert `竢篠ｷﾂｷﾂｷﾂｷﾂｷ`  prettier/prettier
72:34  Error: Replace `ﾂｷsuccess:ﾂｷboolean;ﾂｷclinic_id?:ﾂｷstring;ﾂｷerror?:ﾂｷstring` with `竢篠ｷﾂｷﾂｷﾂｷﾂｷﾂｷsuccess:ﾂｷboolean;竢篠ｷﾂｷﾂｷﾂｷﾂｷﾂｷclinic_id?:ﾂｷstring;竢篠ｷﾂｷﾂｷﾂｷﾂｷﾂｷerror?:ﾂｷstring;竢篠ｷﾂｷﾂｷ`  prettier/prettier
77:10  Error: Replace `ﾂｷsuccess:ﾂｷfalse,ﾂｷerror:ﾂｷrpcResult.errorﾂｷ||ﾂｷ'繧ｯ繝ｪ繝九ャ繧ｯ縺ｮ菴懈・縺ｫ螟ｱ謨励＠縺ｾ縺励◆'` with `竢篠ｷﾂｷﾂｷﾂｷﾂｷﾂｷﾂｷﾂｷﾂｷﾂｷsuccess:ﾂｷfalse,竢篠ｷﾂｷﾂｷﾂｷﾂｷﾂｷﾂｷﾂｷﾂｷﾂｷerror:ﾂｷrpcResult.errorﾂｷ||ﾂｷ'繧ｯ繝ｪ繝九ャ繧ｯ縺ｮ菴懈・縺ｫ螟ｱ謨励＠縺ｾ縺励◆',竢篠ｷﾂｷﾂｷﾂｷﾂｷﾂｷﾂｷ`  prettier/prettier

./src/app/api/onboarding/invites/route.ts
8:1  Error: '@/lib/supabase/server' import is restricted from being used. 蠢・★ '@/lib/supabase' 縺九ｉ import 縺励※縺上□縺輔＞  no-restricted-imports
8:9  Error: Replace `ﾂｷgetServerClient,ﾂｷgetCurrentUser,ﾂｷcreateAdminClientﾂｷ` with `竢篠ｷﾂｷgetServerClient,竢篠ｷﾂｷgetCurrentUser,竢篠ｷﾂｷcreateAdminClient,竢餐  prettier/prettier
62:80  Error: Insert `竢篠ｷﾂｷﾂｷﾂｷﾂｷ`  prettier/prettier

./src/app/api/onboarding/profile/route.ts
8:1  Error: '@/lib/supabase/server' import is restricted from being used. 蠢・★ '@/lib/supabase' 縺九ｉ import 縺励※縺上□縺輔＞  no-restricted-imports

./src/app/api/onboarding/schema.ts
78:15  Error: Replace `.string().uuid('隕ｪ繧ｯ繝ｪ繝九ャ繧ｯID縺ｯ譛牙柑縺ｪUUID縺ｧ縺ゅｋ蠢・ｦ√′縺ゅｊ縺ｾ縺・)` with `竢篠ｷﾂｷﾂｷﾂｷ.string()竢篠ｷﾂｷﾂｷﾂｷ.uuid('隕ｪ繧ｯ繝ｪ繝九ャ繧ｯID縺ｯ譛牙柑縺ｪUUID縺ｧ縺ゅｋ蠢・ｦ√′縺ゅｊ縺ｾ縺・)竢篠ｷﾂｷﾂｷﾂｷ`  prettier/prettier

./src/app/api/onboarding/seed/route.ts
8:1  Error: '@/lib/supabase/server' import is restricted from being used. 蠢・★ '@/lib/supabase' 縺九ｉ import 縺励※縺上□縺輔＞  no-restricted-imports

./src/app/api/onboarding/status/route.ts
8:1  Error: '@/lib/supabase/server' import is restricted from being used. 蠢・★ '@/lib/supabase' 縺九ｉ import 縺励※縺上□縺輔＞  no-restricted-imports

./src/app/api/patients/route.ts
30:22  Error: 'userAgent' is assigned a value but never used.  @typescript-eslint/no-unused-vars

./src/app/api/public/menus/route.ts
11:1  Error: '@/lib/supabase/server' import is restricted from being used. 蠢・★ '@/lib/supabase' 縺九ｉ import 縺励※縺上□縺輔＞  no-restricted-imports
66:15  Error: Replace `'id,ﾂｷname,ﾂｷdescription,ﾂｷprice,ﾂｷduration_minutes,ﾂｷcategory,ﾂｷis_insurance_applicable'` with `竢篠ｷﾂｷﾂｷﾂｷﾂｷﾂｷﾂｷﾂｷ'id,ﾂｷname,ﾂｷdescription,ﾂｷprice,ﾂｷduration_minutes,ﾂｷcategory,ﾂｷis_insurance_applicable'竢篠ｷﾂｷﾂｷﾂｷﾂｷﾂｷ`  prettier/prettier

./src/app/api/public/reservations/route.ts
11:1  Error: '@/lib/supabase/server' import is restricted from being used. 蠢・★ '@/lib/supabase' 縺九ｉ import 縺励※縺上□縺輔＞  no-restricted-imports
95:30  Error: Replace `startDate.getTime()ﾂｷ+ﾂｷ(menu.duration_minutesﾂｷ??ﾂｷ60)ﾂｷ*ﾂｷ60ﾂｷ*ﾂｷ1000` with `竢篠ｷﾂｷﾂｷﾂｷﾂｷﾂｷstartDate.getTime()ﾂｷ+ﾂｷ(menu.duration_minutesﾂｷ??ﾂｷ60)ﾂｷ*ﾂｷ60ﾂｷ*ﾂｷ1000竢篠ｷﾂｷﾂｷﾂｷ`  prettier/prettier

./src/app/api/public/schema.ts
48:12  Error: Replace `/^\d{4}-\d{2}-\d{2}T\d{2}:\d{2}/,ﾂｷ'start_timeﾂｷmustﾂｷbeﾂｷISOﾂｷ8601ﾂｷformat'` with `竢篠ｷﾂｷﾂｷﾂｷﾂｷﾂｷ/^\d{4}-\d{2}-\d{2}T\d{2}:\d{2}/,竢篠ｷﾂｷﾂｷﾂｷﾂｷﾂｷ'start_timeﾂｷmustﾂｷbeﾂｷISOﾂｷ8601ﾂｷformat'竢篠ｷﾂｷﾂｷﾂｷ`  prettier/prettier

./src/app/api/reservations/route.ts
2:9  Error: Replace `ﾂｷcreateErrorResponse,ﾂｷcreateSuccessResponse,ﾂｷprocessApiRequestﾂｷ` with `竢篠ｷﾂｷcreateErrorResponse,竢篠ｷﾂｷcreateSuccessResponse,竢篠ｷﾂｷprocessApiRequest,竢餐  prettier/prettier
62:34  Error: Replace `'蜈･蜉帛､縺ｫ繧ｨ繝ｩ繝ｼ縺後≠繧翫∪縺・,ﾂｷ400,ﾂｷparsedQuery.error.flatten()` with `竢篠ｷﾂｷﾂｷﾂｷﾂｷﾂｷﾂｷﾂｷ'蜈･蜉帛､縺ｫ繧ｨ繝ｩ繝ｼ縺後≠繧翫∪縺・,竢篠ｷﾂｷﾂｷﾂｷﾂｷﾂｷﾂｷﾂｷ400,竢篠ｷﾂｷﾂｷﾂｷﾂｷﾂｷﾂｷﾂｷparsedQuery.error.flatten()竢篠ｷﾂｷﾂｷﾂｷﾂｷﾂｷ`  prettier/prettier
112:62  Error: Replace `ﾂｷascending:ﾂｷtrue` with `竢篠ｷﾂｷﾂｷﾂｷﾂｷﾂｷascending:ﾂｷtrue,竢篠ｷﾂｷﾂｷ`  prettier/prettier
148:33  Error: Replace `ERROR_CODES.INTERNAL_SERVER_ERROR,ﾂｷ'Reservationﾂｷfetchﾂｷfailed',ﾂｷundefined,ﾂｷPATH` with `竢篠ｷﾂｷﾂｷﾂｷﾂｷﾂｷﾂｷﾂｷERROR_CODES.INTERNAL_SERVER_ERROR,竢篠ｷﾂｷﾂｷﾂｷﾂｷﾂｷﾂｷﾂｷ'Reservationﾂｷfetchﾂｷfailed',竢篠ｷﾂｷﾂｷﾂｷﾂｷﾂｷﾂｷﾂｷundefined,竢篠ｷﾂｷﾂｷﾂｷﾂｷﾂｷﾂｷﾂｷPATH竢篠ｷﾂｷﾂｷﾂｷﾂｷﾂｷ`  prettier/prettier
150:74  Error: Replace `ﾂｷpath:ﾂｷPATH` with `竢篠ｷﾂｷﾂｷﾂｷﾂｷﾂｷpath:ﾂｷPATH,竢篠ｷﾂｷﾂｷ`  prettier/prettier
162:34  Error: Replace `'蜈･蜉帛､縺ｫ繧ｨ繝ｩ繝ｼ縺後≠繧翫∪縺・,ﾂｷ400,ﾂｷparsedBody.error.flatten()` with `竢篠ｷﾂｷﾂｷﾂｷﾂｷﾂｷﾂｷﾂｷ'蜈･蜉帛､縺ｫ繧ｨ繝ｩ繝ｼ縺後≠繧翫∪縺・,竢篠ｷﾂｷﾂｷﾂｷﾂｷﾂｷﾂｷﾂｷ400,竢篠ｷﾂｷﾂｷﾂｷﾂｷﾂｷﾂｷﾂｷparsedBody.error.flatten()竢篠ｷﾂｷﾂｷﾂｷﾂｷﾂｷ`  prettier/prettier
205:33  Error: Replace `ERROR_CODES.INTERNAL_SERVER_ERROR,ﾂｷ'Reservationﾂｷcreationﾂｷfailed',ﾂｷundefined,ﾂｷPATH` with `竢篠ｷﾂｷﾂｷﾂｷﾂｷﾂｷﾂｷﾂｷERROR_CODES.INTERNAL_SERVER_ERROR,竢篠ｷﾂｷﾂｷﾂｷﾂｷﾂｷﾂｷﾂｷ'Reservationﾂｷcreationﾂｷfailed',竢篠ｷﾂｷﾂｷﾂｷﾂｷﾂｷﾂｷﾂｷundefined,竢篠ｷﾂｷﾂｷﾂｷﾂｷﾂｷﾂｷﾂｷPATH竢篠ｷﾂｷﾂｷﾂｷﾂｷﾂｷ`  prettier/prettier
207:74  Error: Replace `ﾂｷpath:ﾂｷPATH` with `竢篠ｷﾂｷﾂｷﾂｷﾂｷﾂｷpath:ﾂｷPATH,竢篠ｷﾂｷﾂｷ`  prettier/prettier
219:34  Error: Replace `'蜈･蜉帛､縺ｫ繧ｨ繝ｩ繝ｼ縺後≠繧翫∪縺・,ﾂｷ400,ﾂｷparsedBody.error.flatten()` with `竢篠ｷﾂｷﾂｷﾂｷﾂｷﾂｷﾂｷﾂｷ'蜈･蜉帛､縺ｫ繧ｨ繝ｩ繝ｼ縺後≠繧翫∪縺・,竢篠ｷﾂｷﾂｷﾂｷﾂｷﾂｷﾂｷﾂｷ400,竢篠ｷﾂｷﾂｷﾂｷﾂｷﾂｷﾂｷﾂｷparsedBody.error.flatten()竢篠ｷﾂｷﾂｷﾂｷﾂｷﾂｷ`  prettier/prettier
282:33  Error: Replace `ERROR_CODES.INTERNAL_SERVER_ERROR,ﾂｷ'Reservationﾂｷupdateﾂｷfailed',ﾂｷundefined,ﾂｷPATH` with `竢篠ｷﾂｷﾂｷﾂｷﾂｷﾂｷﾂｷﾂｷERROR_CODES.INTERNAL_SERVER_ERROR,竢篠ｷﾂｷﾂｷﾂｷﾂｷﾂｷﾂｷﾂｷ'Reservationﾂｷupdateﾂｷfailed',竢篠ｷﾂｷﾂｷﾂｷﾂｷﾂｷﾂｷﾂｷundefined,竢篠ｷﾂｷﾂｷﾂｷﾂｷﾂｷﾂｷﾂｷPATH竢篠ｷﾂｷﾂｷﾂｷﾂｷﾂｷ`  prettier/prettier
284:74  Error: Replace `ﾂｷpath:ﾂｷPATH` with `竢篠ｷﾂｷﾂｷﾂｷﾂｷﾂｷpath:ﾂｷPATH,竢篠ｷﾂｷﾂｷ`  prettier/prettier
325:33  Error: Replace `ERROR_CODES.INTERNAL_SERVER_ERROR,ﾂｷ'Reservationﾂｷdeleteﾂｷfailed',ﾂｷundefined,ﾂｷPATH` with `竢篠ｷﾂｷﾂｷﾂｷﾂｷﾂｷﾂｷﾂｷERROR_CODES.INTERNAL_SERVER_ERROR,竢篠ｷﾂｷﾂｷﾂｷﾂｷﾂｷﾂｷﾂｷ'Reservationﾂｷdeleteﾂｷfailed',竢篠ｷﾂｷﾂｷﾂｷﾂｷﾂｷﾂｷﾂｷundefined,竢篠ｷﾂｷﾂｷﾂｷﾂｷﾂｷﾂｷﾂｷPATH竢篠ｷﾂｷﾂｷﾂｷﾂｷﾂｷ`  prettier/prettier
327:74  Error: Replace `ﾂｷpath:ﾂｷPATH` with `竢篠ｷﾂｷﾂｷﾂｷﾂｷﾂｷpath:ﾂｷPATH,竢篠ｷﾂｷﾂｷ`  prettier/prettier

./src/app/api/resources/route.ts
2:9  Error: Replace `ﾂｷcreateErrorResponse,ﾂｷcreateSuccessResponse,ﾂｷprocessApiRequestﾂｷ` with `竢篠ｷﾂｷcreateErrorResponse,竢篠ｷﾂｷcreateSuccessResponse,竢篠ｷﾂｷprocessApiRequest,竢餐  prettier/prettier
29:34  Error: Replace `'蜈･蜉帛､縺ｫ繧ｨ繝ｩ繝ｼ縺後≠繧翫∪縺・,ﾂｷ400,ﾂｷparsedQuery.error.flatten()` with `竢篠ｷﾂｷﾂｷﾂｷﾂｷﾂｷﾂｷﾂｷ'蜈･蜉帛､縺ｫ繧ｨ繝ｩ繝ｼ縺後≠繧翫∪縺・,竢篠ｷﾂｷﾂｷﾂｷﾂｷﾂｷﾂｷﾂｷ400,竢篠ｷﾂｷﾂｷﾂｷﾂｷﾂｷﾂｷﾂｷparsedQuery.error.flatten()竢篠ｷﾂｷﾂｷﾂｷﾂｷﾂｷ`  prettier/prettier
32:53  Error: Replace `ﾂｷclinicId:ﾂｷclinic_id,ﾂｷrequireClinicMatch:ﾂｷtrue` with `竢篠ｷﾂｷﾂｷﾂｷﾂｷﾂｷclinicId:ﾂｷclinic_id,竢篠ｷﾂｷﾂｷﾂｷﾂｷﾂｷrequireClinicMatch:ﾂｷtrue,竢篠ｷﾂｷﾂｷ`  prettier/prettier
35:31  Error: Replace `.from('resources').select('*').eq('clinic_id',ﾂｷclinic_id)` with `竢篠ｷﾂｷﾂｷﾂｷﾂｷﾂｷ.from('resources')竢篠ｷﾂｷﾂｷﾂｷﾂｷﾂｷ.select('*')竢篠ｷﾂｷﾂｷﾂｷﾂｷﾂｷ.eq('clinic_id',ﾂｷclinic_id)竢篠ｷﾂｷﾂｷﾂｷﾂｷﾂｷ`  prettier/prettier
37:65  Error: Replace `ﾂｷascending:ﾂｷtrue` with `竢篠ｷﾂｷﾂｷﾂｷﾂｷﾂｷascending:ﾂｷtrue,竢篠ｷﾂｷﾂｷ`  prettier/prettier
63:33  Error: Replace `ERROR_CODES.INTERNAL_SERVER_ERROR,ﾂｷ'Resourcesﾂｷfetchﾂｷfailed',ﾂｷundefined,ﾂｷPATH` with `竢篠ｷﾂｷﾂｷﾂｷﾂｷﾂｷﾂｷﾂｷERROR_CODES.INTERNAL_SERVER_ERROR,竢篠ｷﾂｷﾂｷﾂｷﾂｷﾂｷﾂｷﾂｷ'Resourcesﾂｷfetchﾂｷfailed',竢篠ｷﾂｷﾂｷﾂｷﾂｷﾂｷﾂｷﾂｷundefined,竢篠ｷﾂｷﾂｷﾂｷﾂｷﾂｷﾂｷﾂｷPATH竢篠ｷﾂｷﾂｷﾂｷﾂｷﾂｷ`  prettier/prettier
65:74  Error: Replace `ﾂｷpath:ﾂｷPATH` with `竢篠ｷﾂｷﾂｷﾂｷﾂｷﾂｷpath:ﾂｷPATH,竢篠ｷﾂｷﾂｷ`  prettier/prettier
75:29  Error: Replace `ﾂｷreturnﾂｷcreateErrorResponse('蜈･蜉帛､縺ｫ繧ｨ繝ｩ繝ｼ縺後≠繧翫∪縺・,ﾂｷ400,ﾂｷparsedBody.error.flatten()` with `竢篠ｷﾂｷﾂｷﾂｷﾂｷﾂｷreturnﾂｷcreateErrorResponse(竢篠ｷﾂｷﾂｷﾂｷﾂｷﾂｷﾂｷﾂｷ'蜈･蜉帛､縺ｫ繧ｨ繝ｩ繝ｼ縺後≠繧翫∪縺・,竢篠ｷﾂｷﾂｷﾂｷﾂｷﾂｷﾂｷﾂｷ400,竢篠ｷﾂｷﾂｷﾂｷﾂｷﾂｷﾂｷﾂｷparsedBody.error.flatten()竢篠ｷﾂｷﾂｷﾂｷﾂｷﾂｷ`  prettier/prettier
77:53  Error: Replace `ﾂｷclinicId:ﾂｷdto.clinic_id,ﾂｷrequireClinicMatch:ﾂｷtrue` with `竢篠ｷﾂｷﾂｷﾂｷﾂｷﾂｷclinicId:ﾂｷdto.clinic_id,竢篠ｷﾂｷﾂｷﾂｷﾂｷﾂｷrequireClinicMatch:ﾂｷtrue,竢篠ｷﾂｷﾂｷ`  prettier/prettier
80:49  Error: Replace `.from('resources').insert(insertPayload).select()` with `竢篠ｷﾂｷﾂｷﾂｷﾂｷﾂｷ.from('resources')竢篠ｷﾂｷﾂｷﾂｷﾂｷﾂｷ.insert(insertPayload)竢篠ｷﾂｷﾂｷﾂｷﾂｷﾂｷ.select()竢篠ｷﾂｷﾂｷﾂｷﾂｷﾂｷ`  prettier/prettier
93:33  Error: Replace `ERROR_CODES.INTERNAL_SERVER_ERROR,ﾂｷ'Resourceﾂｷcreationﾂｷfailed',ﾂｷundefined,ﾂｷPATH` with `竢篠ｷﾂｷﾂｷﾂｷﾂｷﾂｷﾂｷﾂｷERROR_CODES.INTERNAL_SERVER_ERROR,竢篠ｷﾂｷﾂｷﾂｷﾂｷﾂｷﾂｷﾂｷ'Resourceﾂｷcreationﾂｷfailed',竢篠ｷﾂｷﾂｷﾂｷﾂｷﾂｷﾂｷﾂｷundefined,竢篠ｷﾂｷﾂｷﾂｷﾂｷﾂｷﾂｷﾂｷPATH竢篠ｷﾂｷﾂｷﾂｷﾂｷﾂｷ`  prettier/prettier
95:74  Error: Replace `ﾂｷpath:ﾂｷPATH` with `竢篠ｷﾂｷﾂｷﾂｷﾂｷﾂｷpath:ﾂｷPATH,竢篠ｷﾂｷﾂｷ`  prettier/prettier
105:29  Error: Replace `ﾂｷreturnﾂｷcreateErrorResponse('蜈･蜉帛､縺ｫ繧ｨ繝ｩ繝ｼ縺後≠繧翫∪縺・,ﾂｷ400,ﾂｷparsedBody.error.flatten()` with `竢篠ｷﾂｷﾂｷﾂｷﾂｷﾂｷreturnﾂｷcreateErrorResponse(竢篠ｷﾂｷﾂｷﾂｷﾂｷﾂｷﾂｷﾂｷ'蜈･蜉帛､縺ｫ繧ｨ繝ｩ繝ｼ縺後≠繧翫∪縺・,竢篠ｷﾂｷﾂｷﾂｷﾂｷﾂｷﾂｷﾂｷ400,竢篠ｷﾂｷﾂｷﾂｷﾂｷﾂｷﾂｷﾂｷparsedBody.error.flatten()竢篠ｷﾂｷﾂｷﾂｷﾂｷﾂｷ`  prettier/prettier
107:53  Error: Replace `ﾂｷclinicId:ﾂｷdto.clinic_id,ﾂｷrequireClinicMatch:ﾂｷtrue` with `竢篠ｷﾂｷﾂｷﾂｷﾂｷﾂｷclinicId:ﾂｷdto.clinic_id,竢篠ｷﾂｷﾂｷﾂｷﾂｷﾂｷrequireClinicMatch:ﾂｷtrue,竢篠ｷﾂｷﾂｷ`  prettier/prettier
110:49  Error: Replace `.from('resources').update(updatePayload).eq('id',ﾂｷdto.id).eq('clinic_id',ﾂｷdto.clinic_id).select()` with `竢篠ｷﾂｷﾂｷﾂｷﾂｷﾂｷ.from('resources')竢篠ｷﾂｷﾂｷﾂｷﾂｷﾂｷ.update(updatePayload)竢篠ｷﾂｷﾂｷﾂｷﾂｷﾂｷ.eq('id',ﾂｷdto.id)竢篠ｷﾂｷﾂｷﾂｷﾂｷﾂｷ.eq('clinic_id',ﾂｷdto.clinic_id)竢篠ｷﾂｷﾂｷﾂｷﾂｷﾂｷ.select()竢篠ｷﾂｷﾂｷﾂｷﾂｷﾂｷ`  prettier/prettier
123:33  Error: Replace `ERROR_CODES.INTERNAL_SERVER_ERROR,ﾂｷ'Resourceﾂｷupdateﾂｷfailed',ﾂｷundefined,ﾂｷPATH` with `竢篠ｷﾂｷﾂｷﾂｷﾂｷﾂｷﾂｷﾂｷERROR_CODES.INTERNAL_SERVER_ERROR,竢篠ｷﾂｷﾂｷﾂｷﾂｷﾂｷﾂｷﾂｷ'Resourceﾂｷupdateﾂｷfailed',竢篠ｷﾂｷﾂｷﾂｷﾂｷﾂｷﾂｷﾂｷundefined,竢篠ｷﾂｷﾂｷﾂｷﾂｷﾂｷﾂｷﾂｷPATH竢篠ｷﾂｷﾂｷﾂｷﾂｷﾂｷ`  prettier/prettier
125:74  Error: Replace `ﾂｷpath:ﾂｷPATH` with `竢篠ｷﾂｷﾂｷﾂｷﾂｷﾂｷpath:ﾂｷPATH,竢篠ｷﾂｷﾂｷ`  prettier/prettier
134:26  Error: Insert `竢篠ｷﾂｷﾂｷﾂｷﾂｷ`  prettier/prettier
135:53  Error: Replace `ﾂｷclinicId,ﾂｷrequireClinicMatch:ﾂｷtrue` with `竢篠ｷﾂｷﾂｷﾂｷﾂｷﾂｷclinicId,竢篠ｷﾂｷﾂｷﾂｷﾂｷﾂｷrequireClinicMatch:ﾂｷtrue,竢篠ｷﾂｷﾂｷ`  prettier/prettier
158:33  Error: Replace `ERROR_CODES.INTERNAL_SERVER_ERROR,ﾂｷ'Resourceﾂｷdeleteﾂｷfailed',ﾂｷundefined,ﾂｷPATH` with `竢篠ｷﾂｷﾂｷﾂｷﾂｷﾂｷﾂｷﾂｷERROR_CODES.INTERNAL_SERVER_ERROR,竢篠ｷﾂｷﾂｷﾂｷﾂｷﾂｷﾂｷﾂｷ'Resourceﾂｷdeleteﾂｷfailed',竢篠ｷﾂｷﾂｷﾂｷﾂｷﾂｷﾂｷﾂｷundefined,竢篠ｷﾂｷﾂｷﾂｷﾂｷﾂｷﾂｷﾂｷPATH竢篠ｷﾂｷﾂｷﾂｷﾂｷﾂｷ`  prettier/prettier
160:74  Error: Replace `ﾂｷpath:ﾂｷPATH` with `竢篠ｷﾂｷﾂｷﾂｷﾂｷﾂｷpath:ﾂｷPATH,竢篠ｷﾂｷﾂｷ`  prettier/prettier

./src/app/api/resources/schema.ts
64:1  Error: Delete `竢餐  prettier/prettier

./src/app/api/revenue/route.ts
114:41  Error: 'hourlyError' is assigned a value but never used.  @typescript-eslint/no-unused-vars
122:5  Error: Delete `ﾂｷﾂｷ`  prettier/prettier
122:42  Error: 'lastYearError' is assigned a value but never used.  @typescript-eslint/no-unused-vars
123:7  Error: Delete `ﾂｷﾂｷ`  prettier/prettier
124:1  Error: Delete `ﾂｷﾂｷ`  prettier/prettier
125:7  Error: Delete `ﾂｷﾂｷ`  prettier/prettier
126:1  Error: Delete `ﾂｷﾂｷ`  prettier/prettier
127:1  Error: Replace `ﾂｷﾂｷﾂｷﾂｷﾂｷﾂｷﾂｷﾂｷ` with `ﾂｷﾂｷﾂｷﾂｷﾂｷﾂｷ`  prettier/prettier
128:1  Error: Delete `ﾂｷﾂｷ`  prettier/prettier
129:1  Error: Delete `ﾂｷﾂｷ`  prettier/prettier
130:1  Error: Replace `ﾂｷﾂｷﾂｷﾂｷﾂｷﾂｷﾂｷﾂｷﾂｷﾂｷﾂｷﾂｷ` with `ﾂｷﾂｷﾂｷﾂｷﾂｷﾂｷﾂｷﾂｷﾂｷﾂｷ`  prettier/prettier
131:11  Error: Delete `ﾂｷﾂｷ`  prettier/prettier
132:1  Error: Delete `ﾂｷﾂｷ`  prettier/prettier

./src/app/api/security/csp-report/route.ts
159:27  Error: Script URL is a form of eval.  no-script-url
216:29  Error: Script URL is a form of eval.  no-script-url
238:44  Error: Replace `ﾂｷawaitﾂｷimport(竢篠ｷﾂｷﾂｷﾂｷﾂｷﾂｷ'@/lib/notifications/security-alerts'竢篠ｷﾂｷﾂｷﾂｷ` with `竢篠ｷﾂｷﾂｷﾂｷﾂｷﾂｷawaitﾂｷimport('@/lib/notifications/security-alerts'`  prettier/prettier

./src/app/api/staff/demand-forecast/route.ts
93:28  Error: Replace `string,ﾂｷ{ﾂｷdate:ﾂｷstring;ﾂｷhour:ﾂｷnumber;ﾂｷcount:ﾂｷnumberﾂｷ}>ﾂｷ=` with `竢篠ｷﾂｷﾂｷﾂｷﾂｷﾂｷstring,竢篠ｷﾂｷﾂｷﾂｷﾂｷﾂｷ{ﾂｷdate:ﾂｷstring;ﾂｷhour:ﾂｷnumber;ﾂｷcount:ﾂｷnumberﾂｷ}`  prettier/prettier
94:5  Error: Replace `ﾂｷ` with `>ﾂｷ=`  prettier/prettier

./src/app/api/staff/preferences/route.ts
89:5  Warning: Unused eslint-disable directive (no problems were reported from '@typescript-eslint/no-explicit-any').

./src/app/api/staff/route.ts
16:9  Error: Replace `ﾂｷADMIN_UI_ROLES,ﾂｷSTAFF_ROLES,ﾂｷcanAccessCrossClinicWithCompatﾂｷ` with `竢篠ｷﾂｷADMIN_UI_ROLES,竢篠ｷﾂｷSTAFF_ROLES,竢篠ｷﾂｷcanAccessCrossClinicWithCompat,竢餐  prettier/prettier
38:64  Error: Replace `request,ﾂｷPATH,ﾂｷqueryClinicId,` with `竢篠ｷﾂｷﾂｷﾂｷﾂｷﾂｷrequest,竢篠ｷﾂｷﾂｷﾂｷﾂｷﾂｷPATH,竢篠ｷﾂｷﾂｷﾂｷﾂｷﾂｷqueryClinicId,竢篠ｷﾂｷﾂｷﾂｷﾂｷ`  prettier/prettier
39:1  Error: Insert `ﾂｷﾂｷ`  prettier/prettier
40:7  Error: Insert `ﾂｷﾂｷ`  prettier/prettier
41:5  Error: Replace `}` with `ﾂｷﾂｷ}竢篠ｷﾂｷﾂｷﾂｷ`  prettier/prettier
206:34  Error: Replace `(endHﾂｷ*ﾂｷ60ﾂｷ+ﾂｷendM)` with `endHﾂｷ*ﾂｷ60ﾂｷ+ﾂｷendM`  prettier/prettier
268:37  Error: Replace `.slice(0,ﾂｷ3).map(hﾂｷ=>ﾂｷ`${h}譎Ａ)` with `竢篠ｷﾂｷﾂｷﾂｷﾂｷﾂｷﾂｷﾂｷ.slice(0,ﾂｷ3)竢篠ｷﾂｷﾂｷﾂｷﾂｷﾂｷﾂｷﾂｷ.map(hﾂｷ=>ﾂｷ`${h}譎Ａ)竢篠ｷﾂｷﾂｷﾂｷﾂｷﾂｷﾂｷﾂｷ`  prettier/prettier

./src/app/api/staff/shifts/route.ts
12:9  Error: Replace `ﾂｷADMIN_UI_ROLES,ﾂｷSTAFF_ROLES,ﾂｷcanAccessCrossClinicWithCompatﾂｷ` with `竢篠ｷﾂｷADMIN_UI_ROLES,竢篠ｷﾂｷSTAFF_ROLES,竢篠ｷﾂｷcanAccessCrossClinicWithCompat,竢餐  prettier/prettier
45:64  Error: Replace `request,ﾂｷPATH,ﾂｷqueryClinicId,` with `竢篠ｷﾂｷﾂｷﾂｷﾂｷﾂｷrequest,竢篠ｷﾂｷﾂｷﾂｷﾂｷﾂｷPATH,竢篠ｷﾂｷﾂｷﾂｷﾂｷﾂｷqueryClinicId,竢篠ｷﾂｷﾂｷﾂｷﾂｷ`  prettier/prettier
46:1  Error: Insert `ﾂｷﾂｷ`  prettier/prettier
47:7  Error: Insert `ﾂｷﾂｷ`  prettier/prettier
48:5  Error: Replace `}` with `ﾂｷﾂｷ}竢篠ｷﾂｷﾂｷﾂｷ`  prettier/prettier
97:5  Warning: Unused eslint-disable directive (no problems were reported from '@typescript-eslint/no-explicit-any').

./src/app/blocks/page.tsx
24:3  Warning: Unexpected console statement.  no-console
46:9  Error: 'userId' is assigned a value but never used.  @typescript-eslint/no-unused-vars
91:7  Warning: Unexpected console statement.  no-console
142:7  Warning: Unexpected console statement.  no-console
172:62  Error: Replace `ﾂｷrecurrenceRule?:ﾂｷstring` with `竢篠ｷﾂｷﾂｷﾂｷﾂｷﾂｷﾂｷﾂｷrecurrenceRule?:ﾂｷstring;竢篠ｷﾂｷﾂｷﾂｷﾂｷ`  prettier/prettier
217:7  Warning: Unexpected console statement.  no-console
247:7  Warning: Unexpected console statement.  no-console
338:23  Error: Visible, non-interactive elements with click handlers must have at least one keyboard listener.  jsx-a11y/click-events-have-key-events
338:23  Error: Avoid non-native interactive elements. If using native HTML is not possible, add an appropriate role and support for tabbing, mouse, keyboard, and touch inputs to an interactive content element.  jsx-a11y/no-static-element-interactions

./src/app/daily-reports/edit/[id]/page.tsx
95:19  Warning: Unexpected any. Specify a different type.  @typescript-eslint/no-explicit-any
96:9  Warning: Unexpected console statement.  no-console
154:18  Error: 'parseError' is defined but never used.  @typescript-eslint/no-unused-vars
166:17  Warning: Unexpected any. Specify a different type.  @typescript-eslint/no-explicit-any
167:7  Warning: Unexpected console statement.  no-console

./src/app/daily-reports/input/page.tsx
153:18  Error: 'parseError' is defined but never used.  @typescript-eslint/no-unused-vars
165:17  Warning: Unexpected any. Specify a different type.  @typescript-eslint/no-explicit-any
166:7  Warning: Unexpected console statement.  no-console

./src/app/daily-reports/page.tsx
66:30  Warning: Unexpected any. Specify a different type.  @typescript-eslint/no-explicit-any
66:44  Warning: Unexpected any. Specify a different type.  @typescript-eslint/no-explicit-any
69:17  Warning: Unexpected any. Specify a different type.  @typescript-eslint/no-explicit-any
85:16  Error: 'e' is defined but never used.  @typescript-eslint/no-unused-vars

./src/app/invite/actions.ts
12:1  Error: '@/lib/supabase/server' import is restricted from being used. 蠢・★ '@/lib/supabase' 縺九ｉ import 縺励※縺上□縺輔＞  no-restricted-imports
74:7  Warning: Unexpected console statement.  no-console
84:5  Warning: Unexpected console statement.  no-console
114:7  Warning: Unexpected console statement.  no-console
119:15  Error: Replace `ﾂｷsuccess:ﾂｷfalse,ﾂｷerror:ﾂｷdata?.errorﾂｷ||ﾂｷ'諡帛ｾ・・蜿苓ｫｾ縺ｫ螟ｱ謨励＠縺ｾ縺励◆'` with `竢篠ｷﾂｷﾂｷﾂｷﾂｷﾂｷﾂｷﾂｷsuccess:ﾂｷfalse,竢篠ｷﾂｷﾂｷﾂｷﾂｷﾂｷﾂｷﾂｷerror:ﾂｷdata?.errorﾂｷ||ﾂｷ'諡帛ｾ・・蜿苓ｫｾ縺ｫ螟ｱ謨励＠縺ｾ縺励◆',竢篠ｷﾂｷﾂｷﾂｷﾂｷ`  prettier/prettier
122:5  Warning: Unexpected console statement.  no-console
131:5  Warning: Unexpected console statement.  no-console
180:7  Warning: Unexpected console statement.  no-console
218:9  Warning: Unexpected console statement.  no-console
218:23  Error: Replace `'[Invite]ﾂｷAcceptﾂｷinviteﾂｷafterﾂｷsignupﾂｷerror:',ﾂｷacceptError` with `竢篠ｷﾂｷﾂｷﾂｷﾂｷﾂｷﾂｷﾂｷﾂｷﾂｷ'[Invite]ﾂｷAcceptﾂｷinviteﾂｷafterﾂｷsignupﾂｷerror:',竢篠ｷﾂｷﾂｷﾂｷﾂｷﾂｷﾂｷﾂｷﾂｷﾂｷacceptError竢篠ｷﾂｷﾂｷﾂｷﾂｷﾂｷﾂｷﾂｷ`  prettier/prettier
227:7  Warning: Unexpected console statement.  no-console
247:5  Warning: Unexpected console statement.  no-console
297:7  Warning: Unexpected console statement.  no-console
334:7  Warning: Unexpected console statement.  no-console
347:5  Warning: Unexpected console statement.  no-console
360:5  Warning: Unexpected console statement.  no-console

./src/app/invite/page.tsx
15:9  Error: Replace `ﾂｷsignupSchema,ﾂｷloginSchema,ﾂｷgetPasswordStrengthﾂｷ` with `竢篠ｷﾂｷsignupSchema,竢篠ｷﾂｷloginSchema,竢篠ｷﾂｷgetPasswordStrength,竢餐  prettier/prettier
16:1  Error: '@/lib/schemas/auth' import is duplicated.  no-duplicate-imports
121:21  Warning: Unexpected any. Specify a different type.  @typescript-eslint/no-explicit-any
122:34  Warning: Unexpected any. Specify a different type.  @typescript-eslint/no-explicit-any
143:34  Error: Replace `value[0]ﾂｷ??ﾂｷ''ﾂｷ:ﾂｷvalueﾂｷ??ﾂｷ''` with `(value[0]ﾂｷ??ﾂｷ'')ﾂｷ:ﾂｷ(valueﾂｷ??ﾂｷ'')`  prettier/prettier
260:65  Error: Replace `竢篠ｷﾂｷﾂｷﾂｷﾂｷﾂｷﾂｷﾂｷﾂｷﾂｷﾂｷﾂｷ諡帛ｾ・ｒ蜿苓ｫｾ竢篠ｷﾂｷﾂｷﾂｷﾂｷﾂｷﾂｷﾂｷﾂｷﾂｷ` with `諡帛ｾ・ｒ蜿苓ｫｾ`  prettier/prettier
288:13  Error: A form label must be associated with a control.  jsx-a11y/label-has-associated-control
307:13  Error: A form label must be associated with a control.  jsx-a11y/label-has-associated-control

./src/app/login/actions.ts
11:1  Error: '@/lib/supabase/server' import is restricted from being used. 蠢・★ '@/lib/supabase' 縺九ｉ import 縺励※縺上□縺輔＞  no-restricted-imports
26:7  Error: 'NO_CLINIC_ASSIGNED_MESSAGE' is assigned a value but never used.  @typescript-eslint/no-unused-vars
96:7  Warning: Unexpected console statement.  no-console
114:7  Warning: Unexpected console statement.  no-console
162:21  Error: Insert `竢篠ｷﾂｷﾂｷﾂｷﾂｷ`  prettier/prettier
186:7  Warning: Unexpected console statement.  no-console
208:7  Warning: Unexpected console statement.  no-console
208:20  Error: Replace `'[Auth]ﾂｷSuccessfulﾂｷclinicﾂｷloginﾂｷ(noﾂｷclinicﾂｷassigned,ﾂｷredirectingﾂｷtoﾂｷonboarding):',` with `竢篠ｷﾂｷﾂｷﾂｷﾂｷﾂｷﾂｷﾂｷ'[Auth]ﾂｷSuccessfulﾂｷclinicﾂｷloginﾂｷ(noﾂｷclinicﾂｷassigned,ﾂｷredirectingﾂｷtoﾂｷonboarding):',竢篠ｷﾂｷﾂｷﾂｷﾂｷﾂｷﾂｷ`  prettier/prettier
209:1  Error: Insert `ﾂｷﾂｷ`  prettier/prettier
210:9  Error: Insert `ﾂｷﾂｷ`  prettier/prettier
211:1  Error: Replace `ﾂｷﾂｷﾂｷﾂｷﾂｷﾂｷﾂｷﾂｷ` with `ﾂｷﾂｷﾂｷﾂｷﾂｷﾂｷﾂｷﾂｷﾂｷﾂｷ`  prettier/prettier
212:7  Error: Replace `}` with `ﾂｷﾂｷ}竢篠ｷﾂｷﾂｷﾂｷﾂｷﾂｷ`  prettier/prettier
226:5  Warning: Unexpected console statement.  no-console
240:5  Warning: Unexpected console statement.  no-console
267:7  Warning: Unexpected console statement.  no-console
272:7  Warning: Unexpected console statement.  no-console
276:35  Error: Replace `竢篠ｷﾂｷﾂｷﾂｷﾂｷﾂｷﾂｷﾂｷuser.id,竢篠ｷﾂｷﾂｷﾂｷﾂｷﾂｷﾂｷﾂｷuser.emailﾂｷ||ﾂｷ'',竢篠ｷﾂｷﾂｷﾂｷﾂｷﾂｷﾂｷﾂｷipAddress竢篠ｷﾂｷﾂｷﾂｷﾂｷﾂｷ` with `user.id,ﾂｷuser.emailﾂｷ||ﾂｷ'',ﾂｷipAddress`  prettier/prettier
289:5  Warning: Unexpected console statement.  no-console

./src/app/login/page.tsx
11:1  Error: '@/lib/schemas/auth' import is duplicated.  no-duplicate-imports
52:21  Warning: Unexpected any. Specify a different type.  @typescript-eslint/no-explicit-any
53:34  Warning: Unexpected any. Specify a different type.  @typescript-eslint/no-explicit-any
73:34  Error: Replace `value[0]ﾂｷ??ﾂｷ''ﾂｷ:ﾂｷvalueﾂｷ??ﾂｷ''` with `(value[0]ﾂｷ??ﾂｷ'')ﾂｷ:ﾂｷ(valueﾂｷ??ﾂｷ'')`  prettier/prettier
77:16  Error: Replace `loginState.successﾂｷ&&ﾂｷ'message'ﾂｷinﾂｷloginStateﾂｷ&&ﾂｷloginState.message` with `竢篠ｷﾂｷﾂｷﾂｷﾂｷﾂｷloginState.successﾂｷ&&竢篠ｷﾂｷﾂｷﾂｷﾂｷﾂｷ'message'ﾂｷinﾂｷloginStateﾂｷ&&竢篠ｷﾂｷﾂｷﾂｷﾂｷﾂｷloginState.message竢篠ｷﾂｷﾂｷﾂｷ`  prettier/prettier
104:13  Error: A form label must be associated with a control.  jsx-a11y/label-has-associated-control
117:27  Error: Empty block statement.  no-empty
131:13  Error: A form label must be associated with a control.  jsx-a11y/label-has-associated-control
145:29  Error: Empty block statement.  no-empty
157:29  Error: Replace `showPasswordﾂｷ?ﾂｷ'繝代せ繝ｯ繝ｼ繝峨ｒ髫縺・ﾂｷ:ﾂｷ'繝代せ繝ｯ繝ｼ繝峨ｒ陦ｨ遉ｺ'` with `竢篠ｷﾂｷﾂｷﾂｷﾂｷﾂｷﾂｷﾂｷﾂｷﾂｷﾂｷﾂｷﾂｷﾂｷﾂｷﾂｷﾂｷﾂｷshowPasswordﾂｷ?ﾂｷ'繝代せ繝ｯ繝ｼ繝峨ｒ髫縺・ﾂｷ:ﾂｷ'繝代せ繝ｯ繝ｼ繝峨ｒ陦ｨ遉ｺ'竢篠ｷﾂｷﾂｷﾂｷﾂｷﾂｷﾂｷﾂｷﾂｷﾂｷﾂｷﾂｷﾂｷﾂｷﾂｷﾂｷ`  prettier/prettier

./src/app/master-data/page.tsx
4:1  Error: 'react' import is duplicated.  no-duplicate-imports
56:7  Warning: Unexpected console statement.  no-console
86:15  Warning: Unexpected console statement.  no-console
102:15  Warning: Unexpected console statement.  no-console
148:9  Error: 'activeItems' is assigned a value but never used.  @typescript-eslint/no-unused-vars
169:7  Warning: Unexpected console statement.  no-console

./src/app/multi-store/page.tsx
59:13  Error: Replace `ﾂｷdata-testid='loading-spinner'ﾂｷclassName='animate-spinﾂｷrounded-fullﾂｷh-8ﾂｷw-8ﾂｷborder-b-2ﾂｷborder-blue-600'` with `竢篠ｷﾂｷﾂｷﾂｷﾂｷﾂｷﾂｷﾂｷﾂｷﾂｷdata-testid='loading-spinner'竢篠ｷﾂｷﾂｷﾂｷﾂｷﾂｷﾂｷﾂｷﾂｷﾂｷclassName='animate-spinﾂｷrounded-fullﾂｷh-8ﾂｷw-8ﾂｷborder-b-2ﾂｷborder-blue-600'竢篠ｷﾂｷﾂｷﾂｷﾂｷﾂｷﾂｷﾂｷ`  prettier/prettier

./src/app/onboarding/page.tsx
38:22  Error: Replace `"min-h-screenﾂｷflexﾂｷitems-centerﾂｷjustify-centerﾂｷbg-gray-50"` with `'min-h-screenﾂｷflexﾂｷitems-centerﾂｷjustify-centerﾂｷbg-gray-50'`  prettier/prettier
39:24  Error: Replace `"text-center"` with `'text-center'`  prettier/prettier
40:26  Error: Replace `"animate-spinﾂｷrounded-fullﾂｷh-12ﾂｷw-12ﾂｷborder-b-2ﾂｷborder-blue-600ﾂｷmx-auto"` with `'animate-spinﾂｷrounded-fullﾂｷh-12ﾂｷw-12ﾂｷborder-b-2ﾂｷborder-blue-600ﾂｷmx-auto'`  prettier/prettier
41:24  Error: Replace `"mt-4ﾂｷtext-gray-600"` with `'mt-4ﾂｷtext-gray-600'`  prettier/prettier
49:22  Error: Replace `"min-h-screenﾂｷflexﾂｷitems-centerﾂｷjustify-centerﾂｷbg-gray-50"` with `'min-h-screenﾂｷflexﾂｷitems-centerﾂｷjustify-centerﾂｷbg-gray-50'`  prettier/prettier
50:24  Error: Replace `"text-center"` with `'text-center'`  prettier/prettier
51:26  Error: Replace `"p-4ﾂｷbg-red-50ﾂｷborderﾂｷborder-red-200ﾂｷrounded-lgﾂｷmax-w-md"` with `'p-4ﾂｷbg-red-50ﾂｷborderﾂｷborder-red-200ﾂｷrounded-lgﾂｷmax-w-md'`  prettier/prettier
52:27  Error: Replace `"text-lgﾂｷfont-mediumﾂｷtext-red-800ﾂｷmb-2">繧ｨ繝ｩ繝ｼ縺檎匱逕溘＠縺ｾ縺励◆` with `'text-lgﾂｷfont-mediumﾂｷtext-red-800ﾂｷmb-2'>竢篠ｷﾂｷﾂｷﾂｷﾂｷﾂｷﾂｷﾂｷﾂｷﾂｷﾂｷﾂｷﾂｷﾂｷ繧ｨ繝ｩ繝ｼ縺檎匱逕溘＠縺ｾ縺励◆竢篠ｷﾂｷﾂｷﾂｷﾂｷﾂｷﾂｷﾂｷﾂｷﾂｷﾂｷﾂｷ`  prettier/prettier
53:26  Error: Replace `"text-smﾂｷtext-red-600"` with `'text-smﾂｷtext-red-600'`  prettier/prettier
80:20  Error: Replace `"min-h-screenﾂｷbg-gray-50ﾂｷpy-8ﾂｷpx-4"` with `'min-h-screenﾂｷbg-gray-50ﾂｷpy-8ﾂｷpx-4'`  prettier/prettier
81:22  Error: Replace `"max-w-4xlﾂｷmx-auto"` with `'max-w-4xlﾂｷmx-auto'`  prettier/prettier
83:24  Error: Replace `"text-centerﾂｷmb-8"` with `'text-centerﾂｷmb-8'`  prettier/prettier
84:25  Error: Replace `"text-2xlﾂｷfont-boldﾂｷtext-gray-900"` with `'text-2xlﾂｷfont-boldﾂｷtext-gray-900'`  prettier/prettier
87:24  Error: Replace `"mt-2ﾂｷtext-gray-600"` with `'mt-2ﾂｷtext-gray-600'`  prettier/prettier
94:26  Error: Replace `"mb-8"` with `'mb-8'`  prettier/prettier
100:24  Error: Replace `"mb-8">竢篠ｷﾂｷﾂｷﾂｷﾂｷﾂｷﾂｷﾂｷﾂｷﾂｷ{renderStep()}竢篠ｷﾂｷﾂｷﾂｷﾂｷﾂｷﾂｷﾂｷ` with `'mb-8'>{renderStep()}`  prettier/prettier

./src/app/patients/[id]/page.tsx
66:27  Error: Replace `json?.error?.messageﾂｷ||ﾂｷjson?.errorﾂｷ||ﾂｷ'蜿門ｾ励↓螟ｱ謨励＠縺ｾ縺励◆'` with `竢篠ｷﾂｷﾂｷﾂｷﾂｷﾂｷﾂｷﾂｷﾂｷﾂｷﾂｷﾂｷjson?.error?.messageﾂｷ||ﾂｷjson?.errorﾂｷ||ﾂｷ'蜿門ｾ励↓螟ｱ謨励＠縺ｾ縺励◆'竢篠ｷﾂｷﾂｷﾂｷﾂｷﾂｷﾂｷﾂｷﾂｷﾂｷ`  prettier/prettier
94:57  Error: Replace `([,ﾂｷvalue])ﾂｷ=>ﾂｷvalueﾂｷ!==ﾂｷnullﾂｷ&&ﾂｷvalueﾂｷ!==ﾂｷundefined` with `竢篠ｷﾂｷﾂｷﾂｷﾂｷﾂｷ([,ﾂｷvalue])ﾂｷ=>ﾂｷvalueﾂｷ!==ﾂｷnullﾂｷ&&ﾂｷvalueﾂｷ!==ﾂｷundefined竢篠ｷﾂｷﾂｷﾂｷ`  prettier/prettier

./src/app/reservations/components/AppointmentBlock.tsx
13:52  Error: Replace `ﾂｷappointment,ﾂｷpixelsPerHour,ﾂｷstartHourOfGrid,ﾂｷonClickﾂｷ` with `竢篠ｷﾂｷappointment,竢篠ｷﾂｷpixelsPerHour,竢篠ｷﾂｷstartHourOfGrid,竢篠ｷﾂｷonClick,竢餐  prettier/prettier
14:29  Error: Insert `竢篠ｷﾂｷﾂｷ`  prettier/prettier
15:26  Error: Replace `ﾂｷ(appointment.endHourﾂｷ*ﾂｷ60ﾂｷ+ﾂｷappointment.endMinute)ﾂｷ-` with `竢篠ｷﾂｷﾂｷﾂｷappointment.endHourﾂｷ*ﾂｷ60ﾂｷ+竢篠ｷﾂｷﾂｷﾂｷappointment.endMinuteﾂｷ-竢篠ｷﾂｷﾂｷ`  prettier/prettier
16:1  Error: Delete `ﾂｷﾂｷ`  prettier/prettier
30:28  Error: Replace `'application/json',` with `竢篠ｷﾂｷﾂｷﾂｷﾂｷﾂｷ'application/json',竢篠ｷﾂｷﾂｷﾂｷﾂｷ`  prettier/prettier
32:49  Error: Insert `,`  prettier/prettier
33:1  Error: Replace `ﾂｷﾂｷﾂｷﾂｷ})` with `ﾂｷﾂｷﾂｷﾂｷﾂｷﾂｷ})竢篠ｷﾂｷﾂｷﾂｷ`  prettier/prettier
39:5  Error: Visible, non-interactive elements with click handlers must have at least one keyboard listener.  jsx-a11y/click-events-have-key-events
39:5  Error: Avoid non-native interactive elements. If using native HTML is not possible, add an appropriate role and support for tabbing, mouse, keyboard, and touch inputs to an interactive content element.  jsx-a11y/no-static-element-interactions
42:16  Error: Replace `(e)` with `e`  prettier/prettier
54:22  Error: Replace `"flexﾂｷitems-centerﾂｷgap-1ﾂｷfont-monoﾂｷopacity-90ﾂｷtext-[10px]ﾂｷwhitespace-nowrapﾂｷpointer-events-none"` with `'flexﾂｷitems-centerﾂｷgap-1ﾂｷfont-monoﾂｷopacity-90ﾂｷtext-[10px]ﾂｷwhitespace-nowrapﾂｷpointer-events-none'`  prettier/prettier
55:30  Error: Replace `<divﾂｷclassName="bg-white/30ﾂｷp-0.5ﾂｷrounded-sm"><MessageCircleﾂｷsize={8}ﾂｷ/></div>` with `(竢篠ｷﾂｷﾂｷﾂｷﾂｷﾂｷﾂｷﾂｷﾂｷﾂｷ<divﾂｷclassName='bg-white/30ﾂｷp-0.5ﾂｷrounded-sm'>竢篠ｷﾂｷﾂｷﾂｷﾂｷﾂｷﾂｷﾂｷﾂｷﾂｷﾂｷﾂｷ<MessageCircleﾂｷsize={8}ﾂｷ/>竢篠ｷﾂｷﾂｷﾂｷﾂｷﾂｷﾂｷﾂｷﾂｷﾂｷ</div>竢篠ｷﾂｷﾂｷﾂｷﾂｷﾂｷﾂｷﾂｷ)`  prettier/prettier
58:22  Error: Replace `"font-boldﾂｷtruncateﾂｷtext-[11px]ﾂｷmt-0.5ﾂｷpointer-events-none"` with `'font-boldﾂｷtruncateﾂｷtext-[11px]ﾂｷmt-0.5ﾂｷpointer-events-none'`  prettier/prettier
62:24  Error: Replace `"mt-1ﾂｷinline-flexﾂｷpointer-events-none"` with `'mt-1ﾂｷinline-flexﾂｷpointer-events-none'`  prettier/prettier
63:27  Error: Replace `"bg-rose-600/80ﾂｷtext-whiteﾂｷpx-1.5ﾂｷpy-0.5ﾂｷrounded-fullﾂｷtext-[9px]ﾂｷfont-boldﾂｷtruncate"` with `'bg-rose-600/80ﾂｷtext-whiteﾂｷpx-1.5ﾂｷpy-0.5ﾂｷrounded-fullﾂｷtext-[9px]ﾂｷfont-boldﾂｷtruncate'`  prettier/prettier
70:3  Error: Insert `竢餐  prettier/prettier

./src/app/reservations/components/AppointmentDetail.tsx
1:52  Error: Delete `竦港  prettier/prettier
2:30  Error: Delete `竦港  prettier/prettier
3:9  Error: Replace `ﾂｷAppointment,ﾂｷAppointmentUpdateResult,ﾂｷMenuItem,ﾂｷMenuOptionItem,ﾂｷSchedulerResourceﾂｷ}ﾂｷfromﾂｷ'../types';竦港 with `竢篠ｷﾂｷAppointment,竢篠ｷﾂｷAppointmentUpdateResult,竢篠ｷﾂｷMenuItem,竢篠ｷﾂｷMenuOptionItem,竢篠ｷﾂｷSchedulerResource,竢枝ﾂｷfromﾂｷ'../types';`  prettier/prettier
4:69  Error: Delete `竦港  prettier/prettier
5:61  Error: Delete `竦港  prettier/prettier
6:59  Error: Delete `竦港  prettier/prettier
7:61  Error: Delete `竦港  prettier/prettier
8:1  Error: Delete `竦港  prettier/prettier
9:18  Error: Delete `竦港  prettier/prettier
10:28  Error: Delete `竦港  prettier/prettier
11:34  Error: Delete `竦港  prettier/prettier
12:21  Error: Delete `竦港  prettier/prettier
13:29  Error: Delete `竦港  prettier/prettier
14:23  Error: Delete `竦港  prettier/prettier
15:14  Error: Replace `updatedAppointment:ﾂｷAppointment)ﾂｷ=>ﾂｷPromise<AppointmentUpdateResult>;竦港 with `竢篠ｷﾂｷﾂｷﾂｷupdatedAppointment:ﾂｷAppointment竢篠ｷﾂｷ)ﾂｷ=>ﾂｷPromise<AppointmentUpdateResult>;`  prettier/prettier
16:2  Error: Delete `竦港  prettier/prettier
17:1  Error: Delete `竦港  prettier/prettier
18:53  Error: Replace `ﾂｷappointment,ﾂｷresources,ﾂｷmenus,ﾂｷoptions,ﾂｷonClose,ﾂｷonUpdateﾂｷ})ﾂｷ=>ﾂｷ{竦港 with `竢篠ｷﾂｷappointment,竢篠ｷﾂｷresources,竢篠ｷﾂｷmenus,竢篠ｷﾂｷoptions,竢篠ｷﾂｷonClose,竢篠ｷﾂｷonUpdate,竢枝)ﾂｷ=>ﾂｷ{`  prettier/prettier
19:53  Error: Delete `竦港  prettier/prettier
20:70  Error: Delete `竦港  prettier/prettier
21:73  Error: Delete `竦港  prettier/prettier
22:1  Error: Delete `竦港  prettier/prettier
23:20  Error: Delete `竦港  prettier/prettier
24:30  Error: Delete `竦港  prettier/prettier
25:27  Error: Delete `竦港  prettier/prettier
26:21  Error: Delete `竦港  prettier/prettier
27:1  Error: Delete `竦港  prettier/prettier
28:63  Warning: Unexpected any. Specify a different type.  @typescript-eslint/no-explicit-any
28:72  Error: Delete `竦港  prettier/prettier
29:26  Error: Delete `竦港  prettier/prettier
30:1  Error: Replace `ﾂｷﾂｷﾂｷﾂｷﾂｷﾂｷﾂｷﾂｷconstﾂｷupdatedﾂｷ=ﾂｷ{ﾂｷ...prev,ﾂｷ[field]:ﾂｷvalueﾂｷ};竦港 with `ﾂｷﾂｷﾂｷﾂｷﾂｷﾂｷconstﾂｷupdatedﾂｷ=ﾂｷ{ﾂｷ...prev,ﾂｷ[field]:ﾂｷvalueﾂｷ};`  prettier/prettier
31:1  Error: Delete `ﾂｷﾂｷﾂｷﾂｷﾂｷﾂｷﾂｷﾂｷ竦港  prettier/prettier
32:1  Error: Replace `ﾂｷﾂｷﾂｷﾂｷﾂｷﾂｷﾂｷﾂｷletﾂｷnewEndHourﾂｷ=ﾂｷupdated.endHour;竦港 with `ﾂｷﾂｷﾂｷﾂｷﾂｷﾂｷletﾂｷnewEndHourﾂｷ=ﾂｷupdated.endHour;`  prettier/prettier
33:7  Error: Replace `ﾂｷﾂｷletﾂｷnewEndMinuteﾂｷ=ﾂｷupdated.endMinute;竦港 with `letﾂｷnewEndMinuteﾂｷ=ﾂｷupdated.endMinute;`  prettier/prettier
34:1  Error: Delete `竦港  prettier/prettier
35:1  Error: Replace `ﾂｷﾂｷﾂｷﾂｷﾂｷﾂｷﾂｷﾂｷifﾂｷ(fieldﾂｷ===ﾂｷ'startHour'ﾂｷ||ﾂｷfieldﾂｷ===ﾂｷ'startMinute')ﾂｷ{竦港 with `ﾂｷﾂｷﾂｷﾂｷﾂｷﾂｷifﾂｷ(fieldﾂｷ===ﾂｷ'startHour'ﾂｷ||ﾂｷfieldﾂｷ===ﾂｷ'startMinute')ﾂｷ{`  prettier/prettier
36:1  Error: Replace `ﾂｷﾂｷﾂｷﾂｷﾂｷﾂｷﾂｷﾂｷﾂｷﾂｷﾂｷﾂｷ//ﾂｷKeepﾂｷdurationﾂｷconstant竦港 with `ﾂｷﾂｷﾂｷﾂｷﾂｷﾂｷﾂｷﾂｷ//ﾂｷKeepﾂｷdurationﾂｷconstant`  prettier/prettier
37:1  Error: Replace `ﾂｷﾂｷﾂｷﾂｷﾂｷﾂｷﾂｷﾂｷﾂｷﾂｷﾂｷﾂｷconstﾂｷcurrentDurationﾂｷ=ﾂｷcalculateDuration(prev.startHour,ﾂｷprev.startMinute,ﾂｷprev.endHour,ﾂｷprev.endMinute);竦港 with `ﾂｷﾂｷﾂｷﾂｷﾂｷﾂｷﾂｷﾂｷconstﾂｷcurrentDurationﾂｷ=ﾂｷcalculateDuration(竢篠ｷﾂｷﾂｷﾂｷﾂｷﾂｷﾂｷﾂｷﾂｷﾂｷprev.startHour,竢篠ｷﾂｷﾂｷﾂｷﾂｷﾂｷﾂｷﾂｷﾂｷﾂｷprev.startMinute,竢篠ｷﾂｷﾂｷﾂｷﾂｷﾂｷﾂｷﾂｷﾂｷﾂｷprev.endHour,竢篠ｷﾂｷﾂｷﾂｷﾂｷﾂｷﾂｷﾂｷﾂｷﾂｷprev.endMinute`  prettier/prettier
38:9  Error: Replace `ﾂｷﾂｷﾂｷﾂｷconstﾂｷresﾂｷ=ﾂｷcalculateEndTime(updated.startHour,ﾂｷupdated.startMinute,ﾂｷcurrentDuration);竦港 with `);竢篠ｷﾂｷﾂｷﾂｷﾂｷﾂｷﾂｷﾂｷconstﾂｷresﾂｷ=ﾂｷcalculateEndTime(竢篠ｷﾂｷﾂｷﾂｷﾂｷﾂｷﾂｷﾂｷﾂｷﾂｷupdated.startHour,竢篠ｷﾂｷﾂｷﾂｷﾂｷﾂｷﾂｷﾂｷﾂｷﾂｷupdated.startMinute,竢篠ｷﾂｷﾂｷﾂｷﾂｷﾂｷﾂｷﾂｷﾂｷﾂｷcurrentDuration`  prettier/prettier
39:7  Error: Replace `ﾂｷﾂｷﾂｷﾂｷﾂｷﾂｷnewEndHourﾂｷ=ﾂｷres.endHour;竦港 with `ﾂｷﾂｷ);竢篠ｷﾂｷﾂｷﾂｷﾂｷﾂｷﾂｷﾂｷnewEndHourﾂｷ=ﾂｷres.endHour;`  prettier/prettier
40:1  Error: Replace `ﾂｷﾂｷﾂｷﾂｷﾂｷﾂｷﾂｷﾂｷﾂｷﾂｷﾂｷﾂｷnewEndMinuteﾂｷ=ﾂｷres.endMinute;竦港 with `ﾂｷﾂｷﾂｷﾂｷﾂｷﾂｷﾂｷﾂｷnewEndMinuteﾂｷ=ﾂｷres.endMinute;`  prettier/prettier
41:1  Error: Replace `竦坂庶ﾂｷﾂｷﾂｷﾂｷﾂｷﾂｷﾂｷﾂｷ}ﾂｷelseﾂｷifﾂｷ(fieldﾂｷ===ﾂｷ'menuId'ﾂｷ||ﾂｷfieldﾂｷ===ﾂｷ'optionId')ﾂｷ{竦港 with `ﾂｷﾂｷﾂｷﾂｷﾂｷﾂｷ}ﾂｷelseﾂｷifﾂｷ(fieldﾂｷ===ﾂｷ'menuId'ﾂｷ||ﾂｷfieldﾂｷ===ﾂｷ'optionId')ﾂｷ{`  prettier/prettier
43:1  Error: Replace `ﾂｷﾂｷﾂｷﾂｷﾂｷﾂｷﾂｷﾂｷﾂｷﾂｷﾂｷﾂｷ//ﾂｷResetﾂｷdurationﾂｷbasedﾂｷonﾂｷmasterﾂｷdata竦港 with `ﾂｷﾂｷﾂｷﾂｷﾂｷﾂｷﾂｷﾂｷ//ﾂｷResetﾂｷdurationﾂｷbasedﾂｷonﾂｷmasterﾂｷdata`  prettier/prettier
44:9  Error: Replace `ﾂｷﾂｷﾂｷﾂｷconstﾂｷmenuIdﾂｷ=ﾂｷfieldﾂｷ===ﾂｷ'menuId'ﾂｷ?ﾂｷvalueﾂｷ:ﾂｷprev.menuId;竦港 with `constﾂｷmenuIdﾂｷ=ﾂｷfieldﾂｷ===ﾂｷ'menuId'ﾂｷ?ﾂｷvalueﾂｷ:ﾂｷprev.menuId;`  prettier/prettier
45:1  Error: Replace `ﾂｷﾂｷﾂｷﾂｷﾂｷﾂｷﾂｷﾂｷﾂｷﾂｷﾂｷﾂｷconstﾂｷoptionIdﾂｷ=ﾂｷfieldﾂｷ===ﾂｷ'optionId'ﾂｷ?ﾂｷvalueﾂｷ:ﾂｷprev.optionId;竦港 with `ﾂｷﾂｷﾂｷﾂｷﾂｷﾂｷﾂｷﾂｷconstﾂｷoptionIdﾂｷ=ﾂｷfieldﾂｷ===ﾂｷ'optionId'ﾂｷ?ﾂｷvalueﾂｷ:ﾂｷprev.optionId;`  prettier/prettier
46:1  Error: Delete `ﾂｷﾂｷﾂｷﾂｷﾂｷﾂｷﾂｷﾂｷﾂｷﾂｷﾂｷﾂｷ竦港  prettier/prettier
47:1  Error: Replace `ﾂｷﾂｷﾂｷﾂｷﾂｷﾂｷﾂｷﾂｷﾂｷﾂｷﾂｷﾂｷconstﾂｷmenuﾂｷ=ﾂｷmenus.find(mﾂｷ=>ﾂｷm.idﾂｷ===ﾂｷmenuId);竦港 with `ﾂｷﾂｷﾂｷﾂｷﾂｷﾂｷﾂｷﾂｷconstﾂｷmenuﾂｷ=ﾂｷmenus.find(mﾂｷ=>ﾂｷm.idﾂｷ===ﾂｷmenuId);`  prettier/prettier
48:1  Error: Replace `ﾂｷﾂｷﾂｷﾂｷﾂｷﾂｷﾂｷﾂｷﾂｷﾂｷﾂｷﾂｷconstﾂｷoptionﾂｷ=ﾂｷoptions.find(oﾂｷ=>ﾂｷo.idﾂｷ===ﾂｷoptionId);竦港 with `ﾂｷﾂｷﾂｷﾂｷﾂｷﾂｷﾂｷﾂｷconstﾂｷoptionﾂｷ=ﾂｷoptions.find(oﾂｷ=>ﾂｷo.idﾂｷ===ﾂｷoptionId);`  prettier/prettier
49:1  Error: Replace `ﾂｷﾂｷﾂｷﾂｷﾂｷﾂｷﾂｷﾂｷﾂｷﾂｷﾂｷﾂｷconstﾂｷnewDurationﾂｷ=ﾂｷ(menu?.durationMinutesﾂｷ||ﾂｷ0)ﾂｷ+ﾂｷ(option?.durationDeltaMinutesﾂｷ||ﾂｷ0);竦港 with `ﾂｷﾂｷﾂｷﾂｷﾂｷﾂｷﾂｷﾂｷconstﾂｷnewDurationﾂｷ=竢篠ｷﾂｷﾂｷﾂｷﾂｷﾂｷﾂｷﾂｷﾂｷﾂｷ(menu?.durationMinutesﾂｷ||ﾂｷ0)ﾂｷ+ﾂｷ(option?.durationDeltaMinutesﾂｷ||ﾂｷ0);`  prettier/prettier
50:1  Error: Delete `ﾂｷﾂｷﾂｷﾂｷﾂｷﾂｷﾂｷﾂｷﾂｷﾂｷﾂｷﾂｷ竦港  prettier/prettier
51:9  Error: Replace `ﾂｷﾂｷﾂｷﾂｷconstﾂｷresﾂｷ=ﾂｷcalculateEndTime(updated.startHour,ﾂｷupdated.startMinute,ﾂｷnewDuration);竦港 with `constﾂｷresﾂｷ=ﾂｷcalculateEndTime(竢篠ｷﾂｷﾂｷﾂｷﾂｷﾂｷﾂｷﾂｷﾂｷﾂｷupdated.startHour,竢篠ｷﾂｷﾂｷﾂｷﾂｷﾂｷﾂｷﾂｷﾂｷﾂｷupdated.startMinute,竢篠ｷﾂｷﾂｷﾂｷﾂｷﾂｷﾂｷﾂｷﾂｷﾂｷnewDuration`  prettier/prettier
52:6  Error: Replace `ﾂｷﾂｷﾂｷﾂｷﾂｷﾂｷﾂｷnewEndHourﾂｷ=ﾂｷres.endHour;竦港 with `ﾂｷﾂｷﾂｷ);竢篠ｷﾂｷﾂｷﾂｷﾂｷﾂｷﾂｷﾂｷnewEndHourﾂｷ=ﾂｷres.endHour;`  prettier/prettier
53:1  Error: Replace `ﾂｷﾂｷﾂｷﾂｷﾂｷﾂｷﾂｷﾂｷﾂｷﾂｷﾂｷﾂｷnewEndMinuteﾂｷ=ﾂｷres.endMinute;竦港 with `ﾂｷﾂｷﾂｷﾂｷﾂｷﾂｷﾂｷﾂｷnewEndMinuteﾂｷ=ﾂｷres.endMinute;`  prettier/prettier
54:1  Error: Replace `ﾂｷﾂｷﾂｷﾂｷﾂｷﾂｷﾂｷﾂｷ}竦港 with `ﾂｷﾂｷﾂｷﾂｷﾂｷﾂｷ}`  prettier/prettier
55:1  Error: Delete `ﾂｷﾂｷﾂｷﾂｷﾂｷﾂｷﾂｷﾂｷ竦港  prettier/prettier
56:1  Error: Replace `ﾂｷﾂｷﾂｷﾂｷﾂｷﾂｷﾂｷﾂｷreturnﾂｷ{竦港 with `ﾂｷﾂｷﾂｷﾂｷﾂｷﾂｷreturnﾂｷ{`  prettier/prettier
57:1  Error: Replace `ﾂｷﾂｷﾂｷﾂｷﾂｷﾂｷﾂｷﾂｷﾂｷﾂｷﾂｷﾂｷ...updated,竦港 with `ﾂｷﾂｷﾂｷﾂｷﾂｷﾂｷﾂｷﾂｷ...updated,`  prettier/prettier
58:9  Error: Replace `ﾂｷﾂｷﾂｷﾂｷendHour:ﾂｷnewEndHour,竦港 with `endHour:ﾂｷnewEndHour,`  prettier/prettier
59:1  Error: Replace `ﾂｷﾂｷﾂｷﾂｷﾂｷﾂｷﾂｷﾂｷﾂｷﾂｷﾂｷﾂｷendMinute:ﾂｷnewEndMinute竦港 with `ﾂｷﾂｷﾂｷﾂｷﾂｷﾂｷﾂｷﾂｷendMinute:ﾂｷnewEndMinute,`  prettier/prettier
60:1  Error: Replace `ﾂｷﾂｷﾂｷﾂｷﾂｷﾂｷﾂｷﾂｷ};竦港 with `ﾂｷﾂｷﾂｷﾂｷﾂｷﾂｷ};`  prettier/prettier
61:8  Error: Delete `竦港  prettier/prettier
62:5  Error: Delete `竦港  prettier/prettier
63:1  Error: Delete `竦港  prettier/prettier
64:58  Error: Delete `竦港  prettier/prettier
65:26  Error: Delete `竦港  prettier/prettier
66:1  Error: Replace `ﾂｷﾂｷﾂｷﾂｷﾂｷﾂｷﾂｷﾂｷconstﾂｷ{ﾂｷendHour,ﾂｷendMinuteﾂｷ}ﾂｷ=ﾂｷcalculateEndTime(prev.startHour,ﾂｷprev.startMinute,ﾂｷnewDuration);竦港 with `ﾂｷﾂｷﾂｷﾂｷﾂｷﾂｷconstﾂｷ{ﾂｷendHour,ﾂｷendMinuteﾂｷ}ﾂｷ=ﾂｷcalculateEndTime(竢篠ｷﾂｷﾂｷﾂｷﾂｷﾂｷﾂｷﾂｷprev.startHour,竢篠ｷﾂｷﾂｷﾂｷﾂｷﾂｷﾂｷﾂｷprev.startMinute,竢篠ｷﾂｷﾂｷﾂｷﾂｷﾂｷﾂｷﾂｷnewDuration`  prettier/prettier
67:7  Error: Replace `ﾂｷﾂｷreturnﾂｷ{ﾂｷ...prev,ﾂｷendHour,ﾂｷendMinuteﾂｷ};竦港 with `);竢篠ｷﾂｷﾂｷﾂｷﾂｷﾂｷreturnﾂｷ{ﾂｷ...prev,ﾂｷendHour,ﾂｷendMinuteﾂｷ};`  prettier/prettier
68:8  Error: Delete `竦港  prettier/prettier
69:5  Error: Delete `竦港  prettier/prettier
70:1  Error: Delete `竦港  prettier/prettier
71:35  Error: Delete `竦港  prettier/prettier
72:27  Error: Delete `竦港  prettier/prettier
73:18  Error: Replace `ﾂｷ(formData.lastNameﾂｷ&&ﾂｷformData.firstName)竦港 with `竢篠ｷﾂｷﾂｷﾂｷﾂｷﾂｷformData.lastNameﾂｷ&&ﾂｷformData.firstName`  prettier/prettier
74:55  Error: Delete `竦港  prettier/prettier
75:26  Error: Delete `竦港  prettier/prettier
76:1  Error: Delete `ﾂｷﾂｷﾂｷﾂｷ竦港  prettier/prettier
77:10  Error: Delete `竦港  prettier/prettier
78:61  Error: Delete `竦港  prettier/prettier
79:23  Error: Delete `竦港  prettier/prettier
80:29  Error: Delete `竦港  prettier/prettier
81:15  Error: Delete `竦港  prettier/prettier
82:74  Error: Delete `竦港  prettier/prettier
83:8  Error: Delete `竦港  prettier/prettier
84:20  Error: Delete `竦港  prettier/prettier
85:23  Error: Replace `errﾂｷinstanceofﾂｷErrorﾂｷ?ﾂｷerr.messageﾂｷ:ﾂｷ'Failedﾂｷtoﾂｷupdateﾂｷreservation.');竦港 with `竢篠ｷﾂｷﾂｷﾂｷﾂｷﾂｷﾂｷﾂｷerrﾂｷinstanceofﾂｷErrorﾂｷ?ﾂｷerr.messageﾂｷ:ﾂｷ'Failedﾂｷtoﾂｷupdateﾂｷreservation.'竢篠ｷﾂｷﾂｷﾂｷﾂｷﾂｷ);`  prettier/prettier
86:6  Error: Delete `竦港  prettier/prettier
87:5  Error: Delete `竦港  prettier/prettier
88:1  Error: Delete `竦港  prettier/prettier
89:35  Error: Delete `竦港  prettier/prettier
90:30  Error: Delete `竦港  prettier/prettier
91:25  Error: Delete `竦港  prettier/prettier
92:27  Error: Delete `竦港  prettier/prettier
93:5  Error: Delete `竦港  prettier/prettier
94:1  Error: Delete `竦港  prettier/prettier
95:11  Error: Delete `竦港  prettier/prettier
96:20  Error: Replace `"fixedﾂｷinset-0ﾂｷz-[60]ﾂｷflexﾂｷitems-centerﾂｷjustify-centerﾂｷp-4">竦港 with `'fixedﾂｷinset-0ﾂｷz-[60]ﾂｷflexﾂｷitems-centerﾂｷjustify-centerﾂｷp-4'>`  prettier/prettier
97:7  Error: Visible, non-interactive elements with click handlers must have at least one keyboard listener.  jsx-a11y/click-events-have-key-events
97:7  Error: Avoid non-native interactive elements. If using native HTML is not possible, add an appropriate role and support for tabbing, mouse, keyboard, and touch inputs to an interactive content element.  jsx-a11y/no-static-element-interactions
97:11  Error: Delete `ﾂｷ竦港  prettier/prettier
98:19  Error: Replace `"absoluteﾂｷinset-0ﾂｷbg-black/50ﾂｷbackdrop-blur-smﾂｷtransition-opacity"ﾂｷ竦港 with `'absoluteﾂｷinset-0ﾂｷbg-black/50ﾂｷbackdrop-blur-smﾂｷtransition-opacity'`  prettier/prettier
99:26  Error: Delete `竦港  prettier/prettier
100:9  Error: Delete `竦港  prettier/prettier
101:1  Error: Delete `竦港  prettier/prettier
102:22  Error: Replace `"relativeﾂｷbg-whiteﾂｷrounded-xlﾂｷshadow-2xlﾂｷw-fullﾂｷmax-w-lgﾂｷoverflow-hiddenﾂｷflexﾂｷflex-colﾂｷmax-h-[90vh]ﾂｷanimate-inﾂｷfade-inﾂｷzoom-inﾂｷduration-200">竦坂庶ﾂｷﾂｷﾂｷﾂｷﾂｷﾂｷﾂｷﾂｷ竦港 with `'relativeﾂｷbg-whiteﾂｷrounded-xlﾂｷshadow-2xlﾂｷw-fullﾂｷmax-w-lgﾂｷoverflow-hiddenﾂｷflexﾂｷflex-colﾂｷmax-h-[90vh]ﾂｷanimate-inﾂｷfade-inﾂｷzoom-inﾂｷduration-200'>`  prettier/prettier
104:23  Error: Delete `竦港  prettier/prettier
105:24  Error: Replace `"flexﾂｷitems-centerﾂｷjustify-betweenﾂｷpx-6ﾂｷpy-4ﾂｷborder-bﾂｷborder-gray-100ﾂｷbg-gray-50/50">竦港 with `'flexﾂｷitems-centerﾂｷjustify-betweenﾂｷpx-6ﾂｷpy-4ﾂｷborder-bﾂｷborder-gray-100ﾂｷbg-gray-50/50'>`  prettier/prettier
106:25  Error: Replace `"text-lgﾂｷfont-boldﾂｷtext-gray-800">竦港 with `'text-lgﾂｷfont-boldﾂｷtext-gray-800'>`  prettier/prettier
107:43  Error: Delete `竦港  prettier/prettier
108:16  Error: Delete `竦港  prettier/prettier
109:26  Error: Replace `"flexﾂｷitems-centerﾂｷgap-2">竦港 with `'flexﾂｷitems-centerﾂｷgap-2'>`  prettier/prettier
110:29  Error: Delete `竦港  prettier/prettier
111:1  Error: Replace `ﾂｷﾂｷﾂｷﾂｷﾂｷﾂｷﾂｷﾂｷﾂｷﾂｷﾂｷﾂｷﾂｷﾂｷﾂｷﾂｷ<buttonﾂｷclassName="p-2ﾂｷtext-gray-400ﾂｷhover:text-rose-500ﾂｷhover:bg-rose-50ﾂｷrounded-fullﾂｷtransition-colors"ﾂｷtitle="蜑企勁">竦港 with `ﾂｷﾂｷﾂｷﾂｷﾂｷﾂｷﾂｷﾂｷﾂｷﾂｷﾂｷﾂｷﾂｷﾂｷ<button竢篠ｷﾂｷﾂｷﾂｷﾂｷﾂｷﾂｷﾂｷﾂｷﾂｷﾂｷﾂｷﾂｷﾂｷﾂｷﾂｷclassName='p-2ﾂｷtext-gray-400ﾂｷhover:text-rose-500ﾂｷhover:bg-rose-50ﾂｷrounded-fullﾂｷtransition-colors'竢篠ｷﾂｷﾂｷﾂｷﾂｷﾂｷﾂｷﾂｷﾂｷﾂｷﾂｷﾂｷﾂｷﾂｷﾂｷﾂｷtitle='蜑企勁'竢篠ｷﾂｷﾂｷﾂｷﾂｷﾂｷﾂｷﾂｷﾂｷﾂｷﾂｷﾂｷﾂｷﾂｷ>`  prettier/prettier
112:35  Error: Replace `"w-5ﾂｷh-5"ﾂｷ/>竦港 with `'w-5ﾂｷh-5'ﾂｷ/>`  prettier/prettier
113:1  Error: Replace `ﾂｷﾂｷﾂｷﾂｷﾂｷﾂｷﾂｷﾂｷﾂｷﾂｷﾂｷﾂｷﾂｷﾂｷﾂｷﾂｷ</button>竦港 with `ﾂｷﾂｷﾂｷﾂｷﾂｷﾂｷﾂｷﾂｷﾂｷﾂｷﾂｷﾂｷﾂｷﾂｷ</button>`  prettier/prettier
114:15  Error: Delete `竦港  prettier/prettier
115:20  Error: Delete `ﾂｷ竦港  prettier/prettier
116:15  Error: Replace `ﾂｷﾂｷonClick={onClose}竦港 with `onClick={onClose}`  prettier/prettier
117:1  Error: Replace `ﾂｷﾂｷﾂｷﾂｷﾂｷﾂｷﾂｷﾂｷﾂｷﾂｷﾂｷﾂｷﾂｷﾂｷﾂｷﾂｷclassName="p-2ﾂｷtext-gray-400ﾂｷhover:text-gray-600ﾂｷhover:bg-gray-100ﾂｷrounded-fullﾂｷtransition-colors"竦港 with `ﾂｷﾂｷﾂｷﾂｷﾂｷﾂｷﾂｷﾂｷﾂｷﾂｷﾂｷﾂｷﾂｷﾂｷclassName='p-2ﾂｷtext-gray-400ﾂｷhover:text-gray-600ﾂｷhover:bg-gray-100ﾂｷrounded-fullﾂｷtransition-colors'`  prettier/prettier
118:14  Error: Delete `竦港  prettier/prettier
119:28  Error: Replace `"w-6ﾂｷh-6"ﾂｷ/>竦港 with `'w-6ﾂｷh-6'ﾂｷ/>`  prettier/prettier
120:22  Error: Delete `竦港  prettier/prettier
121:17  Error: Delete `竦港  prettier/prettier
122:15  Error: Delete `竦港  prettier/prettier
123:1  Error: Delete `竦港  prettier/prettier
124:32  Error: Delete `竦港  prettier/prettier
125:24  Error: Replace `"p-4ﾂｷsm:p-6ﾂｷoverflow-y-auto">竦港 with `'p-4ﾂｷsm:p-6ﾂｷoverflow-y-auto'>`  prettier/prettier
126:1  Error: Replace `ﾂｷﾂｷﾂｷﾂｷﾂｷﾂｷﾂｷﾂｷﾂｷﾂｷﾂｷﾂｷ{errorMessageﾂｷ&&ﾂｷ(竦港 with `ﾂｷﾂｷﾂｷﾂｷﾂｷﾂｷﾂｷﾂｷﾂｷﾂｷ{errorMessageﾂｷ&&ﾂｷ(`  prettier/prettier
127:1  Error: Replace `ﾂｷﾂｷﾂｷﾂｷﾂｷﾂｷﾂｷﾂｷﾂｷﾂｷﾂｷﾂｷﾂｷﾂｷ<divﾂｷclassName="mb-4ﾂｷroundedﾂｷborderﾂｷborder-red-200ﾂｷbg-red-50ﾂｷpx-3ﾂｷpy-2ﾂｷtext-smﾂｷtext-red-700">竦港 with `ﾂｷﾂｷﾂｷﾂｷﾂｷﾂｷﾂｷﾂｷﾂｷﾂｷﾂｷﾂｷ<divﾂｷclassName='mb-4ﾂｷroundedﾂｷborderﾂｷborder-red-200ﾂｷbg-red-50ﾂｷpx-3ﾂｷpy-2ﾂｷtext-smﾂｷtext-red-700'>`  prettier/prettier
128:1  Error: Replace `ﾂｷﾂｷﾂｷﾂｷﾂｷﾂｷﾂｷﾂｷﾂｷﾂｷﾂｷﾂｷﾂｷﾂｷﾂｷﾂｷ{errorMessage}竦港 with `ﾂｷﾂｷﾂｷﾂｷﾂｷﾂｷﾂｷﾂｷﾂｷﾂｷﾂｷﾂｷﾂｷﾂｷ{errorMessage}`  prettier/prettier
129:1  Error: Replace `ﾂｷﾂｷﾂｷﾂｷﾂｷﾂｷﾂｷﾂｷﾂｷﾂｷﾂｷﾂｷﾂｷﾂｷ</div>竦港 with `ﾂｷﾂｷﾂｷﾂｷﾂｷﾂｷﾂｷﾂｷﾂｷﾂｷﾂｷﾂｷ</div>`  prettier/prettier
130:1  Error: Replace `ﾂｷﾂｷﾂｷﾂｷﾂｷﾂｷﾂｷﾂｷﾂｷﾂｷﾂｷﾂｷ)}竦港 with `ﾂｷﾂｷﾂｷﾂｷﾂｷﾂｷﾂｷﾂｷﾂｷﾂｷ)}`  prettier/prettier
131:11  Error: Replace `ﾂｷﾂｷ{isEditingﾂｷ?ﾂｷ(竦港 with `{isEditingﾂｷ?ﾂｷ(`  prettier/prettier
132:1  Error: Replace `ﾂｷﾂｷﾂｷﾂｷﾂｷﾂｷﾂｷﾂｷﾂｷﾂｷﾂｷﾂｷﾂｷﾂｷﾂｷﾂｷ<AppointmentEditFormﾂｷ竦港 with `ﾂｷﾂｷﾂｷﾂｷﾂｷﾂｷﾂｷﾂｷﾂｷﾂｷﾂｷﾂｷ<AppointmentEditForm`  prettier/prettier
133:1  Error: Replace `ﾂｷﾂｷﾂｷﾂｷﾂｷﾂｷﾂｷﾂｷﾂｷﾂｷﾂｷﾂｷﾂｷﾂｷﾂｷﾂｷﾂｷﾂｷﾂｷﾂｷformData={formData}ﾂｷ竦港 with `ﾂｷﾂｷﾂｷﾂｷﾂｷﾂｷﾂｷﾂｷﾂｷﾂｷﾂｷﾂｷﾂｷﾂｷformData={formData}`  prettier/prettier
134:1  Error: Replace `ﾂｷﾂｷﾂｷﾂｷﾂｷﾂｷﾂｷﾂｷﾂｷﾂｷﾂｷﾂｷﾂｷﾂｷﾂｷﾂｷﾂｷﾂｷﾂｷﾂｷresources={resources}ﾂｷ竦港 with `ﾂｷﾂｷﾂｷﾂｷﾂｷﾂｷﾂｷﾂｷﾂｷﾂｷﾂｷﾂｷﾂｷﾂｷresources={resources}`  prettier/prettier
135:1  Error: Replace `ﾂｷﾂｷﾂｷﾂｷﾂｷﾂｷﾂｷﾂｷﾂｷﾂｷﾂｷﾂｷﾂｷﾂｷﾂｷﾂｷﾂｷﾂｷﾂｷﾂｷmenus={menus}ﾂｷ竦港 with `ﾂｷﾂｷﾂｷﾂｷﾂｷﾂｷﾂｷﾂｷﾂｷﾂｷﾂｷﾂｷﾂｷﾂｷmenus={menus}`  prettier/prettier
136:1  Error: Replace `ﾂｷﾂｷﾂｷﾂｷﾂｷﾂｷﾂｷﾂｷﾂｷﾂｷﾂｷﾂｷﾂｷﾂｷﾂｷﾂｷﾂｷﾂｷﾂｷﾂｷoptions={options}ﾂｷ竦港 with `ﾂｷﾂｷﾂｷﾂｷﾂｷﾂｷﾂｷﾂｷﾂｷﾂｷﾂｷﾂｷﾂｷﾂｷoptions={options}`  prettier/prettier
137:1  Error: Replace `ﾂｷﾂｷﾂｷﾂｷﾂｷﾂｷﾂｷﾂｷﾂｷﾂｷﾂｷﾂｷﾂｷﾂｷﾂｷﾂｷﾂｷﾂｷﾂｷﾂｷonChange={handleInputChange}ﾂｷ竦港 with `ﾂｷﾂｷﾂｷﾂｷﾂｷﾂｷﾂｷﾂｷﾂｷﾂｷﾂｷﾂｷﾂｷﾂｷonChange={handleInputChange}`  prettier/prettier
138:1  Error: Replace `ﾂｷﾂｷﾂｷﾂｷﾂｷﾂｷﾂｷﾂｷﾂｷﾂｷﾂｷﾂｷﾂｷﾂｷﾂｷﾂｷﾂｷﾂｷﾂｷﾂｷonDurationChange={handleDurationChange}ﾂｷ竦港 with `ﾂｷﾂｷﾂｷﾂｷﾂｷﾂｷﾂｷﾂｷﾂｷﾂｷﾂｷﾂｷﾂｷﾂｷonDurationChange={handleDurationChange}`  prettier/prettier
139:1  Error: Replace `ﾂｷﾂｷﾂｷﾂｷﾂｷﾂｷﾂｷﾂｷﾂｷﾂｷﾂｷﾂｷﾂｷﾂｷﾂｷﾂｷ/>竦港 with `ﾂｷﾂｷﾂｷﾂｷﾂｷﾂｷﾂｷﾂｷﾂｷﾂｷﾂｷﾂｷ/>`  prettier/prettier
140:1  Error: Replace `ﾂｷﾂｷﾂｷﾂｷﾂｷﾂｷﾂｷﾂｷﾂｷﾂｷﾂｷﾂｷ)ﾂｷ:ﾂｷ(竦港 with `ﾂｷﾂｷﾂｷﾂｷﾂｷﾂｷﾂｷﾂｷﾂｷﾂｷ)ﾂｷ:ﾂｷ(`  prettier/prettier
141:13  Error: Replace `ﾂｷﾂｷﾂｷﾂｷ<AppointmentSummaryﾂｷ竦港 with `<AppointmentSummary`  prettier/prettier
142:1  Error: Replace `ﾂｷﾂｷﾂｷﾂｷﾂｷﾂｷﾂｷﾂｷﾂｷﾂｷﾂｷﾂｷﾂｷﾂｷﾂｷﾂｷﾂｷﾂｷﾂｷﾂｷappointment={appointment}ﾂｷ竦港 with `ﾂｷﾂｷﾂｷﾂｷﾂｷﾂｷﾂｷﾂｷﾂｷﾂｷﾂｷﾂｷﾂｷﾂｷappointment={appointment}`  prettier/prettier
143:1  Error: Replace `ﾂｷﾂｷﾂｷﾂｷﾂｷﾂｷﾂｷﾂｷﾂｷﾂｷﾂｷﾂｷﾂｷﾂｷﾂｷﾂｷﾂｷﾂｷﾂｷﾂｷresources={resources}ﾂｷ竦港 with `ﾂｷﾂｷﾂｷﾂｷﾂｷﾂｷﾂｷﾂｷﾂｷﾂｷﾂｷﾂｷﾂｷﾂｷresources={resources}`  prettier/prettier
144:1  Error: Replace `ﾂｷﾂｷﾂｷﾂｷﾂｷﾂｷﾂｷﾂｷﾂｷﾂｷﾂｷﾂｷﾂｷﾂｷﾂｷﾂｷﾂｷﾂｷﾂｷﾂｷmenus={menus}ﾂｷ竦港 with `ﾂｷﾂｷﾂｷﾂｷﾂｷﾂｷﾂｷﾂｷﾂｷﾂｷﾂｷﾂｷﾂｷﾂｷmenus={menus}`  prettier/prettier
145:1  Error: Replace `ﾂｷﾂｷﾂｷﾂｷﾂｷﾂｷﾂｷﾂｷﾂｷﾂｷﾂｷﾂｷﾂｷﾂｷﾂｷﾂｷﾂｷﾂｷﾂｷﾂｷoptions={options}ﾂｷ竦港 with `ﾂｷﾂｷﾂｷﾂｷﾂｷﾂｷﾂｷﾂｷﾂｷﾂｷﾂｷﾂｷﾂｷﾂｷoptions={options}`  prettier/prettier
146:1  Error: Replace `ﾂｷﾂｷﾂｷﾂｷﾂｷﾂｷﾂｷﾂｷﾂｷﾂｷﾂｷﾂｷﾂｷﾂｷﾂｷﾂｷﾂｷﾂｷﾂｷﾂｷonEdit={()ﾂｷ=>ﾂｷsetIsEditing(true)}ﾂｷ竦港 with `ﾂｷﾂｷﾂｷﾂｷﾂｷﾂｷﾂｷﾂｷﾂｷﾂｷﾂｷﾂｷﾂｷﾂｷonEdit={()ﾂｷ=>ﾂｷsetIsEditing(true)}`  prettier/prettier
147:1  Error: Replace `ﾂｷﾂｷﾂｷﾂｷﾂｷﾂｷﾂｷﾂｷﾂｷﾂｷﾂｷﾂｷﾂｷﾂｷﾂｷﾂｷ/>竦港 with `ﾂｷﾂｷﾂｷﾂｷﾂｷﾂｷﾂｷﾂｷﾂｷﾂｷﾂｷﾂｷ/>`  prettier/prettier
148:1  Error: Replace `ﾂｷﾂｷﾂｷﾂｷﾂｷﾂｷﾂｷﾂｷﾂｷﾂｷﾂｷﾂｷ)}竦港 with `ﾂｷﾂｷﾂｷﾂｷﾂｷﾂｷﾂｷﾂｷﾂｷﾂｷ)}`  prettier/prettier
149:15  Error: Delete `竦港  prettier/prettier
150:1  Error: Delete `ﾂｷﾂｷﾂｷﾂｷﾂｷﾂｷﾂｷﾂｷ竦港  prettier/prettier
151:31  Error: Delete `竦港  prettier/prettier
152:24  Error: Replace `"bg-gray-50ﾂｷpx-6ﾂｷpy-4ﾂｷborder-tﾂｷborder-gray-200ﾂｷflexﾂｷjustify-betweenﾂｷitems-center">竦港 with `'bg-gray-50ﾂｷpx-6ﾂｷpy-4ﾂｷborder-tﾂｷborder-gray-200ﾂｷflexﾂｷjustify-betweenﾂｷitems-center'>`  prettier/prettier
153:1  Error: Replace `ﾂｷﾂｷﾂｷﾂｷﾂｷﾂｷﾂｷﾂｷﾂｷﾂｷﾂｷﾂｷﾂｷ{isEditingﾂｷ?ﾂｷ(竦港 with `ﾂｷﾂｷﾂｷﾂｷﾂｷﾂｷﾂｷﾂｷﾂｷﾂｷ{isEditingﾂｷ?ﾂｷ(`  prettier/prettier
154:1  Error: Replace `ﾂｷﾂｷﾂｷﾂｷﾂｷﾂｷﾂｷﾂｷﾂｷﾂｷﾂｷﾂｷﾂｷﾂｷﾂｷﾂｷﾂｷ<divﾂｷclassName="flexﾂｷjustify-endﾂｷgap-3ﾂｷw-full">竦港 with `ﾂｷﾂｷﾂｷﾂｷﾂｷﾂｷﾂｷﾂｷﾂｷﾂｷﾂｷﾂｷ<divﾂｷclassName='flexﾂｷjustify-endﾂｷgap-3ﾂｷw-full'>`  prettier/prettier
155:1  Error: Replace `ﾂｷﾂｷﾂｷﾂｷﾂｷﾂｷﾂｷﾂｷﾂｷﾂｷﾂｷﾂｷﾂｷﾂｷﾂｷﾂｷﾂｷﾂｷﾂｷﾂｷﾂｷ<buttonﾂｷ竦港 with `ﾂｷﾂｷﾂｷﾂｷﾂｷﾂｷﾂｷﾂｷﾂｷﾂｷﾂｷﾂｷﾂｷﾂｷ<button`  prettier/prettier
156:1  Error: Replace `ﾂｷﾂｷﾂｷﾂｷﾂｷﾂｷﾂｷﾂｷﾂｷﾂｷﾂｷﾂｷﾂｷﾂｷﾂｷﾂｷﾂｷﾂｷﾂｷﾂｷﾂｷﾂｷﾂｷﾂｷonClick={handleCancelEdit}竦港 with `ﾂｷﾂｷﾂｷﾂｷﾂｷﾂｷﾂｷﾂｷﾂｷﾂｷﾂｷﾂｷﾂｷﾂｷﾂｷﾂｷonClick={handleCancelEdit}`  prettier/prettier
157:1  Error: Replace `ﾂｷﾂｷﾂｷﾂｷﾂｷﾂｷﾂｷﾂｷﾂｷﾂｷﾂｷﾂｷﾂｷﾂｷﾂｷﾂｷﾂｷﾂｷﾂｷﾂｷﾂｷﾂｷﾂｷﾂｷclassName="px-4ﾂｷpy-2ﾂｷbg-whiteﾂｷborderﾂｷborder-gray-300ﾂｷrounded-mdﾂｷtext-smﾂｷfont-boldﾂｷtext-gray-600ﾂｷshadow-smﾂｷhover:bg-gray-100ﾂｷflexﾂｷitems-centerﾂｷgap-1"竦港 with `ﾂｷﾂｷﾂｷﾂｷﾂｷﾂｷﾂｷﾂｷﾂｷﾂｷﾂｷﾂｷﾂｷﾂｷﾂｷﾂｷclassName='px-4ﾂｷpy-2ﾂｷbg-whiteﾂｷborderﾂｷborder-gray-300ﾂｷrounded-mdﾂｷtext-smﾂｷfont-boldﾂｷtext-gray-600ﾂｷshadow-smﾂｷhover:bg-gray-100ﾂｷflexﾂｷitems-centerﾂｷgap-1'`  prettier/prettier
158:1  Error: Replace `ﾂｷﾂｷﾂｷﾂｷﾂｷﾂｷﾂｷﾂｷﾂｷﾂｷﾂｷﾂｷﾂｷﾂｷﾂｷﾂｷﾂｷﾂｷﾂｷﾂｷﾂｷ>竦港 with `ﾂｷﾂｷﾂｷﾂｷﾂｷﾂｷﾂｷﾂｷﾂｷﾂｷﾂｷﾂｷﾂｷﾂｷ>`  prettier/prettier
159:1  Error: Replace `ﾂｷﾂｷﾂｷﾂｷﾂｷﾂｷﾂｷﾂｷﾂｷﾂｷﾂｷﾂｷﾂｷﾂｷﾂｷﾂｷﾂｷﾂｷﾂｷﾂｷﾂｷﾂｷﾂｷﾂｷ<UndoﾂｷclassName="w-4ﾂｷh-4"ﾂｷ/>ﾂｷ<spanﾂｷclassName="hiddenﾂｷsm:inline">繧ｭ繝｣繝ｳ繧ｻ繝ｫ</span>竦港 with `ﾂｷﾂｷﾂｷﾂｷﾂｷﾂｷﾂｷﾂｷﾂｷﾂｷﾂｷﾂｷﾂｷﾂｷﾂｷﾂｷ<UndoﾂｷclassName='w-4ﾂｷh-4'ﾂｷ/>{'ﾂｷ'}竢篠ｷﾂｷﾂｷﾂｷﾂｷﾂｷﾂｷﾂｷﾂｷﾂｷﾂｷﾂｷﾂｷﾂｷﾂｷﾂｷ<spanﾂｷclassName='hiddenﾂｷsm:inline'>繧ｭ繝｣繝ｳ繧ｻ繝ｫ</span>`  prettier/prettier
160:1  Error: Replace `ﾂｷﾂｷﾂｷﾂｷﾂｷﾂｷﾂｷﾂｷﾂｷﾂｷﾂｷﾂｷﾂｷﾂｷﾂｷﾂｷﾂｷﾂｷﾂｷﾂｷﾂｷ</button>竦港 with `ﾂｷﾂｷﾂｷﾂｷﾂｷﾂｷﾂｷﾂｷﾂｷﾂｷﾂｷﾂｷﾂｷﾂｷ</button>`  prettier/prettier
161:1  Error: Replace `ﾂｷﾂｷﾂｷﾂｷﾂｷﾂｷﾂｷﾂｷﾂｷﾂｷﾂｷﾂｷﾂｷﾂｷﾂｷﾂｷﾂｷﾂｷﾂｷﾂｷﾂｷ<buttonﾂｷ竦港 with `ﾂｷﾂｷﾂｷﾂｷﾂｷﾂｷﾂｷﾂｷﾂｷﾂｷﾂｷﾂｷﾂｷﾂｷ<button`  prettier/prettier
162:1  Error: Replace `ﾂｷﾂｷﾂｷﾂｷﾂｷﾂｷﾂｷﾂｷﾂｷﾂｷﾂｷﾂｷﾂｷﾂｷﾂｷﾂｷﾂｷﾂｷﾂｷﾂｷﾂｷﾂｷﾂｷﾂｷonClick={handleSave}竦港 with `ﾂｷﾂｷﾂｷﾂｷﾂｷﾂｷﾂｷﾂｷﾂｷﾂｷﾂｷﾂｷﾂｷﾂｷﾂｷﾂｷonClick={handleSave}`  prettier/prettier
163:1  Error: Replace `ﾂｷﾂｷﾂｷﾂｷﾂｷﾂｷﾂｷﾂｷﾂｷﾂｷﾂｷﾂｷﾂｷﾂｷﾂｷﾂｷﾂｷﾂｷﾂｷﾂｷﾂｷﾂｷﾂｷﾂｷclassName="px-4ﾂｷpy-2ﾂｷbg-sky-600ﾂｷborderﾂｷborder-transparentﾂｷrounded-mdﾂｷtext-smﾂｷfont-boldﾂｷtext-whiteﾂｷshadow-smﾂｷhover:bg-sky-700ﾂｷflexﾂｷitems-centerﾂｷgap-1"竦港 with `ﾂｷﾂｷﾂｷﾂｷﾂｷﾂｷﾂｷﾂｷﾂｷﾂｷﾂｷﾂｷﾂｷﾂｷﾂｷﾂｷclassName='px-4ﾂｷpy-2ﾂｷbg-sky-600ﾂｷborderﾂｷborder-transparentﾂｷrounded-mdﾂｷtext-smﾂｷfont-boldﾂｷtext-whiteﾂｷshadow-smﾂｷhover:bg-sky-700ﾂｷflexﾂｷitems-centerﾂｷgap-1'`  prettier/prettier
164:1  Error: Replace `ﾂｷﾂｷﾂｷﾂｷﾂｷﾂｷﾂｷﾂｷﾂｷﾂｷﾂｷﾂｷﾂｷﾂｷﾂｷﾂｷﾂｷﾂｷﾂｷﾂｷﾂｷ>竦港 with `ﾂｷﾂｷﾂｷﾂｷﾂｷﾂｷﾂｷﾂｷﾂｷﾂｷﾂｷﾂｷﾂｷﾂｷ>`  prettier/prettier
165:1  Error: Replace `ﾂｷﾂｷﾂｷﾂｷﾂｷﾂｷﾂｷﾂｷﾂｷﾂｷﾂｷﾂｷﾂｷﾂｷﾂｷﾂｷﾂｷﾂｷﾂｷﾂｷﾂｷﾂｷﾂｷﾂｷ<CheckﾂｷclassName="w-4ﾂｷh-4"ﾂｷ/>ﾂｷ菫晏ｭ倥☆繧銀錐` with `ﾂｷﾂｷﾂｷﾂｷﾂｷﾂｷﾂｷﾂｷﾂｷﾂｷﾂｷﾂｷﾂｷﾂｷﾂｷﾂｷ<CheckﾂｷclassName='w-4ﾂｷh-4'ﾂｷ/>ﾂｷ菫晏ｭ倥☆繧義  prettier/prettier
166:15  Error: Replace `ﾂｷﾂｷﾂｷﾂｷﾂｷﾂｷﾂｷ</button>竦港 with `</button>`  prettier/prettier
167:1  Error: Replace `ﾂｷﾂｷﾂｷﾂｷﾂｷﾂｷﾂｷﾂｷﾂｷﾂｷﾂｷﾂｷﾂｷﾂｷﾂｷﾂｷﾂｷ</div>竦港 with `ﾂｷﾂｷﾂｷﾂｷﾂｷﾂｷﾂｷﾂｷﾂｷﾂｷﾂｷﾂｷ</div>`  prettier/prettier
168:1  Error: Replace `ﾂｷﾂｷﾂｷﾂｷﾂｷﾂｷﾂｷﾂｷﾂｷﾂｷﾂｷﾂｷﾂｷ)ﾂｷ:ﾂｷ(竦港 with `ﾂｷﾂｷﾂｷﾂｷﾂｷﾂｷﾂｷﾂｷﾂｷﾂｷ)ﾂｷ:ﾂｷ(`  prettier/prettier
169:1  Error: Replace `ﾂｷﾂｷﾂｷﾂｷﾂｷﾂｷﾂｷﾂｷﾂｷﾂｷﾂｷﾂｷﾂｷﾂｷﾂｷﾂｷ<>竦港 with `ﾂｷﾂｷﾂｷﾂｷﾂｷﾂｷﾂｷﾂｷﾂｷﾂｷﾂｷﾂｷ<>`  prettier/prettier
170:1  Error: Replace `ﾂｷﾂｷﾂｷﾂｷﾂｷﾂｷﾂｷﾂｷﾂｷﾂｷﾂｷﾂｷﾂｷﾂｷﾂｷﾂｷ{appointment.customerIdﾂｷ?ﾂｷ(竦港 with `ﾂｷﾂｷﾂｷﾂｷﾂｷﾂｷﾂｷﾂｷﾂｷﾂｷﾂｷﾂｷﾂｷﾂｷ{appointment.customerIdﾂｷ?ﾂｷ(`  prettier/prettier
171:17  Error: Replace `ﾂｷﾂｷﾂｷﾂｷ<Link竦港 with `<Link`  prettier/prettier
172:1  Error: Replace `ﾂｷﾂｷﾂｷﾂｷﾂｷﾂｷﾂｷﾂｷﾂｷﾂｷﾂｷﾂｷﾂｷﾂｷﾂｷﾂｷﾂｷﾂｷﾂｷﾂｷﾂｷﾂｷﾂｷﾂｷhref={`/patients/${appointment.customerId}`}竦港 with `ﾂｷﾂｷﾂｷﾂｷﾂｷﾂｷﾂｷﾂｷﾂｷﾂｷﾂｷﾂｷﾂｷﾂｷﾂｷﾂｷﾂｷﾂｷhref={`/patients/${appointment.customerId}`}`  prettier/prettier
173:1  Error: Replace `ﾂｷﾂｷﾂｷﾂｷﾂｷﾂｷﾂｷﾂｷﾂｷﾂｷﾂｷﾂｷﾂｷﾂｷﾂｷﾂｷﾂｷﾂｷﾂｷﾂｷﾂｷﾂｷﾂｷﾂｷclassName="text-xsﾂｷfont-boldﾂｷtext-sky-600ﾂｷhover:underline"竦港 with `ﾂｷﾂｷﾂｷﾂｷﾂｷﾂｷﾂｷﾂｷﾂｷﾂｷﾂｷﾂｷﾂｷﾂｷﾂｷﾂｷﾂｷﾂｷclassName='text-xsﾂｷfont-boldﾂｷtext-sky-600ﾂｷhover:underline'`  prettier/prettier
174:1  Error: Replace `ﾂｷﾂｷﾂｷﾂｷﾂｷﾂｷﾂｷﾂｷﾂｷﾂｷﾂｷﾂｷﾂｷﾂｷﾂｷﾂｷﾂｷﾂｷﾂｷﾂｷ>竦港 with `ﾂｷﾂｷﾂｷﾂｷﾂｷﾂｷﾂｷﾂｷﾂｷﾂｷﾂｷﾂｷﾂｷﾂｷﾂｷﾂｷ>`  prettier/prettier
175:1  Error: Replace `ﾂｷﾂｷﾂｷﾂｷﾂｷﾂｷﾂｷﾂｷﾂｷﾂｷﾂｷﾂｷﾂｷﾂｷﾂｷﾂｷﾂｷﾂｷﾂｷﾂｷﾂｷﾂｷﾂｷﾂｷ隧ｳ邏ｰ繝壹・繧ｸ竦港 with `ﾂｷﾂｷﾂｷﾂｷﾂｷﾂｷﾂｷﾂｷﾂｷﾂｷﾂｷﾂｷﾂｷﾂｷﾂｷﾂｷﾂｷﾂｷ隧ｳ邏ｰ繝壹・繧ｸ`  prettier/prettier
176:17  Error: Replace `ﾂｷﾂｷﾂｷﾂｷ</Link>竦港 with `</Link>`  prettier/prettier
177:1  Error: Replace `ﾂｷﾂｷﾂｷﾂｷﾂｷﾂｷﾂｷﾂｷﾂｷﾂｷﾂｷﾂｷﾂｷﾂｷﾂｷﾂｷ)ﾂｷ:ﾂｷ(竦港 with `ﾂｷﾂｷﾂｷﾂｷﾂｷﾂｷﾂｷﾂｷﾂｷﾂｷﾂｷﾂｷﾂｷﾂｷ)ﾂｷ:ﾂｷ(`  prettier/prettier
178:1  Error: Replace `ﾂｷﾂｷﾂｷﾂｷﾂｷﾂｷﾂｷﾂｷﾂｷﾂｷﾂｷﾂｷﾂｷﾂｷﾂｷﾂｷﾂｷﾂｷﾂｷﾂｷ<spanﾂｷclassName="text-xsﾂｷfont-boldﾂｷtext-gray-400">隧ｳ邏ｰ繝壹・繧ｸ</span>竦港 with `ﾂｷﾂｷﾂｷﾂｷﾂｷﾂｷﾂｷﾂｷﾂｷﾂｷﾂｷﾂｷﾂｷﾂｷﾂｷﾂｷ<spanﾂｷclassName='text-xsﾂｷfont-boldﾂｷtext-gray-400'>竢篠ｷﾂｷﾂｷﾂｷﾂｷﾂｷﾂｷﾂｷﾂｷﾂｷﾂｷﾂｷﾂｷﾂｷﾂｷﾂｷﾂｷﾂｷ隧ｳ邏ｰ繝壹・繧ｸ竢篠ｷﾂｷﾂｷﾂｷﾂｷﾂｷﾂｷﾂｷﾂｷﾂｷﾂｷﾂｷﾂｷﾂｷﾂｷﾂｷ</span>`  prettier/prettier
179:15  Error: Replace `ﾂｷﾂｷ)}竦港 with `)}`  prettier/prettier
180:1  Error: Replace `ﾂｷﾂｷﾂｷﾂｷﾂｷﾂｷﾂｷﾂｷﾂｷﾂｷﾂｷﾂｷﾂｷﾂｷﾂｷﾂｷ<divﾂｷclassName="flexﾂｷgap-2">竦港 with `ﾂｷﾂｷﾂｷﾂｷﾂｷﾂｷﾂｷﾂｷﾂｷﾂｷﾂｷﾂｷﾂｷﾂｷ<divﾂｷclassName='flexﾂｷgap-2'>`  prettier/prettier
181:1  Error: Replace `ﾂｷﾂｷﾂｷﾂｷﾂｷﾂｷﾂｷﾂｷﾂｷﾂｷﾂｷﾂｷﾂｷﾂｷﾂｷﾂｷﾂｷﾂｷﾂｷﾂｷ<buttonﾂｷ竦港 with `ﾂｷﾂｷﾂｷﾂｷﾂｷﾂｷﾂｷﾂｷﾂｷﾂｷﾂｷﾂｷﾂｷﾂｷﾂｷﾂｷ<button`  prettier/prettier
182:1  Error: Replace `ﾂｷﾂｷﾂｷﾂｷﾂｷﾂｷﾂｷﾂｷﾂｷﾂｷﾂｷﾂｷﾂｷﾂｷﾂｷﾂｷﾂｷﾂｷﾂｷﾂｷﾂｷﾂｷﾂｷﾂｷonClick={()ﾂｷ=>ﾂｷsetIsEditing(true)}竦港 with `ﾂｷﾂｷﾂｷﾂｷﾂｷﾂｷﾂｷﾂｷﾂｷﾂｷﾂｷﾂｷﾂｷﾂｷﾂｷﾂｷﾂｷﾂｷonClick={()ﾂｷ=>ﾂｷsetIsEditing(true)}`  prettier/prettier
183:1  Error: Replace `ﾂｷﾂｷﾂｷﾂｷﾂｷﾂｷﾂｷﾂｷﾂｷﾂｷﾂｷﾂｷﾂｷﾂｷﾂｷﾂｷﾂｷﾂｷﾂｷﾂｷﾂｷﾂｷﾂｷﾂｷclassName="px-4ﾂｷpy-2ﾂｷbg-whiteﾂｷborderﾂｷborder-gray-300ﾂｷrounded-mdﾂｷtext-smﾂｷfont-mediumﾂｷtext-gray-700ﾂｷshadow-smﾂｷhover:bg-gray-50ﾂｷflexﾂｷitems-centerﾂｷgap-1"竦港 with `ﾂｷﾂｷﾂｷﾂｷﾂｷﾂｷﾂｷﾂｷﾂｷﾂｷﾂｷﾂｷﾂｷﾂｷﾂｷﾂｷﾂｷﾂｷclassName='px-4ﾂｷpy-2ﾂｷbg-whiteﾂｷborderﾂｷborder-gray-300ﾂｷrounded-mdﾂｷtext-smﾂｷfont-mediumﾂｷtext-gray-700ﾂｷshadow-smﾂｷhover:bg-gray-50ﾂｷflexﾂｷitems-centerﾂｷgap-1'`  prettier/prettier
184:1  Error: Replace `ﾂｷﾂｷﾂｷﾂｷﾂｷﾂｷﾂｷﾂｷﾂｷﾂｷﾂｷﾂｷﾂｷﾂｷﾂｷﾂｷﾂｷﾂｷﾂｷﾂｷ>竦港 with `ﾂｷﾂｷﾂｷﾂｷﾂｷﾂｷﾂｷﾂｷﾂｷﾂｷﾂｷﾂｷﾂｷﾂｷﾂｷﾂｷ>`  prettier/prettier
185:1  Error: Replace `ﾂｷﾂｷﾂｷﾂｷﾂｷﾂｷﾂｷﾂｷﾂｷﾂｷﾂｷﾂｷﾂｷﾂｷﾂｷﾂｷﾂｷﾂｷﾂｷﾂｷﾂｷﾂｷﾂｷﾂｷ<EditﾂｷclassName="w-4ﾂｷh-4"ﾂｷ/>ﾂｷ邱ｨ髮・錐` with `ﾂｷﾂｷﾂｷﾂｷﾂｷﾂｷﾂｷﾂｷﾂｷﾂｷﾂｷﾂｷﾂｷﾂｷﾂｷﾂｷﾂｷﾂｷ<EditﾂｷclassName='w-4ﾂｷh-4'ﾂｷ/>ﾂｷ邱ｨ髮・  prettier/prettier
186:1  Error: Replace `ﾂｷﾂｷﾂｷﾂｷﾂｷﾂｷﾂｷﾂｷﾂｷﾂｷﾂｷﾂｷﾂｷﾂｷﾂｷﾂｷﾂｷﾂｷﾂｷﾂｷ</button>竦港 with `ﾂｷﾂｷﾂｷﾂｷﾂｷﾂｷﾂｷﾂｷﾂｷﾂｷﾂｷﾂｷﾂｷﾂｷﾂｷﾂｷ</button>`  prettier/prettier
187:1  Error: Replace `ﾂｷﾂｷﾂｷﾂｷﾂｷﾂｷﾂｷﾂｷﾂｷﾂｷﾂｷﾂｷﾂｷﾂｷﾂｷﾂｷﾂｷﾂｷﾂｷﾂｷ<buttonﾂｷ竦港 with `ﾂｷﾂｷﾂｷﾂｷﾂｷﾂｷﾂｷﾂｷﾂｷﾂｷﾂｷﾂｷﾂｷﾂｷﾂｷﾂｷ<button`  prettier/prettier
188:19  Error: Replace `ﾂｷﾂｷﾂｷﾂｷﾂｷﾂｷonClick={onClose}竦港 with `onClick={onClose}`  prettier/prettier
189:1  Error: Replace `ﾂｷﾂｷﾂｷﾂｷﾂｷﾂｷﾂｷﾂｷﾂｷﾂｷﾂｷﾂｷﾂｷﾂｷﾂｷﾂｷﾂｷﾂｷﾂｷﾂｷﾂｷﾂｷﾂｷﾂｷclassName="px-4ﾂｷpy-2ﾂｷbg-gray-600ﾂｷborderﾂｷborder-transparentﾂｷrounded-mdﾂｷtext-smﾂｷfont-boldﾂｷtext-whiteﾂｷshadow-smﾂｷhover:bg-gray-700"竦港 with `ﾂｷﾂｷﾂｷﾂｷﾂｷﾂｷﾂｷﾂｷﾂｷﾂｷﾂｷﾂｷﾂｷﾂｷﾂｷﾂｷﾂｷﾂｷclassName='px-4ﾂｷpy-2ﾂｷbg-gray-600ﾂｷborderﾂｷborder-transparentﾂｷrounded-mdﾂｷtext-smﾂｷfont-boldﾂｷtext-whiteﾂｷshadow-smﾂｷhover:bg-gray-700'`  prettier/prettier
190:1  Error: Replace `ﾂｷﾂｷﾂｷﾂｷﾂｷﾂｷﾂｷﾂｷﾂｷﾂｷﾂｷﾂｷﾂｷﾂｷﾂｷﾂｷﾂｷﾂｷﾂｷﾂｷ>竦港 with `ﾂｷﾂｷﾂｷﾂｷﾂｷﾂｷﾂｷﾂｷﾂｷﾂｷﾂｷﾂｷﾂｷﾂｷﾂｷﾂｷ>`  prettier/prettier
191:1  Error: Replace `ﾂｷﾂｷﾂｷﾂｷﾂｷﾂｷﾂｷﾂｷﾂｷﾂｷﾂｷﾂｷﾂｷﾂｷﾂｷﾂｷﾂｷﾂｷﾂｷﾂｷﾂｷﾂｷﾂｷﾂｷ髢峨§繧銀錐` with `ﾂｷﾂｷﾂｷﾂｷﾂｷﾂｷﾂｷﾂｷﾂｷﾂｷﾂｷﾂｷﾂｷﾂｷﾂｷﾂｷﾂｷﾂｷ髢峨§繧義  prettier/prettier
192:1  Error: Replace `ﾂｷﾂｷﾂｷﾂｷﾂｷﾂｷﾂｷﾂｷﾂｷﾂｷﾂｷﾂｷﾂｷﾂｷﾂｷﾂｷﾂｷﾂｷﾂｷﾂｷ</button>竦港 with `ﾂｷﾂｷﾂｷﾂｷﾂｷﾂｷﾂｷﾂｷﾂｷﾂｷﾂｷﾂｷﾂｷﾂｷﾂｷﾂｷ</button>`  prettier/prettier
193:15  Error: Replace `ﾂｷﾂｷ</div>竦港 with `</div>`  prettier/prettier
194:1  Error: Replace `ﾂｷﾂｷﾂｷﾂｷﾂｷﾂｷﾂｷﾂｷﾂｷﾂｷﾂｷﾂｷﾂｷﾂｷﾂｷﾂｷ</>竦港 with `ﾂｷﾂｷﾂｷﾂｷﾂｷﾂｷﾂｷﾂｷﾂｷﾂｷﾂｷﾂｷ</>`  prettier/prettier
195:1  Error: Replace `ﾂｷﾂｷﾂｷﾂｷﾂｷﾂｷﾂｷﾂｷﾂｷﾂｷﾂｷﾂｷﾂｷ)}竦港 with `ﾂｷﾂｷﾂｷﾂｷﾂｷﾂｷﾂｷﾂｷﾂｷﾂｷ)}`  prettier/prettier
196:15  Error: Delete `竦港  prettier/prettier
197:13  Error: Delete `竦港  prettier/prettier
198:11  Error: Delete `竦港  prettier/prettier
199:5  Error: Delete `竦港  prettier/prettier
200:3  Error: Delete `竦港  prettier/prettier

./src/app/reservations/components/AppointmentEditForm.tsx
1:27  Error: Delete `竦港  prettier/prettier
2:9  Error: Replace `ﾂｷAppointment,ﾂｷMenuItem,ﾂｷMenuOptionItem,ﾂｷSchedulerResourceﾂｷ}ﾂｷfromﾂｷ'../types';竦港 with `竢篠ｷﾂｷAppointment,竢篠ｷﾂｷMenuItem,竢篠ｷﾂｷMenuOptionItem,竢篠ｷﾂｷSchedulerResource,竢枝ﾂｷfromﾂｷ'../types';`  prettier/prettier
3:1  Error: Delete `竦港  prettier/prettier
4:69  Error: Delete `竦港  prettier/prettier
5:1  Error: Delete `竦港  prettier/prettier
6:18  Error: Delete `竦港  prettier/prettier
7:25  Error: Delete `竦港  prettier/prettier
8:34  Error: Delete `竦港  prettier/prettier
9:21  Error: Delete `竦港  prettier/prettier
10:29  Error: Delete `竦港  prettier/prettier
11:47  Warning: Unexpected any. Specify a different type.  @typescript-eslint/no-explicit-any
11:60  Error: Delete `竦港  prettier/prettier
12:48  Error: Delete `竦港  prettier/prettier
13:2  Error: Delete `竦港  prettier/prettier
14:1  Error: Delete `竦港  prettier/prettier
15:55  Error: Replace `ﾂｷformData,ﾂｷresources,ﾂｷmenus,ﾂｷoptions,ﾂｷonChange,ﾂｷonDurationChangeﾂｷ})ﾂｷ=>ﾂｷ{竦港 with `竢篠ｷﾂｷformData,竢篠ｷﾂｷresources,竢篠ｷﾂｷmenus,竢篠ｷﾂｷoptions,竢篠ｷﾂｷonChange,竢篠ｷﾂｷonDurationChange,竢枝)ﾂｷ=>ﾂｷ{`  prettier/prettier
16:57  Error: Delete `竦港  prettier/prettier
17:63  Error: Delete `竦港  prettier/prettier
18:72  Error: Delete `竦港  prettier/prettier
19:1  Error: Delete `ﾂｷﾂｷ竦港  prettier/prettier
20:45  Error: Replace `formData.startHour,ﾂｷformData.startMinute,ﾂｷformData.endHour,ﾂｷformData.endMinute);竦港 with `竢篠ｷﾂｷﾂｷﾂｷformData.startHour,竢篠ｷﾂｷﾂｷﾂｷformData.startMinute,竢篠ｷﾂｷﾂｷﾂｷformData.endHour,竢篠ｷﾂｷﾂｷﾂｷformData.endMinute竢篠ｷﾂｷ);`  prettier/prettier
21:1  Error: Delete `竦港  prettier/prettier
22:38  Error: Replace `e:ﾂｷReact.ChangeEvent<HTMLSelectElement>)ﾂｷ=>ﾂｷ{竦港 with `竢篠ｷﾂｷﾂｷﾂｷe:ﾂｷReact.ChangeEvent<HTMLSelectElement>竢篠ｷﾂｷ)ﾂｷ=>ﾂｷ{`  prettier/prettier
23:54  Error: Delete `竦港  prettier/prettier
24:28  Error: Delete `竦港  prettier/prettier
25:1  Error: Replace `ﾂｷﾂｷﾂｷﾂｷﾂｷﾂｷﾂｷﾂｷonDurationChange(newDuration);竦港 with `ﾂｷﾂｷﾂｷﾂｷﾂｷﾂｷonDurationChange(newDuration);`  prettier/prettier
26:13  Error: Delete `竦港  prettier/prettier
27:1  Error: Replace `ﾂｷﾂｷﾂｷﾂｷﾂｷﾂｷﾂｷﾂｷ//ﾂｷFallbackﾂｷinternalﾂｷcalculationﾂｷifﾂｷhandlerﾂｷnotﾂｷprovided竦港 with `ﾂｷﾂｷﾂｷﾂｷﾂｷﾂｷ//ﾂｷFallbackﾂｷinternalﾂｷcalculationﾂｷifﾂｷhandlerﾂｷnotﾂｷprovided`  prettier/prettier
28:1  Error: Replace `ﾂｷﾂｷﾂｷﾂｷﾂｷﾂｷﾂｷﾂｷconstﾂｷ{ﾂｷendHour,ﾂｷendMinuteﾂｷ}ﾂｷ=ﾂｷcalculateEndTime(formData.startHour,ﾂｷformData.startMinute,ﾂｷnewDuration);竦港 with `ﾂｷﾂｷﾂｷﾂｷﾂｷﾂｷconstﾂｷ{ﾂｷendHour,ﾂｷendMinuteﾂｷ}ﾂｷ=ﾂｷcalculateEndTime(竢篠ｷﾂｷﾂｷﾂｷﾂｷﾂｷﾂｷﾂｷformData.startHour,竢篠ｷﾂｷﾂｷﾂｷﾂｷﾂｷﾂｷﾂｷformData.startMinute,竢篠ｷﾂｷﾂｷﾂｷﾂｷﾂｷﾂｷﾂｷnewDuration`  prettier/prettier
29:3  Error: Replace `ﾂｷﾂｷﾂｷﾂｷﾂｷﾂｷonChange('endHour',ﾂｷendHour);竦港 with `ﾂｷﾂｷﾂｷﾂｷ);竢篠ｷﾂｷﾂｷﾂｷﾂｷﾂｷonChange('endHour',ﾂｷendHour);`  prettier/prettier
30:1  Error: Replace `ﾂｷﾂｷﾂｷﾂｷﾂｷﾂｷﾂｷﾂｷonChange('endMinute',ﾂｷendMinute);竦港 with `ﾂｷﾂｷﾂｷﾂｷﾂｷﾂｷonChange('endMinute',ﾂｷendMinute);`  prettier/prettier
31:6  Error: Delete `竦港  prettier/prettier
32:5  Error: Delete `竦港  prettier/prettier
33:1  Error: Delete `竦港  prettier/prettier
34:11  Error: Delete `竦港  prettier/prettier
35:20  Error: Replace `"space-y-4ﾂｷsm:space-y-5">竦港 with `'space-y-4ﾂｷsm:space-y-5'>`  prettier/prettier
36:1  Error: Replace `ﾂｷﾂｷﾂｷﾂｷﾂｷﾂｷﾂｷﾂｷ{/*ﾂｷNameﾂｷ*/}竦港 with `ﾂｷﾂｷﾂｷﾂｷﾂｷﾂｷ{/*ﾂｷNameﾂｷ*/}`  prettier/prettier
37:7  Error: Replace `ﾂｷﾂｷ<div>竦港 with `<div>`  prettier/prettier
38:1  Error: Replace `ﾂｷﾂｷﾂｷﾂｷﾂｷﾂｷﾂｷﾂｷﾂｷﾂｷﾂｷﾂｷ<labelﾂｷclassName="blockﾂｷtext-xsﾂｷfont-boldﾂｷtext-gray-500ﾂｷuppercaseﾂｷmb-1">縺雁錐蜑・/label>竦港 with `ﾂｷﾂｷﾂｷﾂｷﾂｷﾂｷﾂｷﾂｷ<labelﾂｷclassName='blockﾂｷtext-xsﾂｷfont-boldﾂｷtext-gray-500ﾂｷuppercaseﾂｷmb-1'>竢篠ｷﾂｷﾂｷﾂｷﾂｷﾂｷﾂｷﾂｷﾂｷﾂｷ縺雁錐蜑坂庶ﾂｷﾂｷﾂｷﾂｷﾂｷﾂｷﾂｷﾂｷ</label>`  prettier/prettier
38:13  Error: A form label must be associated with a control.  jsx-a11y/label-has-associated-control
39:1  Error: Replace `ﾂｷﾂｷﾂｷﾂｷﾂｷﾂｷﾂｷﾂｷﾂｷﾂｷﾂｷﾂｷ<divﾂｷclassName="gridﾂｷgrid-cols-2ﾂｷgap-3">竦港 with `ﾂｷﾂｷﾂｷﾂｷﾂｷﾂｷﾂｷﾂｷ<divﾂｷclassName='gridﾂｷgrid-cols-2ﾂｷgap-3'>`  prettier/prettier
40:1  Error: Replace `ﾂｷﾂｷﾂｷﾂｷﾂｷﾂｷﾂｷﾂｷﾂｷﾂｷﾂｷﾂｷﾂｷﾂｷﾂｷﾂｷ<input竦港 with `ﾂｷﾂｷﾂｷﾂｷﾂｷﾂｷﾂｷﾂｷﾂｷﾂｷ<input`  prettier/prettier
41:1  Error: Replace `ﾂｷﾂｷﾂｷﾂｷﾂｷﾂｷﾂｷﾂｷﾂｷﾂｷﾂｷﾂｷﾂｷﾂｷﾂｷﾂｷﾂｷﾂｷﾂｷﾂｷtype="text"竦港 with `ﾂｷﾂｷﾂｷﾂｷﾂｷﾂｷﾂｷﾂｷﾂｷﾂｷﾂｷﾂｷtype='text'`  prettier/prettier
42:1  Error: Replace `ﾂｷﾂｷﾂｷﾂｷﾂｷﾂｷﾂｷﾂｷﾂｷﾂｷﾂｷﾂｷﾂｷﾂｷﾂｷﾂｷﾂｷﾂｷﾂｷﾂｷvalue={formData.lastNameﾂｷ||ﾂｷ''}竦港 with `ﾂｷﾂｷﾂｷﾂｷﾂｷﾂｷﾂｷﾂｷﾂｷﾂｷﾂｷﾂｷvalue={formData.lastNameﾂｷ||ﾂｷ''}`  prettier/prettier
43:1  Error: Replace `ﾂｷﾂｷﾂｷﾂｷﾂｷﾂｷﾂｷﾂｷﾂｷﾂｷﾂｷﾂｷﾂｷﾂｷﾂｷﾂｷﾂｷﾂｷﾂｷﾂｷonChange={(e)ﾂｷ=>ﾂｷonChange('lastName',ﾂｷe.target.value)}竦港 with `ﾂｷﾂｷﾂｷﾂｷﾂｷﾂｷﾂｷﾂｷﾂｷﾂｷﾂｷﾂｷonChange={eﾂｷ=>ﾂｷonChange('lastName',ﾂｷe.target.value)}`  prettier/prettier
44:1  Error: Replace `ﾂｷﾂｷﾂｷﾂｷﾂｷﾂｷﾂｷﾂｷﾂｷﾂｷﾂｷﾂｷﾂｷﾂｷﾂｷﾂｷﾂｷﾂｷﾂｷﾂｷdisabled竦港 with `ﾂｷﾂｷﾂｷﾂｷﾂｷﾂｷﾂｷﾂｷﾂｷﾂｷﾂｷﾂｷdisabled`  prettier/prettier
45:1  Error: Replace `ﾂｷﾂｷﾂｷﾂｷﾂｷﾂｷﾂｷﾂｷﾂｷﾂｷﾂｷﾂｷﾂｷﾂｷﾂｷﾂｷﾂｷﾂｷﾂｷﾂｷclassName="blockﾂｷw-fullﾂｷtext-smﾂｷborder-gray-300ﾂｷrounded-mdﾂｷborderﾂｷp-2ﾂｷfocus:ring-2ﾂｷfocus:ring-sky-500ﾂｷfocus:outline-none"竦港 with `ﾂｷﾂｷﾂｷﾂｷﾂｷﾂｷﾂｷﾂｷﾂｷﾂｷﾂｷﾂｷclassName='blockﾂｷw-fullﾂｷtext-smﾂｷborder-gray-300ﾂｷrounded-mdﾂｷborderﾂｷp-2ﾂｷfocus:ring-2ﾂｷfocus:ring-sky-500ﾂｷfocus:outline-none'`  prettier/prettier
46:1  Error: Replace `ﾂｷﾂｷﾂｷﾂｷﾂｷﾂｷﾂｷﾂｷﾂｷﾂｷﾂｷﾂｷﾂｷﾂｷﾂｷﾂｷﾂｷﾂｷﾂｷﾂｷplaceholder="蟋・竦港 with `ﾂｷﾂｷﾂｷﾂｷﾂｷﾂｷﾂｷﾂｷﾂｷﾂｷﾂｷﾂｷplaceholder='蟋・`  prettier/prettier
47:1  Error: Replace `ﾂｷﾂｷﾂｷﾂｷﾂｷﾂｷﾂｷﾂｷﾂｷﾂｷﾂｷﾂｷﾂｷﾂｷﾂｷﾂｷ/>竦港 with `ﾂｷﾂｷﾂｷﾂｷﾂｷﾂｷﾂｷﾂｷﾂｷﾂｷ/>`  prettier/prettier
48:1  Error: Replace `ﾂｷﾂｷﾂｷﾂｷﾂｷﾂｷﾂｷﾂｷﾂｷﾂｷﾂｷﾂｷﾂｷﾂｷﾂｷﾂｷ<input竦港 with `ﾂｷﾂｷﾂｷﾂｷﾂｷﾂｷﾂｷﾂｷﾂｷﾂｷ<input`  prettier/prettier
49:13  Error: Replace `ﾂｷﾂｷﾂｷﾂｷﾂｷﾂｷﾂｷﾂｷtype="text"竦港 with `type='text'`  prettier/prettier
50:1  Error: Replace `ﾂｷﾂｷﾂｷﾂｷﾂｷﾂｷﾂｷﾂｷﾂｷﾂｷﾂｷﾂｷﾂｷﾂｷﾂｷﾂｷﾂｷﾂｷﾂｷﾂｷvalue={formData.firstNameﾂｷ||ﾂｷ''}竦港 with `ﾂｷﾂｷﾂｷﾂｷﾂｷﾂｷﾂｷﾂｷﾂｷﾂｷﾂｷﾂｷvalue={formData.firstNameﾂｷ||ﾂｷ''}`  prettier/prettier
51:1  Error: Replace `ﾂｷﾂｷﾂｷﾂｷﾂｷﾂｷﾂｷﾂｷﾂｷﾂｷﾂｷﾂｷﾂｷﾂｷﾂｷﾂｷﾂｷﾂｷﾂｷﾂｷonChange={(e)ﾂｷ=>ﾂｷonChange('firstName',ﾂｷe.target.value)}竦港 with `ﾂｷﾂｷﾂｷﾂｷﾂｷﾂｷﾂｷﾂｷﾂｷﾂｷﾂｷﾂｷonChange={eﾂｷ=>ﾂｷonChange('firstName',ﾂｷe.target.value)}`  prettier/prettier
52:1  Error: Replace `ﾂｷﾂｷﾂｷﾂｷﾂｷﾂｷﾂｷﾂｷﾂｷﾂｷﾂｷﾂｷﾂｷﾂｷﾂｷﾂｷﾂｷﾂｷﾂｷﾂｷdisabled竦港 with `ﾂｷﾂｷﾂｷﾂｷﾂｷﾂｷﾂｷﾂｷﾂｷﾂｷﾂｷﾂｷdisabled`  prettier/prettier
53:1  Error: Replace `ﾂｷﾂｷﾂｷﾂｷﾂｷﾂｷﾂｷﾂｷﾂｷﾂｷﾂｷﾂｷﾂｷﾂｷﾂｷﾂｷﾂｷﾂｷﾂｷﾂｷclassName="blockﾂｷw-fullﾂｷtext-smﾂｷborder-gray-300ﾂｷrounded-mdﾂｷborderﾂｷp-2ﾂｷfocus:ring-2ﾂｷfocus:ring-sky-500ﾂｷfocus:outline-none"竦港 with `ﾂｷﾂｷﾂｷﾂｷﾂｷﾂｷﾂｷﾂｷﾂｷﾂｷﾂｷﾂｷclassName='blockﾂｷw-fullﾂｷtext-smﾂｷborder-gray-300ﾂｷrounded-mdﾂｷborderﾂｷp-2ﾂｷfocus:ring-2ﾂｷfocus:ring-sky-500ﾂｷfocus:outline-none'`  prettier/prettier
54:1  Error: Replace `ﾂｷﾂｷﾂｷﾂｷﾂｷﾂｷﾂｷﾂｷﾂｷﾂｷﾂｷﾂｷﾂｷﾂｷﾂｷﾂｷﾂｷﾂｷﾂｷﾂｷplaceholder="蜷・竦港 with `ﾂｷﾂｷﾂｷﾂｷﾂｷﾂｷﾂｷﾂｷﾂｷﾂｷﾂｷﾂｷplaceholder='蜷・`  prettier/prettier
55:1  Error: Replace `ﾂｷﾂｷﾂｷﾂｷﾂｷﾂｷﾂｷﾂｷﾂｷﾂｷﾂｷﾂｷﾂｷﾂｷﾂｷﾂｷ/>竦港 with `ﾂｷﾂｷﾂｷﾂｷﾂｷﾂｷﾂｷﾂｷﾂｷﾂｷ/>`  prettier/prettier
56:1  Error: Replace `ﾂｷﾂｷﾂｷﾂｷﾂｷﾂｷﾂｷﾂｷﾂｷﾂｷﾂｷﾂｷ</div>竦港 with `ﾂｷﾂｷﾂｷﾂｷﾂｷﾂｷﾂｷﾂｷ</div>`  prettier/prettier
57:7  Error: Replace `ﾂｷﾂｷ</div>竦港 with `</div>`  prettier/prettier
58:1  Error: Delete `竦港  prettier/prettier
59:1  Error: Replace `ﾂｷﾂｷﾂｷﾂｷﾂｷﾂｷﾂｷﾂｷ{/*ﾂｷDateﾂｷ&ﾂｷTimeﾂｷ*/}竦港 with `ﾂｷﾂｷﾂｷﾂｷﾂｷﾂｷ{/*ﾂｷDateﾂｷ&ﾂｷTimeﾂｷ*/}`  prettier/prettier
60:1  Error: Replace `ﾂｷﾂｷﾂｷﾂｷﾂｷﾂｷﾂｷﾂｷ<divﾂｷclassName="gridﾂｷgrid-cols-1ﾂｷsm:grid-cols-2ﾂｷgap-4">竦港 with `ﾂｷﾂｷﾂｷﾂｷﾂｷﾂｷ<divﾂｷclassName='gridﾂｷgrid-cols-1ﾂｷsm:grid-cols-2ﾂｷgap-4'>`  prettier/prettier
61:1  Error: Replace `ﾂｷﾂｷﾂｷﾂｷﾂｷﾂｷﾂｷﾂｷﾂｷﾂｷﾂｷﾂｷﾂｷﾂｷﾂｷﾂｷ<div>竦港 with `ﾂｷﾂｷﾂｷﾂｷﾂｷﾂｷﾂｷﾂｷ<div>`  prettier/prettier
62:1  Error: Replace `ﾂｷﾂｷﾂｷﾂｷﾂｷﾂｷﾂｷﾂｷﾂｷﾂｷﾂｷﾂｷﾂｷﾂｷﾂｷﾂｷﾂｷﾂｷﾂｷﾂｷ<labelﾂｷclassName="blockﾂｷtext-xsﾂｷfont-boldﾂｷtext-gray-500ﾂｷuppercaseﾂｷmb-1">譚･蠎玲律</label>竦港 with `ﾂｷﾂｷﾂｷﾂｷﾂｷﾂｷﾂｷﾂｷﾂｷﾂｷ<labelﾂｷclassName='blockﾂｷtext-xsﾂｷfont-boldﾂｷtext-gray-500ﾂｷuppercaseﾂｷmb-1'>竢篠ｷﾂｷﾂｷﾂｷﾂｷﾂｷﾂｷﾂｷﾂｷﾂｷﾂｷﾂｷ譚･蠎玲律`  prettier/prettier
62:21  Error: A form label must be associated with a control.  jsx-a11y/label-has-associated-control
63:11  Error: Replace `ﾂｷﾂｷﾂｷﾂｷﾂｷﾂｷﾂｷﾂｷﾂｷﾂｷ<inputﾂｷ竦港 with `</label>竢篠ｷﾂｷﾂｷﾂｷﾂｷﾂｷﾂｷﾂｷﾂｷﾂｷ<input`  prettier/prettier
64:1  Error: Replace `ﾂｷﾂｷﾂｷﾂｷﾂｷﾂｷﾂｷﾂｷﾂｷﾂｷﾂｷﾂｷﾂｷﾂｷﾂｷﾂｷﾂｷﾂｷﾂｷﾂｷtype="date"竦港 with `ﾂｷﾂｷﾂｷﾂｷﾂｷﾂｷﾂｷﾂｷﾂｷﾂｷﾂｷﾂｷtype='date'`  prettier/prettier
65:1  Error: Replace `ﾂｷﾂｷﾂｷﾂｷﾂｷﾂｷﾂｷﾂｷﾂｷﾂｷﾂｷﾂｷﾂｷﾂｷﾂｷﾂｷﾂｷﾂｷﾂｷﾂｷvalue={formData.date}竦港 with `ﾂｷﾂｷﾂｷﾂｷﾂｷﾂｷﾂｷﾂｷﾂｷﾂｷﾂｷﾂｷvalue={formData.date}`  prettier/prettier
66:1  Error: Replace `ﾂｷﾂｷﾂｷﾂｷﾂｷﾂｷﾂｷﾂｷﾂｷﾂｷﾂｷﾂｷﾂｷﾂｷﾂｷﾂｷﾂｷﾂｷﾂｷﾂｷonChange={(e)ﾂｷ=>ﾂｷonChange('date',ﾂｷe.target.value)}竦港 with `ﾂｷﾂｷﾂｷﾂｷﾂｷﾂｷﾂｷﾂｷﾂｷﾂｷﾂｷﾂｷonChange={eﾂｷ=>ﾂｷonChange('date',ﾂｷe.target.value)}`  prettier/prettier
67:1  Error: Replace `ﾂｷﾂｷﾂｷﾂｷﾂｷﾂｷﾂｷﾂｷﾂｷﾂｷﾂｷﾂｷﾂｷﾂｷﾂｷﾂｷﾂｷﾂｷﾂｷﾂｷclassName="blockﾂｷw-fullﾂｷtext-smﾂｷborder-gray-300ﾂｷrounded-mdﾂｷborderﾂｷp-2ﾂｷfocus:ring-2ﾂｷfocus:ring-sky-500ﾂｷfocus:outline-none"竦港 with `ﾂｷﾂｷﾂｷﾂｷﾂｷﾂｷﾂｷﾂｷﾂｷﾂｷﾂｷﾂｷclassName='blockﾂｷw-fullﾂｷtext-smﾂｷborder-gray-300ﾂｷrounded-mdﾂｷborderﾂｷp-2ﾂｷfocus:ring-2ﾂｷfocus:ring-sky-500ﾂｷfocus:outline-none'`  prettier/prettier
68:11  Error: Replace `ﾂｷﾂｷﾂｷﾂｷﾂｷﾂｷﾂｷﾂｷﾂｷﾂｷ/>竦港 with `/>`  prettier/prettier
69:1  Error: Replace `ﾂｷﾂｷﾂｷﾂｷﾂｷﾂｷﾂｷﾂｷﾂｷﾂｷﾂｷﾂｷﾂｷﾂｷﾂｷﾂｷ</div>竦港 with `ﾂｷﾂｷﾂｷﾂｷﾂｷﾂｷﾂｷﾂｷ</div>`  prettier/prettier
70:1  Error: Replace `ﾂｷﾂｷﾂｷﾂｷﾂｷﾂｷﾂｷﾂｷﾂｷﾂｷﾂｷﾂｷﾂｷﾂｷﾂｷﾂｷ<div>竦港 with `ﾂｷﾂｷﾂｷﾂｷﾂｷﾂｷﾂｷﾂｷ<div>`  prettier/prettier
71:1  Error: Replace `ﾂｷﾂｷﾂｷﾂｷﾂｷﾂｷﾂｷﾂｷﾂｷﾂｷﾂｷﾂｷﾂｷﾂｷﾂｷﾂｷﾂｷﾂｷﾂｷﾂｷ<labelﾂｷclassName="blockﾂｷtext-xsﾂｷfont-boldﾂｷtext-gray-500ﾂｷuppercaseﾂｷmb-1">髢句ｧ区凾髢・/label>竦港 with `ﾂｷﾂｷﾂｷﾂｷﾂｷﾂｷﾂｷﾂｷﾂｷﾂｷ<labelﾂｷclassName='blockﾂｷtext-xsﾂｷfont-boldﾂｷtext-gray-500ﾂｷuppercaseﾂｷmb-1'>竢篠ｷﾂｷﾂｷﾂｷﾂｷﾂｷﾂｷﾂｷﾂｷﾂｷﾂｷﾂｷ髢句ｧ区凾髢伝  prettier/prettier
71:21  Error: A form label must be associated with a control.  jsx-a11y/label-has-associated-control
72:11  Error: Replace `ﾂｷﾂｷﾂｷﾂｷﾂｷﾂｷﾂｷﾂｷﾂｷﾂｷ<divﾂｷclassName="flexﾂｷitems-centerﾂｷgap-1">竦港 with `</label>竢篠ｷﾂｷﾂｷﾂｷﾂｷﾂｷﾂｷﾂｷﾂｷﾂｷ<divﾂｷclassName='flexﾂｷitems-centerﾂｷgap-1'>`  prettier/prettier
73:1  Error: Replace `ﾂｷﾂｷﾂｷﾂｷﾂｷﾂｷﾂｷﾂｷﾂｷﾂｷﾂｷﾂｷﾂｷﾂｷﾂｷﾂｷﾂｷﾂｷﾂｷﾂｷ<select竦港 with `ﾂｷﾂｷﾂｷﾂｷﾂｷﾂｷﾂｷﾂｷﾂｷﾂｷﾂｷﾂｷ<select`  prettier/prettier
74:1  Error: Replace `ﾂｷﾂｷﾂｷﾂｷﾂｷﾂｷﾂｷﾂｷﾂｷﾂｷﾂｷﾂｷﾂｷﾂｷﾂｷﾂｷﾂｷﾂｷﾂｷﾂｷﾂｷﾂｷﾂｷﾂｷvalue={formData.startHour}竦港 with `ﾂｷﾂｷﾂｷﾂｷﾂｷﾂｷﾂｷﾂｷﾂｷﾂｷﾂｷﾂｷﾂｷﾂｷvalue={formData.startHour}`  prettier/prettier
75:1  Error: Replace `ﾂｷﾂｷﾂｷﾂｷﾂｷﾂｷﾂｷﾂｷﾂｷﾂｷﾂｷﾂｷﾂｷﾂｷﾂｷﾂｷﾂｷﾂｷﾂｷﾂｷﾂｷﾂｷﾂｷﾂｷonChange={(e)ﾂｷ=>ﾂｷonChange('startHour',ﾂｷparseInt(e.target.value))}竦港 with `ﾂｷﾂｷﾂｷﾂｷﾂｷﾂｷﾂｷﾂｷﾂｷﾂｷﾂｷﾂｷﾂｷﾂｷonChange={eﾂｷ=>ﾂｷonChange('startHour',ﾂｷparseInt(e.target.value))}`  prettier/prettier
76:1  Error: Replace `ﾂｷﾂｷﾂｷﾂｷﾂｷﾂｷﾂｷﾂｷﾂｷﾂｷﾂｷﾂｷﾂｷﾂｷﾂｷﾂｷﾂｷﾂｷﾂｷﾂｷﾂｷﾂｷﾂｷﾂｷclassName="w-fullﾂｷtext-smﾂｷborder-gray-300ﾂｷrounded-mdﾂｷborderﾂｷp-2ﾂｷfocus:ring-2ﾂｷfocus:ring-sky-500ﾂｷfocus:outline-none"竦港 with `ﾂｷﾂｷﾂｷﾂｷﾂｷﾂｷﾂｷﾂｷﾂｷﾂｷﾂｷﾂｷﾂｷﾂｷclassName='w-fullﾂｷtext-smﾂｷborder-gray-300ﾂｷrounded-mdﾂｷborderﾂｷp-2ﾂｷfocus:ring-2ﾂｷfocus:ring-sky-500ﾂｷfocus:outline-none'`  prettier/prettier
77:1  Error: Replace `ﾂｷﾂｷﾂｷﾂｷﾂｷﾂｷﾂｷﾂｷﾂｷﾂｷﾂｷﾂｷﾂｷﾂｷﾂｷﾂｷﾂｷﾂｷﾂｷﾂｷ>竦港 with `ﾂｷﾂｷﾂｷﾂｷﾂｷﾂｷﾂｷﾂｷﾂｷﾂｷﾂｷﾂｷ>`  prettier/prettier
78:1  Error: Replace `ﾂｷﾂｷﾂｷﾂｷﾂｷﾂｷﾂｷﾂｷﾂｷﾂｷﾂｷﾂｷﾂｷﾂｷﾂｷﾂｷﾂｷﾂｷﾂｷﾂｷﾂｷﾂｷﾂｷﾂｷ{hours.map(hﾂｷ=>ﾂｷ(竦港 with `ﾂｷﾂｷﾂｷﾂｷﾂｷﾂｷﾂｷﾂｷﾂｷﾂｷﾂｷﾂｷﾂｷﾂｷ{hours.map(hﾂｷ=>ﾂｷ(`  prettier/prettier
79:1  Error: Replace `ﾂｷﾂｷﾂｷﾂｷﾂｷﾂｷﾂｷﾂｷﾂｷﾂｷﾂｷﾂｷﾂｷﾂｷﾂｷﾂｷﾂｷﾂｷﾂｷﾂｷﾂｷﾂｷﾂｷﾂｷﾂｷﾂｷﾂｷﾂｷ<optionﾂｷkey={h}ﾂｷvalue={h}>{String(h).padStart(2,ﾂｷ'0')}</option>竦港 with `ﾂｷﾂｷﾂｷﾂｷﾂｷﾂｷﾂｷﾂｷﾂｷﾂｷﾂｷﾂｷﾂｷﾂｷﾂｷﾂｷ<optionﾂｷkey={h}ﾂｷvalue={h}>竢篠ｷﾂｷﾂｷﾂｷﾂｷﾂｷﾂｷﾂｷﾂｷﾂｷﾂｷﾂｷﾂｷﾂｷﾂｷﾂｷﾂｷﾂｷ{String(h).padStart(2,ﾂｷ'0')}`  prettier/prettier
80:17  Error: Replace `ﾂｷﾂｷﾂｷﾂｷﾂｷﾂｷﾂｷﾂｷ))}竦坂庶ﾂｷﾂｷﾂｷﾂｷﾂｷﾂｷﾂｷﾂｷﾂｷﾂｷﾂｷﾂｷﾂｷﾂｷﾂｷﾂｷﾂｷﾂｷﾂｷﾂｷ</select>竦港 with `</option>竢篠ｷﾂｷﾂｷﾂｷﾂｷﾂｷﾂｷﾂｷﾂｷﾂｷﾂｷﾂｷﾂｷﾂｷ))}竢篠ｷﾂｷﾂｷﾂｷﾂｷﾂｷﾂｷﾂｷﾂｷﾂｷﾂｷﾂｷ</select>`  prettier/prettier
82:1  Error: Replace `ﾂｷﾂｷﾂｷﾂｷﾂｷﾂｷﾂｷﾂｷﾂｷﾂｷﾂｷﾂｷﾂｷﾂｷﾂｷﾂｷﾂｷﾂｷﾂｷﾂｷ<spanﾂｷclassName="text-gray-400ﾂｷfont-bold">:</span>竦港 with `ﾂｷﾂｷﾂｷﾂｷﾂｷﾂｷﾂｷﾂｷﾂｷﾂｷﾂｷﾂｷ<spanﾂｷclassName='text-gray-400ﾂｷfont-bold'>:</span>`  prettier/prettier
83:1  Error: Replace `ﾂｷﾂｷﾂｷﾂｷﾂｷﾂｷﾂｷﾂｷﾂｷﾂｷﾂｷﾂｷﾂｷﾂｷﾂｷﾂｷﾂｷﾂｷﾂｷﾂｷ<select竦港 with `ﾂｷﾂｷﾂｷﾂｷﾂｷﾂｷﾂｷﾂｷﾂｷﾂｷﾂｷﾂｷ<select`  prettier/prettier
84:1  Error: Replace `ﾂｷﾂｷﾂｷﾂｷﾂｷﾂｷﾂｷﾂｷﾂｷﾂｷﾂｷﾂｷﾂｷﾂｷﾂｷﾂｷﾂｷﾂｷﾂｷﾂｷﾂｷﾂｷﾂｷﾂｷvalue={formData.startMinute}竦港 with `ﾂｷﾂｷﾂｷﾂｷﾂｷﾂｷﾂｷﾂｷﾂｷﾂｷﾂｷﾂｷﾂｷﾂｷvalue={formData.startMinute}`  prettier/prettier
85:1  Error: Replace `ﾂｷﾂｷﾂｷﾂｷﾂｷﾂｷﾂｷﾂｷﾂｷﾂｷﾂｷﾂｷﾂｷﾂｷﾂｷﾂｷﾂｷﾂｷﾂｷﾂｷﾂｷﾂｷﾂｷﾂｷonChange={(e)ﾂｷ=>ﾂｷonChange('startMinute',ﾂｷparseInt(e.target.value))}竦港 with `ﾂｷﾂｷﾂｷﾂｷﾂｷﾂｷﾂｷﾂｷﾂｷﾂｷﾂｷﾂｷﾂｷﾂｷonChange={eﾂｷ=>ﾂｷonChange('startMinute',ﾂｷparseInt(e.target.value))}`  prettier/prettier
86:1  Error: Replace `ﾂｷﾂｷﾂｷﾂｷﾂｷﾂｷﾂｷﾂｷﾂｷﾂｷﾂｷﾂｷﾂｷﾂｷﾂｷﾂｷﾂｷﾂｷﾂｷﾂｷﾂｷﾂｷﾂｷﾂｷclassName="w-fullﾂｷtext-smﾂｷborder-gray-300ﾂｷrounded-mdﾂｷborderﾂｷp-2ﾂｷfocus:ring-2ﾂｷfocus:ring-sky-500ﾂｷfocus:outline-none"竦港 with `ﾂｷﾂｷﾂｷﾂｷﾂｷﾂｷﾂｷﾂｷﾂｷﾂｷﾂｷﾂｷﾂｷﾂｷclassName='w-fullﾂｷtext-smﾂｷborder-gray-300ﾂｷrounded-mdﾂｷborderﾂｷp-2ﾂｷfocus:ring-2ﾂｷfocus:ring-sky-500ﾂｷfocus:outline-none'`  prettier/prettier
87:1  Error: Replace `ﾂｷﾂｷﾂｷﾂｷﾂｷﾂｷﾂｷﾂｷﾂｷﾂｷﾂｷﾂｷﾂｷﾂｷﾂｷﾂｷﾂｷﾂｷﾂｷﾂｷ>竦港 with `ﾂｷﾂｷﾂｷﾂｷﾂｷﾂｷﾂｷﾂｷﾂｷﾂｷﾂｷﾂｷ>`  prettier/prettier
88:1  Error: Replace `ﾂｷﾂｷﾂｷﾂｷﾂｷﾂｷﾂｷﾂｷﾂｷﾂｷﾂｷﾂｷﾂｷﾂｷﾂｷﾂｷﾂｷﾂｷﾂｷﾂｷﾂｷﾂｷﾂｷﾂｷ{minutes.map(mﾂｷ=>ﾂｷ(竦港 with `ﾂｷﾂｷﾂｷﾂｷﾂｷﾂｷﾂｷﾂｷﾂｷﾂｷﾂｷﾂｷﾂｷﾂｷ{minutes.map(mﾂｷ=>ﾂｷ(`  prettier/prettier
89:1  Error: Replace `ﾂｷﾂｷﾂｷﾂｷﾂｷﾂｷﾂｷﾂｷﾂｷﾂｷﾂｷﾂｷﾂｷﾂｷﾂｷﾂｷﾂｷﾂｷﾂｷﾂｷﾂｷﾂｷﾂｷﾂｷﾂｷﾂｷﾂｷﾂｷ<optionﾂｷkey={m}ﾂｷvalue={m}>{String(m).padStart(2,ﾂｷ'0')}</option>竦港 with `ﾂｷﾂｷﾂｷﾂｷﾂｷﾂｷﾂｷﾂｷﾂｷﾂｷﾂｷﾂｷﾂｷﾂｷﾂｷﾂｷ<optionﾂｷkey={m}ﾂｷvalue={m}>竢篠ｷﾂｷﾂｷﾂｷﾂｷﾂｷﾂｷﾂｷﾂｷﾂｷﾂｷﾂｷﾂｷﾂｷﾂｷﾂｷﾂｷﾂｷ{String(m).padStart(2,ﾂｷ'0')}`  prettier/prettier
90:17  Error: Replace `ﾂｷﾂｷﾂｷﾂｷﾂｷﾂｷﾂｷﾂｷ))}竦坂庶ﾂｷﾂｷﾂｷﾂｷﾂｷﾂｷﾂｷﾂｷﾂｷﾂｷﾂｷﾂｷﾂｷﾂｷﾂｷﾂｷﾂｷﾂｷﾂｷﾂｷ</select>竦港 with `</option>竢篠ｷﾂｷﾂｷﾂｷﾂｷﾂｷﾂｷﾂｷﾂｷﾂｷﾂｷﾂｷﾂｷﾂｷ))}竢篠ｷﾂｷﾂｷﾂｷﾂｷﾂｷﾂｷﾂｷﾂｷﾂｷﾂｷﾂｷ</select>`  prettier/prettier
92:1  Error: Replace `ﾂｷﾂｷﾂｷﾂｷﾂｷﾂｷﾂｷﾂｷﾂｷﾂｷﾂｷﾂｷﾂｷﾂｷﾂｷﾂｷﾂｷﾂｷﾂｷﾂｷ</div>竦港 with `ﾂｷﾂｷﾂｷﾂｷﾂｷﾂｷﾂｷﾂｷﾂｷﾂｷ</div>`  prettier/prettier
93:1  Error: Replace `ﾂｷﾂｷﾂｷﾂｷﾂｷﾂｷﾂｷﾂｷﾂｷﾂｷﾂｷﾂｷﾂｷﾂｷﾂｷﾂｷ</div>竦港 with `ﾂｷﾂｷﾂｷﾂｷﾂｷﾂｷﾂｷﾂｷ</div>`  prettier/prettier
94:1  Error: Replace `ﾂｷﾂｷﾂｷﾂｷﾂｷﾂｷﾂｷﾂｷ</div>竦港 with `ﾂｷﾂｷﾂｷﾂｷﾂｷﾂｷ</div>`  prettier/prettier
95:1  Error: Delete `竦港  prettier/prettier
96:1  Error: Replace `ﾂｷﾂｷﾂｷﾂｷﾂｷﾂｷﾂｷﾂｷ{/*ﾂｷResourceﾂｷ*/}竦港 with `ﾂｷﾂｷﾂｷﾂｷﾂｷﾂｷ{/*ﾂｷResourceﾂｷ*/}`  prettier/prettier
97:1  Error: Replace `ﾂｷﾂｷﾂｷﾂｷﾂｷﾂｷﾂｷﾂｷ<div>竦港 with `ﾂｷﾂｷﾂｷﾂｷﾂｷﾂｷ<div>`  prettier/prettier
98:1  Error: Replace `ﾂｷﾂｷﾂｷﾂｷﾂｷﾂｷﾂｷﾂｷﾂｷﾂｷﾂｷﾂｷ<labelﾂｷclassName="blockﾂｷtext-xsﾂｷfont-boldﾂｷtext-gray-500ﾂｷuppercaseﾂｷmb-1">諡・ｽ薙せ繧ｿ繝・ヵ</label>竦港 with `ﾂｷﾂｷﾂｷﾂｷﾂｷﾂｷﾂｷﾂｷ<labelﾂｷclassName='blockﾂｷtext-xsﾂｷfont-boldﾂｷtext-gray-500ﾂｷuppercaseﾂｷmb-1'>竢篠ｷﾂｷﾂｷﾂｷﾂｷﾂｷﾂｷﾂｷﾂｷﾂｷ諡・ｽ薙せ繧ｿ繝・ヵ竢篠ｷﾂｷﾂｷﾂｷﾂｷﾂｷﾂｷﾂｷ</label>`  prettier/prettier
98:13  Error: A form label must be associated with a control.  jsx-a11y/label-has-associated-control
99:1  Error: Replace `ﾂｷﾂｷﾂｷﾂｷﾂｷﾂｷﾂｷﾂｷﾂｷﾂｷﾂｷﾂｷ<select竦港 with `ﾂｷﾂｷﾂｷﾂｷﾂｷﾂｷﾂｷﾂｷ<select`  prettier/prettier
100:1  Error: Replace `ﾂｷﾂｷﾂｷﾂｷﾂｷﾂｷﾂｷﾂｷﾂｷﾂｷﾂｷﾂｷﾂｷﾂｷﾂｷﾂｷvalue={formData.resourceId}竦港 with `ﾂｷﾂｷﾂｷﾂｷﾂｷﾂｷﾂｷﾂｷﾂｷﾂｷvalue={formData.resourceId}`  prettier/prettier
101:1  Error: Replace `ﾂｷﾂｷﾂｷﾂｷﾂｷﾂｷﾂｷﾂｷﾂｷﾂｷﾂｷﾂｷﾂｷﾂｷﾂｷﾂｷonChange={(e)ﾂｷ=>ﾂｷonChange('resourceId',ﾂｷe.target.value)}竦港 with `ﾂｷﾂｷﾂｷﾂｷﾂｷﾂｷﾂｷﾂｷﾂｷﾂｷonChange={eﾂｷ=>ﾂｷonChange('resourceId',ﾂｷe.target.value)}`  prettier/prettier
102:1  Error: Replace `ﾂｷﾂｷﾂｷﾂｷﾂｷﾂｷﾂｷﾂｷﾂｷﾂｷﾂｷﾂｷﾂｷﾂｷﾂｷﾂｷclassName="blockﾂｷw-fullﾂｷtext-smﾂｷborder-gray-300ﾂｷrounded-mdﾂｷborderﾂｷp-2ﾂｷfocus:ring-2ﾂｷfocus:ring-sky-500ﾂｷfocus:outline-none"竦港 with `ﾂｷﾂｷﾂｷﾂｷﾂｷﾂｷﾂｷﾂｷﾂｷﾂｷclassName='blockﾂｷw-fullﾂｷtext-smﾂｷborder-gray-300ﾂｷrounded-mdﾂｷborderﾂｷp-2ﾂｷfocus:ring-2ﾂｷfocus:ring-sky-500ﾂｷfocus:outline-none'`  prettier/prettier
103:1  Error: Replace `ﾂｷﾂｷﾂｷﾂｷﾂｷﾂｷﾂｷﾂｷﾂｷﾂｷﾂｷﾂｷ>竦港 with `ﾂｷﾂｷﾂｷﾂｷﾂｷﾂｷﾂｷﾂｷ>`  prettier/prettier
104:1  Error: Replace `ﾂｷﾂｷﾂｷﾂｷﾂｷﾂｷﾂｷﾂｷﾂｷﾂｷﾂｷﾂｷﾂｷﾂｷﾂｷﾂｷ{resources.filter(rﾂｷ=>ﾂｷr.idﾂｷ!==ﾂｷ'separator').map(rﾂｷ=>ﾂｷ(竦港 with `ﾂｷﾂｷﾂｷﾂｷﾂｷﾂｷﾂｷﾂｷﾂｷﾂｷ{resources竢篠ｷﾂｷﾂｷﾂｷﾂｷﾂｷﾂｷﾂｷﾂｷﾂｷﾂｷﾂｷ.filter(rﾂｷ=>ﾂｷr.idﾂｷ!==ﾂｷ'separator')竢篠ｷﾂｷﾂｷﾂｷﾂｷﾂｷﾂｷﾂｷﾂｷﾂｷﾂｷﾂｷ.map(rﾂｷ=>ﾂｷ(`  prettier/prettier
105:1  Error: Replace `ﾂｷﾂｷﾂｷﾂｷﾂｷﾂｷﾂｷﾂｷﾂｷﾂｷﾂｷﾂｷﾂｷﾂｷﾂｷﾂｷﾂｷﾂｷﾂｷﾂｷ<optionﾂｷkey={r.id}ﾂｷvalue={r.id}>{r.name}ﾂｷ{r.capacityﾂｷ?ﾂｷ`(${r.capacity})`ﾂｷ:ﾂｷ''}</option>竦港 with `ﾂｷﾂｷﾂｷﾂｷﾂｷﾂｷﾂｷﾂｷﾂｷﾂｷﾂｷﾂｷﾂｷﾂｷ<optionﾂｷkey={r.id}ﾂｷvalue={r.id}>竢篠ｷﾂｷﾂｷﾂｷﾂｷﾂｷﾂｷﾂｷﾂｷﾂｷﾂｷﾂｷﾂｷﾂｷﾂｷﾂｷ{r.name}ﾂｷ{r.capacityﾂｷ?ﾂｷ`(${r.capacity})`ﾂｷ:ﾂｷ''}竢篠ｷﾂｷﾂｷﾂｷﾂｷﾂｷﾂｷﾂｷﾂｷﾂｷﾂｷﾂｷﾂｷﾂｷ</option>`  prettier/prettier
106:1  Error: Replace `ﾂｷﾂｷﾂｷﾂｷﾂｷﾂｷﾂｷﾂｷﾂｷﾂｷﾂｷﾂｷﾂｷﾂｷﾂｷﾂｷ))}竦港 with `ﾂｷﾂｷﾂｷﾂｷﾂｷﾂｷﾂｷﾂｷﾂｷﾂｷﾂｷﾂｷ))}`  prettier/prettier
107:1  Error: Replace `ﾂｷﾂｷﾂｷﾂｷﾂｷﾂｷﾂｷﾂｷﾂｷﾂｷﾂｷﾂｷ</select>竦港 with `ﾂｷﾂｷﾂｷﾂｷﾂｷﾂｷﾂｷﾂｷ</select>`  prettier/prettier
108:1  Error: Replace `ﾂｷﾂｷﾂｷﾂｷﾂｷﾂｷﾂｷﾂｷ</div>竦港 with `ﾂｷﾂｷﾂｷﾂｷﾂｷﾂｷ</div>`  prettier/prettier
109:1  Error: Delete `竦港  prettier/prettier
110:1  Error: Replace `ﾂｷﾂｷﾂｷﾂｷﾂｷﾂｷﾂｷﾂｷ{/*ﾂｷMenuﾂｷ&ﾂｷOptionsﾂｷ*/}竦港 with `ﾂｷﾂｷﾂｷﾂｷﾂｷﾂｷ{/*ﾂｷMenuﾂｷ&ﾂｷOptionsﾂｷ*/}`  prettier/prettier
111:1  Error: Replace `ﾂｷﾂｷﾂｷﾂｷﾂｷﾂｷﾂｷﾂｷ<divﾂｷclassName="gridﾂｷgrid-cols-1ﾂｷsm:grid-cols-2ﾂｷgap-4">竦港 with `ﾂｷﾂｷﾂｷﾂｷﾂｷﾂｷ<divﾂｷclassName='gridﾂｷgrid-cols-1ﾂｷsm:grid-cols-2ﾂｷgap-4'>`  prettier/prettier
112:9  Error: Replace `ﾂｷﾂｷﾂｷﾂｷ<div>竦港 with `<div>`  prettier/prettier
113:1  Error: Replace `ﾂｷﾂｷﾂｷﾂｷﾂｷﾂｷﾂｷﾂｷﾂｷﾂｷﾂｷﾂｷﾂｷﾂｷﾂｷﾂｷ<labelﾂｷclassName="blockﾂｷtext-xsﾂｷfont-boldﾂｷtext-gray-500ﾂｷuppercaseﾂｷmb-1">繝｡繝九Η繝ｼ</label>竦港 with `ﾂｷﾂｷﾂｷﾂｷﾂｷﾂｷﾂｷﾂｷﾂｷﾂｷ<labelﾂｷclassName='blockﾂｷtext-xsﾂｷfont-boldﾂｷtext-gray-500ﾂｷuppercaseﾂｷmb-1'>竢篠ｷﾂｷﾂｷﾂｷﾂｷﾂｷﾂｷﾂｷﾂｷﾂｷﾂｷﾂｷ繝｡繝九Η繝ｼ竢篠ｷﾂｷﾂｷﾂｷﾂｷﾂｷﾂｷﾂｷﾂｷﾂｷ</label>`  prettier/prettier
113:17  Error: A form label must be associated with a control.  jsx-a11y/label-has-associated-control
114:1  Error: Replace `ﾂｷﾂｷﾂｷﾂｷﾂｷﾂｷﾂｷﾂｷﾂｷﾂｷﾂｷﾂｷﾂｷﾂｷﾂｷﾂｷ<select竦港 with `ﾂｷﾂｷﾂｷﾂｷﾂｷﾂｷﾂｷﾂｷﾂｷﾂｷ<select`  prettier/prettier
115:1  Error: Replace `ﾂｷﾂｷﾂｷﾂｷﾂｷﾂｷﾂｷﾂｷﾂｷﾂｷﾂｷﾂｷﾂｷﾂｷﾂｷﾂｷﾂｷﾂｷﾂｷﾂｷvalue={formData.menuIdﾂｷ||ﾂｷ''}竦港 with `ﾂｷﾂｷﾂｷﾂｷﾂｷﾂｷﾂｷﾂｷﾂｷﾂｷﾂｷﾂｷvalue={formData.menuIdﾂｷ||ﾂｷ''}`  prettier/prettier
116:1  Error: Replace `ﾂｷﾂｷﾂｷﾂｷﾂｷﾂｷﾂｷﾂｷﾂｷﾂｷﾂｷﾂｷﾂｷﾂｷﾂｷﾂｷﾂｷﾂｷﾂｷﾂｷonChange={(e)ﾂｷ=>ﾂｷonChange('menuId',ﾂｷe.target.value)}竦港 with `ﾂｷﾂｷﾂｷﾂｷﾂｷﾂｷﾂｷﾂｷﾂｷﾂｷﾂｷﾂｷonChange={eﾂｷ=>ﾂｷonChange('menuId',ﾂｷe.target.value)}`  prettier/prettier
117:1  Error: Replace `ﾂｷﾂｷﾂｷﾂｷﾂｷﾂｷﾂｷﾂｷﾂｷﾂｷﾂｷﾂｷﾂｷﾂｷﾂｷﾂｷﾂｷﾂｷﾂｷﾂｷdisabled竦港 with `ﾂｷﾂｷﾂｷﾂｷﾂｷﾂｷﾂｷﾂｷﾂｷﾂｷﾂｷﾂｷdisabled`  prettier/prettier
118:1  Error: Replace `ﾂｷﾂｷﾂｷﾂｷﾂｷﾂｷﾂｷﾂｷﾂｷﾂｷﾂｷﾂｷﾂｷﾂｷﾂｷﾂｷﾂｷﾂｷﾂｷﾂｷclassName="blockﾂｷw-fullﾂｷtext-smﾂｷborder-gray-300ﾂｷrounded-mdﾂｷborderﾂｷp-2ﾂｷfocus:ring-2ﾂｷfocus:ring-sky-500ﾂｷfocus:outline-none"竦港 with `ﾂｷﾂｷﾂｷﾂｷﾂｷﾂｷﾂｷﾂｷﾂｷﾂｷﾂｷﾂｷclassName='blockﾂｷw-fullﾂｷtext-smﾂｷborder-gray-300ﾂｷrounded-mdﾂｷborderﾂｷp-2ﾂｷfocus:ring-2ﾂｷfocus:ring-sky-500ﾂｷfocus:outline-none'`  prettier/prettier
119:1  Error: Replace `ﾂｷﾂｷﾂｷﾂｷﾂｷﾂｷﾂｷﾂｷﾂｷﾂｷﾂｷﾂｷﾂｷﾂｷﾂｷﾂｷ>竦港 with `ﾂｷﾂｷﾂｷﾂｷﾂｷﾂｷﾂｷﾂｷﾂｷﾂｷ>`  prettier/prettier
120:1  Error: Replace `ﾂｷﾂｷﾂｷﾂｷﾂｷﾂｷﾂｷﾂｷﾂｷﾂｷﾂｷﾂｷﾂｷﾂｷﾂｷﾂｷﾂｷﾂｷﾂｷﾂｷ{menus.map(mﾂｷ=>ﾂｷ(竦港 with `ﾂｷﾂｷﾂｷﾂｷﾂｷﾂｷﾂｷﾂｷﾂｷﾂｷﾂｷﾂｷ{menus.map(mﾂｷ=>ﾂｷ(`  prettier/prettier
121:1  Error: Replace `ﾂｷﾂｷﾂｷﾂｷﾂｷﾂｷﾂｷﾂｷﾂｷﾂｷﾂｷﾂｷﾂｷﾂｷﾂｷﾂｷﾂｷﾂｷﾂｷﾂｷﾂｷﾂｷﾂｷﾂｷ<optionﾂｷkey={m.id}ﾂｷvalue={m.id}>{m.name}</option>竦港 with `ﾂｷﾂｷﾂｷﾂｷﾂｷﾂｷﾂｷﾂｷﾂｷﾂｷﾂｷﾂｷﾂｷﾂｷ<optionﾂｷkey={m.id}ﾂｷvalue={m.id}>竢篠ｷﾂｷﾂｷﾂｷﾂｷﾂｷﾂｷﾂｷﾂｷﾂｷﾂｷﾂｷﾂｷﾂｷﾂｷﾂｷ{m.name}`  prettier/prettier
122:15  Error: Replace `ﾂｷﾂｷﾂｷﾂｷﾂｷﾂｷ))}竦坂庶ﾂｷﾂｷﾂｷﾂｷﾂｷﾂｷﾂｷﾂｷﾂｷﾂｷﾂｷﾂｷﾂｷﾂｷﾂｷﾂｷ</select>竦港 with `</option>竢篠ｷﾂｷﾂｷﾂｷﾂｷﾂｷﾂｷﾂｷﾂｷﾂｷﾂｷﾂｷ))}竢篠ｷﾂｷﾂｷﾂｷﾂｷﾂｷﾂｷﾂｷﾂｷﾂｷ</select>`  prettier/prettier
124:1  Error: Replace `ﾂｷﾂｷﾂｷﾂｷﾂｷﾂｷﾂｷﾂｷﾂｷﾂｷﾂｷﾂｷ</div>竦港 with `ﾂｷﾂｷﾂｷﾂｷﾂｷﾂｷﾂｷﾂｷ</div>`  prettier/prettier
125:1  Error: Replace `ﾂｷﾂｷﾂｷﾂｷﾂｷﾂｷﾂｷﾂｷﾂｷﾂｷﾂｷﾂｷ<div>竦港 with `ﾂｷﾂｷﾂｷﾂｷﾂｷﾂｷﾂｷﾂｷ<div>`  prettier/prettier
126:1  Error: Replace `ﾂｷﾂｷﾂｷﾂｷﾂｷﾂｷﾂｷﾂｷﾂｷﾂｷﾂｷﾂｷﾂｷﾂｷﾂｷﾂｷ<labelﾂｷclassName="blockﾂｷtext-xsﾂｷfont-boldﾂｷtext-gray-500ﾂｷuppercaseﾂｷmb-1">繧ｪ繝励す繝ｧ繝ｳ</label>竦港 with `ﾂｷﾂｷﾂｷﾂｷﾂｷﾂｷﾂｷﾂｷﾂｷﾂｷ<labelﾂｷclassName='blockﾂｷtext-xsﾂｷfont-boldﾂｷtext-gray-500ﾂｷuppercaseﾂｷmb-1'>竢篠ｷﾂｷﾂｷﾂｷﾂｷﾂｷﾂｷﾂｷﾂｷﾂｷﾂｷﾂｷ繧ｪ繝励す繝ｧ繝ｳ竢篠ｷﾂｷﾂｷﾂｷﾂｷﾂｷﾂｷﾂｷﾂｷﾂｷ</label>`  prettier/prettier
126:17  Error: A form label must be associated with a control.  jsx-a11y/label-has-associated-control
127:1  Error: Replace `ﾂｷﾂｷﾂｷﾂｷﾂｷﾂｷﾂｷﾂｷﾂｷﾂｷﾂｷﾂｷﾂｷﾂｷﾂｷﾂｷ<select竦港 with `ﾂｷﾂｷﾂｷﾂｷﾂｷﾂｷﾂｷﾂｷﾂｷﾂｷ<select`  prettier/prettier
128:1  Error: Replace `ﾂｷﾂｷﾂｷﾂｷﾂｷﾂｷﾂｷﾂｷﾂｷﾂｷﾂｷﾂｷﾂｷﾂｷﾂｷﾂｷﾂｷﾂｷﾂｷﾂｷvalue={formData.optionIdﾂｷ||ﾂｷ''}竦港 with `ﾂｷﾂｷﾂｷﾂｷﾂｷﾂｷﾂｷﾂｷﾂｷﾂｷﾂｷﾂｷvalue={formData.optionIdﾂｷ||ﾂｷ''}`  prettier/prettier
129:1  Error: Replace `ﾂｷﾂｷﾂｷﾂｷﾂｷﾂｷﾂｷﾂｷﾂｷﾂｷﾂｷﾂｷﾂｷﾂｷﾂｷﾂｷﾂｷﾂｷﾂｷﾂｷonChange={(e)ﾂｷ=>ﾂｷonChange('optionId',ﾂｷe.target.value)}竦港 with `ﾂｷﾂｷﾂｷﾂｷﾂｷﾂｷﾂｷﾂｷﾂｷﾂｷﾂｷﾂｷonChange={eﾂｷ=>ﾂｷonChange('optionId',ﾂｷe.target.value)}`  prettier/prettier
130:1  Error: Replace `ﾂｷﾂｷﾂｷﾂｷﾂｷﾂｷﾂｷﾂｷﾂｷﾂｷﾂｷﾂｷﾂｷﾂｷﾂｷﾂｷﾂｷﾂｷﾂｷﾂｷdisabled竦港 with `ﾂｷﾂｷﾂｷﾂｷﾂｷﾂｷﾂｷﾂｷﾂｷﾂｷﾂｷﾂｷdisabled`  prettier/prettier
131:1  Error: Replace `ﾂｷﾂｷﾂｷﾂｷﾂｷﾂｷﾂｷﾂｷﾂｷﾂｷﾂｷﾂｷﾂｷﾂｷﾂｷﾂｷﾂｷﾂｷﾂｷﾂｷclassName="blockﾂｷw-fullﾂｷtext-smﾂｷborder-gray-300ﾂｷrounded-mdﾂｷborderﾂｷp-2ﾂｷfocus:ring-2ﾂｷfocus:ring-sky-500ﾂｷfocus:outline-none"竦港 with `ﾂｷﾂｷﾂｷﾂｷﾂｷﾂｷﾂｷﾂｷﾂｷﾂｷﾂｷﾂｷclassName='blockﾂｷw-fullﾂｷtext-smﾂｷborder-gray-300ﾂｷrounded-mdﾂｷborderﾂｷp-2ﾂｷfocus:ring-2ﾂｷfocus:ring-sky-500ﾂｷfocus:outline-none'`  prettier/prettier
132:1  Error: Replace `ﾂｷﾂｷﾂｷﾂｷﾂｷﾂｷﾂｷﾂｷﾂｷﾂｷﾂｷﾂｷﾂｷﾂｷﾂｷﾂｷ>竦港 with `ﾂｷﾂｷﾂｷﾂｷﾂｷﾂｷﾂｷﾂｷﾂｷﾂｷ>`  prettier/prettier
133:1  Error: Replace `ﾂｷﾂｷﾂｷﾂｷﾂｷﾂｷﾂｷﾂｷﾂｷﾂｷﾂｷﾂｷﾂｷﾂｷﾂｷﾂｷﾂｷﾂｷﾂｷﾂｷ{options.map(oﾂｷ=>ﾂｷ(竦港 with `ﾂｷﾂｷﾂｷﾂｷﾂｷﾂｷﾂｷﾂｷﾂｷﾂｷﾂｷﾂｷ{options.map(oﾂｷ=>ﾂｷ(`  prettier/prettier
134:1  Error: Replace `ﾂｷﾂｷﾂｷﾂｷﾂｷﾂｷﾂｷﾂｷﾂｷﾂｷﾂｷﾂｷﾂｷﾂｷﾂｷﾂｷﾂｷﾂｷﾂｷﾂｷﾂｷﾂｷﾂｷﾂｷ<optionﾂｷkey={o.id}ﾂｷvalue={o.id}>{o.name}</option>竦港 with `ﾂｷﾂｷﾂｷﾂｷﾂｷﾂｷﾂｷﾂｷﾂｷﾂｷﾂｷﾂｷﾂｷﾂｷ<optionﾂｷkey={o.id}ﾂｷvalue={o.id}>竢篠ｷﾂｷﾂｷﾂｷﾂｷﾂｷﾂｷﾂｷﾂｷﾂｷﾂｷﾂｷﾂｷﾂｷﾂｷﾂｷ{o.name}`  prettier/prettier
135:15  Error: Replace `ﾂｷﾂｷﾂｷﾂｷﾂｷﾂｷ))}竦坂庶ﾂｷﾂｷﾂｷﾂｷﾂｷﾂｷﾂｷﾂｷﾂｷﾂｷﾂｷﾂｷﾂｷﾂｷﾂｷﾂｷ</select>竦港 with `</option>竢篠ｷﾂｷﾂｷﾂｷﾂｷﾂｷﾂｷﾂｷﾂｷﾂｷﾂｷﾂｷ))}竢篠ｷﾂｷﾂｷﾂｷﾂｷﾂｷﾂｷﾂｷﾂｷﾂｷ</select>`  prettier/prettier
137:1  Error: Replace `ﾂｷﾂｷﾂｷﾂｷﾂｷﾂｷﾂｷﾂｷﾂｷﾂｷﾂｷﾂｷ</div>竦港 with `ﾂｷﾂｷﾂｷﾂｷﾂｷﾂｷﾂｷﾂｷ</div>`  prettier/prettier
138:1  Error: Replace `ﾂｷﾂｷﾂｷﾂｷﾂｷﾂｷﾂｷﾂｷ</div>竦港 with `ﾂｷﾂｷﾂｷﾂｷﾂｷﾂｷ</div>`  prettier/prettier
139:1  Error: Delete `ﾂｷﾂｷﾂｷﾂｷﾂｷﾂｷﾂｷﾂｷ竦港  prettier/prettier
140:1  Error: Replace `ﾂｷﾂｷﾂｷﾂｷﾂｷﾂｷﾂｷﾂｷ{/*ﾂｷDurationﾂｷ&ﾂｷEndﾂｷTimeﾂｷDisplayﾂｷ*/}竦港 with `ﾂｷﾂｷﾂｷﾂｷﾂｷﾂｷ{/*ﾂｷDurationﾂｷ&ﾂｷEndﾂｷTimeﾂｷDisplayﾂｷ*/}`  prettier/prettier
141:1  Error: Replace `ﾂｷﾂｷﾂｷﾂｷﾂｷﾂｷﾂｷﾂｷ<divﾂｷclassName="bg-gray-50ﾂｷp-3ﾂｷrounded-mdﾂｷborderﾂｷborder-gray-200ﾂｷflexﾂｷflex-colﾂｷgap-2">竦港 with `ﾂｷﾂｷﾂｷﾂｷﾂｷﾂｷ<divﾂｷclassName='bg-gray-50ﾂｷp-3ﾂｷrounded-mdﾂｷborderﾂｷborder-gray-200ﾂｷflexﾂｷflex-colﾂｷgap-2'>`  prettier/prettier
142:1  Error: Replace `ﾂｷﾂｷﾂｷﾂｷﾂｷﾂｷﾂｷﾂｷﾂｷﾂｷﾂｷﾂｷ<divﾂｷclassName="flexﾂｷjustify-betweenﾂｷitems-center">竦港 with `ﾂｷﾂｷﾂｷﾂｷﾂｷﾂｷﾂｷﾂｷ<divﾂｷclassName='flexﾂｷjustify-betweenﾂｷitems-center'>`  prettier/prettier
143:1  Error: Replace `ﾂｷﾂｷﾂｷﾂｷﾂｷﾂｷﾂｷﾂｷﾂｷﾂｷﾂｷﾂｷﾂｷﾂｷﾂｷﾂｷ<divﾂｷclassName="flexﾂｷitems-centerﾂｷgap-3">竦港 with `ﾂｷﾂｷﾂｷﾂｷﾂｷﾂｷﾂｷﾂｷﾂｷﾂｷ<divﾂｷclassName='flexﾂｷitems-centerﾂｷgap-3'>`  prettier/prettier
144:1  Error: Replace `ﾂｷﾂｷﾂｷﾂｷﾂｷﾂｷﾂｷﾂｷﾂｷﾂｷﾂｷﾂｷﾂｷﾂｷﾂｷﾂｷﾂｷﾂｷﾂｷﾂｷ<labelﾂｷclassName="text-xsﾂｷfont-boldﾂｷtext-gray-500ﾂｷuppercase">謇隕∵凾髢・/label>竦港 with `ﾂｷﾂｷﾂｷﾂｷﾂｷﾂｷﾂｷﾂｷﾂｷﾂｷﾂｷﾂｷ<labelﾂｷclassName='text-xsﾂｷfont-boldﾂｷtext-gray-500ﾂｷuppercase'>竢篠ｷﾂｷﾂｷﾂｷﾂｷﾂｷﾂｷﾂｷﾂｷﾂｷﾂｷﾂｷﾂｷﾂｷ謇隕∵凾髢凪庶ﾂｷﾂｷﾂｷﾂｷﾂｷﾂｷﾂｷﾂｷﾂｷﾂｷﾂｷﾂｷ</label>`  prettier/prettier
144:21  Error: A form label must be associated with a control.  jsx-a11y/label-has-associated-control
145:1  Error: Replace `ﾂｷﾂｷﾂｷﾂｷﾂｷﾂｷﾂｷﾂｷﾂｷﾂｷﾂｷﾂｷﾂｷﾂｷﾂｷﾂｷﾂｷﾂｷﾂｷﾂｷ<divﾂｷclassName="relative">竦港 with `ﾂｷﾂｷﾂｷﾂｷﾂｷﾂｷﾂｷﾂｷﾂｷﾂｷﾂｷﾂｷ<divﾂｷclassName='relative'>`  prettier/prettier
146:1  Error: Replace `ﾂｷﾂｷﾂｷﾂｷﾂｷﾂｷﾂｷﾂｷﾂｷﾂｷﾂｷﾂｷﾂｷﾂｷﾂｷﾂｷﾂｷﾂｷﾂｷﾂｷﾂｷﾂｷﾂｷﾂｷ<select竦港 with `ﾂｷﾂｷﾂｷﾂｷﾂｷﾂｷﾂｷﾂｷﾂｷﾂｷﾂｷﾂｷﾂｷﾂｷ<select`  prettier/prettier
147:1  Error: Replace `ﾂｷﾂｷﾂｷﾂｷﾂｷﾂｷﾂｷﾂｷﾂｷﾂｷﾂｷﾂｷﾂｷﾂｷﾂｷﾂｷﾂｷﾂｷﾂｷﾂｷﾂｷﾂｷﾂｷﾂｷﾂｷﾂｷﾂｷﾂｷvalue={currentDuration}竦港 with `ﾂｷﾂｷﾂｷﾂｷﾂｷﾂｷﾂｷﾂｷﾂｷﾂｷﾂｷﾂｷﾂｷﾂｷﾂｷﾂｷvalue={currentDuration}`  prettier/prettier
148:1  Error: Replace `ﾂｷﾂｷﾂｷﾂｷﾂｷﾂｷﾂｷﾂｷﾂｷﾂｷﾂｷﾂｷﾂｷﾂｷﾂｷﾂｷﾂｷﾂｷﾂｷﾂｷﾂｷﾂｷﾂｷﾂｷﾂｷﾂｷﾂｷﾂｷonChange={handleDurationChangeLocal}竦港 with `ﾂｷﾂｷﾂｷﾂｷﾂｷﾂｷﾂｷﾂｷﾂｷﾂｷﾂｷﾂｷﾂｷﾂｷﾂｷﾂｷonChange={handleDurationChangeLocal}`  prettier/prettier
149:1  Error: Replace `ﾂｷﾂｷﾂｷﾂｷﾂｷﾂｷﾂｷﾂｷﾂｷﾂｷﾂｷﾂｷﾂｷﾂｷﾂｷﾂｷﾂｷﾂｷﾂｷﾂｷﾂｷﾂｷﾂｷﾂｷﾂｷﾂｷﾂｷﾂｷclassName="appearance-noneﾂｷpl-3ﾂｷpr-8ﾂｷpy-1.5ﾂｷtext-smﾂｷborder-gray-300ﾂｷroundedﾂｷborderﾂｷbg-whiteﾂｷtext-gray-900ﾂｷfocus:ring-2ﾂｷfocus:ring-sky-500ﾂｷfocus:outline-noneﾂｷfont-medium"竦港 with `ﾂｷﾂｷﾂｷﾂｷﾂｷﾂｷﾂｷﾂｷﾂｷﾂｷﾂｷﾂｷﾂｷﾂｷﾂｷﾂｷclassName='appearance-noneﾂｷpl-3ﾂｷpr-8ﾂｷpy-1.5ﾂｷtext-smﾂｷborder-gray-300ﾂｷroundedﾂｷborderﾂｷbg-whiteﾂｷtext-gray-900ﾂｷfocus:ring-2ﾂｷfocus:ring-sky-500ﾂｷfocus:outline-noneﾂｷfont-medium'`  prettier/prettier
150:1  Error: Replace `ﾂｷﾂｷﾂｷﾂｷﾂｷﾂｷﾂｷﾂｷﾂｷﾂｷﾂｷﾂｷﾂｷﾂｷﾂｷﾂｷﾂｷﾂｷﾂｷﾂｷﾂｷﾂｷﾂｷﾂｷ>竦港 with `ﾂｷﾂｷﾂｷﾂｷﾂｷﾂｷﾂｷﾂｷﾂｷﾂｷﾂｷﾂｷﾂｷﾂｷ>`  prettier/prettier
151:1  Error: Replace `ﾂｷﾂｷﾂｷﾂｷﾂｷﾂｷﾂｷﾂｷﾂｷﾂｷﾂｷﾂｷﾂｷﾂｷﾂｷﾂｷﾂｷﾂｷﾂｷﾂｷﾂｷﾂｷﾂｷﾂｷﾂｷﾂｷﾂｷﾂｷ{durationOptions.map(dﾂｷ=>ﾂｷ(竦港 with `ﾂｷﾂｷﾂｷﾂｷﾂｷﾂｷﾂｷﾂｷﾂｷﾂｷﾂｷﾂｷﾂｷﾂｷﾂｷﾂｷ{durationOptions.map(dﾂｷ=>ﾂｷ(`  prettier/prettier
152:1  Error: Replace `ﾂｷﾂｷﾂｷﾂｷﾂｷﾂｷﾂｷﾂｷﾂｷﾂｷﾂｷﾂｷﾂｷﾂｷﾂｷﾂｷﾂｷﾂｷﾂｷﾂｷﾂｷﾂｷﾂｷﾂｷﾂｷﾂｷﾂｷﾂｷﾂｷﾂｷﾂｷﾂｷ<optionﾂｷkey={d}ﾂｷvalue={d}>{d}蛻・/option>竦港 with `ﾂｷﾂｷﾂｷﾂｷﾂｷﾂｷﾂｷﾂｷﾂｷﾂｷﾂｷﾂｷﾂｷﾂｷﾂｷﾂｷﾂｷﾂｷ<optionﾂｷkey={d}ﾂｷvalue={d}>`  prettier/prettier
153:21  Error: Replace `ﾂｷﾂｷﾂｷﾂｷﾂｷﾂｷﾂｷﾂｷ))}竦坂庶ﾂｷﾂｷﾂｷﾂｷﾂｷﾂｷﾂｷﾂｷﾂｷﾂｷﾂｷﾂｷﾂｷﾂｷﾂｷﾂｷﾂｷﾂｷﾂｷﾂｷﾂｷﾂｷﾂｷﾂｷ</select>竦港 with `{d}蛻・庶ﾂｷﾂｷﾂｷﾂｷﾂｷﾂｷﾂｷﾂｷﾂｷﾂｷﾂｷﾂｷﾂｷﾂｷﾂｷﾂｷﾂｷﾂｷ</option>竢篠ｷﾂｷﾂｷﾂｷﾂｷﾂｷﾂｷﾂｷﾂｷﾂｷﾂｷﾂｷﾂｷﾂｷﾂｷﾂｷ))}`  prettier/prettier
155:14  Error: Replace `ﾂｷﾂｷﾂｷﾂｷﾂｷﾂｷﾂｷﾂｷﾂｷﾂｷﾂｷ<divﾂｷclassName="pointer-events-noneﾂｷabsoluteﾂｷinset-y-0ﾂｷright-0ﾂｷflexﾂｷitems-centerﾂｷpx-2ﾂｷtext-gray-700">竦港 with `ﾂｷ</select>竢篠ｷﾂｷﾂｷﾂｷﾂｷﾂｷﾂｷﾂｷﾂｷﾂｷﾂｷﾂｷﾂｷﾂｷ<divﾂｷclassName='pointer-events-noneﾂｷabsoluteﾂｷinset-y-0ﾂｷright-0ﾂｷflexﾂｷitems-centerﾂｷpx-2ﾂｷtext-gray-700'>`  prettier/prettier
156:1  Error: Replace `ﾂｷﾂｷﾂｷﾂｷﾂｷﾂｷﾂｷﾂｷﾂｷﾂｷﾂｷﾂｷﾂｷﾂｷﾂｷﾂｷﾂｷﾂｷﾂｷﾂｷﾂｷﾂｷﾂｷﾂｷﾂｷﾂｷﾂｷﾂｷ<svgﾂｷclassName="fill-currentﾂｷh-4ﾂｷw-4"ﾂｷxmlns="http://www.w3.org/2000/svg"ﾂｷviewBox="0ﾂｷ0ﾂｷ20ﾂｷ20"><pathﾂｷd="M9.293ﾂｷ12.95l.707.707L15.657ﾂｷ8l-1.414-1.414L10ﾂｷ10.828ﾂｷ5.757ﾂｷ6.586ﾂｷ4.343ﾂｷ8z"/></svg>竦港 with `ﾂｷﾂｷﾂｷﾂｷﾂｷﾂｷﾂｷﾂｷﾂｷﾂｷﾂｷﾂｷﾂｷﾂｷﾂｷﾂｷ<svg竢篠ｷﾂｷﾂｷﾂｷﾂｷﾂｷﾂｷﾂｷﾂｷﾂｷﾂｷﾂｷﾂｷﾂｷﾂｷﾂｷﾂｷﾂｷclassName='fill-currentﾂｷh-4ﾂｷw-4'竢篠ｷﾂｷﾂｷﾂｷﾂｷﾂｷﾂｷﾂｷﾂｷﾂｷﾂｷﾂｷﾂｷﾂｷﾂｷﾂｷﾂｷﾂｷxmlns='http://www.w3.org/2000/svg'竢篠ｷﾂｷﾂｷﾂｷﾂｷﾂｷﾂｷﾂｷﾂｷﾂｷﾂｷﾂｷﾂｷﾂｷﾂｷﾂｷﾂｷﾂｷviewBox='0ﾂｷ0ﾂｷ20ﾂｷ20'竢篠ｷﾂｷﾂｷﾂｷﾂｷﾂｷﾂｷﾂｷﾂｷﾂｷﾂｷﾂｷﾂｷﾂｷﾂｷﾂｷ>竢篠ｷﾂｷﾂｷﾂｷﾂｷﾂｷﾂｷﾂｷﾂｷﾂｷﾂｷﾂｷﾂｷﾂｷﾂｷﾂｷﾂｷﾂｷ<pathﾂｷd='M9.293ﾂｷ12.95l.707.707L15.657ﾂｷ8l-1.414-1.414L10ﾂｷ10.828ﾂｷ5.757ﾂｷ6.586ﾂｷ4.343ﾂｷ8z'ﾂｷ/>`  prettier/prettier
157:1  Error: Replace `ﾂｷﾂｷﾂｷﾂｷﾂｷﾂｷﾂｷﾂｷﾂｷﾂｷﾂｷﾂｷﾂｷﾂｷﾂｷﾂｷﾂｷﾂｷﾂｷﾂｷﾂｷﾂｷﾂｷﾂｷ</div>竦港 with `ﾂｷﾂｷﾂｷﾂｷﾂｷﾂｷﾂｷﾂｷﾂｷﾂｷﾂｷﾂｷﾂｷﾂｷﾂｷﾂｷ</svg>`  prettier/prettier
158:1  Error: Replace `ﾂｷﾂｷﾂｷﾂｷﾂｷﾂｷﾂｷﾂｷﾂｷﾂｷﾂｷﾂｷﾂｷﾂｷﾂｷﾂｷﾂｷﾂｷﾂｷﾂｷ</div>竦港 with `ﾂｷﾂｷﾂｷﾂｷﾂｷﾂｷﾂｷﾂｷﾂｷﾂｷﾂｷﾂｷﾂｷﾂｷ</div>`  prettier/prettier
159:1  Error: Replace `ﾂｷﾂｷﾂｷﾂｷﾂｷﾂｷﾂｷﾂｷﾂｷﾂｷﾂｷﾂｷﾂｷﾂｷﾂｷﾂｷ</div>竦港 with `ﾂｷﾂｷﾂｷﾂｷﾂｷﾂｷﾂｷﾂｷﾂｷﾂｷﾂｷﾂｷ</div>`  prettier/prettier
160:11  Error: Replace `ﾂｷﾂｷﾂｷﾂｷﾂｷﾂｷ竦港 with `</div>`  prettier/prettier
161:1  Error: Replace `ﾂｷﾂｷﾂｷﾂｷﾂｷﾂｷﾂｷﾂｷﾂｷﾂｷﾂｷﾂｷﾂｷﾂｷﾂｷﾂｷ<divﾂｷclassName="text-gray-700ﾂｷflexﾂｷitems-centerﾂｷgap-2">竦港 with `竢篠ｷﾂｷﾂｷﾂｷﾂｷﾂｷﾂｷﾂｷﾂｷﾂｷ<divﾂｷclassName='text-gray-700ﾂｷflexﾂｷitems-centerﾂｷgap-2'>`  prettier/prettier
162:1  Error: Replace `ﾂｷﾂｷﾂｷﾂｷﾂｷﾂｷﾂｷﾂｷﾂｷﾂｷﾂｷﾂｷﾂｷﾂｷﾂｷﾂｷﾂｷﾂｷﾂｷﾂｷ<spanﾂｷclassName="text-xsﾂｷfont-boldﾂｷtext-gray-500ﾂｷuppercase">邨ゆｺ・凾髢・/span>竦港 with `ﾂｷﾂｷﾂｷﾂｷﾂｷﾂｷﾂｷﾂｷﾂｷﾂｷﾂｷﾂｷ<spanﾂｷclassName='text-xsﾂｷfont-boldﾂｷtext-gray-500ﾂｷuppercase'>竢篠ｷﾂｷﾂｷﾂｷﾂｷﾂｷﾂｷﾂｷﾂｷﾂｷﾂｷﾂｷﾂｷﾂｷ邨ゆｺ・凾髢伝  prettier/prettier
163:1  Error: Replace `ﾂｷﾂｷﾂｷﾂｷﾂｷﾂｷﾂｷﾂｷﾂｷﾂｷﾂｷﾂｷﾂｷﾂｷﾂｷﾂｷﾂｷﾂｷﾂｷﾂｷ<spanﾂｷclassName="font-monoﾂｷfont-boldﾂｷtext-xlﾂｷtext-gray-800ﾂｷbg-whiteﾂｷpx-2ﾂｷpy-0.5ﾂｷroundedﾂｷborderﾂｷborder-gray-300">竦港 with `ﾂｷﾂｷﾂｷﾂｷﾂｷﾂｷﾂｷﾂｷﾂｷﾂｷﾂｷﾂｷ</span>竢篠ｷﾂｷﾂｷﾂｷﾂｷﾂｷﾂｷﾂｷﾂｷﾂｷﾂｷﾂｷ<spanﾂｷclassName='font-monoﾂｷfont-boldﾂｷtext-xlﾂｷtext-gray-800ﾂｷbg-whiteﾂｷpx-2ﾂｷpy-0.5ﾂｷroundedﾂｷborderﾂｷborder-gray-300'>`  prettier/prettier
164:1  Error: Replace `ﾂｷﾂｷﾂｷﾂｷﾂｷﾂｷﾂｷﾂｷﾂｷﾂｷﾂｷﾂｷﾂｷﾂｷﾂｷﾂｷﾂｷﾂｷﾂｷﾂｷﾂｷﾂｷﾂｷﾂｷ{String(formData.endHour).padStart(2,ﾂｷ'0')}:{String(formData.endMinute).padStart(2,ﾂｷ'0')}竦港 with `ﾂｷﾂｷﾂｷﾂｷﾂｷﾂｷﾂｷﾂｷﾂｷﾂｷﾂｷﾂｷﾂｷﾂｷ{String(formData.endHour).padStart(2,ﾂｷ'0')}:竢篠ｷﾂｷﾂｷﾂｷﾂｷﾂｷﾂｷﾂｷﾂｷﾂｷﾂｷﾂｷﾂｷﾂｷ{String(formData.endMinute).padStart(2,ﾂｷ'0')}`  prettier/prettier
165:1  Error: Replace `ﾂｷﾂｷﾂｷﾂｷﾂｷﾂｷﾂｷﾂｷﾂｷﾂｷﾂｷﾂｷﾂｷﾂｷﾂｷﾂｷﾂｷﾂｷﾂｷﾂｷ</span>竦港 with `ﾂｷﾂｷﾂｷﾂｷﾂｷﾂｷﾂｷﾂｷﾂｷﾂｷﾂｷﾂｷ</span>`  prettier/prettier
166:1  Error: Replace `ﾂｷﾂｷﾂｷﾂｷﾂｷﾂｷﾂｷﾂｷﾂｷﾂｷﾂｷﾂｷﾂｷﾂｷﾂｷﾂｷ</div>竦港 with `ﾂｷﾂｷﾂｷﾂｷﾂｷﾂｷﾂｷﾂｷﾂｷﾂｷ</div>`  prettier/prettier
167:1  Error: Replace `ﾂｷﾂｷﾂｷﾂｷﾂｷﾂｷﾂｷﾂｷﾂｷﾂｷﾂｷﾂｷ</div>竦港 with `ﾂｷﾂｷﾂｷﾂｷﾂｷﾂｷﾂｷﾂｷ</div>`  prettier/prettier
168:1  Error: Replace `ﾂｷﾂｷﾂｷﾂｷﾂｷﾂｷﾂｷﾂｷ</div>竦港 with `ﾂｷﾂｷﾂｷﾂｷﾂｷﾂｷ</div>`  prettier/prettier
169:1  Error: Delete `竦港  prettier/prettier
170:1  Error: Replace `ﾂｷﾂｷﾂｷﾂｷﾂｷﾂｷﾂｷﾂｷ{/*ﾂｷMemoﾂｷ*/}竦港 with `ﾂｷﾂｷﾂｷﾂｷﾂｷﾂｷ{/*ﾂｷMemoﾂｷ*/}`  prettier/prettier
171:7  Error: Replace `ﾂｷﾂｷ<div>竦港 with `<div>`  prettier/prettier
172:1  Error: Replace `ﾂｷﾂｷﾂｷﾂｷﾂｷﾂｷﾂｷﾂｷﾂｷﾂｷﾂｷﾂｷ<labelﾂｷclassName="blockﾂｷtext-xsﾂｷfont-boldﾂｷtext-gray-500ﾂｷuppercaseﾂｷmb-1">繝｡繝｢</label>竦港 with `ﾂｷﾂｷﾂｷﾂｷﾂｷﾂｷﾂｷﾂｷ<labelﾂｷclassName='blockﾂｷtext-xsﾂｷfont-boldﾂｷtext-gray-500ﾂｷuppercaseﾂｷmb-1'>竢篠ｷﾂｷﾂｷﾂｷﾂｷﾂｷﾂｷﾂｷﾂｷﾂｷ繝｡繝｢竢篠ｷﾂｷﾂｷﾂｷﾂｷﾂｷﾂｷﾂｷ</label>`  prettier/prettier
172:13  Error: A form label must be associated with a control.  jsx-a11y/label-has-associated-control
173:1  Error: Replace `ﾂｷﾂｷﾂｷﾂｷﾂｷﾂｷﾂｷﾂｷﾂｷﾂｷﾂｷﾂｷ<textarea竦港 with `ﾂｷﾂｷﾂｷﾂｷﾂｷﾂｷﾂｷﾂｷ<textarea`  prettier/prettier
174:1  Error: Replace `ﾂｷﾂｷﾂｷﾂｷﾂｷﾂｷﾂｷﾂｷﾂｷﾂｷﾂｷﾂｷﾂｷﾂｷﾂｷﾂｷvalue={formData.memoﾂｷ||ﾂｷ''}竦港 with `ﾂｷﾂｷﾂｷﾂｷﾂｷﾂｷﾂｷﾂｷﾂｷﾂｷvalue={formData.memoﾂｷ||ﾂｷ''}`  prettier/prettier
175:1  Error: Replace `ﾂｷﾂｷﾂｷﾂｷﾂｷﾂｷﾂｷﾂｷﾂｷﾂｷﾂｷﾂｷﾂｷﾂｷﾂｷﾂｷonChange={(e)ﾂｷ=>ﾂｷonChange('memo',ﾂｷe.target.value)}竦港 with `ﾂｷﾂｷﾂｷﾂｷﾂｷﾂｷﾂｷﾂｷﾂｷﾂｷonChange={eﾂｷ=>ﾂｷonChange('memo',ﾂｷe.target.value)}`  prettier/prettier
176:1  Error: Replace `ﾂｷﾂｷﾂｷﾂｷﾂｷﾂｷﾂｷﾂｷﾂｷﾂｷﾂｷﾂｷﾂｷﾂｷﾂｷﾂｷclassName="blockﾂｷw-fullﾂｷtext-smﾂｷborder-gray-300ﾂｷrounded-mdﾂｷborderﾂｷp-2ﾂｷfocus:ring-2ﾂｷfocus:ring-sky-500ﾂｷfocus:outline-noneﾂｷh-24"竦港 with `ﾂｷﾂｷﾂｷﾂｷﾂｷﾂｷﾂｷﾂｷﾂｷﾂｷclassName='blockﾂｷw-fullﾂｷtext-smﾂｷborder-gray-300ﾂｷrounded-mdﾂｷborderﾂｷp-2ﾂｷfocus:ring-2ﾂｷfocus:ring-sky-500ﾂｷfocus:outline-noneﾂｷh-24'`  prettier/prettier
177:1  Error: Replace `ﾂｷﾂｷﾂｷﾂｷﾂｷﾂｷﾂｷﾂｷﾂｷﾂｷﾂｷﾂｷ/>竦港 with `ﾂｷﾂｷﾂｷﾂｷﾂｷﾂｷﾂｷﾂｷ/>`  prettier/prettier
178:1  Error: Replace `ﾂｷﾂｷﾂｷﾂｷﾂｷﾂｷﾂｷﾂｷ</div>竦港 with `ﾂｷﾂｷﾂｷﾂｷﾂｷﾂｷ</div>`  prettier/prettier
179:1  Error: Delete `ﾂｷﾂｷﾂｷﾂｷﾂｷﾂｷﾂｷﾂｷ竦港  prettier/prettier
180:1  Error: Replace `ﾂｷﾂｷﾂｷﾂｷﾂｷﾂｷﾂｷﾂｷ{/*ﾂｷColorﾂｷ*/}竦港 with `ﾂｷﾂｷﾂｷﾂｷﾂｷﾂｷ{/*ﾂｷColorﾂｷ*/}`  prettier/prettier
181:1  Error: Replace `ﾂｷﾂｷﾂｷﾂｷﾂｷﾂｷﾂｷﾂｷ<div>竦港 with `ﾂｷﾂｷﾂｷﾂｷﾂｷﾂｷ<div>`  prettier/prettier
182:1  Error: Replace `ﾂｷﾂｷﾂｷﾂｷﾂｷﾂｷﾂｷﾂｷﾂｷﾂｷﾂｷﾂｷ<labelﾂｷclassName="blockﾂｷtext-xsﾂｷfont-boldﾂｷtext-gray-500ﾂｷuppercaseﾂｷmb-1">繧ｫ繝ｩ繝ｼ</label>竦港 with `ﾂｷﾂｷﾂｷﾂｷﾂｷﾂｷﾂｷﾂｷ<labelﾂｷclassName='blockﾂｷtext-xsﾂｷfont-boldﾂｷtext-gray-500ﾂｷuppercaseﾂｷmb-1'>竢篠ｷﾂｷﾂｷﾂｷﾂｷﾂｷﾂｷﾂｷﾂｷﾂｷ繧ｫ繝ｩ繝ｼ竢篠ｷﾂｷﾂｷﾂｷﾂｷﾂｷﾂｷﾂｷ</label>`  prettier/prettier
182:13  Error: A form label must be associated with a control.  jsx-a11y/label-has-associated-control
183:1  Error: Replace `ﾂｷﾂｷﾂｷﾂｷﾂｷﾂｷﾂｷﾂｷﾂｷﾂｷﾂｷﾂｷ<divﾂｷclassName="flexﾂｷgap-2">竦港 with `ﾂｷﾂｷﾂｷﾂｷﾂｷﾂｷﾂｷﾂｷ<divﾂｷclassName='flexﾂｷgap-2'>`  prettier/prettier
184:1  Error: Replace `ﾂｷﾂｷﾂｷﾂｷﾂｷﾂｷﾂｷﾂｷﾂｷﾂｷﾂｷﾂｷﾂｷﾂｷﾂｷﾂｷ{(['red',ﾂｷ'pink',ﾂｷ'blue',ﾂｷ'orange',ﾂｷ'purple']ﾂｷasﾂｷconst).map(colorﾂｷ=>ﾂｷ(竦港 with `ﾂｷﾂｷﾂｷﾂｷﾂｷﾂｷﾂｷﾂｷﾂｷﾂｷ{(['red',ﾂｷ'pink',ﾂｷ'blue',ﾂｷ'orange',ﾂｷ'purple']ﾂｷasﾂｷconst).map(colorﾂｷ=>ﾂｷ(`  prettier/prettier
185:1  Error: Replace `ﾂｷﾂｷﾂｷﾂｷﾂｷﾂｷﾂｷﾂｷﾂｷﾂｷﾂｷﾂｷﾂｷﾂｷﾂｷﾂｷ<button竦港 with `ﾂｷﾂｷﾂｷﾂｷﾂｷﾂｷﾂｷﾂｷﾂｷﾂｷﾂｷﾂｷ<button`  prettier/prettier
186:1  Error: Replace `ﾂｷﾂｷﾂｷﾂｷﾂｷﾂｷﾂｷﾂｷﾂｷﾂｷﾂｷﾂｷﾂｷﾂｷﾂｷﾂｷﾂｷﾂｷﾂｷﾂｷkey={color}竦港 with `ﾂｷﾂｷﾂｷﾂｷﾂｷﾂｷﾂｷﾂｷﾂｷﾂｷﾂｷﾂｷﾂｷﾂｷkey={color}`  prettier/prettier
187:1  Error: Replace `ﾂｷﾂｷﾂｷﾂｷﾂｷﾂｷﾂｷﾂｷﾂｷﾂｷﾂｷﾂｷﾂｷﾂｷﾂｷﾂｷﾂｷﾂｷﾂｷﾂｷtype="button"竦港 with `ﾂｷﾂｷﾂｷﾂｷﾂｷﾂｷﾂｷﾂｷﾂｷﾂｷﾂｷﾂｷﾂｷﾂｷtype='button'`  prettier/prettier
188:1  Error: Replace `ﾂｷﾂｷﾂｷﾂｷﾂｷﾂｷﾂｷﾂｷﾂｷﾂｷﾂｷﾂｷﾂｷﾂｷﾂｷﾂｷﾂｷﾂｷﾂｷﾂｷonClick={()ﾂｷ=>ﾂｷonChange('color',ﾂｷcolor)}竦港 with `ﾂｷﾂｷﾂｷﾂｷﾂｷﾂｷﾂｷﾂｷﾂｷﾂｷﾂｷﾂｷﾂｷﾂｷonClick={()ﾂｷ=>ﾂｷonChange('color',ﾂｷcolor)}`  prettier/prettier
189:1  Error: Replace `ﾂｷﾂｷﾂｷﾂｷﾂｷﾂｷﾂｷﾂｷﾂｷﾂｷﾂｷﾂｷﾂｷﾂｷﾂｷﾂｷﾂｷﾂｷﾂｷﾂｷclassName={`w-6ﾂｷh-6ﾂｷrounded-fullﾂｷtransition-transformﾂｷ${formData.colorﾂｷ===ﾂｷcolorﾂｷ?ﾂｷ'ring-2ﾂｷring-offset-2ﾂｷring-sky-500ﾂｷscale-110'ﾂｷ:ﾂｷ'hover:scale-110'}`}竦港 with `ﾂｷﾂｷﾂｷﾂｷﾂｷﾂｷﾂｷﾂｷﾂｷﾂｷﾂｷﾂｷﾂｷﾂｷclassName={`w-6ﾂｷh-6ﾂｷrounded-fullﾂｷtransition-transformﾂｷ${formData.colorﾂｷ===ﾂｷcolorﾂｷ?ﾂｷ'ring-2ﾂｷring-offset-2ﾂｷring-sky-500ﾂｷscale-110'ﾂｷ:ﾂｷ'hover:scale-110'}`}`  prettier/prettier
190:1  Error: Replace `ﾂｷﾂｷﾂｷﾂｷﾂｷﾂｷﾂｷﾂｷﾂｷﾂｷﾂｷﾂｷﾂｷﾂｷﾂｷﾂｷﾂｷﾂｷﾂｷﾂｷstyle={{ﾂｷbackgroundColor:ﾂｷcolorﾂｷ===ﾂｷ'red'ﾂｷ?ﾂｷ'#fb7185'ﾂｷ:ﾂｷcolorﾂｷ===ﾂｷ'pink'ﾂｷ?ﾂｷ'#f9a8d4'ﾂｷ:ﾂｷcolorﾂｷ===ﾂｷ'blue'ﾂｷ?ﾂｷ'#38bdf8'ﾂｷ:ﾂｷcolorﾂｷ===ﾂｷ'orange'ﾂｷ?ﾂｷ'#fb923c'ﾂｷ:ﾂｷ'#4f46e5'ﾂｷ}}竦港 with `ﾂｷﾂｷﾂｷﾂｷﾂｷﾂｷﾂｷﾂｷﾂｷﾂｷﾂｷﾂｷﾂｷﾂｷstyle={{竢篠ｷﾂｷﾂｷﾂｷﾂｷﾂｷﾂｷﾂｷﾂｷﾂｷﾂｷﾂｷﾂｷﾂｷﾂｷﾂｷbackgroundColor:竢篠ｷﾂｷﾂｷﾂｷﾂｷﾂｷﾂｷﾂｷﾂｷﾂｷﾂｷﾂｷﾂｷﾂｷﾂｷﾂｷﾂｷﾂｷcolorﾂｷ===ﾂｷ'red'竢篠ｷﾂｷﾂｷﾂｷﾂｷﾂｷﾂｷﾂｷﾂｷﾂｷﾂｷﾂｷﾂｷﾂｷﾂｷﾂｷﾂｷﾂｷﾂｷﾂｷ?ﾂｷ'#fb7185'竢篠ｷﾂｷﾂｷﾂｷﾂｷﾂｷﾂｷﾂｷﾂｷﾂｷﾂｷﾂｷﾂｷﾂｷﾂｷﾂｷﾂｷﾂｷﾂｷﾂｷ:ﾂｷcolorﾂｷ===ﾂｷ'pink'竢篠ｷﾂｷﾂｷﾂｷﾂｷﾂｷﾂｷﾂｷﾂｷﾂｷﾂｷﾂｷﾂｷﾂｷﾂｷﾂｷﾂｷﾂｷﾂｷﾂｷﾂｷﾂｷ?ﾂｷ'#f9a8d4'竢篠ｷﾂｷﾂｷﾂｷﾂｷﾂｷﾂｷﾂｷﾂｷﾂｷﾂｷﾂｷﾂｷﾂｷﾂｷﾂｷﾂｷﾂｷﾂｷﾂｷﾂｷﾂｷ:ﾂｷcolorﾂｷ===ﾂｷ'blue'竢篠ｷﾂｷﾂｷﾂｷﾂｷﾂｷﾂｷﾂｷﾂｷﾂｷﾂｷﾂｷﾂｷﾂｷﾂｷﾂｷﾂｷﾂｷﾂｷﾂｷﾂｷﾂｷﾂｷﾂｷ?ﾂｷ'#38bdf8'竢篠ｷﾂｷﾂｷﾂｷﾂｷﾂｷﾂｷﾂｷﾂｷﾂｷﾂｷﾂｷﾂｷﾂｷﾂｷﾂｷﾂｷﾂｷﾂｷﾂｷﾂｷﾂｷﾂｷﾂｷ:ﾂｷcolorﾂｷ===ﾂｷ'orange'竢篠ｷﾂｷﾂｷﾂｷﾂｷﾂｷﾂｷﾂｷﾂｷﾂｷﾂｷﾂｷﾂｷﾂｷﾂｷﾂｷﾂｷﾂｷﾂｷﾂｷﾂｷﾂｷﾂｷﾂｷﾂｷﾂｷ?ﾂｷ'#fb923c'竢篠ｷﾂｷﾂｷﾂｷﾂｷﾂｷﾂｷﾂｷﾂｷﾂｷﾂｷﾂｷﾂｷﾂｷﾂｷﾂｷﾂｷﾂｷﾂｷﾂｷﾂｷﾂｷﾂｷﾂｷﾂｷﾂｷ:ﾂｷ'#4f46e5',`  prettier/prettier
191:15  Error: Replace `ﾂｷﾂｷ/>竦坂庶ﾂｷﾂｷﾂｷﾂｷﾂｷﾂｷﾂｷﾂｷﾂｷﾂｷﾂｷﾂｷﾂｷﾂｷﾂｷﾂｷ))}竦港 with `}}竢篠ｷﾂｷﾂｷﾂｷﾂｷﾂｷﾂｷﾂｷﾂｷﾂｷﾂｷﾂｷ/>竢篠ｷﾂｷﾂｷﾂｷﾂｷﾂｷﾂｷﾂｷﾂｷﾂｷ))}`  prettier/prettier
193:1  Error: Replace `ﾂｷﾂｷﾂｷﾂｷﾂｷﾂｷﾂｷﾂｷﾂｷﾂｷﾂｷﾂｷ</div>竦港 with `ﾂｷﾂｷﾂｷﾂｷﾂｷﾂｷﾂｷﾂｷ</div>`  prettier/prettier
194:1  Error: Replace `ﾂｷﾂｷﾂｷﾂｷﾂｷﾂｷﾂｷﾂｷ</div>竦港 with `ﾂｷﾂｷﾂｷﾂｷﾂｷﾂｷ</div>`  prettier/prettier
195:11  Error: Delete `竦港  prettier/prettier
196:5  Error: Delete `竦港  prettier/prettier
197:3  Error: Insert `竢餐  prettier/prettier

./src/app/reservations/components/AppointmentForm.tsx
1:61  Error: Delete `竦港  prettier/prettier
2:9  Error: Replace `ﾂｷAppointment,ﾂｷMenuItem,ﾂｷMenuOptionItem,ﾂｷSchedulerResourceﾂｷ}ﾂｷfromﾂｷ'../types';竦港 with `竢篠ｷﾂｷAppointment,竢篠ｷﾂｷMenuItem,竢篠ｷﾂｷMenuOptionItem,竢篠ｷﾂｷSchedulerResource,竢枝ﾂｷfromﾂｷ'../types';`  prettier/prettier
3:1  Error: Delete `竦港  prettier/prettier
4:76  Error: Delete `竦港  prettier/prettier
5:9  Error: Replace `ﾂｷcalculateEndTime,ﾂｷtimeToMinutes,ﾂｷhasTimeConflictﾂｷ}ﾂｷfromﾂｷ'../utils/time';竦港 with `竢篠ｷﾂｷcalculateEndTime,竢篠ｷﾂｷtimeToMinutes,竢篠ｷﾂｷhasTimeConflict,竢枝ﾂｷfromﾂｷ'../utils/time';`  prettier/prettier
6:1  Error: Delete `竦港  prettier/prettier
7:30  Error: Delete `竦港  prettier/prettier
8:15  Error: Delete `竦港  prettier/prettier
9:17  Error: Delete `竦港  prettier/prettier
10:29  Error: Delete `竦港  prettier/prettier
11:22  Error: Delete `竦港  prettier/prettier
12:24  Error: Delete `竦港  prettier/prettier
13:3  Error: Delete `竦港  prettier/prettier
14:1  Error: Delete `竦港  prettier/prettier
15:55  Error: Delete `竦港  prettier/prettier
16:4  Error: Replace `ﾂｷkey:ﾂｷ'symptom',ﾂｷlabel:ﾂｷ'荳ｻ縺ｪ逞・憾',ﾂｷtype:ﾂｷ'text',ﾂｷplaceholder:ﾂｷ'萓・ﾂｷ閧ｩ縺薙ｊ'ﾂｷ},竦港 with `竢篠ｷﾂｷﾂｷﾂｷkey:ﾂｷ'symptom',竢篠ｷﾂｷﾂｷﾂｷlabel:ﾂｷ'荳ｻ縺ｪ逞・憾',竢篠ｷﾂｷﾂｷﾂｷtype:ﾂｷ'text',竢篠ｷﾂｷﾂｷﾂｷplaceholder:ﾂｷ'萓・ﾂｷ閧ｩ縺薙ｊ',竢篠ｷﾂｷ},`  prettier/prettier
17:4  Error: Replace `ﾂｷkey:ﾂｷ'visitReason',ﾂｷlabel:ﾂｷ'譚･髯｢逶ｮ逧・,ﾂｷtype:ﾂｷ'text',ﾂｷplaceholder:ﾂｷ'萓・ﾂｷ諷｢諤ｧ逧・↑閻ｰ逞・ﾂｷ},竦港 with `竢篠ｷﾂｷﾂｷﾂｷkey:ﾂｷ'visitReason',竢篠ｷﾂｷﾂｷﾂｷlabel:ﾂｷ'譚･髯｢逶ｮ逧・,竢篠ｷﾂｷﾂｷﾂｷtype:ﾂｷ'text',竢篠ｷﾂｷﾂｷﾂｷplaceholder:ﾂｷ'萓・ﾂｷ諷｢諤ｧ逧・↑閻ｰ逞・,竢篠ｷﾂｷ},`  prettier/prettier
18:71  Error: Delete `竦港  prettier/prettier
19:3  Error: Delete `竦港  prettier/prettier
20:1  Error: Delete `竦港  prettier/prettier
21:44  Error: Delete `竦港  prettier/prettier
22:72  Error: Delete `竦港  prettier/prettier
23:25  Error: Delete `竦港  prettier/prettier
24:16  Error: Delete `竦港  prettier/prettier
25:10  Error: Delete `竦港  prettier/prettier
26:1  Error: Delete `竦港  prettier/prettier
27:18  Error: Delete `竦港  prettier/prettier
28:20  Error: Delete `竦港  prettier/prettier
29:34  Error: Delete `竦港  prettier/prettier
30:21  Error: Delete `竦港  prettier/prettier
31:52  Error: Delete `竦港  prettier/prettier
32:24  Error: Delete `竦港  prettier/prettier
33:18  Error: Delete `竦港  prettier/prettier
34:25  Error: Delete `竦港  prettier/prettier
35:24  Error: Delete `竦港  prettier/prettier
36:26  Error: Delete `竦港  prettier/prettier
37:19  Error: Delete `竦港  prettier/prettier
38:5  Error: Delete `竦港  prettier/prettier
39:31  Error: Delete `竦港  prettier/prettier
40:2  Error: Delete `竦港  prettier/prettier
41:1  Error: Delete `竦港  prettier/prettier
42:51  Error: Replace `ﾂｷclinicId,ﾂｷresources,ﾂｷmenus,ﾂｷonSuccess,ﾂｷonCancel,ﾂｷinitialData,ﾂｷappointmentsﾂｷ})ﾂｷ=>ﾂｷ{竦港 with `竢篠ｷﾂｷclinicId,竢篠ｷﾂｷresources,竢篠ｷﾂｷmenus,竢篠ｷﾂｷonSuccess,竢篠ｷﾂｷonCancel,竢篠ｷﾂｷinitialData,竢篠ｷﾂｷappointments,竢枝)ﾂｷ=>ﾂｷ{`  prettier/prettier
43:49  Error: Delete `竦港  prettier/prettier
44:73  Error: Delete `竦港  prettier/prettier
45:1  Error: Delete `ﾂｷﾂｷ竦港  prettier/prettier
46:29  Error: Delete `竦港  prettier/prettier
47:59  Error: Delete `竦港  prettier/prettier
48:1  Error: Delete `竦港  prettier/prettier
49:45  Error: Delete `竦港  prettier/prettier
50:67  Error: Delete `竦港  prettier/prettier
51:18  Error: Delete `竦港  prettier/prettier
52:19  Error: Delete `竦港  prettier/prettier
53:41  Error: Delete `竦港  prettier/prettier
54:45  Error: Delete `竦港  prettier/prettier
55:48  Error: Delete `竦港  prettier/prettier
56:32  Error: Delete `竦港  prettier/prettier
57:22  Error: Delete `竦港  prettier/prettier
58:15  Error: Delete `竦港  prettier/prettier
59:29  Error: Delete `竦港  prettier/prettier
60:27  Error: Delete `竦港  prettier/prettier
61:55  Error: Delete `竦港  prettier/prettier
62:6  Error: Delete `竦港  prettier/prettier
63:1  Error: Delete `竦港  prettier/prettier
64:20  Error: Delete `竦港  prettier/prettier
65:56  Error: Delete `竦港  prettier/prettier
66:71  Error: Delete `竦港  prettier/prettier
67:6  Error: Delete `竦港  prettier/prettier
68:40  Error: Delete `竦港  prettier/prettier
69:1  Error: Delete `竦港  prettier/prettier
70:20  Error: Delete `竦港  prettier/prettier
71:48  Error: Delete `竦港  prettier/prettier
72:63  Error: Delete `竦港  prettier/prettier
73:6  Error: Delete `竦港  prettier/prettier
74:32  Error: Delete `竦港  prettier/prettier
75:1  Error: Delete `竦港  prettier/prettier
76:32  Error: Replace `()ﾂｷ=>竦坂庶ﾂｷﾂｷﾂｷﾂｷmenus.find(menuﾂｷ=>ﾂｷmenu.idﾂｷ===ﾂｷformData.menuId),竦港 with `竢篠ｷﾂｷﾂｷﾂｷ()ﾂｷ=>ﾂｷmenus.find(menuﾂｷ=>ﾂｷmenu.idﾂｷ===ﾂｷformData.menuId),`  prettier/prettier
78:29  Error: Delete `竦港  prettier/prettier
79:5  Error: Delete `竦港  prettier/prettier
80:1  Error: Delete `竦港  prettier/prettier
81:56  Error: Delete `竦港  prettier/prettier
82:55  Error: Replace `optionﾂｷ=>ﾂｷoption.isActive);竦港 with `竢篠ｷﾂｷﾂｷﾂｷﾂｷﾂｷoptionﾂｷ=>ﾂｷoption.isActive竢篠ｷﾂｷﾂｷﾂｷ);`  prettier/prettier
83:13  Error: Delete `竦港  prettier/prettier
84:8  Error: Replace `ﾂｷid:ﾂｷ'none',ﾂｷname:ﾂｷ'\u306a\u3057',ﾂｷpriceDelta:ﾂｷ0,ﾂｷdurationDeltaMinutes:ﾂｷ0ﾂｷ},竦港 with `竢篠ｷﾂｷﾂｷﾂｷﾂｷﾂｷﾂｷﾂｷid:ﾂｷ'none',竢篠ｷﾂｷﾂｷﾂｷﾂｷﾂｷﾂｷﾂｷname:ﾂｷ'\u306a\u3057',竢篠ｷﾂｷﾂｷﾂｷﾂｷﾂｷﾂｷﾂｷpriceDelta:ﾂｷ0,竢篠ｷﾂｷﾂｷﾂｷﾂｷﾂｷﾂｷﾂｷdurationDeltaMinutes:ﾂｷ0,竢篠ｷﾂｷﾂｷﾂｷﾂｷﾂｷ},`  prettier/prettier
85:15  Error: Delete `竦港  prettier/prettier
86:7  Error: Delete `竦港  prettier/prettier
87:22  Error: Delete `竦港  prettier/prettier
88:1  Error: Delete `竦港  prettier/prettier
89:67  Error: Delete `竦港  prettier/prettier
90:1  Error: Delete `竦港  prettier/prettier
91:20  Error: Delete `竦港  prettier/prettier
92:72  Error: Delete `竦港  prettier/prettier
93:60  Error: Delete `竦港  prettier/prettier
94:6  Error: Delete `竦港  prettier/prettier
95:40  Error: Delete `竦港  prettier/prettier
96:1  Error: Delete `竦港  prettier/prettier
97:52  Error: Delete `竦港  prettier/prettier
98:20  Error: Delete `竦港  prettier/prettier
99:60  Error: Delete `竦港  prettier/prettier
100:70  Error: Delete `竦港  prettier/prettier
101:1  Error: Delete `ﾂｷﾂｷﾂｷﾂｷ竦港  prettier/prettier
102:21  Error: Replace `ﾂｷ(menu?.durationMinutesﾂｷ||ﾂｷ0)ﾂｷ+ﾂｷ(option?.durationDeltaMinutesﾂｷ||ﾂｷ0);竦港 with `竢篠ｷﾂｷﾂｷﾂｷﾂｷﾂｷ(menu?.durationMinutesﾂｷ||ﾂｷ0)ﾂｷ+ﾂｷ(option?.durationDeltaMinutesﾂｷ||ﾂｷ0);`  prettier/prettier
103:1  Error: Delete `ﾂｷﾂｷﾂｷﾂｷ竦港  prettier/prettier
104:53  Error: Replace `formData.startHour,ﾂｷformData.startMinute,ﾂｷduration);竦港 with `竢篠ｷﾂｷﾂｷﾂｷﾂｷﾂｷformData.startHour,竢篠ｷﾂｷﾂｷﾂｷﾂｷﾂｷformData.startMinute,竢篠ｷﾂｷﾂｷﾂｷﾂｷﾂｷduration`  prettier/prettier
105:5  Error: Replace `竦港 with `);竢餐  prettier/prettier
106:54  Error: Delete `竦港  prettier/prettier
107:7  Error: Replace `formData.startHour,ﾂｷformData.startMinute,ﾂｷformData.menuId,ﾂｷformData.optionId,ﾂｷmenus,ﾂｷoptionItems]);竦港 with `竢篠ｷﾂｷﾂｷﾂｷformData.startHour,竢篠ｷﾂｷﾂｷﾂｷformData.startMinute,竢篠ｷﾂｷﾂｷﾂｷformData.menuId,竢篠ｷﾂｷﾂｷﾂｷformData.optionId,竢篠ｷﾂｷﾂｷﾂｷmenus,竢篠ｷﾂｷﾂｷﾂｷoptionItems,竢篠ｷﾂｷ]);`  prettier/prettier
108:1  Error: Delete `竦坂庶竦港  prettier/prettier
110:55  Error: Delete `竦港  prettier/prettier
111:24  Error: Delete `竦港  prettier/prettier
112:27  Error: Delete `竦港  prettier/prettier
113:1  Error: Delete `ﾂｷﾂｷﾂｷﾂｷ竦港  prettier/prettier
114:26  Error: Delete `竦港  prettier/prettier
115:40  Error: Replace `formData.startHour,ﾂｷformData.startMinute);竦港 with `竢篠ｷﾂｷﾂｷﾂｷﾂｷﾂｷformData.startHour,竢篠ｷﾂｷﾂｷﾂｷﾂｷﾂｷformData.startMinute竢篠ｷﾂｷﾂｷﾂｷ);`  prettier/prettier
116:68  Error: Delete `竦港  prettier/prettier
117:1  Error: Delete `竦港  prettier/prettier
118:49  Error: Delete `竦港  prettier/prettier
119:1  Error: Replace `ﾂｷﾂｷﾂｷﾂｷﾂｷﾂｷﾂｷﾂｷ//ﾂｷMustﾂｷmatchﾂｷdate竦港 with `ﾂｷﾂｷﾂｷﾂｷﾂｷﾂｷ//ﾂｷMustﾂｷmatchﾂｷdate`  prettier/prettier
120:7  Error: Replace `ﾂｷﾂｷifﾂｷ(a.dateﾂｷ!==ﾂｷformData.date)ﾂｷreturnﾂｷfalse;竦港 with `ifﾂｷ(a.dateﾂｷ!==ﾂｷformData.date)ﾂｷreturnﾂｷfalse;`  prettier/prettier
121:1  Error: Replace `ﾂｷﾂｷﾂｷﾂｷﾂｷﾂｷﾂｷﾂｷ//ﾂｷMustﾂｷmatchﾂｷresource竦港 with `ﾂｷﾂｷﾂｷﾂｷﾂｷﾂｷ//ﾂｷMustﾂｷmatchﾂｷresource`  prettier/prettier
122:1  Error: Replace `ﾂｷﾂｷﾂｷﾂｷﾂｷﾂｷﾂｷﾂｷifﾂｷ(a.resourceIdﾂｷ!==ﾂｷformData.resourceId)ﾂｷreturnﾂｷfalse;竦港 with `ﾂｷﾂｷﾂｷﾂｷﾂｷﾂｷifﾂｷ(a.resourceIdﾂｷ!==ﾂｷformData.resourceId)ﾂｷreturnﾂｷfalse;`  prettier/prettier
123:7  Error: Replace `ﾂｷﾂｷifﾂｷ(a.statusﾂｷ===ﾂｷ'cancelled'ﾂｷ||ﾂｷa.statusﾂｷ===ﾂｷ'no_show')ﾂｷreturnﾂｷfalse;竦港 with `ifﾂｷ(a.statusﾂｷ===ﾂｷ'cancelled'ﾂｷ||ﾂｷa.statusﾂｷ===ﾂｷ'no_show')ﾂｷreturnﾂｷfalse;`  prettier/prettier
124:1  Error: Delete `竦港  prettier/prettier
125:7  Error: Replace `ﾂｷﾂｷconstﾂｷaStartMinsﾂｷ=ﾂｷtimeToMinutes(a.startHour,ﾂｷa.startMinute);竦港 with `constﾂｷaStartMinsﾂｷ=ﾂｷtimeToMinutes(a.startHour,ﾂｷa.startMinute);`  prettier/prettier
126:1  Error: Replace `ﾂｷﾂｷﾂｷﾂｷﾂｷﾂｷﾂｷﾂｷconstﾂｷaEndMinsﾂｷ=ﾂｷtimeToMinutes(a.endHour,ﾂｷa.endMinute);竦港 with `ﾂｷﾂｷﾂｷﾂｷﾂｷﾂｷconstﾂｷaEndMinsﾂｷ=ﾂｷtimeToMinutes(a.endHour,ﾂｷa.endMinute);`  prettier/prettier
127:1  Error: Delete `竦港  prettier/prettier
128:1  Error: Replace `ﾂｷﾂｷﾂｷﾂｷﾂｷﾂｷﾂｷﾂｷreturnﾂｷhasTimeConflict(newStartMins,ﾂｷnewEndMins,ﾂｷaStartMins,ﾂｷaEndMins);竦港 with `ﾂｷﾂｷﾂｷﾂｷﾂｷﾂｷreturnﾂｷhasTimeConflict(newStartMins,ﾂｷnewEndMins,ﾂｷaStartMins,ﾂｷaEndMins);`  prettier/prettier
129:8  Error: Delete `竦港  prettier/prettier
130:1  Error: Delete `竦港  prettier/prettier
131:23  Error: Delete `竦港  prettier/prettier
132:1  Error: Replace `ﾂｷﾂｷﾂｷﾂｷﾂｷﾂｷﾂｷﾂｷsetErrorMessage('謖・ｮ壹＆繧後◆譎る俣蟶ｯ縺ｫ縺ｯ縺吶〒縺ｫ莠育ｴ・′蜈･縺｣縺ｦ縺・∪縺吶・);竦港 with `ﾂｷﾂｷﾂｷﾂｷﾂｷﾂｷsetErrorMessage('謖・ｮ壹＆繧後◆譎る俣蟶ｯ縺ｫ縺ｯ縺吶〒縺ｫ莠育ｴ・′蜈･縺｣縺ｦ縺・∪縺吶・);`  prettier/prettier
133:1  Error: Replace `ﾂｷﾂｷﾂｷﾂｷﾂｷﾂｷﾂｷﾂｷreturn;竦港 with `ﾂｷﾂｷﾂｷﾂｷﾂｷﾂｷreturn;`  prettier/prettier
134:6  Error: Delete `竦港  prettier/prettier
135:1  Error: Delete `竦港  prettier/prettier
136:78  Error: Delete `竦港  prettier/prettier
137:51  Error: Delete `竦港  prettier/prettier
138:45  Error: Delete `竦港  prettier/prettier
139:44  Error: Delete `竦港  prettier/prettier
140:14  Error: Delete `竦港  prettier/prettier
141:6  Error: Delete `竦港  prettier/prettier
142:1  Error: Delete `竦港  prettier/prettier
143:57  Error: Delete `竦港  prettier/prettier
144:15  Error: Delete `竦港  prettier/prettier
145:26  Error: Delete `竦港  prettier/prettier
146:67  Error: Delete `竦港  prettier/prettier
147:7  Error: Delete `竦港  prettier/prettier
148:38  Error: Delete `竦港  prettier/prettier
149:45  Error: Delete `竦港  prettier/prettier
150:14  Error: Delete `竦港  prettier/prettier
151:6  Error: Delete `竦港  prettier/prettier
152:1  Error: Delete `竦港  prettier/prettier
153:49  Error: Delete `竦港  prettier/prettier
154:56  Error: Delete `竦港  prettier/prettier
155:61  Error: Delete `竦港  prettier/prettier
156:8  Error: Delete `竦港  prettier/prettier
157:7  Error: Delete `竦港  prettier/prettier
158:36  Error: Delete `竦港  prettier/prettier
159:79  Error: Delete `竦港  prettier/prettier
160:1  Error: Delete `竦港  prettier/prettier
161:78  Error: Delete `竦港  prettier/prettier
162:28  Error: Replace `ﾂｷselectedOptionﾂｷ&&ﾂｷselectedOption.idﾂｷ!==ﾂｷ'none'竦港 with `竢篠ｷﾂｷﾂｷﾂｷﾂｷﾂｷselectedOptionﾂｷ&&ﾂｷselectedOption.idﾂｷ!==ﾂｷ'none'`  prettier/prettier
163:7  Error: Replace `?ﾂｷ[{竦港 with `ﾂｷﾂｷ?ﾂｷ[竢篠ｷﾂｷﾂｷﾂｷﾂｷﾂｷﾂｷﾂｷﾂｷﾂｷﾂｷﾂｷ{`  prettier/prettier
164:1  Error: Replace `ﾂｷﾂｷﾂｷﾂｷﾂｷﾂｷﾂｷﾂｷﾂｷﾂｷoptionId:ﾂｷselectedOption.id,竦港 with `ﾂｷﾂｷﾂｷﾂｷﾂｷﾂｷﾂｷﾂｷﾂｷﾂｷﾂｷﾂｷﾂｷﾂｷoptionId:ﾂｷselectedOption.id,`  prettier/prettier
165:1  Error: Replace `ﾂｷﾂｷﾂｷﾂｷﾂｷﾂｷﾂｷﾂｷﾂｷﾂｷname:ﾂｷselectedOption.name,竦港 with `ﾂｷﾂｷﾂｷﾂｷﾂｷﾂｷﾂｷﾂｷﾂｷﾂｷﾂｷﾂｷﾂｷﾂｷname:ﾂｷselectedOption.name,`  prettier/prettier
166:1  Error: Replace `ﾂｷﾂｷﾂｷﾂｷﾂｷﾂｷﾂｷﾂｷﾂｷﾂｷpriceDelta:ﾂｷselectedOption.priceDeltaﾂｷ??ﾂｷ0,竦港 with `ﾂｷﾂｷﾂｷﾂｷﾂｷﾂｷﾂｷﾂｷﾂｷﾂｷﾂｷﾂｷﾂｷﾂｷpriceDelta:ﾂｷselectedOption.priceDeltaﾂｷ??ﾂｷ0,`  prettier/prettier
167:1  Error: Replace `ﾂｷﾂｷﾂｷﾂｷﾂｷﾂｷﾂｷﾂｷﾂｷﾂｷdurationDeltaMinutes:ﾂｷselectedOption.durationDeltaMinutesﾂｷ??ﾂｷ0,竦港 with `ﾂｷﾂｷﾂｷﾂｷﾂｷﾂｷﾂｷﾂｷﾂｷﾂｷﾂｷﾂｷﾂｷﾂｷdurationDeltaMinutes:ﾂｷselectedOption.durationDeltaMinutesﾂｷ??ﾂｷ0,`  prettier/prettier
168:9  Error: Replace `}]竦港 with `ﾂｷﾂｷﾂｷﾂｷ},竢篠ｷﾂｷﾂｷﾂｷﾂｷﾂｷﾂｷﾂｷﾂｷﾂｷ]`  prettier/prettier
169:1  Error: Replace `ﾂｷﾂｷﾂｷﾂｷﾂｷﾂｷ:ﾂｷ[];竦港 with `ﾂｷﾂｷﾂｷﾂｷﾂｷﾂｷﾂｷﾂｷ:ﾂｷ[];`  prettier/prettier
170:1  Error: Delete `竦港  prettier/prettier
171:22  Error: Delete `竦港  prettier/prettier
172:10  Error: Delete `竦港  prettier/prettier
173:73  Error: Delete `竦港  prettier/prettier
174:46  Error: Replace `customerﾂｷ=>ﾂｷcustomer.phoneﾂｷ===ﾂｷnormalizedPhone);竦港 with `竢篠ｷﾂｷﾂｷﾂｷﾂｷﾂｷﾂｷﾂｷcustomerﾂｷ=>ﾂｷcustomer.phoneﾂｷ===ﾂｷnormalizedPhone竢篠ｷﾂｷﾂｷﾂｷﾂｷﾂｷ);`  prettier/prettier
175:39  Error: Delete `竦港  prettier/prettier
176:65  Error: Delete `竦港  prettier/prettier
177:33  Error: Delete `竦港  prettier/prettier
178:22  Error: Delete `竦港  prettier/prettier
179:32  Error: Delete `竦港  prettier/prettier
180:36  Error: Delete `竦港  prettier/prettier
181:55  Error: Delete `竦港  prettier/prettier
182:14  Error: Delete `竦港  prettier/prettier
183:1  Error: Delete `竦港  prettier/prettier
184:49  Error: Delete `竦港  prettier/prettier
185:74  Error: Delete `竦港  prettier/prettier
186:51  Error: Delete `竦港  prettier/prettier
187:64  Error: Delete `竦港  prettier/prettier
188:1  Error: Delete `竦港  prettier/prettier
189:52  Error: Delete `竦港  prettier/prettier
190:18  Error: Delete `竦港  prettier/prettier
191:33  Error: Delete `竦港  prettier/prettier
192:33  Error: Delete `竦港  prettier/prettier
193:38  Error: Delete `竦港  prettier/prettier
194:19  Error: Delete `竦港  prettier/prettier
195:30  Error: Delete `竦港  prettier/prettier
196:26  Error: Delete `竦港  prettier/prettier
197:25  Error: Delete `竦港  prettier/prettier
198:10  Error: Delete `竦港  prettier/prettier
199:1  Error: Delete `竦港  prettier/prettier
200:65  Error: Delete `竦港  prettier/prettier
201:43  Error: Replace `rﾂｷ=>ﾂｷr.idﾂｷ===ﾂｷformData.resourceId)?.name;竦港 with `竢篠ｷﾂｷﾂｷﾂｷﾂｷﾂｷﾂｷﾂｷrﾂｷ=>ﾂｷr.idﾂｷ===ﾂｷformData.resourceId竢篠ｷﾂｷﾂｷﾂｷﾂｷﾂｷ)?.name;`  prettier/prettier
202:72  Error: Delete `竦港  prettier/prettier
203:1  Error: Delete `竦港  prettier/prettier
204:18  Error: Delete `竦港  prettier/prettier
205:28  Error: Delete `竦港  prettier/prettier
206:41  Error: Delete `竦港  prettier/prettier
207:29  Error: Delete `竦港  prettier/prettier
208:39  Error: Delete `竦港  prettier/prettier
209:43  Error: Delete `竦港  prettier/prettier
210:31  Error: Delete `竦港  prettier/prettier
211:35  Error: Delete `竦港  prettier/prettier
212:28  Error: Delete `竦港  prettier/prettier
213:37  Error: Delete `竦港  prettier/prettier
214:39  Error: Delete `竦港  prettier/prettier
215:33  Error: Delete `竦港  prettier/prettier
216:18  Error: Replace `ﾂｷselectedOption?.idﾂｷ===ﾂｷ'none'ﾂｷ?ﾂｷundefinedﾂｷ:ﾂｷselectedOption?.id,竦港 with `竢篠ｷﾂｷﾂｷﾂｷﾂｷﾂｷﾂｷﾂｷﾂｷﾂｷselectedOption?.idﾂｷ===ﾂｷ'none'ﾂｷ?ﾂｷundefinedﾂｷ:ﾂｷselectedOption?.id,`  prettier/prettier
217:28  Error: Delete `竦港  prettier/prettier
218:24  Error: Delete `竦港  prettier/prettier
219:31  Error: Delete `竦港  prettier/prettier
220:53  Error: Delete `竦港  prettier/prettier
221:33  Error: Delete `竦港  prettier/prettier
222:38  Error: Delete `竦港  prettier/prettier
223:18  Error: Delete `竦港  prettier/prettier
224:33  Error: Delete `竦港  prettier/prettier
225:25  Error: Delete `竦港  prettier/prettier
226:10  Error: Delete `竦港  prettier/prettier
227:20  Error: Delete `竦港  prettier/prettier
228:23  Error: Replace `errﾂｷinstanceofﾂｷErrorﾂｷ?ﾂｷerr.messageﾂｷ:ﾂｷ'\u4e88\u7d04\u306e\u4f5c\u6210\u306b\u5931\u6557\u3057\u307e\u3057\u305f');竦港 with `竢篠ｷﾂｷﾂｷﾂｷﾂｷﾂｷﾂｷﾂｷerrﾂｷinstanceofﾂｷError竢篠ｷﾂｷﾂｷﾂｷﾂｷﾂｷﾂｷﾂｷﾂｷﾂｷ?ﾂｷerr.message竢篠ｷﾂｷﾂｷﾂｷﾂｷﾂｷﾂｷﾂｷﾂｷﾂｷ:ﾂｷ'\u4e88\u7d04\u306e\u4f5c\u6210\u306b\u5931\u6557\u3057\u307e\u3057\u305f'竢篠ｷﾂｷﾂｷﾂｷﾂｷﾂｷ);`  prettier/prettier
229:16  Error: Delete `竦港  prettier/prettier
230:25  Error: Delete `竦港  prettier/prettier
231:6  Error: Delete `竦港  prettier/prettier
232:5  Error: Delete `竦港  prettier/prettier
233:1  Error: Delete `竦港  prettier/prettier
234:52  Warning: Unexpected any. Specify a different type.  @typescript-eslint/no-explicit-any
234:61  Error: Delete `竦港  prettier/prettier
235:56  Error: Delete `竦港  prettier/prettier
236:5  Error: Delete `竦港  prettier/prettier
237:1  Error: Delete `竦港  prettier/prettier
238:72  Error: Delete `竦港  prettier/prettier
239:27  Error: Delete `竦港  prettier/prettier
240:15  Error: Delete `竦港  prettier/prettier
241:26  Error: Delete `竦港  prettier/prettier
242:34  Error: Delete `竦港  prettier/prettier
243:22  Error: Delete `竦港  prettier/prettier
244:9  Error: Delete `竦港  prettier/prettier
245:9  Error: Delete `竦港  prettier/prettier
246:5  Error: Delete `竦港  prettier/prettier
247:1  Error: Delete `竦港  prettier/prettier
248:11  Error: Delete `竦港  prettier/prettier
249:20  Error: Replace `"max-w-2xlﾂｷmx-autoﾂｷp-4ﾂｷsm:p-6ﾂｷbg-whiteﾂｷshadow-lgﾂｷrounded-lgﾂｷborderﾂｷborder-gray-200ﾂｷmt-4ﾂｷsm:mt-8ﾂｷanimate-inﾂｷfade-inﾂｷslide-in-from-bottom-4ﾂｷduration-300">竦港 with `'max-w-2xlﾂｷmx-autoﾂｷp-4ﾂｷsm:p-6ﾂｷbg-whiteﾂｷshadow-lgﾂｷrounded-lgﾂｷborderﾂｷborder-gray-200ﾂｷmt-4ﾂｷsm:mt-8ﾂｷanimate-inﾂｷfade-inﾂｷslide-in-from-bottom-4ﾂｷduration-300'>`  prettier/prettier
250:21  Error: Replace `"text-xlﾂｷfont-boldﾂｷtext-gray-800ﾂｷmb-6ﾂｷpb-2ﾂｷborder-bﾂｷborder-gray-200">譁ｰ隕丈ｺ育ｴ・匳骭ｲ</h2>竦港 with `'text-xlﾂｷfont-boldﾂｷtext-gray-800ﾂｷmb-6ﾂｷpb-2ﾂｷborder-bﾂｷborder-gray-200'>竢篠ｷﾂｷﾂｷﾂｷﾂｷﾂｷﾂｷﾂｷ譁ｰ隕丈ｺ育ｴ・匳骭ｲ竢篠ｷﾂｷﾂｷﾂｷﾂｷﾂｷ</h2>`  prettier/prettier
251:25  Error: Delete `竦港  prettier/prettier
252:13  Error: Replace `ﾂｷclassName="mb-4ﾂｷroundedﾂｷborderﾂｷborder-red-200ﾂｷbg-red-50ﾂｷpx-3ﾂｷpy-2ﾂｷtext-smﾂｷtext-red-700"ﾂｷrole="alert">竦港 with `竢篠ｷﾂｷﾂｷﾂｷﾂｷﾂｷﾂｷﾂｷﾂｷﾂｷclassName='mb-4ﾂｷroundedﾂｷborderﾂｷborder-red-200ﾂｷbg-red-50ﾂｷpx-3ﾂｷpy-2ﾂｷtext-smﾂｷtext-red-700'竢篠ｷﾂｷﾂｷﾂｷﾂｷﾂｷﾂｷﾂｷﾂｷﾂｷrole='alert'竢篠ｷﾂｷﾂｷﾂｷﾂｷﾂｷﾂｷﾂｷ>`  prettier/prettier
253:25  Error: Delete `竦港  prettier/prettier
254:15  Error: Delete `竦港  prettier/prettier
255:9  Error: Delete `竦港  prettier/prettier
256:1  Error: Delete `ﾂｷﾂｷﾂｷﾂｷﾂｷﾂｷ竦港  prettier/prettier
257:47  Error: Replace `"space-y-6">竦坂庶ﾂｷﾂｷﾂｷﾂｷﾂｷﾂｷﾂｷﾂｷ竦港 with `'space-y-6'>`  prettier/prettier
259:28  Error: Delete `竦港  prettier/prettier
260:24  Error: Replace `"mt-4">竦港 with `'mt-4'>`  prettier/prettier
261:11  Error: A form label must be associated with a control.  jsx-a11y/label-has-associated-control
261:28  Error: Replace `"blockﾂｷtext-smﾂｷfont-mediumﾂｷtext-gray-700ﾂｷmb-1">髮ｻ隧ｱ逡ｪ蜿ｷ</label>竦港 with `'blockﾂｷtext-smﾂｷfont-mediumﾂｷtext-gray-700ﾂｷmb-1'>竢篠ｷﾂｷﾂｷﾂｷﾂｷﾂｷﾂｷﾂｷﾂｷﾂｷﾂｷﾂｷ髮ｻ隧ｱ逡ｪ蜿ｷ竢篠ｷﾂｷﾂｷﾂｷﾂｷﾂｷﾂｷﾂｷﾂｷﾂｷ</label>`  prettier/prettier
262:17  Error: Delete `竦港  prettier/prettier
263:18  Error: Replace `"text"竦港 with `'text'`  prettier/prettier
264:21  Error: Delete `竦港  prettier/prettier
265:35  Error: Delete `竦港  prettier/prettier
266:23  Error: Replace `(e)ﾂｷ=>ﾂｷhandleInputChange('phone',ﾂｷe.target.value)}竦港 with `eﾂｷ=>ﾂｷhandleInputChange('phone',ﾂｷe.target.value)}`  prettier/prettier
267:23  Error: Replace `"blockﾂｷw-fullﾂｷshadow-smﾂｷfocus:ring-sky-500ﾂｷfocus:border-sky-500ﾂｷsm:text-smﾂｷborder-gray-300ﾂｷrounded-mdﾂｷborderﾂｷp-2"竦港 with `'blockﾂｷw-fullﾂｷshadow-smﾂｷfocus:ring-sky-500ﾂｷfocus:border-sky-500ﾂｷsm:text-smﾂｷborder-gray-300ﾂｷrounded-mdﾂｷborderﾂｷp-2'`  prettier/prettier
268:25  Error: Replace `"090-1234-5678"竦港 with `'090-1234-5678'`  prettier/prettier
269:13  Error: Delete `竦港  prettier/prettier
270:15  Error: Delete `竦港  prettier/prettier
271:14  Error: Delete `竦港  prettier/prettier
272:11  Error: A form label must be associated with a control.  jsx-a11y/label-has-associated-control
272:28  Error: Replace `"blockﾂｷtext-smﾂｷfont-mediumﾂｷtext-gray-700ﾂｷmb-1">縺雁錐蜑・/label>竦港 with `'blockﾂｷtext-smﾂｷfont-mediumﾂｷtext-gray-700ﾂｷmb-1'>竢篠ｷﾂｷﾂｷﾂｷﾂｷﾂｷﾂｷﾂｷﾂｷﾂｷﾂｷﾂｷ縺雁錐蜑坂庶ﾂｷﾂｷﾂｷﾂｷﾂｷﾂｷﾂｷﾂｷﾂｷﾂｷ</label>`  prettier/prettier
273:26  Error: Replace `"gridﾂｷgrid-cols-1ﾂｷsm:grid-cols-2ﾂｷgap-4">竦港 with `'gridﾂｷgrid-cols-1ﾂｷsm:grid-cols-2ﾂｷgap-4'>`  prettier/prettier
274:1  Error: Replace `ﾂｷﾂｷﾂｷﾂｷﾂｷﾂｷﾂｷﾂｷﾂｷﾂｷﾂｷﾂｷﾂｷ<div>竦港 with `ﾂｷﾂｷﾂｷﾂｷﾂｷﾂｷﾂｷﾂｷﾂｷﾂｷﾂｷﾂｷ<div>`  prettier/prettier
275:1  Error: Replace `ﾂｷﾂｷﾂｷﾂｷﾂｷﾂｷﾂｷﾂｷﾂｷﾂｷﾂｷﾂｷﾂｷﾂｷﾂｷﾂｷ<input竦港 with `ﾂｷﾂｷﾂｷﾂｷﾂｷﾂｷﾂｷﾂｷﾂｷﾂｷﾂｷﾂｷﾂｷﾂｷ<input`  prettier/prettier
276:1  Error: Replace `ﾂｷﾂｷﾂｷﾂｷﾂｷﾂｷﾂｷﾂｷﾂｷﾂｷﾂｷﾂｷﾂｷﾂｷﾂｷﾂｷﾂｷﾂｷﾂｷﾂｷtype="text"竦港 with `ﾂｷﾂｷﾂｷﾂｷﾂｷﾂｷﾂｷﾂｷﾂｷﾂｷﾂｷﾂｷﾂｷﾂｷﾂｷﾂｷtype='text'`  prettier/prettier
277:1  Error: Replace `ﾂｷﾂｷﾂｷﾂｷﾂｷﾂｷﾂｷﾂｷﾂｷﾂｷﾂｷﾂｷﾂｷﾂｷﾂｷﾂｷﾂｷﾂｷﾂｷﾂｷrequired竦港 with `ﾂｷﾂｷﾂｷﾂｷﾂｷﾂｷﾂｷﾂｷﾂｷﾂｷﾂｷﾂｷﾂｷﾂｷﾂｷﾂｷrequired`  prettier/prettier
278:17  Error: Replace `ﾂｷﾂｷﾂｷﾂｷvalue={formData.lastName}竦港 with `value={formData.lastName}`  prettier/prettier
279:1  Error: Replace `ﾂｷﾂｷﾂｷﾂｷﾂｷﾂｷﾂｷﾂｷﾂｷﾂｷﾂｷﾂｷﾂｷﾂｷﾂｷﾂｷﾂｷﾂｷﾂｷﾂｷonChange={(e)ﾂｷ=>ﾂｷhandleInputChange('lastName',ﾂｷe.target.value)}竦港 with `ﾂｷﾂｷﾂｷﾂｷﾂｷﾂｷﾂｷﾂｷﾂｷﾂｷﾂｷﾂｷﾂｷﾂｷﾂｷﾂｷonChange={eﾂｷ=>ﾂｷhandleInputChange('lastName',ﾂｷe.target.value)}`  prettier/prettier
280:1  Error: Replace `ﾂｷﾂｷﾂｷﾂｷﾂｷﾂｷﾂｷﾂｷﾂｷﾂｷﾂｷﾂｷﾂｷﾂｷﾂｷﾂｷﾂｷﾂｷﾂｷﾂｷclassName="blockﾂｷw-fullﾂｷshadow-smﾂｷfocus:ring-sky-500ﾂｷfocus:border-sky-500ﾂｷsm:text-smﾂｷborder-gray-300ﾂｷrounded-mdﾂｷborderﾂｷp-2"竦港 with `ﾂｷﾂｷﾂｷﾂｷﾂｷﾂｷﾂｷﾂｷﾂｷﾂｷﾂｷﾂｷﾂｷﾂｷﾂｷﾂｷclassName='blockﾂｷw-fullﾂｷshadow-smﾂｷfocus:ring-sky-500ﾂｷfocus:border-sky-500ﾂｷsm:text-smﾂｷborder-gray-300ﾂｷrounded-mdﾂｷborderﾂｷp-2'`  prettier/prettier
281:1  Error: Replace `ﾂｷﾂｷﾂｷﾂｷﾂｷﾂｷﾂｷﾂｷﾂｷﾂｷﾂｷﾂｷﾂｷﾂｷﾂｷﾂｷﾂｷﾂｷﾂｷﾂｷplaceholder="蟋督ｷ(萓・ﾂｷ螻ｱ逕ｰ)"竦港 with `ﾂｷﾂｷﾂｷﾂｷﾂｷﾂｷﾂｷﾂｷﾂｷﾂｷﾂｷﾂｷﾂｷﾂｷﾂｷﾂｷplaceholder='蟋督ｷ(萓・ﾂｷ螻ｱ逕ｰ)'`  prettier/prettier
282:1  Error: Replace `ﾂｷﾂｷﾂｷﾂｷﾂｷﾂｷﾂｷﾂｷﾂｷﾂｷﾂｷﾂｷﾂｷﾂｷﾂｷﾂｷ/>竦港 with `ﾂｷﾂｷﾂｷﾂｷﾂｷﾂｷﾂｷﾂｷﾂｷﾂｷﾂｷﾂｷﾂｷﾂｷ/>`  prettier/prettier
283:1  Error: Replace `ﾂｷﾂｷﾂｷﾂｷﾂｷﾂｷﾂｷﾂｷﾂｷﾂｷﾂｷﾂｷﾂｷ</div>竦港 with `ﾂｷﾂｷﾂｷﾂｷﾂｷﾂｷﾂｷﾂｷﾂｷﾂｷﾂｷﾂｷ</div>`  prettier/prettier
284:1  Error: Replace `ﾂｷﾂｷﾂｷﾂｷﾂｷﾂｷﾂｷﾂｷﾂｷﾂｷﾂｷﾂｷﾂｷ<div>竦港 with `ﾂｷﾂｷﾂｷﾂｷﾂｷﾂｷﾂｷﾂｷﾂｷﾂｷﾂｷﾂｷ<div>`  prettier/prettier
285:1  Error: Replace `ﾂｷﾂｷﾂｷﾂｷﾂｷﾂｷﾂｷﾂｷﾂｷﾂｷﾂｷﾂｷﾂｷﾂｷﾂｷﾂｷ<input竦港 with `ﾂｷﾂｷﾂｷﾂｷﾂｷﾂｷﾂｷﾂｷﾂｷﾂｷﾂｷﾂｷﾂｷﾂｷ<input`  prettier/prettier
286:1  Error: Replace `ﾂｷﾂｷﾂｷﾂｷﾂｷﾂｷﾂｷﾂｷﾂｷﾂｷﾂｷﾂｷﾂｷﾂｷﾂｷﾂｷﾂｷﾂｷﾂｷﾂｷtype="text"竦港 with `ﾂｷﾂｷﾂｷﾂｷﾂｷﾂｷﾂｷﾂｷﾂｷﾂｷﾂｷﾂｷﾂｷﾂｷﾂｷﾂｷtype='text'`  prettier/prettier
287:1  Error: Replace `ﾂｷﾂｷﾂｷﾂｷﾂｷﾂｷﾂｷﾂｷﾂｷﾂｷﾂｷﾂｷﾂｷﾂｷﾂｷﾂｷﾂｷﾂｷﾂｷﾂｷrequired竦港 with `ﾂｷﾂｷﾂｷﾂｷﾂｷﾂｷﾂｷﾂｷﾂｷﾂｷﾂｷﾂｷﾂｷﾂｷﾂｷﾂｷrequired`  prettier/prettier
288:17  Error: Replace `ﾂｷﾂｷﾂｷﾂｷvalue={formData.firstName}竦港 with `value={formData.firstName}`  prettier/prettier
289:1  Error: Replace `ﾂｷﾂｷﾂｷﾂｷﾂｷﾂｷﾂｷﾂｷﾂｷﾂｷﾂｷﾂｷﾂｷﾂｷﾂｷﾂｷﾂｷﾂｷﾂｷﾂｷonChange={(e)ﾂｷ=>ﾂｷhandleInputChange('firstName',ﾂｷe.target.value)}竦港 with `ﾂｷﾂｷﾂｷﾂｷﾂｷﾂｷﾂｷﾂｷﾂｷﾂｷﾂｷﾂｷﾂｷﾂｷﾂｷﾂｷonChange={eﾂｷ=>ﾂｷhandleInputChange('firstName',ﾂｷe.target.value)}`  prettier/prettier
290:1  Error: Replace `ﾂｷﾂｷﾂｷﾂｷﾂｷﾂｷﾂｷﾂｷﾂｷﾂｷﾂｷﾂｷﾂｷﾂｷﾂｷﾂｷﾂｷﾂｷﾂｷﾂｷclassName="blockﾂｷw-fullﾂｷshadow-smﾂｷfocus:ring-sky-500ﾂｷfocus:border-sky-500ﾂｷsm:text-smﾂｷborder-gray-300ﾂｷrounded-mdﾂｷborderﾂｷp-2"竦港 with `ﾂｷﾂｷﾂｷﾂｷﾂｷﾂｷﾂｷﾂｷﾂｷﾂｷﾂｷﾂｷﾂｷﾂｷﾂｷﾂｷclassName='blockﾂｷw-fullﾂｷshadow-smﾂｷfocus:ring-sky-500ﾂｷfocus:border-sky-500ﾂｷsm:text-smﾂｷborder-gray-300ﾂｷrounded-mdﾂｷborderﾂｷp-2'`  prettier/prettier
291:1  Error: Replace `ﾂｷﾂｷﾂｷﾂｷﾂｷﾂｷﾂｷﾂｷﾂｷﾂｷﾂｷﾂｷﾂｷﾂｷﾂｷﾂｷﾂｷﾂｷﾂｷﾂｷplaceholder="蜷債ｷ(萓・ﾂｷ螟ｪ驛・"竦港 with `ﾂｷﾂｷﾂｷﾂｷﾂｷﾂｷﾂｷﾂｷﾂｷﾂｷﾂｷﾂｷﾂｷﾂｷﾂｷﾂｷplaceholder='蜷債ｷ(萓・ﾂｷ螟ｪ驛・'`  prettier/prettier
292:1  Error: Replace `ﾂｷﾂｷﾂｷﾂｷﾂｷﾂｷﾂｷﾂｷﾂｷﾂｷﾂｷﾂｷﾂｷﾂｷﾂｷﾂｷ/>竦港 with `ﾂｷﾂｷﾂｷﾂｷﾂｷﾂｷﾂｷﾂｷﾂｷﾂｷﾂｷﾂｷﾂｷﾂｷ/>`  prettier/prettier
293:1  Error: Replace `ﾂｷﾂｷﾂｷﾂｷﾂｷﾂｷﾂｷﾂｷﾂｷﾂｷﾂｷﾂｷﾂｷ</div>竦港 with `ﾂｷﾂｷﾂｷﾂｷﾂｷﾂｷﾂｷﾂｷﾂｷﾂｷﾂｷﾂｷ</div>`  prettier/prettier
294:17  Error: Delete `竦港  prettier/prettier
295:15  Error: Delete `竦港  prettier/prettier
296:1  Error: Delete `竦港  prettier/prettier
297:14  Error: Delete `竦港  prettier/prettier
298:11  Error: A form label must be associated with a control.  jsx-a11y/label-has-associated-control
298:28  Error: Replace `"blockﾂｷtext-smﾂｷfont-mediumﾂｷtext-gray-700ﾂｷmb-2">繧ｫ繧ｹ繧ｿ繝螻樊ｧ</label>竦港 with `'blockﾂｷtext-smﾂｷfont-mediumﾂｷtext-gray-700ﾂｷmb-2'>竢篠ｷﾂｷﾂｷﾂｷﾂｷﾂｷﾂｷﾂｷﾂｷﾂｷﾂｷﾂｷ繧ｫ繧ｹ繧ｿ繝螻樊ｧ竢篠ｷﾂｷﾂｷﾂｷﾂｷﾂｷﾂｷﾂｷﾂｷﾂｷ</label>`  prettier/prettier
299:26  Error: Replace `"space-y-3">竦港 with `'space-y-3'>`  prettier/prettier
300:49  Error: Delete `竦港  prettier/prettier
301:36  Error: Delete `竦港  prettier/prettier
302:34  Error: Replace `"blockﾂｷtext-xsﾂｷfont-mediumﾂｷtext-gray-600ﾂｷmb-1">竦港 with `'blockﾂｷtext-xsﾂｷfont-mediumﾂｷtext-gray-600ﾂｷmb-1'>`  prettier/prettier
303:32  Error: Delete `竦港  prettier/prettier
304:37  Error: Replace `<spanﾂｷclassName="text-red-500ﾂｷml-1">*</span>ﾂｷ:ﾂｷnull}竦港 with `(竢篠ｷﾂｷﾂｷﾂｷﾂｷﾂｷﾂｷﾂｷﾂｷﾂｷﾂｷﾂｷﾂｷﾂｷﾂｷﾂｷﾂｷﾂｷﾂｷﾂｷ<spanﾂｷclassName='text-red-500ﾂｷml-1'>*</span>竢篠ｷﾂｷﾂｷﾂｷﾂｷﾂｷﾂｷﾂｷﾂｷﾂｷﾂｷﾂｷﾂｷﾂｷﾂｷﾂｷﾂｷﾂｷ)ﾂｷ:ﾂｷnull}`  prettier/prettier
305:25  Error: Delete `竦港  prettier/prettier
306:47  Error: Delete `竦港  prettier/prettier
307:28  Error: Delete `竦港  prettier/prettier
308:71  Error: Delete `竦港  prettier/prettier
309:31  Error: Replace `(e)ﾂｷ=>ﾂｷhandleCustomAttributeChange(field.key,ﾂｷe.target.value)}竦港 with `eﾂｷ=>竢篠ｷﾂｷﾂｷﾂｷﾂｷﾂｷﾂｷﾂｷﾂｷﾂｷﾂｷﾂｷﾂｷﾂｷﾂｷﾂｷﾂｷﾂｷﾂｷﾂｷﾂｷﾂｷhandleCustomAttributeChange(field.key,ﾂｷe.target.value)竢篠ｷﾂｷﾂｷﾂｷﾂｷﾂｷﾂｷﾂｷﾂｷﾂｷﾂｷﾂｷﾂｷﾂｷﾂｷﾂｷﾂｷﾂｷﾂｷﾂｷ}`  prettier/prettier
310:31  Error: Replace `"blockﾂｷw-fullﾂｷshadow-smﾂｷfocus:ring-sky-500ﾂｷfocus:border-sky-500ﾂｷsm:text-smﾂｷborder-gray-300ﾂｷrounded-mdﾂｷborderﾂｷp-2"竦港 with `'blockﾂｷw-fullﾂｷshadow-smﾂｷfocus:ring-sky-500ﾂｷfocus:border-sky-500ﾂｷsm:text-smﾂｷborder-gray-300ﾂｷrounded-mdﾂｷborderﾂｷp-2'`  prettier/prettier
311:52  Error: Delete `竦港  prettier/prettier
312:29  Error: Delete `竦港  prettier/prettier
313:21  Error: Delete `竦港  prettier/prettier
314:22  Error: Delete `竦港  prettier/prettier
315:25  Error: Delete `竦港  prettier/prettier
316:26  Error: Replace `"text"竦港 with `'text'`  prettier/prettier
317:71  Error: Delete `竦港  prettier/prettier
318:31  Error: Replace `(e)ﾂｷ=>ﾂｷhandleCustomAttributeChange(field.key,ﾂｷe.target.value)}竦港 with `eﾂｷ=>竢篠ｷﾂｷﾂｷﾂｷﾂｷﾂｷﾂｷﾂｷﾂｷﾂｷﾂｷﾂｷﾂｷﾂｷﾂｷﾂｷﾂｷﾂｷﾂｷﾂｷﾂｷﾂｷhandleCustomAttributeChange(field.key,ﾂｷe.target.value)竢篠ｷﾂｷﾂｷﾂｷﾂｷﾂｷﾂｷﾂｷﾂｷﾂｷﾂｷﾂｷﾂｷﾂｷﾂｷﾂｷﾂｷﾂｷﾂｷﾂｷ}`  prettier/prettier
319:31  Error: Replace `"blockﾂｷw-fullﾂｷshadow-smﾂｷfocus:ring-sky-500ﾂｷfocus:border-sky-500ﾂｷsm:text-smﾂｷborder-gray-300ﾂｷrounded-mdﾂｷborderﾂｷp-2"竦港 with `'blockﾂｷw-fullﾂｷshadow-smﾂｷfocus:ring-sky-500ﾂｷfocus:border-sky-500ﾂｷsm:text-smﾂｷborder-gray-300ﾂｷrounded-mdﾂｷborderﾂｷp-2'`  prettier/prettier
320:52  Error: Delete `竦港  prettier/prettier
321:21  Error: Delete `竦港  prettier/prettier
322:19  Error: Delete `竦港  prettier/prettier
323:21  Error: Delete `竦港  prettier/prettier
324:16  Error: Delete `竦港  prettier/prettier
325:17  Error: Delete `竦港  prettier/prettier
326:15  Error: Delete `竦港  prettier/prettier
327:1  Error: Delete `竦港  prettier/prettier
328:21  Error: Delete `竦港  prettier/prettier
329:14  Error: Delete `竦港  prettier/prettier
330:1  Error: Replace `ﾂｷﾂｷﾂｷﾂｷﾂｷﾂｷﾂｷﾂｷﾂｷﾂｷﾂｷﾂｷﾂｷ<labelﾂｷclassName="blockﾂｷtext-smﾂｷfont-mediumﾂｷtext-gray-700ﾂｷmb-1">譚･蠎玲律</label>竦港 with `ﾂｷﾂｷﾂｷﾂｷﾂｷﾂｷﾂｷﾂｷﾂｷﾂｷ<labelﾂｷclassName='blockﾂｷtext-smﾂｷfont-mediumﾂｷtext-gray-700ﾂｷmb-1'>竢篠ｷﾂｷﾂｷﾂｷﾂｷﾂｷﾂｷﾂｷﾂｷﾂｷﾂｷﾂｷ譚･蠎玲律竢篠ｷﾂｷﾂｷﾂｷﾂｷﾂｷﾂｷﾂｷﾂｷﾂｷ</label>`  prettier/prettier
330:14  Error: A form label must be associated with a control.  jsx-a11y/label-has-associated-control
331:1  Error: Replace `ﾂｷﾂｷﾂｷﾂｷﾂｷﾂｷﾂｷﾂｷﾂｷﾂｷﾂｷﾂｷﾂｷ<inputﾂｷ竦港 with `ﾂｷﾂｷﾂｷﾂｷﾂｷﾂｷﾂｷﾂｷﾂｷﾂｷ<input`  prettier/prettier
332:1  Error: Replace `ﾂｷﾂｷﾂｷﾂｷﾂｷﾂｷﾂｷﾂｷﾂｷﾂｷﾂｷﾂｷﾂｷﾂｷﾂｷﾂｷtype="date"竦港 with `ﾂｷﾂｷﾂｷﾂｷﾂｷﾂｷﾂｷﾂｷﾂｷﾂｷﾂｷﾂｷtype='date'`  prettier/prettier
333:1  Error: Replace `ﾂｷﾂｷﾂｷﾂｷﾂｷﾂｷﾂｷﾂｷﾂｷﾂｷﾂｷﾂｷﾂｷﾂｷﾂｷﾂｷrequired竦港 with `ﾂｷﾂｷﾂｷﾂｷﾂｷﾂｷﾂｷﾂｷﾂｷﾂｷﾂｷﾂｷrequired`  prettier/prettier
334:1  Error: Replace `ﾂｷﾂｷﾂｷﾂｷﾂｷﾂｷﾂｷﾂｷﾂｷﾂｷﾂｷﾂｷﾂｷﾂｷﾂｷﾂｷvalue={formData.date}竦港 with `ﾂｷﾂｷﾂｷﾂｷﾂｷﾂｷﾂｷﾂｷﾂｷﾂｷﾂｷﾂｷvalue={formData.date}`  prettier/prettier
335:1  Error: Replace `ﾂｷﾂｷﾂｷﾂｷﾂｷﾂｷﾂｷﾂｷﾂｷﾂｷﾂｷﾂｷﾂｷﾂｷﾂｷﾂｷonChange={(e)ﾂｷ=>ﾂｷhandleInputChange('date',ﾂｷe.target.value)}竦港 with `ﾂｷﾂｷﾂｷﾂｷﾂｷﾂｷﾂｷﾂｷﾂｷﾂｷﾂｷﾂｷonChange={eﾂｷ=>ﾂｷhandleInputChange('date',ﾂｷe.target.value)}`  prettier/prettier
336:1  Error: Replace `ﾂｷﾂｷﾂｷﾂｷﾂｷﾂｷﾂｷﾂｷﾂｷﾂｷﾂｷﾂｷﾂｷﾂｷﾂｷﾂｷclassName="blockﾂｷw-fullﾂｷshadow-smﾂｷfocus:ring-sky-500ﾂｷfocus:border-sky-500ﾂｷsm:text-smﾂｷborder-gray-300ﾂｷrounded-mdﾂｷborderﾂｷp-2"竦港 with `ﾂｷﾂｷﾂｷﾂｷﾂｷﾂｷﾂｷﾂｷﾂｷﾂｷﾂｷﾂｷclassName='blockﾂｷw-fullﾂｷshadow-smﾂｷfocus:ring-sky-500ﾂｷfocus:border-sky-500ﾂｷsm:text-smﾂｷborder-gray-300ﾂｷrounded-mdﾂｷborderﾂｷp-2'`  prettier/prettier
337:1  Error: Replace `ﾂｷﾂｷﾂｷﾂｷﾂｷﾂｷﾂｷﾂｷﾂｷﾂｷﾂｷﾂｷﾂｷ/>竦港 with `ﾂｷﾂｷﾂｷﾂｷﾂｷﾂｷﾂｷﾂｷﾂｷﾂｷ/>`  prettier/prettier
338:15  Error: Delete `竦港  prettier/prettier
339:1  Error: Delete `竦港  prettier/prettier
340:35  Error: Delete `竦港  prettier/prettier
341:14  Error: Delete `竦港  prettier/prettier
342:11  Error: A form label must be associated with a control.  jsx-a11y/label-has-associated-control
342:28  Error: Replace `"blockﾂｷtext-smﾂｷfont-mediumﾂｷtext-gray-700">諡・ｽ薙・險ｭ蛯・/label>竦港 with `'blockﾂｷtext-smﾂｷfont-mediumﾂｷtext-gray-700'>竢篠ｷﾂｷﾂｷﾂｷﾂｷﾂｷﾂｷﾂｷﾂｷﾂｷﾂｷﾂｷ諡・ｽ薙・險ｭ蛯吮庶ﾂｷﾂｷﾂｷﾂｷﾂｷﾂｷﾂｷﾂｷﾂｷﾂｷ</label>`  prettier/prettier
343:18  Error: Delete `竦港  prettier/prettier
344:40  Error: Delete `竦港  prettier/prettier
345:23  Error: Replace `(e)ﾂｷ=>ﾂｷhandleInputChange('resourceId',ﾂｷe.target.value)}竦港 with `eﾂｷ=>ﾂｷhandleInputChange('resourceId',ﾂｷe.target.value)}`  prettier/prettier
346:23  Error: Replace `"mt-1ﾂｷblockﾂｷw-fullﾂｷpl-3ﾂｷpr-10ﾂｷpy-2ﾂｷtext-baseﾂｷborder-gray-300ﾂｷfocus:outline-noneﾂｷfocus:ring-sky-500ﾂｷfocus:border-sky-500ﾂｷsm:text-smﾂｷrounded-mdﾂｷborder"竦港 with `'mt-1ﾂｷblockﾂｷw-fullﾂｷpl-3ﾂｷpr-10ﾂｷpy-2ﾂｷtext-baseﾂｷborder-gray-300ﾂｷfocus:outline-noneﾂｷfocus:ring-sky-500ﾂｷfocus:border-sky-500ﾂｷsm:text-smﾂｷrounded-mdﾂｷborder'`  prettier/prettier
347:12  Error: Delete `竦港  prettier/prettier
348:23  Error: Replace `.filter(rﾂｷ=>ﾂｷr.idﾂｷ!==ﾂｷ'separator').map(rﾂｷ=>ﾂｷ(竦港 with `竢篠ｷﾂｷﾂｷﾂｷﾂｷﾂｷﾂｷﾂｷﾂｷﾂｷﾂｷﾂｷﾂｷﾂｷ.filter(rﾂｷ=>ﾂｷr.idﾂｷ!==ﾂｷ'separator')竢篠ｷﾂｷﾂｷﾂｷﾂｷﾂｷﾂｷﾂｷﾂｷﾂｷﾂｷﾂｷﾂｷﾂｷ.map(rﾂｷ=>ﾂｷ(`  prettier/prettier
349:1  Error: Replace `ﾂｷﾂｷﾂｷﾂｷﾂｷﾂｷﾂｷﾂｷﾂｷﾂｷﾂｷﾂｷﾂｷﾂｷ<optionﾂｷkey={r.id}ﾂｷvalue={r.id}>{r.name}ﾂｷ{r.capacityﾂｷ?ﾂｷ`(${r.capacity})`ﾂｷ:ﾂｷ''}</option>竦港 with `ﾂｷﾂｷﾂｷﾂｷﾂｷﾂｷﾂｷﾂｷﾂｷﾂｷﾂｷﾂｷﾂｷﾂｷﾂｷﾂｷ<optionﾂｷkey={r.id}ﾂｷvalue={r.id}>竢篠ｷﾂｷﾂｷﾂｷﾂｷﾂｷﾂｷﾂｷﾂｷﾂｷﾂｷﾂｷﾂｷﾂｷﾂｷﾂｷﾂｷﾂｷ{r.name}ﾂｷ{r.capacityﾂｷ?ﾂｷ`(${r.capacity})`ﾂｷ:ﾂｷ''}竢篠ｷﾂｷﾂｷﾂｷﾂｷﾂｷﾂｷﾂｷﾂｷﾂｷﾂｷﾂｷﾂｷﾂｷﾂｷﾂｷ</option>`  prettier/prettier
350:1  Error: Replace `ﾂｷﾂｷﾂｷﾂｷﾂｷﾂｷﾂｷﾂｷﾂｷﾂｷﾂｷﾂｷ))}竦港 with `ﾂｷﾂｷﾂｷﾂｷﾂｷﾂｷﾂｷﾂｷﾂｷﾂｷﾂｷﾂｷﾂｷﾂｷ))}`  prettier/prettier
351:20  Error: Delete `竦港  prettier/prettier
352:15  Error: Delete `竦港  prettier/prettier
353:1  Error: Delete `竦港  prettier/prettier
354:31  Error: Delete `竦港  prettier/prettier
355:24  Error: Replace `"gridﾂｷgrid-cols-1ﾂｷmd:grid-cols-2ﾂｷgap-4">竦港 with `'gridﾂｷgrid-cols-1ﾂｷmd:grid-cols-2ﾂｷgap-4'>`  prettier/prettier
356:1  Error: Replace `ﾂｷﾂｷﾂｷﾂｷﾂｷﾂｷﾂｷﾂｷﾂｷﾂｷﾂｷﾂｷ<div>竦港 with `ﾂｷﾂｷﾂｷﾂｷﾂｷﾂｷﾂｷﾂｷﾂｷﾂｷ<div>`  prettier/prettier
357:13  Error: Replace `ﾂｷﾂｷﾂｷﾂｷ<labelﾂｷclassName="blockﾂｷtext-smﾂｷfont-mediumﾂｷtext-gray-700">繝｡繝九Η繝ｼ</label>竦港 with `<labelﾂｷclassName='blockﾂｷtext-smﾂｷfont-mediumﾂｷtext-gray-700'>竢篠ｷﾂｷﾂｷﾂｷﾂｷﾂｷﾂｷﾂｷﾂｷﾂｷﾂｷﾂｷﾂｷﾂｷ繝｡繝九Η繝ｼ竢篠ｷﾂｷﾂｷﾂｷﾂｷﾂｷﾂｷﾂｷﾂｷﾂｷﾂｷﾂｷ</label>`  prettier/prettier
357:17  Error: A form label must be associated with a control.  jsx-a11y/label-has-associated-control
358:1  Error: Replace `ﾂｷﾂｷﾂｷﾂｷﾂｷﾂｷﾂｷﾂｷﾂｷﾂｷﾂｷﾂｷﾂｷﾂｷﾂｷﾂｷ<select竦港 with `ﾂｷﾂｷﾂｷﾂｷﾂｷﾂｷﾂｷﾂｷﾂｷﾂｷﾂｷﾂｷ<select`  prettier/prettier
359:1  Error: Replace `ﾂｷﾂｷﾂｷﾂｷﾂｷﾂｷﾂｷﾂｷﾂｷﾂｷﾂｷﾂｷﾂｷﾂｷﾂｷﾂｷﾂｷﾂｷﾂｷﾂｷvalue={formData.menuId}竦港 with `ﾂｷﾂｷﾂｷﾂｷﾂｷﾂｷﾂｷﾂｷﾂｷﾂｷﾂｷﾂｷﾂｷﾂｷvalue={formData.menuId}`  prettier/prettier
360:1  Error: Replace `ﾂｷﾂｷﾂｷﾂｷﾂｷﾂｷﾂｷﾂｷﾂｷﾂｷﾂｷﾂｷﾂｷﾂｷﾂｷﾂｷﾂｷﾂｷﾂｷﾂｷonChange={(e)ﾂｷ=>ﾂｷhandleInputChange('menuId',ﾂｷe.target.value)}竦港 with `ﾂｷﾂｷﾂｷﾂｷﾂｷﾂｷﾂｷﾂｷﾂｷﾂｷﾂｷﾂｷﾂｷﾂｷonChange={eﾂｷ=>ﾂｷhandleInputChange('menuId',ﾂｷe.target.value)}`  prettier/prettier
361:1  Error: Replace `ﾂｷﾂｷﾂｷﾂｷﾂｷﾂｷﾂｷﾂｷﾂｷﾂｷﾂｷﾂｷﾂｷﾂｷﾂｷﾂｷﾂｷﾂｷﾂｷﾂｷclassName="mt-1ﾂｷblockﾂｷw-fullﾂｷpl-3ﾂｷpr-10ﾂｷpy-2ﾂｷtext-baseﾂｷborder-gray-300ﾂｷfocus:outline-noneﾂｷfocus:ring-sky-500ﾂｷfocus:border-sky-500ﾂｷsm:text-smﾂｷrounded-mdﾂｷborder"竦港 with `ﾂｷﾂｷﾂｷﾂｷﾂｷﾂｷﾂｷﾂｷﾂｷﾂｷﾂｷﾂｷﾂｷﾂｷclassName='mt-1ﾂｷblockﾂｷw-fullﾂｷpl-3ﾂｷpr-10ﾂｷpy-2ﾂｷtext-baseﾂｷborder-gray-300ﾂｷfocus:outline-noneﾂｷfocus:ring-sky-500ﾂｷfocus:border-sky-500ﾂｷsm:text-smﾂｷrounded-mdﾂｷborder'`  prettier/prettier
362:1  Error: Replace `ﾂｷﾂｷﾂｷﾂｷﾂｷﾂｷﾂｷﾂｷﾂｷﾂｷﾂｷﾂｷﾂｷﾂｷﾂｷﾂｷ>竦港 with `ﾂｷﾂｷﾂｷﾂｷﾂｷﾂｷﾂｷﾂｷﾂｷﾂｷﾂｷﾂｷ>`  prettier/prettier
363:1  Error: Replace `ﾂｷﾂｷﾂｷﾂｷﾂｷﾂｷﾂｷﾂｷﾂｷﾂｷﾂｷﾂｷﾂｷﾂｷﾂｷﾂｷﾂｷﾂｷﾂｷﾂｷ{menus.map(mﾂｷ=>ﾂｷ(竦港 with `ﾂｷﾂｷﾂｷﾂｷﾂｷﾂｷﾂｷﾂｷﾂｷﾂｷﾂｷﾂｷﾂｷﾂｷ{menus.map(mﾂｷ=>ﾂｷ(`  prettier/prettier
364:1  Error: Replace `ﾂｷﾂｷﾂｷﾂｷﾂｷﾂｷﾂｷﾂｷﾂｷﾂｷﾂｷﾂｷﾂｷﾂｷﾂｷﾂｷﾂｷﾂｷﾂｷﾂｷﾂｷﾂｷﾂｷﾂｷ<optionﾂｷkey={m.id}ﾂｷvalue={m.id}>{m.name}ﾂｷ({m.durationMinutes}蛻・</option>竦港 with `ﾂｷﾂｷﾂｷﾂｷﾂｷﾂｷﾂｷﾂｷﾂｷﾂｷﾂｷﾂｷﾂｷﾂｷﾂｷﾂｷ<optionﾂｷkey={m.id}ﾂｷvalue={m.id}>竢篠ｷﾂｷﾂｷﾂｷﾂｷﾂｷﾂｷﾂｷﾂｷﾂｷﾂｷﾂｷﾂｷﾂｷﾂｷﾂｷﾂｷﾂｷ{m.name}ﾂｷ({m.durationMinutes}蛻・竢篠ｷﾂｷﾂｷﾂｷﾂｷﾂｷﾂｷﾂｷﾂｷﾂｷﾂｷﾂｷﾂｷﾂｷﾂｷﾂｷ</option>`  prettier/prettier
365:15  Error: Replace `ﾂｷﾂｷﾂｷﾂｷﾂｷﾂｷ))}竦港 with `))}`  prettier/prettier
366:1  Error: Replace `ﾂｷﾂｷﾂｷﾂｷﾂｷﾂｷﾂｷﾂｷﾂｷﾂｷﾂｷﾂｷﾂｷﾂｷﾂｷﾂｷ</select>竦港 with `ﾂｷﾂｷﾂｷﾂｷﾂｷﾂｷﾂｷﾂｷﾂｷﾂｷﾂｷﾂｷ</select>`  prettier/prettier
367:1  Error: Replace `ﾂｷﾂｷﾂｷﾂｷﾂｷﾂｷﾂｷﾂｷﾂｷﾂｷﾂｷﾂｷ</div>竦港 with `ﾂｷﾂｷﾂｷﾂｷﾂｷﾂｷﾂｷﾂｷﾂｷﾂｷ</div>`  prettier/prettier
368:1  Error: Replace `ﾂｷﾂｷﾂｷﾂｷﾂｷﾂｷﾂｷﾂｷﾂｷﾂｷﾂｷﾂｷ<div>竦港 with `ﾂｷﾂｷﾂｷﾂｷﾂｷﾂｷﾂｷﾂｷﾂｷﾂｷ<div>`  prettier/prettier
369:13  Error: Replace `ﾂｷﾂｷﾂｷﾂｷ<labelﾂｷclassName="blockﾂｷtext-smﾂｷfont-mediumﾂｷtext-gray-700">繧ｪ繝励す繝ｧ繝ｳ</label>竦港 with `<labelﾂｷclassName='blockﾂｷtext-smﾂｷfont-mediumﾂｷtext-gray-700'>竢篠ｷﾂｷﾂｷﾂｷﾂｷﾂｷﾂｷﾂｷﾂｷﾂｷﾂｷﾂｷﾂｷﾂｷ繧ｪ繝励す繝ｧ繝ｳ竢篠ｷﾂｷﾂｷﾂｷﾂｷﾂｷﾂｷﾂｷﾂｷﾂｷﾂｷﾂｷ</label>`  prettier/prettier
369:17  Error: A form label must be associated with a control.  jsx-a11y/label-has-associated-control
370:1  Error: Replace `ﾂｷﾂｷﾂｷﾂｷﾂｷﾂｷﾂｷﾂｷﾂｷﾂｷﾂｷﾂｷﾂｷﾂｷﾂｷﾂｷ<select竦港 with `ﾂｷﾂｷﾂｷﾂｷﾂｷﾂｷﾂｷﾂｷﾂｷﾂｷﾂｷﾂｷ<select`  prettier/prettier
371:1  Error: Replace `ﾂｷﾂｷﾂｷﾂｷﾂｷﾂｷﾂｷﾂｷﾂｷﾂｷﾂｷﾂｷﾂｷﾂｷﾂｷﾂｷﾂｷﾂｷﾂｷﾂｷvalue={formData.optionId}竦港 with `ﾂｷﾂｷﾂｷﾂｷﾂｷﾂｷﾂｷﾂｷﾂｷﾂｷﾂｷﾂｷﾂｷﾂｷvalue={formData.optionId}`  prettier/prettier
372:1  Error: Replace `ﾂｷﾂｷﾂｷﾂｷﾂｷﾂｷﾂｷﾂｷﾂｷﾂｷﾂｷﾂｷﾂｷﾂｷﾂｷﾂｷﾂｷﾂｷﾂｷﾂｷonChange={(e)ﾂｷ=>ﾂｷhandleInputChange('optionId',ﾂｷe.target.value)}竦港 with `ﾂｷﾂｷﾂｷﾂｷﾂｷﾂｷﾂｷﾂｷﾂｷﾂｷﾂｷﾂｷﾂｷﾂｷonChange={eﾂｷ=>ﾂｷhandleInputChange('optionId',ﾂｷe.target.value)}`  prettier/prettier
373:1  Error: Replace `ﾂｷﾂｷﾂｷﾂｷﾂｷﾂｷﾂｷﾂｷﾂｷﾂｷﾂｷﾂｷﾂｷﾂｷﾂｷﾂｷﾂｷﾂｷﾂｷﾂｷclassName="mt-1ﾂｷblockﾂｷw-fullﾂｷpl-3ﾂｷpr-10ﾂｷpy-2ﾂｷtext-baseﾂｷborder-gray-300ﾂｷfocus:outline-noneﾂｷfocus:ring-sky-500ﾂｷfocus:border-sky-500ﾂｷsm:text-smﾂｷrounded-mdﾂｷborder"竦港 with `ﾂｷﾂｷﾂｷﾂｷﾂｷﾂｷﾂｷﾂｷﾂｷﾂｷﾂｷﾂｷﾂｷﾂｷclassName='mt-1ﾂｷblockﾂｷw-fullﾂｷpl-3ﾂｷpr-10ﾂｷpy-2ﾂｷtext-baseﾂｷborder-gray-300ﾂｷfocus:outline-noneﾂｷfocus:ring-sky-500ﾂｷfocus:border-sky-500ﾂｷsm:text-smﾂｷrounded-mdﾂｷborder'`  prettier/prettier
374:1  Error: Replace `ﾂｷﾂｷﾂｷﾂｷﾂｷﾂｷﾂｷﾂｷﾂｷﾂｷﾂｷﾂｷﾂｷﾂｷﾂｷﾂｷ>竦港 with `ﾂｷﾂｷﾂｷﾂｷﾂｷﾂｷﾂｷﾂｷﾂｷﾂｷﾂｷﾂｷ>`  prettier/prettier
375:1  Error: Replace `ﾂｷﾂｷﾂｷﾂｷﾂｷﾂｷﾂｷﾂｷﾂｷﾂｷﾂｷﾂｷﾂｷﾂｷﾂｷﾂｷﾂｷﾂｷﾂｷﾂｷ{optionItems.map(oﾂｷ=>ﾂｷ(竦港 with `ﾂｷﾂｷﾂｷﾂｷﾂｷﾂｷﾂｷﾂｷﾂｷﾂｷﾂｷﾂｷﾂｷﾂｷ{optionItems.map(oﾂｷ=>ﾂｷ(`  prettier/prettier
376:1  Error: Replace `ﾂｷﾂｷﾂｷﾂｷﾂｷﾂｷﾂｷﾂｷﾂｷﾂｷﾂｷﾂｷﾂｷﾂｷﾂｷﾂｷﾂｷﾂｷﾂｷﾂｷﾂｷﾂｷﾂｷﾂｷ<optionﾂｷkey={o.id}ﾂｷvalue={o.id}>{o.name}</option>竦港 with `ﾂｷﾂｷﾂｷﾂｷﾂｷﾂｷﾂｷﾂｷﾂｷﾂｷﾂｷﾂｷﾂｷﾂｷﾂｷﾂｷ<optionﾂｷkey={o.id}ﾂｷvalue={o.id}>竢篠ｷﾂｷﾂｷﾂｷﾂｷﾂｷﾂｷﾂｷﾂｷﾂｷﾂｷﾂｷﾂｷﾂｷﾂｷﾂｷﾂｷﾂｷ{o.name}竢篠ｷﾂｷﾂｷﾂｷﾂｷﾂｷﾂｷﾂｷﾂｷﾂｷﾂｷﾂｷﾂｷﾂｷﾂｷﾂｷ</option>`  prettier/prettier
377:15  Error: Replace `ﾂｷﾂｷﾂｷﾂｷﾂｷﾂｷ))}竦港 with `))}`  prettier/prettier
378:1  Error: Replace `ﾂｷﾂｷﾂｷﾂｷﾂｷﾂｷﾂｷﾂｷﾂｷﾂｷﾂｷﾂｷﾂｷﾂｷﾂｷﾂｷ</select>竦港 with `ﾂｷﾂｷﾂｷﾂｷﾂｷﾂｷﾂｷﾂｷﾂｷﾂｷﾂｷﾂｷ</select>`  prettier/prettier
379:1  Error: Replace `ﾂｷﾂｷﾂｷﾂｷﾂｷﾂｷﾂｷﾂｷﾂｷﾂｷﾂｷﾂｷ</div>竦港 with `ﾂｷﾂｷﾂｷﾂｷﾂｷﾂｷﾂｷﾂｷﾂｷﾂｷ</div>`  prettier/prettier
380:15  Error: Delete `竦港  prettier/prettier
381:1  Error: Delete `竦港  prettier/prettier
382:21  Error: Delete `竦港  prettier/prettier
383:24  Error: Replace `"gridﾂｷgrid-cols-1ﾂｷsm:grid-cols-2ﾂｷgap-4">竦港 with `'gridﾂｷgrid-cols-1ﾂｷsm:grid-cols-2ﾂｷgap-4'>`  prettier/prettier
384:16  Error: Delete `竦港  prettier/prettier
385:13  Error: A form label must be associated with a control.  jsx-a11y/label-has-associated-control
385:30  Error: Replace `"blockﾂｷtext-smﾂｷfont-mediumﾂｷtext-gray-700">髢句ｧ区凾髢・/label>竦港 with `'blockﾂｷtext-smﾂｷfont-mediumﾂｷtext-gray-700'>竢篠ｷﾂｷﾂｷﾂｷﾂｷﾂｷﾂｷﾂｷﾂｷﾂｷﾂｷﾂｷﾂｷﾂｷ髢句ｧ区凾髢凪庶ﾂｷﾂｷﾂｷﾂｷﾂｷﾂｷﾂｷﾂｷﾂｷﾂｷﾂｷﾂｷ</label>`  prettier/prettier
386:28  Error: Replace `"flexﾂｷgap-2ﾂｷitems-centerﾂｷmt-1">竦港 with `'flexﾂｷgap-2ﾂｷitems-centerﾂｷmt-1'>`  prettier/prettier
387:21  Error: Delete `竦港  prettier/prettier
388:22  Error: Replace `"number"竦港 with `'number'`  prettier/prettier
389:21  Error: Replace `"9"竦港 with `'9'`  prettier/prettier
390:21  Error: Replace `"23"竦港 with `'23'`  prettier/prettier
391:43  Error: Delete `竦港  prettier/prettier
392:27  Error: Replace `(e)ﾂｷ=>ﾂｷhandleInputChange('startHour',ﾂｷparseInt(e.target.value))}竦港 with `eﾂｷ=>竢篠ｷﾂｷﾂｷﾂｷﾂｷﾂｷﾂｷﾂｷﾂｷﾂｷﾂｷﾂｷﾂｷﾂｷﾂｷﾂｷﾂｷﾂｷhandleInputChange('startHour',ﾂｷparseInt(e.target.value))竢篠ｷﾂｷﾂｷﾂｷﾂｷﾂｷﾂｷﾂｷﾂｷﾂｷﾂｷﾂｷﾂｷﾂｷﾂｷﾂｷ}`  prettier/prettier
393:27  Error: Replace `"blockﾂｷw-20ﾂｷshadow-smﾂｷfocus:ring-sky-500ﾂｷfocus:border-sky-500ﾂｷsm:text-smﾂｷborder-gray-300ﾂｷrounded-mdﾂｷborderﾂｷp-2"竦港 with `'blockﾂｷw-20ﾂｷshadow-smﾂｷfocus:ring-sky-500ﾂｷfocus:border-sky-500ﾂｷsm:text-smﾂｷborder-gray-300ﾂｷrounded-mdﾂｷborderﾂｷp-2'`  prettier/prettier
394:17  Error: Delete `竦港  prettier/prettier
395:29  Error: Delete `竦港  prettier/prettier
396:21  Error: Delete `竦港  prettier/prettier
397:22  Error: Replace `"number"竦港 with `'number'`  prettier/prettier
398:21  Error: Replace `"0"竦港 with `'0'`  prettier/prettier
399:21  Error: Replace `"59"竦港 with `'59'`  prettier/prettier
400:22  Error: Replace `"5"竦港 with `'5'`  prettier/prettier
401:45  Error: Delete `竦港  prettier/prettier
402:27  Error: Replace `(e)ﾂｷ=>ﾂｷhandleInputChange('startMinute',ﾂｷparseInt(e.target.value))}竦港 with `eﾂｷ=>竢篠ｷﾂｷﾂｷﾂｷﾂｷﾂｷﾂｷﾂｷﾂｷﾂｷﾂｷﾂｷﾂｷﾂｷﾂｷﾂｷﾂｷﾂｷhandleInputChange('startMinute',ﾂｷparseInt(e.target.value))竢篠ｷﾂｷﾂｷﾂｷﾂｷﾂｷﾂｷﾂｷﾂｷﾂｷﾂｷﾂｷﾂｷﾂｷﾂｷﾂｷ}`  prettier/prettier
403:27  Error: Replace `"blockﾂｷw-20ﾂｷshadow-smﾂｷfocus:ring-sky-500ﾂｷfocus:border-sky-500ﾂｷsm:text-smﾂｷborder-gray-300ﾂｷrounded-mdﾂｷborderﾂｷp-2"竦港 with `'blockﾂｷw-20ﾂｷshadow-smﾂｷfocus:ring-sky-500ﾂｷfocus:border-sky-500ﾂｷsm:text-smﾂｷborder-gray-300ﾂｷrounded-mdﾂｷborderﾂｷp-2'`  prettier/prettier
404:17  Error: Delete `竦港  prettier/prettier
405:19  Error: Delete `竦港  prettier/prettier
406:17  Error: Delete `竦港  prettier/prettier
407:16  Error: Delete `竦港  prettier/prettier
408:13  Error: A form label must be associated with a control.  jsx-a11y/label-has-associated-control
408:30  Error: Replace `"blockﾂｷtext-smﾂｷfont-mediumﾂｷtext-gray-700">竦港 with `'blockﾂｷtext-smﾂｷfont-mediumﾂｷtext-gray-700'>`  prettier/prettier
409:1  Error: Replace `ﾂｷﾂｷﾂｷﾂｷﾂｷﾂｷﾂｷﾂｷﾂｷﾂｷﾂｷﾂｷﾂｷﾂｷﾂｷﾂｷ邨ゆｺ・凾髢督ｷ竦港 with `ﾂｷﾂｷﾂｷﾂｷﾂｷﾂｷﾂｷﾂｷﾂｷﾂｷﾂｷﾂｷﾂｷﾂｷ邨ゆｺ・凾髢伝  prettier/prettier
410:1  Error: Replace `ﾂｷﾂｷﾂｷﾂｷﾂｷﾂｷﾂｷﾂｷﾂｷﾂｷﾂｷﾂｷﾂｷﾂｷﾂｷﾂｷ<spanﾂｷclassName="text-xsﾂｷfont-normalﾂｷtext-gray-500ﾂｷml-2">(閾ｪ蜍戊ｨ育ｮ・</span>竦港 with `ﾂｷﾂｷﾂｷﾂｷﾂｷﾂｷﾂｷﾂｷﾂｷﾂｷﾂｷﾂｷﾂｷﾂｷ<spanﾂｷclassName='text-xsﾂｷfont-normalﾂｷtext-gray-500ﾂｷml-2'>竢篠ｷﾂｷﾂｷﾂｷﾂｷﾂｷﾂｷﾂｷﾂｷﾂｷﾂｷﾂｷﾂｷﾂｷﾂｷﾂｷ(閾ｪ蜍戊ｨ育ｮ・竢篠ｷﾂｷﾂｷﾂｷﾂｷﾂｷﾂｷﾂｷﾂｷﾂｷﾂｷﾂｷﾂｷﾂｷ</span>`  prettier/prettier
411:21  Error: Delete `竦港  prettier/prettier
412:28  Error: Replace `"flexﾂｷgap-2ﾂｷitems-centerﾂｷmt-1">竦港 with `'flexﾂｷgap-2ﾂｷitems-centerﾂｷmt-1'>`  prettier/prettier
413:21  Error: Delete `竦港  prettier/prettier
414:22  Error: Replace `"number"竦港 with `'number'`  prettier/prettier
415:25  Error: Delete `竦港  prettier/prettier
416:37  Error: Delete `竦港  prettier/prettier
417:27  Error: Replace `"blockﾂｷw-20ﾂｷbg-gray-100ﾂｷshadow-smﾂｷsm:text-smﾂｷborder-gray-300ﾂｷrounded-mdﾂｷborderﾂｷp-2ﾂｷtext-gray-600"竦港 with `'blockﾂｷw-20ﾂｷbg-gray-100ﾂｷshadow-smﾂｷsm:text-smﾂｷborder-gray-300ﾂｷrounded-mdﾂｷborderﾂｷp-2ﾂｷtext-gray-600'`  prettier/prettier
418:17  Error: Delete `竦港  prettier/prettier
419:29  Error: Delete `竦港  prettier/prettier
420:21  Error: Delete `竦港  prettier/prettier
421:22  Error: Replace `"number"竦港 with `'number'`  prettier/prettier
422:25  Error: Delete `竦港  prettier/prettier
423:39  Error: Delete `竦港  prettier/prettier
424:27  Error: Replace `"blockﾂｷw-20ﾂｷbg-gray-100ﾂｷshadow-smﾂｷsm:text-smﾂｷborder-gray-300ﾂｷrounded-mdﾂｷborderﾂｷp-2ﾂｷtext-gray-600"竦港 with `'blockﾂｷw-20ﾂｷbg-gray-100ﾂｷshadow-smﾂｷsm:text-smﾂｷborder-gray-300ﾂｷrounded-mdﾂｷborderﾂｷp-2ﾂｷtext-gray-600'`  prettier/prettier
425:17  Error: Delete `竦港  prettier/prettier
426:19  Error: Delete `竦港  prettier/prettier
427:17  Error: Delete `竦港  prettier/prettier
428:15  Error: Delete `竦港  prettier/prettier
429:1  Error: Delete `竦港  prettier/prettier
430:22  Error: Delete `竦港  prettier/prettier
431:14  Error: Delete `竦港  prettier/prettier
432:11  Error: A form label must be associated with a control.  jsx-a11y/label-has-associated-control
432:28  Error: Replace `"blockﾂｷtext-smﾂｷfont-mediumﾂｷtext-gray-700">繧ｫ繝ｩ繝ｼ繝ｩ繝吶Ν</label>竦港 with `'blockﾂｷtext-smﾂｷfont-mediumﾂｷtext-gray-700'>竢篠ｷﾂｷﾂｷﾂｷﾂｷﾂｷﾂｷﾂｷﾂｷﾂｷﾂｷﾂｷ繧ｫ繝ｩ繝ｼ繝ｩ繝吶Ν竢篠ｷﾂｷﾂｷﾂｷﾂｷﾂｷﾂｷﾂｷﾂｷﾂｷ</label>`  prettier/prettier
433:26  Error: Replace `"mt-2ﾂｷflexﾂｷgap-3ﾂｷflex-wrap">竦港 with `'mt-2ﾂｷflexﾂｷgap-3ﾂｷflex-wrap'>`  prettier/prettier
434:73  Error: Replace `colorﾂｷ=>ﾂｷ(竦港 with `竢篠ｷﾂｷﾂｷﾂｷﾂｷﾂｷﾂｷﾂｷﾂｷﾂｷﾂｷﾂｷﾂｷﾂｷcolorﾂｷ=>ﾂｷ(`  prettier/prettier
435:1  Error: Replace `ﾂｷﾂｷﾂｷﾂｷﾂｷﾂｷﾂｷﾂｷﾂｷﾂｷﾂｷﾂｷﾂｷﾂｷ<button竦港 with `ﾂｷﾂｷﾂｷﾂｷﾂｷﾂｷﾂｷﾂｷﾂｷﾂｷﾂｷﾂｷﾂｷﾂｷﾂｷﾂｷ<button`  prettier/prettier
436:1  Error: Replace `ﾂｷﾂｷﾂｷﾂｷﾂｷﾂｷﾂｷﾂｷﾂｷﾂｷﾂｷﾂｷﾂｷﾂｷﾂｷﾂｷkey={color}竦港 with `ﾂｷﾂｷﾂｷﾂｷﾂｷﾂｷﾂｷﾂｷﾂｷﾂｷﾂｷﾂｷﾂｷﾂｷﾂｷﾂｷﾂｷﾂｷkey={color}`  prettier/prettier
437:1  Error: Replace `ﾂｷﾂｷﾂｷﾂｷﾂｷﾂｷﾂｷﾂｷﾂｷﾂｷﾂｷﾂｷﾂｷﾂｷﾂｷﾂｷtype="button"竦港 with `ﾂｷﾂｷﾂｷﾂｷﾂｷﾂｷﾂｷﾂｷﾂｷﾂｷﾂｷﾂｷﾂｷﾂｷﾂｷﾂｷﾂｷﾂｷtype='button'`  prettier/prettier
438:1  Error: Replace `ﾂｷﾂｷﾂｷﾂｷﾂｷﾂｷﾂｷﾂｷﾂｷﾂｷﾂｷﾂｷﾂｷﾂｷﾂｷﾂｷonClick={()ﾂｷ=>ﾂｷhandleInputChange('color',ﾂｷcolor)}竦港 with `ﾂｷﾂｷﾂｷﾂｷﾂｷﾂｷﾂｷﾂｷﾂｷﾂｷﾂｷﾂｷﾂｷﾂｷﾂｷﾂｷﾂｷﾂｷonClick={()ﾂｷ=>ﾂｷhandleInputChange('color',ﾂｷcolor)}`  prettier/prettier
439:1  Error: Replace `ﾂｷﾂｷﾂｷﾂｷﾂｷﾂｷﾂｷﾂｷﾂｷﾂｷﾂｷﾂｷﾂｷﾂｷﾂｷﾂｷclassName={`w-8ﾂｷh-8ﾂｷrounded-fullﾂｷ${formData.colorﾂｷ===ﾂｷcolorﾂｷ?ﾂｷ'ring-2ﾂｷring-offset-2ﾂｷring-sky-500'ﾂｷ:ﾂｷ''}`}竦港 with `ﾂｷﾂｷﾂｷﾂｷﾂｷﾂｷﾂｷﾂｷﾂｷﾂｷﾂｷﾂｷﾂｷﾂｷﾂｷﾂｷﾂｷﾂｷclassName={`w-8ﾂｷh-8ﾂｷrounded-fullﾂｷ${formData.colorﾂｷ===ﾂｷcolorﾂｷ?ﾂｷ'ring-2ﾂｷring-offset-2ﾂｷring-sky-500'ﾂｷ:ﾂｷ''}`}`  prettier/prettier
440:1  Error: Replace `ﾂｷﾂｷﾂｷﾂｷﾂｷﾂｷﾂｷﾂｷﾂｷﾂｷﾂｷﾂｷﾂｷﾂｷﾂｷﾂｷstyle={{ﾂｷbackgroundColor:ﾂｷcolorﾂｷ===ﾂｷ'red'ﾂｷ?ﾂｷ'#fb7185'ﾂｷ:ﾂｷcolorﾂｷ===ﾂｷ'pink'ﾂｷ?ﾂｷ'#f9a8d4'ﾂｷ:ﾂｷcolorﾂｷ===ﾂｷ'blue'ﾂｷ?ﾂｷ'#38bdf8'ﾂｷ:ﾂｷcolorﾂｷ===ﾂｷ'orange'ﾂｷ?ﾂｷ'#fb923c'ﾂｷ:ﾂｷ'#4f46e5'ﾂｷ}}竦港 with `ﾂｷﾂｷﾂｷﾂｷﾂｷﾂｷﾂｷﾂｷﾂｷﾂｷﾂｷﾂｷﾂｷﾂｷﾂｷﾂｷﾂｷﾂｷstyle={{竢篠ｷﾂｷﾂｷﾂｷﾂｷﾂｷﾂｷﾂｷﾂｷﾂｷﾂｷﾂｷﾂｷﾂｷﾂｷﾂｷﾂｷﾂｷﾂｷﾂｷbackgroundColor:竢篠ｷﾂｷﾂｷﾂｷﾂｷﾂｷﾂｷﾂｷﾂｷﾂｷﾂｷﾂｷﾂｷﾂｷﾂｷﾂｷﾂｷﾂｷﾂｷﾂｷﾂｷﾂｷcolorﾂｷ===ﾂｷ'red'竢篠ｷﾂｷﾂｷﾂｷﾂｷﾂｷﾂｷﾂｷﾂｷﾂｷﾂｷﾂｷﾂｷﾂｷﾂｷﾂｷﾂｷﾂｷﾂｷﾂｷﾂｷﾂｷﾂｷﾂｷ?ﾂｷ'#fb7185'竢篠ｷﾂｷﾂｷﾂｷﾂｷﾂｷﾂｷﾂｷﾂｷﾂｷﾂｷﾂｷﾂｷﾂｷﾂｷﾂｷﾂｷﾂｷﾂｷﾂｷﾂｷﾂｷﾂｷﾂｷ:ﾂｷcolorﾂｷ===ﾂｷ'pink'竢篠ｷﾂｷﾂｷﾂｷﾂｷﾂｷﾂｷﾂｷﾂｷﾂｷﾂｷﾂｷﾂｷﾂｷﾂｷﾂｷﾂｷﾂｷﾂｷﾂｷﾂｷﾂｷﾂｷﾂｷﾂｷﾂｷ?ﾂｷ'#f9a8d4'竢篠ｷﾂｷﾂｷﾂｷﾂｷﾂｷﾂｷﾂｷﾂｷﾂｷﾂｷﾂｷﾂｷﾂｷﾂｷﾂｷﾂｷﾂｷﾂｷﾂｷﾂｷﾂｷﾂｷﾂｷﾂｷﾂｷ:ﾂｷcolorﾂｷ===ﾂｷ'blue'竢篠ｷﾂｷﾂｷﾂｷﾂｷﾂｷﾂｷﾂｷﾂｷﾂｷﾂｷﾂｷﾂｷﾂｷﾂｷﾂｷﾂｷﾂｷﾂｷﾂｷﾂｷﾂｷﾂｷﾂｷﾂｷﾂｷﾂｷﾂｷ?ﾂｷ'#38bdf8'竢篠ｷﾂｷﾂｷﾂｷﾂｷﾂｷﾂｷﾂｷﾂｷﾂｷﾂｷﾂｷﾂｷﾂｷﾂｷﾂｷﾂｷﾂｷﾂｷﾂｷﾂｷﾂｷﾂｷﾂｷﾂｷﾂｷﾂｷﾂｷ:ﾂｷcolorﾂｷ===ﾂｷ'orange'竢篠ｷﾂｷﾂｷﾂｷﾂｷﾂｷﾂｷﾂｷﾂｷﾂｷﾂｷﾂｷﾂｷﾂｷﾂｷﾂｷﾂｷﾂｷﾂｷﾂｷﾂｷﾂｷﾂｷﾂｷﾂｷﾂｷﾂｷﾂｷﾂｷﾂｷ?ﾂｷ'#fb923c'竢篠ｷﾂｷﾂｷﾂｷﾂｷﾂｷﾂｷﾂｷﾂｷﾂｷﾂｷﾂｷﾂｷﾂｷﾂｷﾂｷﾂｷﾂｷﾂｷﾂｷﾂｷﾂｷﾂｷﾂｷﾂｷﾂｷﾂｷﾂｷﾂｷﾂｷ:ﾂｷ'#4f46e5',竢篠ｷﾂｷﾂｷﾂｷﾂｷﾂｷﾂｷﾂｷﾂｷﾂｷﾂｷﾂｷﾂｷﾂｷﾂｷﾂｷﾂｷﾂｷ}}`  prettier/prettier
441:15  Error: Replace `/>竦港 with `ﾂｷﾂｷ/>`  prettier/prettier
442:1  Error: Replace `ﾂｷﾂｷﾂｷﾂｷﾂｷﾂｷﾂｷﾂｷﾂｷﾂｷﾂｷﾂｷ))}竦港 with `ﾂｷﾂｷﾂｷﾂｷﾂｷﾂｷﾂｷﾂｷﾂｷﾂｷﾂｷﾂｷﾂｷﾂｷ)竢篠ｷﾂｷﾂｷﾂｷﾂｷﾂｷﾂｷﾂｷﾂｷﾂｷﾂｷﾂｷ)}`  prettier/prettier
443:17  Error: Delete `竦港  prettier/prettier
444:15  Error: Delete `竦港  prettier/prettier
445:1  Error: Delete `竦港  prettier/prettier
446:24  Error: Delete `竦港  prettier/prettier
447:24  Error: Replace `"flexﾂｷjustify-endﾂｷgap-3ﾂｷpt-4ﾂｷborder-tﾂｷborder-gray-200">竦港 with `'flexﾂｷjustify-endﾂｷgap-3ﾂｷpt-4ﾂｷborder-tﾂｷborder-gray-200'>`  prettier/prettier
448:18  Error: Delete `竦港  prettier/prettier
449:18  Error: Replace `"button"竦港 with `'button'`  prettier/prettier
450:31  Error: Delete `竦港  prettier/prettier
451:23  Error: Replace `"bg-whiteﾂｷpy-2ﾂｷpx-4ﾂｷborderﾂｷborder-gray-300ﾂｷrounded-mdﾂｷshadow-smﾂｷtext-smﾂｷfont-mediumﾂｷtext-gray-700ﾂｷhover:bg-gray-50ﾂｷfocus:outline-noneﾂｷfocus:ring-2ﾂｷfocus:ring-offset-2ﾂｷfocus:ring-sky-500"竦港 with `'bg-whiteﾂｷpy-2ﾂｷpx-4ﾂｷborderﾂｷborder-gray-300ﾂｷrounded-mdﾂｷshadow-smﾂｷtext-smﾂｷfont-mediumﾂｷtext-gray-700ﾂｷhover:bg-gray-50ﾂｷfocus:outline-noneﾂｷfocus:ring-2ﾂｷfocus:ring-offset-2ﾂｷfocus:ring-sky-500'`  prettier/prettier
452:12  Error: Delete `竦港  prettier/prettier
453:18  Error: Delete `竦港  prettier/prettier
454:20  Error: Delete `竦港  prettier/prettier
455:18  Error: Delete `竦港  prettier/prettier
456:18  Error: Replace `"submit"竦港 with `'submit'`  prettier/prettier
457:75  Error: Delete `竦港  prettier/prettier
458:23  Error: Replace `"inline-flexﾂｷjustify-centerﾂｷpy-2ﾂｷpx-4ﾂｷborderﾂｷborder-transparentﾂｷshadow-smﾂｷtext-smﾂｷfont-mediumﾂｷrounded-mdﾂｷtext-whiteﾂｷbg-sky-600ﾂｷhover:bg-sky-700ﾂｷfocus:outline-noneﾂｷfocus:ring-2ﾂｷfocus:ring-offset-2ﾂｷfocus:ring-sky-500ﾂｷdisabled:opacity-50"竦港 with `'inline-flexﾂｷjustify-centerﾂｷpy-2ﾂｷpx-4ﾂｷborderﾂｷborder-transparentﾂｷshadow-smﾂｷtext-smﾂｷfont-mediumﾂｷrounded-mdﾂｷtext-whiteﾂｷbg-sky-600ﾂｷhover:bg-sky-700ﾂｷfocus:outline-noneﾂｷfocus:ring-2ﾂｷfocus:ring-offset-2ﾂｷfocus:ring-sky-500ﾂｷdisabled:opacity-50'`  prettier/prettier
459:12  Error: Delete `竦港  prettier/prettier
460:42  Error: Delete `竦港  prettier/prettier
461:20  Error: Delete `竦港  prettier/prettier
462:15  Error: Delete `竦港  prettier/prettier
463:14  Error: Delete `竦港  prettier/prettier
464:11  Error: Delete `竦港  prettier/prettier
465:5  Error: Delete `竦港  prettier/prettier
466:3  Error: Delete `竦港  prettier/prettier

./src/app/reservations/components/AppointmentList.tsx
1:50  Error: Delete `竦港  prettier/prettier
2:59  Error: Delete `竦港  prettier/prettier
3:39  Error: Delete `竦港  prettier/prettier
4:80  Error: Delete `竦港  prettier/prettier
5:1  Error: Delete `竦港  prettier/prettier
6:18  Error: Delete `竦港  prettier/prettier
7:31  Error: Delete `竦港  prettier/prettier
8:34  Error: Delete `竦港  prettier/prettier
9:48  Error: Delete `竦港  prettier/prettier
10:2  Error: Delete `竦港  prettier/prettier
11:1  Error: Delete `竦港  prettier/prettier
12:62  Error: Delete `竦港  prettier/prettier
13:37  Error: Delete `竦港  prettier/prettier
14:1  Error: Delete `竦港  prettier/prettier
15:51  Error: Replace `ﾂｷappointments,ﾂｷresources,ﾂｷonSelectﾂｷ})ﾂｷ=>ﾂｷ{竦港 with `竢篠ｷﾂｷappointments,竢篠ｷﾂｷresources,竢篠ｷﾂｷonSelect,竢枝)ﾂｷ=>ﾂｷ{`  prettier/prettier
16:65  Error: Delete `竦港  prettier/prettier
17:76  Error: Delete `竦港  prettier/prettier
18:1  Error: Delete `竦港  prettier/prettier
19:44  Error: Delete `竦港  prettier/prettier
20:57  Error: Delete `竦港  prettier/prettier
21:5  Error: Delete `竦港  prettier/prettier
22:1  Error: Delete `竦港  prettier/prettier
23:45  Error: Delete `竦港  prettier/prettier
24:31  Error: Delete `竦港  prettier/prettier
25:32  Error: Replace `prevﾂｷ===ﾂｷ'asc'ﾂｷ?ﾂｷ'desc'ﾂｷ:ﾂｷ'asc');竦港 with `(prevﾂｷ===ﾂｷ'asc'ﾂｷ?ﾂｷ'desc'ﾂｷ:ﾂｷ'asc'));`  prettier/prettier
26:13  Error: Delete `竦港  prettier/prettier
27:27  Error: Delete `竦港  prettier/prettier
28:67  Error: Delete `竦港  prettier/prettier
29:6  Error: Delete `竦港  prettier/prettier
30:5  Error: Delete `竦港  prettier/prettier
31:1  Error: Delete `竦港  prettier/prettier
32:45  Error: Delete `竦港  prettier/prettier
33:46  Error: Delete `竦港  prettier/prettier
34:26  Error: Delete `竦港  prettier/prettier
35:1  Error: Delete `竦港  prettier/prettier
36:27  Error: Delete `竦港  prettier/prettier
37:21  Error: Delete `竦港  prettier/prettier
38:56  Error: Delete `竦港  prettier/prettier
39:11  Error: Unexpected lexical declaration in case block.  no-case-declarations
39:58  Error: Delete `竦港  prettier/prettier
40:11  Error: Unexpected lexical declaration in case block.  no-case-declarations
40:58  Error: Delete `竦港  prettier/prettier
41:38  Error: Delete `竦港  prettier/prettier
42:17  Error: Delete `竦港  prettier/prettier
43:25  Error: Delete `竦港  prettier/prettier
44:11  Error: Unexpected lexical declaration in case block.  no-case-declarations
44:54  Error: Delete `竦港  prettier/prettier
45:11  Error: Unexpected lexical declaration in case block.  no-case-declarations
45:54  Error: Delete `竦港  prettier/prettier
46:55  Error: Delete `竦港  prettier/prettier
47:17  Error: Delete `竦港  prettier/prettier
48:25  Error: Delete `竦港  prettier/prettier
49:11  Error: Unexpected lexical declaration in case block.  no-case-declarations
49:47  Error: Delete `竦港  prettier/prettier
50:11  Error: Unexpected lexical declaration in case block.  no-case-declarations
50:47  Error: Delete `竦港  prettier/prettier
51:57  Error: Delete `竦港  prettier/prettier
52:17  Error: Delete `竦港  prettier/prettier
53:23  Error: Delete `竦港  prettier/prettier
54:67  Error: Delete `竦港  prettier/prettier
55:53  Error: Delete `竦港  prettier/prettier
56:17  Error: Delete `竦港  prettier/prettier
57:8  Error: Delete `竦港  prettier/prettier
58:1  Error: Delete `竦港  prettier/prettier
59:65  Error: Delete `竦港  prettier/prettier
60:8  Error: Delete `竦港  prettier/prettier
61:6  Warning: React Hook useMemo has a missing dependency: 'getResourceName'. Either include it or remove the dependency array.  react-hooks/exhaustive-deps
61:48  Error: Delete `竦港  prettier/prettier
62:1  Error: Delete `竦港  prettier/prettier
63:58  Error: Delete `竦港  prettier/prettier
64:29  Error: Replace `ﾂｷreturnﾂｷ<ArrowUpDownﾂｷclassName="w-4ﾂｷh-4ﾂｷtext-gray-300ﾂｷopacity-0ﾂｷgroup-hover:opacity-50ﾂｷtransition-opacity"ﾂｷ/>;竦港 with `竢篠ｷﾂｷﾂｷﾂｷﾂｷﾂｷreturnﾂｷ(竢篠ｷﾂｷﾂｷﾂｷﾂｷﾂｷﾂｷﾂｷ<ArrowUpDownﾂｷclassName='w-4ﾂｷh-4ﾂｷtext-gray-300ﾂｷopacity-0ﾂｷgroup-hover:opacity-50ﾂｷtransition-opacity'ﾂｷ/>竢篠ｷﾂｷﾂｷﾂｷﾂｷﾂｷ);`  prettier/prettier
65:36  Error: Replace `竦港 with `?ﾂｷ(`  prettier/prettier
66:6  Error: Replace `ﾂｷ?ﾂｷ<ChevronUpﾂｷclassName="w-4ﾂｷh-4ﾂｷtext-sky-600"ﾂｷ/>ﾂｷ竦坂庶ﾂｷﾂｷﾂｷﾂｷﾂｷﾂｷ:ﾂｷ<ChevronDownﾂｷclassName="w-4ﾂｷh-4ﾂｷtext-sky-600"ﾂｷ/>;竦港 with `ﾂｷ<ChevronUpﾂｷclassName='w-4ﾂｷh-4ﾂｷtext-sky-600'ﾂｷ/>竢篠ｷﾂｷﾂｷﾂｷ)ﾂｷ:ﾂｷ(竢篠ｷﾂｷﾂｷﾂｷﾂｷﾂｷ<ChevronDownﾂｷclassName='w-4ﾂｷh-4ﾂｷtext-sky-600'ﾂｷ/>竢篠ｷﾂｷﾂｷﾂｷ);`  prettier/prettier
68:5  Error: Delete `竦港  prettier/prettier
69:1  Error: Delete `竦港  prettier/prettier
70:25  Error: Replace `field:ﾂｷSortField,ﾂｷlabel:ﾂｷstring,ﾂｷclassName:ﾂｷstringﾂｷ=ﾂｷ"")ﾂｷ=>ﾂｷ(竦港 with `竢篠ｷﾂｷﾂｷﾂｷfield:ﾂｷSortField,竢篠ｷﾂｷﾂｷﾂｷlabel:ﾂｷstring,竢篠ｷﾂｷﾂｷﾂｷclassName:ﾂｷstringﾂｷ=ﾂｷ''竢篠ｷﾂｷ)ﾂｷ=>ﾂｷ(`  prettier/prettier
71:8  Error: Delete `ﾂｷ竦港  prettier/prettier
72:13  Error: Replace `"col"ﾂｷ竦港 with `'col'`  prettier/prettier
73:40  Error: Delete `竦港  prettier/prettier
74:197  Error: Delete `竦港  prettier/prettier
75:6  Error: Delete `竦港  prettier/prettier
76:22  Error: Replace `"flexﾂｷitems-centerﾂｷgap-1">竦港 with `'flexﾂｷitems-centerﾂｷgap-1'>`  prettier/prettier
77:16  Error: Delete `竦港  prettier/prettier
78:35  Error: Delete `竦港  prettier/prettier
79:13  Error: Delete `竦港  prettier/prettier
80:10  Error: Delete `竦港  prettier/prettier
81:5  Error: Delete `竦港  prettier/prettier
82:1  Error: Delete `竦港  prettier/prettier
83:11  Error: Delete `竦港  prettier/prettier
84:20  Error: Replace `"p-4ﾂｷsm:p-6ﾂｷoverflow-y-autoﾂｷh-full">竦港 with `'p-4ﾂｷsm:p-6ﾂｷoverflow-y-autoﾂｷh-full'>`  prettier/prettier
85:22  Error: Replace `"bg-whiteﾂｷshadowﾂｷrounded-lgﾂｷborderﾂｷborder-gray-200ﾂｷoverflow-hidden">竦港 with `'bg-whiteﾂｷshadowﾂｷrounded-lgﾂｷborderﾂｷborder-gray-200ﾂｷoverflow-hidden'>`  prettier/prettier
86:24  Error: Replace `"overflow-x-auto">竦港 with `'overflow-x-auto'>`  prettier/prettier
87:28  Error: Replace `"min-w-fullﾂｷdivide-yﾂｷdivide-gray-200">竦港 with `'min-w-fullﾂｷdivide-yﾂｷdivide-gray-200'>`  prettier/prettier
88:30  Error: Replace `"bg-gray-50ﾂｷborder-bﾂｷborder-gray-200">竦港 with `'bg-gray-50ﾂｷborder-bﾂｷborder-gray-200'>`  prettier/prettier
89:19  Error: Delete `竦港  prettier/prettier
90:45  Error: Delete `竦港  prettier/prettier
91:53  Error: Delete `竦港  prettier/prettier
92:53  Error: Delete `竦港  prettier/prettier
93:47  Error: Delete `竦港  prettier/prettier
94:27  Error: Replace `"col"ﾂｷclassName="relativeﾂｷpx-6ﾂｷpy-3">竦港 with `'col'ﾂｷclassName='relativeﾂｷpx-6ﾂｷpy-3'>`  prettier/prettier
95:35  Error: Replace `"sr-only">隧ｳ邏ｰ</span>竦港 with `'sr-only'>隧ｳ邏ｰ</span>`  prettier/prettier
96:22  Error: Delete `竦港  prettier/prettier
97:20  Error: Delete `竦港  prettier/prettier
98:21  Error: Delete `竦港  prettier/prettier
99:30  Error: Replace `"bg-whiteﾂｷdivide-yﾂｷdivide-gray-200">竦港 with `'bg-whiteﾂｷdivide-yﾂｷdivide-gray-200'>`  prettier/prettier
100:39  Error: Replace `(appt)ﾂｷ=>ﾂｷ(竦港 with `apptﾂｷ=>ﾂｷ(`  prettier/prettier
101:20  Error: Delete `ﾂｷ竦港  prettier/prettier
102:32  Error: Delete `ﾂｷ竦港  prettier/prettier
103:29  Error: Replace `"hover:bg-sky-50ﾂｷcursor-pointerﾂｷtransition-colorsﾂｷgroup"竦港 with `'hover:bg-sky-50ﾂｷcursor-pointerﾂｷtransition-colorsﾂｷgroup'`  prettier/prettier
104:49  Error: Delete `竦港  prettier/prettier
105:18  Error: Delete `竦港  prettier/prettier
106:33  Error: Replace `"px-6ﾂｷpy-4ﾂｷwhitespace-nowrapﾂｷtext-smﾂｷtext-gray-900ﾂｷfont-mono">竦港 with `'px-6ﾂｷpy-4ﾂｷwhitespace-nowrapﾂｷtext-smﾂｷtext-gray-900ﾂｷfont-mono'>`  prettier/prettier
107:63  Error: Replace `{String(appt.startMinute).padStart(2,ﾂｷ'0')}ﾂｷ竦港 with `竢篠ｷﾂｷﾂｷﾂｷﾂｷﾂｷﾂｷﾂｷﾂｷﾂｷﾂｷﾂｷﾂｷﾂｷﾂｷﾂｷﾂｷﾂｷﾂｷﾂｷ{String(appt.startMinute).padStart(2,ﾂｷ'0')}`  prettier/prettier
108:37  Error: Replace `"text-gray-400ﾂｷmx-1">-</span>竦港 with `'text-gray-400ﾂｷmx-1'>-</span>`  prettier/prettier
109:61  Error: Replace `{String(appt.endMinute).padStart(2,ﾂｷ'0')}竦港 with `竢篠ｷﾂｷﾂｷﾂｷﾂｷﾂｷﾂｷﾂｷﾂｷﾂｷﾂｷﾂｷﾂｷﾂｷﾂｷﾂｷﾂｷﾂｷﾂｷﾂｷ{String(appt.endMinute).padStart(2,ﾂｷ'0')}`  prettier/prettier
110:24  Error: Delete `竦港  prettier/prettier
111:33  Error: Replace `"px-6ﾂｷpy-4ﾂｷwhitespace-nowrapﾂｷtext-smﾂｷtext-gray-600ﾂｷfont-medium">竦港 with `'px-6ﾂｷpy-4ﾂｷwhitespace-nowrapﾂｷtext-smﾂｷtext-gray-600ﾂｷfont-medium'>`  prettier/prettier
112:55  Error: Delete `竦港  prettier/prettier
113:24  Error: Delete `竦港  prettier/prettier
114:33  Error: Replace `"px-6ﾂｷpy-4ﾂｷwhitespace-nowrapﾂｷtext-smﾂｷfont-boldﾂｷtext-gray-800">竦港 with `'px-6ﾂｷpy-4ﾂｷwhitespace-nowrapﾂｷtext-smﾂｷfont-boldﾂｷtext-gray-800'>`  prettier/prettier
115:33  Error: Delete `竦港  prettier/prettier
116:39  Error: Replace `<spanﾂｷclassName="ml-2ﾂｷfont-normalﾂｷtext-xsﾂｷtext-gray-400">({appt.subTitle})</span>}竦港 with `(竢篠ｷﾂｷﾂｷﾂｷﾂｷﾂｷﾂｷﾂｷﾂｷﾂｷﾂｷﾂｷﾂｷﾂｷﾂｷﾂｷﾂｷﾂｷﾂｷﾂｷﾂｷﾂｷ<spanﾂｷclassName='ml-2ﾂｷfont-normalﾂｷtext-xsﾂｷtext-gray-400'>竢篠ｷﾂｷﾂｷﾂｷﾂｷﾂｷﾂｷﾂｷﾂｷﾂｷﾂｷﾂｷﾂｷﾂｷﾂｷﾂｷﾂｷﾂｷﾂｷﾂｷﾂｷﾂｷﾂｷﾂｷ({appt.subTitle})竢篠ｷﾂｷﾂｷﾂｷﾂｷﾂｷﾂｷﾂｷﾂｷﾂｷﾂｷﾂｷﾂｷﾂｷﾂｷﾂｷﾂｷﾂｷﾂｷﾂｷﾂｷﾂｷ</span>竢篠ｷﾂｷﾂｷﾂｷﾂｷﾂｷﾂｷﾂｷﾂｷﾂｷﾂｷﾂｷﾂｷﾂｷﾂｷﾂｷﾂｷﾂｷﾂｷﾂｷ)}`  prettier/prettier
117:24  Error: Delete `竦港  prettier/prettier
118:33  Error: Replace `"px-6ﾂｷpy-4ﾂｷwhitespace-nowrapﾂｷtext-smﾂｷtext-gray-500">竦港 with `'px-6ﾂｷpy-4ﾂｷwhitespace-nowrapﾂｷtext-smﾂｷtext-gray-500'>`  prettier/prettier
119:1  Error: Replace `ﾂｷﾂｷﾂｷﾂｷﾂｷﾂｷﾂｷﾂｷﾂｷﾂｷﾂｷﾂｷﾂｷﾂｷﾂｷﾂｷﾂｷﾂｷﾂｷﾂｷﾂｷ<spanﾂｷclassName={`inline-flexﾂｷitems-centerﾂｷpx-2.5ﾂｷpy-0.5ﾂｷrounded-fullﾂｷtext-xsﾂｷfont-boldﾂｷ${COLORS[appt.color].replace('text-white',ﾂｷ'text-gray-800').replace('bg-',ﾂｷ'bg-opacity-20ﾂｷbg-')}`}>竦港 with `ﾂｷﾂｷﾂｷﾂｷﾂｷﾂｷﾂｷﾂｷﾂｷﾂｷﾂｷﾂｷﾂｷﾂｷﾂｷﾂｷﾂｷﾂｷﾂｷﾂｷ<span竢篠ｷﾂｷﾂｷﾂｷﾂｷﾂｷﾂｷﾂｷﾂｷﾂｷﾂｷﾂｷﾂｷﾂｷﾂｷﾂｷﾂｷﾂｷﾂｷﾂｷﾂｷﾂｷclassName={`inline-flexﾂｷitems-centerﾂｷpx-2.5ﾂｷpy-0.5ﾂｷrounded-fullﾂｷtext-xsﾂｷfont-boldﾂｷ${COLORS[appt.color].replace('text-white',ﾂｷ'text-gray-800').replace('bg-',ﾂｷ'bg-opacity-20ﾂｷbg-')}`}竢篠ｷﾂｷﾂｷﾂｷﾂｷﾂｷﾂｷﾂｷﾂｷﾂｷﾂｷﾂｷﾂｷﾂｷﾂｷﾂｷﾂｷﾂｷﾂｷﾂｷ>`  prettier/prettier
120:1  Error: Replace `ﾂｷﾂｷﾂｷﾂｷﾂｷﾂｷﾂｷﾂｷﾂｷﾂｷﾂｷﾂｷﾂｷﾂｷﾂｷﾂｷﾂｷﾂｷﾂｷﾂｷﾂｷﾂｷﾂｷ{appt.typeﾂｷ===ﾂｷ'normal'ﾂｷ?ﾂｷ'莠育ｴ・ﾂｷ:ﾂｷappt.typeﾂｷ===ﾂｷ'holiday'ﾂｷ?ﾂｷ'莨代∩'ﾂｷ:ﾂｷ'繝悶Ο繝・け'}竦港 with `ﾂｷﾂｷﾂｷﾂｷﾂｷﾂｷﾂｷﾂｷﾂｷﾂｷﾂｷﾂｷﾂｷﾂｷﾂｷﾂｷﾂｷﾂｷﾂｷﾂｷﾂｷﾂｷ{appt.typeﾂｷ===ﾂｷ'normal'竢篠ｷﾂｷﾂｷﾂｷﾂｷﾂｷﾂｷﾂｷﾂｷﾂｷﾂｷﾂｷﾂｷﾂｷﾂｷﾂｷﾂｷﾂｷﾂｷﾂｷﾂｷﾂｷﾂｷﾂｷ?ﾂｷ'莠育ｴ・竢篠ｷﾂｷﾂｷﾂｷﾂｷﾂｷﾂｷﾂｷﾂｷﾂｷﾂｷﾂｷﾂｷﾂｷﾂｷﾂｷﾂｷﾂｷﾂｷﾂｷﾂｷﾂｷﾂｷﾂｷ:ﾂｷappt.typeﾂｷ===ﾂｷ'holiday'竢篠ｷﾂｷﾂｷﾂｷﾂｷﾂｷﾂｷﾂｷﾂｷﾂｷﾂｷﾂｷﾂｷﾂｷﾂｷﾂｷﾂｷﾂｷﾂｷﾂｷﾂｷﾂｷﾂｷﾂｷﾂｷﾂｷ?ﾂｷ'莨代∩'竢篠ｷﾂｷﾂｷﾂｷﾂｷﾂｷﾂｷﾂｷﾂｷﾂｷﾂｷﾂｷﾂｷﾂｷﾂｷﾂｷﾂｷﾂｷﾂｷﾂｷﾂｷﾂｷﾂｷﾂｷﾂｷﾂｷ:ﾂｷ'繝悶Ο繝・け'}`  prettier/prettier
121:1  Error: Replace `ﾂｷﾂｷﾂｷﾂｷﾂｷﾂｷﾂｷﾂｷﾂｷﾂｷﾂｷﾂｷﾂｷﾂｷﾂｷﾂｷﾂｷﾂｷﾂｷﾂｷﾂｷ</span>竦港 with `ﾂｷﾂｷﾂｷﾂｷﾂｷﾂｷﾂｷﾂｷﾂｷﾂｷﾂｷﾂｷﾂｷﾂｷﾂｷﾂｷﾂｷﾂｷﾂｷﾂｷ</span>`  prettier/prettier
122:24  Error: Delete `竦港  prettier/prettier
123:33  Error: Replace `"px-6ﾂｷpy-4ﾂｷwhitespace-nowrapﾂｷtext-rightﾂｷtext-smﾂｷfont-medium">竦港 with `'px-6ﾂｷpy-4ﾂｷwhitespace-nowrapﾂｷtext-rightﾂｷtext-smﾂｷfont-medium'>`  prettier/prettier
124:43  Error: Replace `"w-5ﾂｷh-5ﾂｷtext-gray-300ﾂｷgroup-hover:text-sky-500ﾂｷtransition-colors"ﾂｷ/>竦港 with `'w-5ﾂｷh-5ﾂｷtext-gray-300ﾂｷgroup-hover:text-sky-500ﾂｷtransition-colors'ﾂｷ/>`  prettier/prettier
125:24  Error: Delete `竦港  prettier/prettier
126:22  Error: Delete `竦港  prettier/prettier
127:18  Error: Delete `竦港  prettier/prettier
128:52  Error: Delete `竦港  prettier/prettier
129:21  Error: Delete `竦港  prettier/prettier
130:19  Error: Replace `ﾂｷﾂｷ<tdﾂｷcolSpan={5}ﾂｷclassName="px-6ﾂｷpy-10ﾂｷtext-centerﾂｷtext-gray-500">竦港 with `<td竢篠ｷﾂｷﾂｷﾂｷﾂｷﾂｷﾂｷﾂｷﾂｷﾂｷﾂｷﾂｷﾂｷﾂｷﾂｷﾂｷﾂｷﾂｷﾂｷﾂｷcolSpan={5}竢篠ｷﾂｷﾂｷﾂｷﾂｷﾂｷﾂｷﾂｷﾂｷﾂｷﾂｷﾂｷﾂｷﾂｷﾂｷﾂｷﾂｷﾂｷﾂｷﾂｷclassName='px-6ﾂｷpy-10ﾂｷtext-centerﾂｷtext-gray-500'`  prettier/prettier
131:12  Error: Replace `ﾂｷﾂｷﾂｷﾂｷﾂｷﾂｷﾂｷﾂｷﾂｷﾂｷﾂｷﾂｷﾂｷ陦ｨ遉ｺ縺吶ｋ莠育ｴ・ョ繝ｼ繧ｿ縺後≠繧翫∪縺帙ｓ縲や錐` with `ﾂｷﾂｷﾂｷﾂｷﾂｷﾂｷﾂｷ>竢篠ｷﾂｷﾂｷﾂｷﾂｷﾂｷﾂｷﾂｷﾂｷﾂｷﾂｷﾂｷﾂｷﾂｷﾂｷﾂｷﾂｷﾂｷﾂｷﾂｷ陦ｨ遉ｺ縺吶ｋ莠育ｴ・ョ繝ｼ繧ｿ縺後≠繧翫∪縺帙ｓ縲Ａ  prettier/prettier
132:1  Error: Replace `ﾂｷﾂｷﾂｷﾂｷﾂｷﾂｷﾂｷﾂｷﾂｷﾂｷﾂｷﾂｷﾂｷﾂｷﾂｷﾂｷﾂｷﾂｷﾂｷﾂｷ</td>竦港 with `ﾂｷﾂｷﾂｷﾂｷﾂｷﾂｷﾂｷﾂｷﾂｷﾂｷﾂｷﾂｷﾂｷﾂｷﾂｷﾂｷﾂｷﾂｷ</td>`  prettier/prettier
133:22  Error: Delete `竦港  prettier/prettier
134:17  Error: Delete `竦港  prettier/prettier
135:21  Error: Delete `竦港  prettier/prettier
136:19  Error: Delete `竦港  prettier/prettier
137:15  Error: Delete `竦港  prettier/prettier
138:13  Error: Delete `竦港  prettier/prettier
139:11  Error: Delete `竦港  prettier/prettier
140:5  Error: Delete `竦港  prettier/prettier
141:3  Error: Insert `竢餐  prettier/prettier

./src/app/reservations/components/AppointmentSummary.tsx
1:27  Error: Delete `竦港  prettier/prettier
2:9  Error: Replace `ﾂｷAppointment,ﾂｷMenuItem,ﾂｷMenuOptionItem,ﾂｷSchedulerResourceﾂｷ}ﾂｷfromﾂｷ'../types';竦港 with `竢篠ｷﾂｷAppointment,竢篠ｷﾂｷMenuItem,竢篠ｷﾂｷMenuOptionItem,竢篠ｷﾂｷSchedulerResource,竢枝ﾂｷfromﾂｷ'../types';`  prettier/prettier
3:39  Error: Delete `竦港  prettier/prettier
4:78  Error: Delete `竦港  prettier/prettier
5:1  Error: Delete `竦港  prettier/prettier
6:18  Error: Delete `竦港  prettier/prettier
7:28  Error: Delete `竦港  prettier/prettier
8:34  Error: Delete `竦港  prettier/prettier
9:21  Error: Delete `竦港  prettier/prettier
10:29  Error: Delete `竦港  prettier/prettier
11:23  Error: Delete `竦港  prettier/prettier
12:22  Error: Delete `竦港  prettier/prettier
13:2  Error: Delete `竦港  prettier/prettier
14:1  Error: Delete `竦港  prettier/prettier
15:54  Error: Replace `ﾂｷappointment,ﾂｷresources,ﾂｷmenus,ﾂｷoptions,ﾂｷonEdit,ﾂｷclassNameﾂｷ=ﾂｷ''ﾂｷ})ﾂｷ=>ﾂｷ{竦港 with `竢篠ｷﾂｷappointment,竢篠ｷﾂｷresources,竢篠ｷﾂｷmenus,竢篠ｷﾂｷoptions,竢篠ｷﾂｷonEdit,竢篠ｷﾂｷclassNameﾂｷ=ﾂｷ'',竢枝)ﾂｷ=>ﾂｷ{`  prettier/prettier
16:23  Error: Replace `ﾂｷappointment.staffNameﾂｷ||ﾂｷresources.find(rﾂｷ=>ﾂｷr.idﾂｷ===ﾂｷappointment.resourceId)?.nameﾂｷ||ﾂｷ'荳肴・';竦港 with `竢篠ｷﾂｷﾂｷﾂｷappointment.staffNameﾂｷ||竢篠ｷﾂｷﾂｷﾂｷresources.find(rﾂｷ=>ﾂｷr.idﾂｷ===ﾂｷappointment.resourceId)?.nameﾂｷ||竢篠ｷﾂｷﾂｷﾂｷ'荳肴・';`  prettier/prettier
17:19  Error: Replace `ﾂｷappointment.menuNameﾂｷ||ﾂｷmenus.find(mﾂｷ=>ﾂｷm.idﾂｷ===ﾂｷappointment.menuId)?.nameﾂｷ||ﾂｷ'譛ｪ驕ｸ謚・;竦港 with `竢篠ｷﾂｷﾂｷﾂｷappointment.menuNameﾂｷ||竢篠ｷﾂｷﾂｷﾂｷmenus.find(mﾂｷ=>ﾂｷm.idﾂｷ===ﾂｷappointment.menuId)?.nameﾂｷ||竢篠ｷﾂｷﾂｷﾂｷ'譛ｪ驕ｸ謚・;`  prettier/prettier
18:21  Error: Replace `ﾂｷappointment.selectedOptions?.[0]?.nameﾂｷ||ﾂｷoptions.find(oﾂｷ=>ﾂｷo.idﾂｷ===ﾂｷappointment.optionId)?.name;竦港 with `竢篠ｷﾂｷﾂｷﾂｷappointment.selectedOptions?.[0]?.nameﾂｷ||竢篠ｷﾂｷﾂｷﾂｷoptions.find(oﾂｷ=>ﾂｷo.idﾂｷ===ﾂｷappointment.optionId)?.name;`  prettier/prettier
19:1  Error: Delete `ﾂｷﾂｷ竦港  prettier/prettier
20:56  Error: Replace `'border-',ﾂｷ'border-l-4ﾂｷborder-');竦港 with `竢篠ｷﾂｷﾂｷﾂｷ'border-',竢篠ｷﾂｷﾂｷﾂｷ'border-l-4ﾂｷborder-'竢篠ｷﾂｷ);`  prettier/prettier
21:1  Error: Delete `ﾂｷﾂｷ竦港  prettier/prettier
22:19  Error: Replace `ﾂｷ(appointment.lastNameﾂｷ&&ﾂｷappointment.firstName)ﾂｷ竦坂庶ﾂｷﾂｷﾂｷﾂｷ?ﾂｷ`${appointment.lastName}ﾂｷ${appointment.firstName}`竦港 with `竢篠ｷﾂｷﾂｷﾂｷappointment.lastNameﾂｷ&&ﾂｷappointment.firstName竢篠ｷﾂｷﾂｷﾂｷﾂｷﾂｷ?ﾂｷ`${appointment.lastName}ﾂｷ${appointment.firstName}``  prettier/prettier
24:1  Error: Replace `ﾂｷﾂｷﾂｷﾂｷ:ﾂｷappointment.title;竦港 with `ﾂｷﾂｷﾂｷﾂｷﾂｷﾂｷ:ﾂｷappointment.title;`  prettier/prettier
25:1  Error: Delete `竦港  prettier/prettier
26:47  Error: Delete `竦港  prettier/prettier
27:34  Error: Delete `竦港  prettier/prettier
28:33  Error: Delete `竦港  prettier/prettier
29:69  Error: Delete `竦港  prettier/prettier
30:5  Error: Delete `竦港  prettier/prettier
31:1  Error: Delete `竦港  prettier/prettier
32:11  Error: Delete `竦港  prettier/prettier
33:47  Error: Delete `竦港  prettier/prettier
34:1  Error: Replace `ﾂｷﾂｷﾂｷﾂｷﾂｷﾂｷﾂｷﾂｷ{/*ﾂｷMainﾂｷInfoﾂｷCardﾂｷ*/}竦港 with `ﾂｷﾂｷﾂｷﾂｷﾂｷﾂｷ{/*ﾂｷMainﾂｷInfoﾂｷCardﾂｷ*/}`  prettier/prettier
35:1  Error: Replace `ﾂｷﾂｷﾂｷﾂｷﾂｷﾂｷﾂｷﾂｷ<divﾂｷclassName={`p-5ﾂｷrounded-lgﾂｷbg-gray-50ﾂｷborderﾂｷborder-gray-200ﾂｷ${colorClass}ﾂｷrelativeﾂｷgroupﾂｷtransition-allﾂｷhover:shadow-sm`}>竦港 with `ﾂｷﾂｷﾂｷﾂｷﾂｷﾂｷ<div竢篠ｷﾂｷﾂｷﾂｷﾂｷﾂｷﾂｷﾂｷclassName={`p-5ﾂｷrounded-lgﾂｷbg-gray-50ﾂｷborderﾂｷborder-gray-200ﾂｷ${colorClass}ﾂｷrelativeﾂｷgroupﾂｷtransition-allﾂｷhover:shadow-sm`}`  prettier/prettier
36:5  Error: Replace `ﾂｷﾂｷﾂｷﾂｷﾂｷﾂｷﾂｷﾂｷ{onEditﾂｷ&&ﾂｷ(竦港 with `ﾂｷﾂｷ>竢篠ｷﾂｷﾂｷﾂｷﾂｷﾂｷﾂｷﾂｷ{onEditﾂｷ&&ﾂｷ(`  prettier/prettier
37:1  Error: Replace `ﾂｷﾂｷﾂｷﾂｷﾂｷﾂｷﾂｷﾂｷﾂｷﾂｷﾂｷﾂｷﾂｷﾂｷﾂｷﾂｷ<buttonﾂｷ竦港 with `ﾂｷﾂｷﾂｷﾂｷﾂｷﾂｷﾂｷﾂｷﾂｷﾂｷ<button`  prettier/prettier
38:1  Error: Replace `ﾂｷﾂｷﾂｷﾂｷﾂｷﾂｷﾂｷﾂｷﾂｷﾂｷﾂｷﾂｷﾂｷﾂｷﾂｷﾂｷﾂｷﾂｷﾂｷﾂｷonClick={onEdit}竦港 with `ﾂｷﾂｷﾂｷﾂｷﾂｷﾂｷﾂｷﾂｷﾂｷﾂｷﾂｷﾂｷonClick={onEdit}`  prettier/prettier
39:1  Error: Replace `ﾂｷﾂｷﾂｷﾂｷﾂｷﾂｷﾂｷﾂｷﾂｷﾂｷﾂｷﾂｷﾂｷﾂｷﾂｷﾂｷﾂｷﾂｷﾂｷﾂｷclassName="absoluteﾂｷtop-4ﾂｷright-4ﾂｷp-2ﾂｷbg-white/80ﾂｷhover:bg-whiteﾂｷtext-gray-500ﾂｷhover:text-sky-600ﾂｷrounded-fullﾂｷshadow-smﾂｷopacity-0ﾂｷgroup-hover:opacity-100ﾂｷtransition-all"竦港 with `ﾂｷﾂｷﾂｷﾂｷﾂｷﾂｷﾂｷﾂｷﾂｷﾂｷﾂｷﾂｷclassName='absoluteﾂｷtop-4ﾂｷright-4ﾂｷp-2ﾂｷbg-white/80ﾂｷhover:bg-whiteﾂｷtext-gray-500ﾂｷhover:text-sky-600ﾂｷrounded-fullﾂｷshadow-smﾂｷopacity-0ﾂｷgroup-hover:opacity-100ﾂｷtransition-all'`  prettier/prettier
40:1  Error: Replace `ﾂｷﾂｷﾂｷﾂｷﾂｷﾂｷﾂｷﾂｷﾂｷﾂｷﾂｷﾂｷﾂｷﾂｷﾂｷﾂｷﾂｷﾂｷﾂｷﾂｷtitle="邱ｨ髮・☆繧・竦港 with `ﾂｷﾂｷﾂｷﾂｷﾂｷﾂｷﾂｷﾂｷﾂｷﾂｷﾂｷﾂｷtitle='邱ｨ髮・☆繧・`  prettier/prettier
41:1  Error: Replace `ﾂｷﾂｷﾂｷﾂｷﾂｷﾂｷﾂｷﾂｷﾂｷﾂｷﾂｷﾂｷﾂｷﾂｷﾂｷﾂｷ>竦港 with `ﾂｷﾂｷﾂｷﾂｷﾂｷﾂｷﾂｷﾂｷﾂｷﾂｷ>`  prettier/prettier
42:1  Error: Replace `ﾂｷﾂｷﾂｷﾂｷﾂｷﾂｷﾂｷﾂｷﾂｷﾂｷﾂｷﾂｷﾂｷﾂｷﾂｷﾂｷﾂｷﾂｷﾂｷﾂｷ<EditﾂｷclassName="w-4ﾂｷh-4"ﾂｷ/>竦港 with `ﾂｷﾂｷﾂｷﾂｷﾂｷﾂｷﾂｷﾂｷﾂｷﾂｷﾂｷﾂｷ<EditﾂｷclassName='w-4ﾂｷh-4'ﾂｷ/>`  prettier/prettier
43:1  Error: Replace `ﾂｷﾂｷﾂｷﾂｷﾂｷﾂｷﾂｷﾂｷﾂｷﾂｷﾂｷﾂｷﾂｷﾂｷﾂｷﾂｷ</button>竦港 with `ﾂｷﾂｷﾂｷﾂｷﾂｷﾂｷﾂｷﾂｷﾂｷﾂｷ</button>`  prettier/prettier
44:1  Error: Replace `ﾂｷﾂｷﾂｷﾂｷﾂｷﾂｷﾂｷﾂｷﾂｷﾂｷﾂｷﾂｷ)}竦港 with `ﾂｷﾂｷﾂｷﾂｷﾂｷﾂｷﾂｷﾂｷ)}`  prettier/prettier
45:1  Error: Delete `竦港  prettier/prettier
46:1  Error: Replace `ﾂｷﾂｷﾂｷﾂｷﾂｷﾂｷﾂｷﾂｷﾂｷﾂｷﾂｷﾂｷ<divﾂｷclassName="flexﾂｷjustify-betweenﾂｷitems-startﾂｷmb-3">竦港 with `ﾂｷﾂｷﾂｷﾂｷﾂｷﾂｷﾂｷﾂｷ<divﾂｷclassName='flexﾂｷjustify-betweenﾂｷitems-startﾂｷmb-3'>`  prettier/prettier
47:1  Error: Replace `ﾂｷﾂｷﾂｷﾂｷﾂｷﾂｷﾂｷﾂｷﾂｷﾂｷﾂｷﾂｷﾂｷﾂｷﾂｷﾂｷ<div>竦港 with `ﾂｷﾂｷﾂｷﾂｷﾂｷﾂｷﾂｷﾂｷﾂｷﾂｷ<div>`  prettier/prettier
48:1  Error: Replace `ﾂｷﾂｷﾂｷﾂｷﾂｷﾂｷﾂｷﾂｷﾂｷﾂｷﾂｷﾂｷﾂｷﾂｷﾂｷﾂｷﾂｷﾂｷﾂｷﾂｷ<spanﾂｷclassName="text-xsﾂｷfont-boldﾂｷtext-gray-500ﾂｷuppercaseﾂｷtracking-wide">莠育ｴИD:ﾂｷ{appointment.id}</span>竦港 with `ﾂｷﾂｷﾂｷﾂｷﾂｷﾂｷﾂｷﾂｷﾂｷﾂｷﾂｷﾂｷ<spanﾂｷclassName='text-xsﾂｷfont-boldﾂｷtext-gray-500ﾂｷuppercaseﾂｷtracking-wide'>竢篠ｷﾂｷﾂｷﾂｷﾂｷﾂｷﾂｷﾂｷﾂｷﾂｷﾂｷﾂｷﾂｷﾂｷ莠育ｴИD:ﾂｷ{appointment.id}`  prettier/prettier
49:13  Error: Replace `ﾂｷﾂｷﾂｷﾂｷﾂｷﾂｷﾂｷﾂｷ<h1ﾂｷclassName="text-xlﾂｷsm:text-2xlﾂｷfont-boldﾂｷtext-gray-900ﾂｷmt-1ﾂｷleading-tightﾂｷflexﾂｷitems-centerﾂｷgap-2ﾂｷflex-wrap">竦港 with `</span>竢篠ｷﾂｷﾂｷﾂｷﾂｷﾂｷﾂｷﾂｷﾂｷﾂｷﾂｷﾂｷ<h1ﾂｷclassName='text-xlﾂｷsm:text-2xlﾂｷfont-boldﾂｷtext-gray-900ﾂｷmt-1ﾂｷleading-tightﾂｷflexﾂｷitems-centerﾂｷgap-2ﾂｷflex-wrap'>`  prettier/prettier
50:1  Error: Replace `ﾂｷﾂｷﾂｷﾂｷﾂｷﾂｷﾂｷﾂｷﾂｷﾂｷﾂｷﾂｷﾂｷﾂｷﾂｷﾂｷﾂｷﾂｷﾂｷﾂｷﾂｷﾂｷﾂｷﾂｷ{fullName}竦港 with `ﾂｷﾂｷﾂｷﾂｷﾂｷﾂｷﾂｷﾂｷﾂｷﾂｷﾂｷﾂｷﾂｷﾂｷ{fullName}`  prettier/prettier
51:15  Error: Replace `ﾂｷﾂｷﾂｷﾂｷﾂｷﾂｷﾂｷﾂｷﾂｷﾂｷ{appointment.lastNameﾂｷ&&ﾂｷ<spanﾂｷclassName="text-smﾂｷfont-normalﾂｷtext-gray-500ﾂｷml-1">讒・/span>}竦港 with `{appointment.lastNameﾂｷ&&ﾂｷ(竢篠ｷﾂｷﾂｷﾂｷﾂｷﾂｷﾂｷﾂｷﾂｷﾂｷﾂｷﾂｷﾂｷﾂｷﾂｷﾂｷ<spanﾂｷclassName='text-smﾂｷfont-normalﾂｷtext-gray-500ﾂｷml-1'>竢篠ｷﾂｷﾂｷﾂｷﾂｷﾂｷﾂｷﾂｷﾂｷﾂｷﾂｷﾂｷﾂｷﾂｷﾂｷﾂｷﾂｷﾂｷ讒倪庶ﾂｷﾂｷﾂｷﾂｷﾂｷﾂｷﾂｷﾂｷﾂｷﾂｷﾂｷﾂｷﾂｷﾂｷﾂｷﾂｷ</span>`  prettier/prettier
52:10  Error: Replace `ﾂｷﾂｷﾂｷﾂｷﾂｷﾂｷﾂｷﾂｷﾂｷﾂｷﾂｷ</h1>竦港 with `ﾂｷﾂｷﾂｷﾂｷﾂｷ)}竢篠ｷﾂｷﾂｷﾂｷﾂｷﾂｷﾂｷﾂｷﾂｷﾂｷﾂｷﾂｷ</h1>`  prettier/prettier
53:1  Error: Replace `ﾂｷﾂｷﾂｷﾂｷﾂｷﾂｷﾂｷﾂｷﾂｷﾂｷﾂｷﾂｷﾂｷﾂｷﾂｷﾂｷ</div>竦港 with `ﾂｷﾂｷﾂｷﾂｷﾂｷﾂｷﾂｷﾂｷﾂｷﾂｷ</div>`  prettier/prettier
54:1  Error: Replace `ﾂｷﾂｷﾂｷﾂｷﾂｷﾂｷﾂｷﾂｷﾂｷﾂｷﾂｷﾂｷﾂｷﾂｷﾂｷﾂｷ{appointment.subTitleﾂｷ&&ﾂｷ(竦港 with `ﾂｷﾂｷﾂｷﾂｷﾂｷﾂｷﾂｷﾂｷﾂｷﾂｷ{appointment.subTitleﾂｷ&&ﾂｷ(`  prettier/prettier
55:1  Error: Replace `ﾂｷﾂｷﾂｷﾂｷﾂｷﾂｷﾂｷﾂｷﾂｷﾂｷﾂｷﾂｷﾂｷﾂｷﾂｷﾂｷﾂｷﾂｷﾂｷﾂｷ<spanﾂｷclassName="bg-white/80ﾂｷborderﾂｷborder-gray-200ﾂｷtext-gray-700ﾂｷtext-xsﾂｷpx-2ﾂｷpy-1ﾂｷroundedﾂｷfont-mediumﾂｷwhitespace-nowrap">竦港 with `ﾂｷﾂｷﾂｷﾂｷﾂｷﾂｷﾂｷﾂｷﾂｷﾂｷﾂｷﾂｷ<spanﾂｷclassName='bg-white/80ﾂｷborderﾂｷborder-gray-200ﾂｷtext-gray-700ﾂｷtext-xsﾂｷpx-2ﾂｷpy-1ﾂｷroundedﾂｷfont-mediumﾂｷwhitespace-nowrap'>`  prettier/prettier
56:1  Error: Replace `ﾂｷﾂｷﾂｷﾂｷﾂｷﾂｷﾂｷﾂｷﾂｷﾂｷﾂｷﾂｷﾂｷﾂｷﾂｷﾂｷﾂｷﾂｷﾂｷﾂｷﾂｷﾂｷﾂｷﾂｷ{appointment.subTitle}竦港 with `ﾂｷﾂｷﾂｷﾂｷﾂｷﾂｷﾂｷﾂｷﾂｷﾂｷﾂｷﾂｷﾂｷﾂｷ{appointment.subTitle}`  prettier/prettier
57:1  Error: Replace `ﾂｷﾂｷﾂｷﾂｷﾂｷﾂｷﾂｷﾂｷﾂｷﾂｷﾂｷﾂｷﾂｷﾂｷﾂｷﾂｷﾂｷﾂｷﾂｷﾂｷ</span>竦港 with `ﾂｷﾂｷﾂｷﾂｷﾂｷﾂｷﾂｷﾂｷﾂｷﾂｷﾂｷﾂｷ</span>`  prettier/prettier
58:11  Error: Replace `ﾂｷﾂｷﾂｷﾂｷﾂｷﾂｷ)}竦港 with `)}`  prettier/prettier
59:1  Error: Replace `ﾂｷﾂｷﾂｷﾂｷﾂｷﾂｷﾂｷﾂｷﾂｷﾂｷﾂｷﾂｷ</div>竦港 with `ﾂｷﾂｷﾂｷﾂｷﾂｷﾂｷﾂｷﾂｷ</div>`  prettier/prettier
60:1  Error: Delete `竦港  prettier/prettier
61:1  Error: Replace `ﾂｷﾂｷﾂｷﾂｷﾂｷﾂｷﾂｷﾂｷﾂｷﾂｷﾂｷﾂｷ<divﾂｷclassName="space-y-4ﾂｷmt-5">竦港 with `ﾂｷﾂｷﾂｷﾂｷﾂｷﾂｷﾂｷﾂｷ<divﾂｷclassName='space-y-4ﾂｷmt-5'>`  prettier/prettier
62:1  Error: Replace `ﾂｷﾂｷﾂｷﾂｷﾂｷﾂｷﾂｷﾂｷﾂｷﾂｷﾂｷﾂｷﾂｷﾂｷﾂｷﾂｷ<divﾂｷclassName="flexﾂｷitems-startﾂｷgap-3">竦港 with `ﾂｷﾂｷﾂｷﾂｷﾂｷﾂｷﾂｷﾂｷﾂｷﾂｷ<divﾂｷclassName='flexﾂｷitems-startﾂｷgap-3'>`  prettier/prettier
63:1  Error: Replace `ﾂｷﾂｷﾂｷﾂｷﾂｷﾂｷﾂｷﾂｷﾂｷﾂｷﾂｷﾂｷﾂｷﾂｷﾂｷﾂｷﾂｷﾂｷﾂｷﾂｷ<divﾂｷclassName="w-6ﾂｷmt-0.5ﾂｷtext-gray-400"><CalendarﾂｷclassName="w-5ﾂｷh-5"ﾂｷ/></div>竦港 with `ﾂｷﾂｷﾂｷﾂｷﾂｷﾂｷﾂｷﾂｷﾂｷﾂｷﾂｷﾂｷ<divﾂｷclassName='w-6ﾂｷmt-0.5ﾂｷtext-gray-400'>竢篠ｷﾂｷﾂｷﾂｷﾂｷﾂｷﾂｷﾂｷﾂｷﾂｷﾂｷﾂｷﾂｷﾂｷ<CalendarﾂｷclassName='w-5ﾂｷh-5'ﾂｷ/>`  prettier/prettier
64:1  Error: Replace `ﾂｷﾂｷﾂｷﾂｷﾂｷﾂｷﾂｷﾂｷﾂｷﾂｷﾂｷﾂｷﾂｷﾂｷﾂｷﾂｷﾂｷﾂｷﾂｷﾂｷ<div>竦港 with `ﾂｷﾂｷﾂｷﾂｷﾂｷﾂｷﾂｷﾂｷﾂｷﾂｷﾂｷﾂｷ</div>`  prettier/prettier
65:13  Error: Replace `ﾂｷﾂｷﾂｷﾂｷﾂｷﾂｷﾂｷﾂｷﾂｷﾂｷﾂｷﾂｷ<divﾂｷclassName="text-xsﾂｷfont-boldﾂｷtext-gray-500ﾂｷuppercase">譚･蠎玲律譎・/div>竦港 with `<div>竢篠ｷﾂｷﾂｷﾂｷﾂｷﾂｷﾂｷﾂｷﾂｷﾂｷﾂｷﾂｷﾂｷﾂｷ<divﾂｷclassName='text-xsﾂｷfont-boldﾂｷtext-gray-500ﾂｷuppercase'>竢篠ｷﾂｷﾂｷﾂｷﾂｷﾂｷﾂｷﾂｷﾂｷﾂｷﾂｷﾂｷﾂｷﾂｷﾂｷﾂｷ譚･蠎玲律譎Ａ  prettier/prettier
66:13  Error: Replace `ﾂｷﾂｷﾂｷﾂｷﾂｷﾂｷﾂｷﾂｷﾂｷﾂｷﾂｷﾂｷ<divﾂｷclassName="font-monoﾂｷtext-baseﾂｷsm:text-lgﾂｷfont-mediumﾂｷtext-gray-800ﾂｷflexﾂｷitems-centerﾂｷgap-2ﾂｷflex-wrap">竦港 with `ﾂｷﾂｷ</div>竢篠ｷﾂｷﾂｷﾂｷﾂｷﾂｷﾂｷﾂｷﾂｷﾂｷﾂｷﾂｷﾂｷﾂｷ<divﾂｷclassName='font-monoﾂｷtext-baseﾂｷsm:text-lgﾂｷfont-mediumﾂｷtext-gray-800ﾂｷflexﾂｷitems-centerﾂｷgap-2ﾂｷflex-wrap'>`  prettier/prettier
67:1  Error: Replace `ﾂｷﾂｷﾂｷﾂｷﾂｷﾂｷﾂｷﾂｷﾂｷﾂｷﾂｷﾂｷﾂｷﾂｷﾂｷﾂｷﾂｷﾂｷﾂｷﾂｷﾂｷﾂｷﾂｷﾂｷﾂｷﾂｷﾂｷﾂｷ{formatDateJP(appointment.date)}竦港 with `ﾂｷﾂｷﾂｷﾂｷﾂｷﾂｷﾂｷﾂｷﾂｷﾂｷﾂｷﾂｷﾂｷﾂｷﾂｷﾂｷ{formatDateJP(appointment.date)}`  prettier/prettier
68:17  Error: Replace `ﾂｷﾂｷﾂｷﾂｷﾂｷﾂｷﾂｷﾂｷﾂｷﾂｷﾂｷﾂｷ<spanﾂｷclassName="text-gray-300ﾂｷhiddenﾂｷsm:inline">|</span>竦港 with `<spanﾂｷclassName='text-gray-300ﾂｷhiddenﾂｷsm:inline'>|</span>`  prettier/prettier
69:1  Error: Replace `ﾂｷﾂｷﾂｷﾂｷﾂｷﾂｷﾂｷﾂｷﾂｷﾂｷﾂｷﾂｷﾂｷﾂｷﾂｷﾂｷﾂｷﾂｷﾂｷﾂｷﾂｷﾂｷﾂｷﾂｷﾂｷﾂｷﾂｷﾂｷ<spanﾂｷclassName="blockﾂｷsm:inline">竦港 with `ﾂｷﾂｷﾂｷﾂｷﾂｷﾂｷﾂｷﾂｷﾂｷﾂｷﾂｷﾂｷﾂｷﾂｷﾂｷﾂｷ<spanﾂｷclassName='blockﾂｷsm:inline'>`  prettier/prettier
70:1  Error: Replace `ﾂｷﾂｷﾂｷﾂｷﾂｷﾂｷﾂｷﾂｷﾂｷﾂｷﾂｷﾂｷﾂｷﾂｷﾂｷﾂｷﾂｷﾂｷﾂｷﾂｷﾂｷﾂｷﾂｷﾂｷﾂｷﾂｷﾂｷﾂｷ{String(appointment.startHour).padStart(2,ﾂｷ'0')}:{String(appointment.startMinute).padStart(2,ﾂｷ'0')}ﾂｷ竦港 with `ﾂｷﾂｷﾂｷﾂｷﾂｷﾂｷﾂｷﾂｷﾂｷﾂｷﾂｷﾂｷﾂｷﾂｷﾂｷﾂｷﾂｷﾂｷ{String(appointment.startHour).padStart(2,ﾂｷ'0')}:竢篠ｷﾂｷﾂｷﾂｷﾂｷﾂｷﾂｷﾂｷﾂｷﾂｷﾂｷﾂｷﾂｷﾂｷﾂｷﾂｷﾂｷﾂｷ{String(appointment.startMinute).padStart(2,ﾂｷ'0')}`  prettier/prettier
71:1  Error: Replace `ﾂｷﾂｷﾂｷﾂｷﾂｷﾂｷﾂｷﾂｷﾂｷﾂｷﾂｷﾂｷﾂｷﾂｷﾂｷﾂｷﾂｷﾂｷﾂｷﾂｷﾂｷﾂｷﾂｷﾂｷﾂｷﾂｷﾂｷﾂｷ<spanﾂｷclassName="text-gray-400ﾂｷmx-1">竊・/span>竦港 with `ﾂｷﾂｷﾂｷﾂｷﾂｷﾂｷﾂｷﾂｷﾂｷﾂｷﾂｷﾂｷﾂｷﾂｷﾂｷﾂｷﾂｷﾂｷ<spanﾂｷclassName='text-gray-400ﾂｷmx-1'>竊・/span>`  prettier/prettier
72:1  Error: Replace `ﾂｷﾂｷﾂｷﾂｷﾂｷﾂｷﾂｷﾂｷﾂｷﾂｷﾂｷﾂｷﾂｷﾂｷﾂｷﾂｷﾂｷﾂｷﾂｷﾂｷﾂｷﾂｷﾂｷﾂｷﾂｷﾂｷﾂｷﾂｷ{String(appointment.endHour).padStart(2,ﾂｷ'0')}:{String(appointment.endMinute).padStart(2,ﾂｷ'0')}竦港 with `ﾂｷﾂｷﾂｷﾂｷﾂｷﾂｷﾂｷﾂｷﾂｷﾂｷﾂｷﾂｷﾂｷﾂｷﾂｷﾂｷﾂｷﾂｷ{String(appointment.endHour).padStart(2,ﾂｷ'0')}:竢篠ｷﾂｷﾂｷﾂｷﾂｷﾂｷﾂｷﾂｷﾂｷﾂｷﾂｷﾂｷﾂｷﾂｷﾂｷﾂｷﾂｷﾂｷ{String(appointment.endMinute).padStart(2,ﾂｷ'0')}`  prettier/prettier
73:1  Error: Replace `ﾂｷﾂｷﾂｷﾂｷﾂｷﾂｷﾂｷﾂｷﾂｷﾂｷﾂｷﾂｷﾂｷﾂｷﾂｷﾂｷﾂｷﾂｷﾂｷﾂｷﾂｷﾂｷﾂｷﾂｷﾂｷﾂｷﾂｷﾂｷ</span>竦港 with `ﾂｷﾂｷﾂｷﾂｷﾂｷﾂｷﾂｷﾂｷﾂｷﾂｷﾂｷﾂｷﾂｷﾂｷﾂｷﾂｷ</span>`  prettier/prettier
74:1  Error: Replace `ﾂｷﾂｷﾂｷﾂｷﾂｷﾂｷﾂｷﾂｷﾂｷﾂｷﾂｷﾂｷﾂｷﾂｷﾂｷﾂｷﾂｷﾂｷﾂｷﾂｷﾂｷﾂｷﾂｷﾂｷ</div>竦港 with `ﾂｷﾂｷﾂｷﾂｷﾂｷﾂｷﾂｷﾂｷﾂｷﾂｷﾂｷﾂｷﾂｷﾂｷ</div>`  prettier/prettier
75:1  Error: Replace `ﾂｷﾂｷﾂｷﾂｷﾂｷﾂｷﾂｷﾂｷﾂｷﾂｷﾂｷﾂｷﾂｷﾂｷﾂｷﾂｷﾂｷﾂｷﾂｷﾂｷ</div>竦港 with `ﾂｷﾂｷﾂｷﾂｷﾂｷﾂｷﾂｷﾂｷﾂｷﾂｷﾂｷﾂｷ</div>`  prettier/prettier
76:1  Error: Replace `ﾂｷﾂｷﾂｷﾂｷﾂｷﾂｷﾂｷﾂｷﾂｷﾂｷﾂｷﾂｷﾂｷﾂｷﾂｷﾂｷ</div>竦港 with `ﾂｷﾂｷﾂｷﾂｷﾂｷﾂｷﾂｷﾂｷﾂｷﾂｷ</div>`  prettier/prettier
77:1  Error: Delete `ﾂｷﾂｷﾂｷﾂｷﾂｷﾂｷﾂｷﾂｷﾂｷﾂｷﾂｷﾂｷﾂｷﾂｷﾂｷﾂｷ竦港  prettier/prettier
78:1  Error: Replace `ﾂｷﾂｷﾂｷﾂｷﾂｷﾂｷﾂｷﾂｷﾂｷﾂｷﾂｷﾂｷﾂｷﾂｷﾂｷﾂｷ<divﾂｷclassName="flexﾂｷitems-startﾂｷgap-3">竦港 with `ﾂｷﾂｷﾂｷﾂｷﾂｷﾂｷﾂｷﾂｷﾂｷﾂｷ<divﾂｷclassName='flexﾂｷitems-startﾂｷgap-3'>`  prettier/prettier
79:1  Error: Replace `ﾂｷﾂｷﾂｷﾂｷﾂｷﾂｷﾂｷﾂｷﾂｷﾂｷﾂｷﾂｷﾂｷﾂｷﾂｷﾂｷﾂｷﾂｷﾂｷﾂｷ<divﾂｷclassName="w-6ﾂｷmt-0.5ﾂｷtext-gray-400"><UserﾂｷclassName="w-5ﾂｷh-5"ﾂｷ/></div>竦港 with `ﾂｷﾂｷﾂｷﾂｷﾂｷﾂｷﾂｷﾂｷﾂｷﾂｷﾂｷﾂｷ<divﾂｷclassName='w-6ﾂｷmt-0.5ﾂｷtext-gray-400'>竢篠ｷﾂｷﾂｷﾂｷﾂｷﾂｷﾂｷﾂｷﾂｷﾂｷﾂｷﾂｷﾂｷﾂｷ<UserﾂｷclassName='w-5ﾂｷh-5'ﾂｷ/>`  prettier/prettier
80:1  Error: Replace `ﾂｷﾂｷﾂｷﾂｷﾂｷﾂｷﾂｷﾂｷﾂｷﾂｷﾂｷﾂｷﾂｷﾂｷﾂｷﾂｷﾂｷﾂｷﾂｷﾂｷ<div>竦港 with `ﾂｷﾂｷﾂｷﾂｷﾂｷﾂｷﾂｷﾂｷﾂｷﾂｷﾂｷﾂｷ</div>`  prettier/prettier
81:11  Error: Replace `ﾂｷﾂｷﾂｷﾂｷﾂｷﾂｷﾂｷﾂｷﾂｷﾂｷﾂｷﾂｷﾂｷﾂｷ<divﾂｷclassName="text-xsﾂｷfont-boldﾂｷtext-gray-500ﾂｷuppercase">諡・ｽ薙せ繧ｿ繝・ヵ</div>竦港 with `ﾂｷﾂｷ<div>竢篠ｷﾂｷﾂｷﾂｷﾂｷﾂｷﾂｷﾂｷﾂｷﾂｷﾂｷﾂｷﾂｷﾂｷ<divﾂｷclassName='text-xsﾂｷfont-boldﾂｷtext-gray-500ﾂｷuppercase'>竢篠ｷﾂｷﾂｷﾂｷﾂｷﾂｷﾂｷﾂｷﾂｷﾂｷﾂｷﾂｷﾂｷﾂｷﾂｷﾂｷ諡・ｽ薙せ繧ｿ繝・ヵ`  prettier/prettier
82:1  Error: Replace `ﾂｷﾂｷﾂｷﾂｷﾂｷﾂｷﾂｷﾂｷﾂｷﾂｷﾂｷﾂｷﾂｷﾂｷﾂｷﾂｷﾂｷﾂｷﾂｷﾂｷﾂｷﾂｷﾂｷﾂｷ<divﾂｷclassName="text-gray-900ﾂｷfont-medium">{resourceName}</div>竦港 with `ﾂｷﾂｷﾂｷﾂｷﾂｷﾂｷﾂｷﾂｷﾂｷﾂｷﾂｷﾂｷﾂｷﾂｷ</div>竢篠ｷﾂｷﾂｷﾂｷﾂｷﾂｷﾂｷﾂｷﾂｷﾂｷﾂｷﾂｷﾂｷﾂｷ<divﾂｷclassName='text-gray-900ﾂｷfont-medium'>{resourceName}</div>`  prettier/prettier
83:1  Error: Replace `ﾂｷﾂｷﾂｷﾂｷﾂｷﾂｷﾂｷﾂｷﾂｷﾂｷﾂｷﾂｷﾂｷﾂｷﾂｷﾂｷﾂｷﾂｷﾂｷﾂｷ</div>竦港 with `ﾂｷﾂｷﾂｷﾂｷﾂｷﾂｷﾂｷﾂｷﾂｷﾂｷﾂｷﾂｷ</div>`  prettier/prettier
84:1  Error: Replace `ﾂｷﾂｷﾂｷﾂｷﾂｷﾂｷﾂｷﾂｷﾂｷﾂｷﾂｷﾂｷﾂｷﾂｷﾂｷﾂｷ</div>竦港 with `ﾂｷﾂｷﾂｷﾂｷﾂｷﾂｷﾂｷﾂｷﾂｷﾂｷ</div>`  prettier/prettier
85:1  Error: Delete `竦港  prettier/prettier
86:1  Error: Replace `ﾂｷﾂｷﾂｷﾂｷﾂｷﾂｷﾂｷﾂｷﾂｷﾂｷﾂｷﾂｷﾂｷﾂｷﾂｷﾂｷ<divﾂｷclassName="flexﾂｷitems-startﾂｷgap-3">竦港 with `ﾂｷﾂｷﾂｷﾂｷﾂｷﾂｷﾂｷﾂｷﾂｷﾂｷ<divﾂｷclassName='flexﾂｷitems-startﾂｷgap-3'>`  prettier/prettier
87:1  Error: Replace `ﾂｷﾂｷﾂｷﾂｷﾂｷﾂｷﾂｷﾂｷﾂｷﾂｷﾂｷﾂｷﾂｷﾂｷﾂｷﾂｷﾂｷﾂｷﾂｷﾂｷ<divﾂｷclassName="w-6ﾂｷmt-0.5ﾂｷtext-gray-400"><ScissorsﾂｷclassName="w-5ﾂｷh-5"ﾂｷ/></div>竦港 with `ﾂｷﾂｷﾂｷﾂｷﾂｷﾂｷﾂｷﾂｷﾂｷﾂｷﾂｷﾂｷ<divﾂｷclassName='w-6ﾂｷmt-0.5ﾂｷtext-gray-400'>竢篠ｷﾂｷﾂｷﾂｷﾂｷﾂｷﾂｷﾂｷﾂｷﾂｷﾂｷﾂｷﾂｷﾂｷ<ScissorsﾂｷclassName='w-5ﾂｷh-5'ﾂｷ/>`  prettier/prettier
88:1  Error: Replace `ﾂｷﾂｷﾂｷﾂｷﾂｷﾂｷﾂｷﾂｷﾂｷﾂｷﾂｷﾂｷﾂｷﾂｷﾂｷﾂｷﾂｷﾂｷﾂｷﾂｷ<div>竦港 with `ﾂｷﾂｷﾂｷﾂｷﾂｷﾂｷﾂｷﾂｷﾂｷﾂｷﾂｷﾂｷ</div>`  prettier/prettier
89:12  Error: Replace `ﾂｷﾂｷﾂｷﾂｷﾂｷﾂｷﾂｷﾂｷﾂｷﾂｷﾂｷﾂｷﾂｷ<divﾂｷclassName="text-xsﾂｷfont-boldﾂｷtext-gray-500ﾂｷuppercase">繝｡繝九Η繝ｼ蜀・ｮｹ</div>竦港 with `ﾂｷ<div>竢篠ｷﾂｷﾂｷﾂｷﾂｷﾂｷﾂｷﾂｷﾂｷﾂｷﾂｷﾂｷﾂｷﾂｷ<divﾂｷclassName='text-xsﾂｷfont-boldﾂｷtext-gray-500ﾂｷuppercase'>竢篠ｷﾂｷﾂｷﾂｷﾂｷﾂｷﾂｷﾂｷﾂｷﾂｷﾂｷﾂｷﾂｷﾂｷﾂｷﾂｷ繝｡繝九Η繝ｼ蜀・ｮｹ`  prettier/prettier
90:15  Error: Replace `ﾂｷﾂｷﾂｷﾂｷﾂｷﾂｷﾂｷﾂｷﾂｷﾂｷ<divﾂｷclassName="text-gray-900ﾂｷfont-medium">{menuName}</div>竦港 with `</div>竢篠ｷﾂｷﾂｷﾂｷﾂｷﾂｷﾂｷﾂｷﾂｷﾂｷﾂｷﾂｷﾂｷﾂｷ<divﾂｷclassName='text-gray-900ﾂｷfont-medium'>{menuName}</div>`  prettier/prettier
91:1  Error: Replace `ﾂｷﾂｷﾂｷﾂｷﾂｷﾂｷﾂｷﾂｷﾂｷﾂｷﾂｷﾂｷﾂｷﾂｷﾂｷﾂｷﾂｷﾂｷﾂｷﾂｷﾂｷﾂｷﾂｷﾂｷ{optionNameﾂｷ&&ﾂｷoptionNameﾂｷ!==ﾂｷ'縺ｪ縺・ﾂｷ&&ﾂｷ(竦港 with `ﾂｷﾂｷﾂｷﾂｷﾂｷﾂｷﾂｷﾂｷﾂｷﾂｷﾂｷﾂｷﾂｷﾂｷ{optionNameﾂｷ&&ﾂｷoptionNameﾂｷ!==ﾂｷ'縺ｪ縺・ﾂｷ&&ﾂｷ(`  prettier/prettier
92:1  Error: Replace `ﾂｷﾂｷﾂｷﾂｷﾂｷﾂｷﾂｷﾂｷﾂｷﾂｷﾂｷﾂｷﾂｷﾂｷﾂｷﾂｷﾂｷﾂｷﾂｷﾂｷﾂｷﾂｷﾂｷﾂｷﾂｷﾂｷﾂｷﾂｷ<divﾂｷclassName="text-smﾂｷtext-gray-600ﾂｷmt-1ﾂｷbg-whiteﾂｷinline-blockﾂｷpx-2ﾂｷpy-0.5ﾂｷroundedﾂｷborderﾂｷborder-gray-200">竦港 with `ﾂｷﾂｷﾂｷﾂｷﾂｷﾂｷﾂｷﾂｷﾂｷﾂｷﾂｷﾂｷﾂｷﾂｷﾂｷﾂｷ<divﾂｷclassName='text-smﾂｷtext-gray-600ﾂｷmt-1ﾂｷbg-whiteﾂｷinline-blockﾂｷpx-2ﾂｷpy-0.5ﾂｷroundedﾂｷborderﾂｷborder-gray-200'>`  prettier/prettier
93:1  Error: Replace `ﾂｷﾂｷﾂｷﾂｷﾂｷﾂｷﾂｷﾂｷﾂｷﾂｷﾂｷﾂｷﾂｷﾂｷﾂｷﾂｷﾂｷﾂｷﾂｷﾂｷﾂｷﾂｷﾂｷﾂｷﾂｷﾂｷﾂｷﾂｷﾂｷﾂｷﾂｷﾂｷ+ﾂｷ{optionName}竦港 with `ﾂｷﾂｷﾂｷﾂｷﾂｷﾂｷﾂｷﾂｷﾂｷﾂｷﾂｷﾂｷﾂｷﾂｷﾂｷﾂｷﾂｷﾂｷ+ﾂｷ{optionName}`  prettier/prettier
94:1  Error: Replace `ﾂｷﾂｷﾂｷﾂｷﾂｷﾂｷﾂｷﾂｷﾂｷﾂｷﾂｷﾂｷﾂｷﾂｷﾂｷﾂｷﾂｷﾂｷﾂｷﾂｷﾂｷﾂｷﾂｷﾂｷﾂｷﾂｷﾂｷﾂｷ</div>竦港 with `ﾂｷﾂｷﾂｷﾂｷﾂｷﾂｷﾂｷﾂｷﾂｷﾂｷﾂｷﾂｷﾂｷﾂｷﾂｷﾂｷ</div>`  prettier/prettier
95:1  Error: Replace `ﾂｷﾂｷﾂｷﾂｷﾂｷﾂｷﾂｷﾂｷﾂｷﾂｷﾂｷﾂｷﾂｷﾂｷﾂｷﾂｷﾂｷﾂｷﾂｷﾂｷﾂｷﾂｷﾂｷﾂｷ)}竦港 with `ﾂｷﾂｷﾂｷﾂｷﾂｷﾂｷﾂｷﾂｷﾂｷﾂｷﾂｷﾂｷﾂｷﾂｷ)}`  prettier/prettier
96:1  Error: Replace `ﾂｷﾂｷﾂｷﾂｷﾂｷﾂｷﾂｷﾂｷﾂｷﾂｷﾂｷﾂｷﾂｷﾂｷﾂｷﾂｷﾂｷﾂｷﾂｷﾂｷ</div>竦港 with `ﾂｷﾂｷﾂｷﾂｷﾂｷﾂｷﾂｷﾂｷﾂｷﾂｷﾂｷﾂｷ</div>`  prettier/prettier
97:1  Error: Replace `ﾂｷﾂｷﾂｷﾂｷﾂｷﾂｷﾂｷﾂｷﾂｷﾂｷﾂｷﾂｷﾂｷﾂｷﾂｷﾂｷ</div>竦港 with `ﾂｷﾂｷﾂｷﾂｷﾂｷﾂｷﾂｷﾂｷﾂｷﾂｷ</div>`  prettier/prettier
98:1  Error: Replace `ﾂｷﾂｷﾂｷﾂｷﾂｷﾂｷﾂｷﾂｷﾂｷﾂｷﾂｷﾂｷ</div>竦港 with `ﾂｷﾂｷﾂｷﾂｷﾂｷﾂｷﾂｷﾂｷ</div>`  prettier/prettier
99:1  Error: Replace `ﾂｷﾂｷﾂｷﾂｷﾂｷﾂｷﾂｷﾂｷ</div>竦港 with `ﾂｷﾂｷﾂｷﾂｷﾂｷﾂｷ</div>`  prettier/prettier
100:1  Error: Delete `竦港  prettier/prettier
101:1  Error: Replace `ﾂｷﾂｷﾂｷﾂｷﾂｷﾂｷﾂｷﾂｷ{/*ﾂｷMemoﾂｷSectionﾂｷ*/}竦港 with `ﾂｷﾂｷﾂｷﾂｷﾂｷﾂｷ{/*ﾂｷMemoﾂｷSectionﾂｷ*/}`  prettier/prettier
102:1  Error: Replace `ﾂｷﾂｷﾂｷﾂｷﾂｷﾂｷﾂｷﾂｷ<div>竦港 with `ﾂｷﾂｷﾂｷﾂｷﾂｷﾂｷ<div>`  prettier/prettier
103:1  Error: Replace `ﾂｷﾂｷﾂｷﾂｷﾂｷﾂｷﾂｷﾂｷﾂｷﾂｷﾂｷﾂｷ<divﾂｷclassName="flexﾂｷitems-centerﾂｷjustify-betweenﾂｷmb-2">竦港 with `ﾂｷﾂｷﾂｷﾂｷﾂｷﾂｷﾂｷﾂｷ<divﾂｷclassName='flexﾂｷitems-centerﾂｷjustify-betweenﾂｷmb-2'>`  prettier/prettier
104:1  Error: Replace `ﾂｷﾂｷﾂｷﾂｷﾂｷﾂｷﾂｷﾂｷﾂｷﾂｷﾂｷﾂｷﾂｷﾂｷﾂｷﾂｷ<h3ﾂｷclassName="text-smﾂｷfont-boldﾂｷtext-gray-700ﾂｷflexﾂｷitems-centerﾂｷgap-2">竦港 with `ﾂｷﾂｷﾂｷﾂｷﾂｷﾂｷﾂｷﾂｷﾂｷﾂｷ<h3ﾂｷclassName='text-smﾂｷfont-boldﾂｷtext-gray-700ﾂｷflexﾂｷitems-centerﾂｷgap-2'>`  prettier/prettier
105:1  Error: Replace `ﾂｷﾂｷﾂｷﾂｷﾂｷﾂｷﾂｷﾂｷﾂｷﾂｷﾂｷﾂｷﾂｷﾂｷﾂｷﾂｷﾂｷﾂｷﾂｷﾂｷ<MessageCircleﾂｷclassName="w-4ﾂｷh-4ﾂｷtext-gray-400"ﾂｷ/>竦港 with `ﾂｷﾂｷﾂｷﾂｷﾂｷﾂｷﾂｷﾂｷﾂｷﾂｷﾂｷﾂｷ<MessageCircleﾂｷclassName='w-4ﾂｷh-4ﾂｷtext-gray-400'ﾂｷ/>`  prettier/prettier
106:1  Error: Replace `ﾂｷﾂｷﾂｷﾂｷﾂｷﾂｷﾂｷﾂｷﾂｷﾂｷﾂｷﾂｷﾂｷﾂｷﾂｷﾂｷﾂｷﾂｷﾂｷﾂｷ鬘ｧ螳｢繝｡繝｢繝ｻ蛯呵・錐` with `ﾂｷﾂｷﾂｷﾂｷﾂｷﾂｷﾂｷﾂｷﾂｷﾂｷﾂｷﾂｷ鬘ｧ螳｢繝｡繝｢繝ｻ蛯呵チ  prettier/prettier
107:11  Error: Replace `ﾂｷﾂｷﾂｷﾂｷﾂｷﾂｷ</h3>竦港 with `</h3>`  prettier/prettier
108:1  Error: Replace `ﾂｷﾂｷﾂｷﾂｷﾂｷﾂｷﾂｷﾂｷﾂｷﾂｷﾂｷﾂｷ</div>竦港 with `ﾂｷﾂｷﾂｷﾂｷﾂｷﾂｷﾂｷﾂｷ</div>`  prettier/prettier
109:1  Error: Delete `竦港  prettier/prettier
110:1  Error: Replace `ﾂｷﾂｷﾂｷﾂｷﾂｷﾂｷﾂｷﾂｷﾂｷﾂｷﾂｷﾂｷ<divﾂｷ竦港 with `ﾂｷﾂｷﾂｷﾂｷﾂｷﾂｷﾂｷﾂｷ<div`  prettier/prettier
110:13  Error: Visible, non-interactive elements with click handlers must have at least one keyboard listener.  jsx-a11y/click-events-have-key-events
110:13  Error: Avoid non-native interactive elements. If using native HTML is not possible, add an appropriate role and support for tabbing, mouse, keyboard, and touch inputs to an interactive content element.  jsx-a11y/no-static-element-interactions
111:11  Error: Replace `ﾂｷﾂｷﾂｷﾂｷﾂｷﾂｷonClick={onEdit}竦港 with `onClick={onEdit}`  prettier/prettier
112:1  Error: Replace `ﾂｷﾂｷﾂｷﾂｷﾂｷﾂｷﾂｷﾂｷﾂｷﾂｷﾂｷﾂｷﾂｷﾂｷﾂｷﾂｷclassName={`bg-yellow-50ﾂｷp-4ﾂｷrounded-lgﾂｷborderﾂｷborder-yellow-100ﾂｷtext-smﾂｷtext-gray-700ﾂｷmin-h-[100px]ﾂｷwhitespace-pre-wrapﾂｷtransition-colorsﾂｷ${onEditﾂｷ?ﾂｷ'cursor-pointerﾂｷhover:bg-yellow-100/50ﾂｷgroupﾂｷrelative'ﾂｷ:ﾂｷ''}`}竦港 with `ﾂｷﾂｷﾂｷﾂｷﾂｷﾂｷﾂｷﾂｷﾂｷﾂｷclassName={`bg-yellow-50ﾂｷp-4ﾂｷrounded-lgﾂｷborderﾂｷborder-yellow-100ﾂｷtext-smﾂｷtext-gray-700ﾂｷmin-h-[100px]ﾂｷwhitespace-pre-wrapﾂｷtransition-colorsﾂｷ${onEditﾂｷ?ﾂｷ'cursor-pointerﾂｷhover:bg-yellow-100/50ﾂｷgroupﾂｷrelative'ﾂｷ:ﾂｷ''}`}`  prettier/prettier
113:1  Error: Replace `ﾂｷﾂｷﾂｷﾂｷﾂｷﾂｷﾂｷﾂｷﾂｷﾂｷﾂｷﾂｷ>竦港 with `ﾂｷﾂｷﾂｷﾂｷﾂｷﾂｷﾂｷﾂｷ>`  prettier/prettier
114:1  Error: Replace `ﾂｷﾂｷﾂｷﾂｷﾂｷﾂｷﾂｷﾂｷﾂｷﾂｷﾂｷﾂｷﾂｷﾂｷﾂｷﾂｷ{appointment.memoﾂｷ||ﾂｷ<spanﾂｷclassName="text-gray-400ﾂｷitalic">繝｡繝｢縺ｯ縺ゅｊ縺ｾ縺帙ｓ縲・/span>}竦港 with `ﾂｷﾂｷﾂｷﾂｷﾂｷﾂｷﾂｷﾂｷﾂｷﾂｷ{appointment.memoﾂｷ||ﾂｷ(竢篠ｷﾂｷﾂｷﾂｷﾂｷﾂｷﾂｷﾂｷﾂｷﾂｷﾂｷﾂｷ<spanﾂｷclassName='text-gray-400ﾂｷitalic'>繝｡繝｢縺ｯ縺ゅｊ縺ｾ縺帙ｓ縲・/span>`  prettier/prettier
115:10  Error: Replace `ﾂｷﾂｷﾂｷﾂｷﾂｷﾂｷﾂｷ{onEditﾂｷ&&ﾂｷ<divﾂｷclassName="absoluteﾂｷbottom-2ﾂｷright-2ﾂｷtext-yellow-600/50ﾂｷtext-xsﾂｷopacity-0ﾂｷgroup-hover:opacity-100">繧ｯ繝ｪ繝・け縺励※邱ｨ髮・/div>}竦港 with `ﾂｷ)}竢篠ｷﾂｷﾂｷﾂｷﾂｷﾂｷﾂｷﾂｷﾂｷﾂｷ{onEditﾂｷ&&ﾂｷ(竢篠ｷﾂｷﾂｷﾂｷﾂｷﾂｷﾂｷﾂｷﾂｷﾂｷﾂｷﾂｷ<divﾂｷclassName='absoluteﾂｷbottom-2ﾂｷright-2ﾂｷtext-yellow-600/50ﾂｷtext-xsﾂｷopacity-0ﾂｷgroup-hover:opacity-100'>竢篠ｷﾂｷﾂｷﾂｷﾂｷﾂｷﾂｷﾂｷﾂｷﾂｷﾂｷﾂｷﾂｷﾂｷ繧ｯ繝ｪ繝・け縺励※邱ｨ髮・庶ﾂｷﾂｷﾂｷﾂｷﾂｷﾂｷﾂｷﾂｷﾂｷﾂｷﾂｷﾂｷ</div>`  prettier/prettier
116:1  Error: Replace `ﾂｷﾂｷﾂｷﾂｷﾂｷﾂｷﾂｷﾂｷﾂｷﾂｷﾂｷﾂｷ</div>竦港 with `ﾂｷﾂｷﾂｷﾂｷﾂｷﾂｷﾂｷﾂｷﾂｷﾂｷ)}竢篠ｷﾂｷﾂｷﾂｷﾂｷﾂｷﾂｷﾂｷ</div>`  prettier/prettier
117:1  Error: Replace `ﾂｷﾂｷﾂｷﾂｷﾂｷﾂｷﾂｷﾂｷ</div>竦港 with `ﾂｷﾂｷﾂｷﾂｷﾂｷﾂｷ</div>`  prettier/prettier
118:11  Error: Delete `竦港  prettier/prettier
119:5  Error: Delete `竦港  prettier/prettier
120:3  Error: Insert `竢餐  prettier/prettier

./src/app/reservations/components/CalendarPopup.tsx
10:49  Error: Replace `ﾂｷselectedDate,ﾂｷonSelectDate,ﾂｷonCloseﾂｷ` with `竢篠ｷﾂｷselectedDate,竢篠ｷﾂｷonSelectDate,竢篠ｷﾂｷonClose,竢餐  prettier/prettier
39:51  Error: Replace `"h-8ﾂｷw-8"` with `'h-8ﾂｷw-8'`  prettier/prettier
59:15  Error: Insert `竢篠ｷﾂｷﾂｷﾂｷﾂｷﾂｷﾂｷﾂｷﾂｷﾂｷﾂｷﾂｷﾂｷﾂｷ`  prettier/prettier
60:1  Error: Insert `ﾂｷﾂｷ`  prettier/prettier
61:1  Error: Insert `ﾂｷﾂｷ`  prettier/prettier
62:17  Error: Insert `ﾂｷﾂｷ`  prettier/prettier
63:1  Error: Insert `ﾂｷﾂｷ`  prettier/prettier
75:20  Error: Replace `"bg-whiteﾂｷp-4ﾂｷrounded-lgﾂｷshadow-xlﾂｷborderﾂｷborder-gray-200ﾂｷw-72ﾂｷselect-none"` with `'bg-whiteﾂｷp-4ﾂｷrounded-lgﾂｷshadow-xlﾂｷborderﾂｷborder-gray-200ﾂｷw-72ﾂｷselect-none'`  prettier/prettier
76:22  Error: Replace `"flexﾂｷitems-centerﾂｷjustify-betweenﾂｷmb-4"` with `'flexﾂｷitems-centerﾂｷjustify-betweenﾂｷmb-4'`  prettier/prettier
79:21  Error: Replace `"p-1ﾂｷhover:bg-gray-100ﾂｷroundedﾂｷtext-gray-600"` with `'p-1ﾂｷhover:bg-gray-100ﾂｷroundedﾂｷtext-gray-600'`  prettier/prettier
81:34  Error: Replace `"w-5ﾂｷh-5"` with `'w-5ﾂｷh-5'`  prettier/prettier
83:25  Error: Replace `"font-boldﾂｷtext-gray-800"` with `'font-boldﾂｷtext-gray-800'`  prettier/prettier
88:21  Error: Replace `"p-1ﾂｷhover:bg-gray-100ﾂｷroundedﾂｷtext-gray-600"` with `'p-1ﾂｷhover:bg-gray-100ﾂｷroundedﾂｷtext-gray-600'`  prettier/prettier
90:35  Error: Replace `"w-5ﾂｷh-5"` with `'w-5ﾂｷh-5'`  prettier/prettier
94:22  Error: Replace `"gridﾂｷgrid-cols-7ﾂｷmb-2"` with `'gridﾂｷgrid-cols-7ﾂｷmb-2'`  prettier/prettier
105:22  Error: Replace `"gridﾂｷgrid-cols-7ﾂｷgap-y-1ﾂｷjustify-items-center"` with `'gridﾂｷgrid-cols-7ﾂｷgap-y-1ﾂｷjustify-items-center'`  prettier/prettier

./src/app/reservations/components/ControlBar.tsx
1:60  Error: Delete `竦港  prettier/prettier
2:9  Error: Replace `ﾂｷRefreshCw,ﾂｷCalendarﾂｷasﾂｷCalendarIcon,ﾂｷLayoutList,ﾂｷCalendarDays,ﾂｷPlusCircleﾂｷ}ﾂｷfromﾂｷ'lucide-react';竦港 with `竢篠ｷﾂｷRefreshCw,竢篠ｷﾂｷCalendarﾂｷasﾂｷCalendarIcon,竢篠ｷﾂｷLayoutList,竢篠ｷﾂｷCalendarDays,竢篠ｷﾂｷPlusCircle,竢枝ﾂｷfromﾂｷ'lucide-react';`  prettier/prettier
3:37  Error: Delete `竦港  prettier/prettier
4:49  Error: Delete `竦港  prettier/prettier
5:1  Error: Delete `竦港  prettier/prettier
6:18  Error: Delete `竦港  prettier/prettier
7:25  Error: Delete `竦港  prettier/prettier
8:42  Error: Delete `竦港  prettier/prettier
9:21  Error: Delete `竦港  prettier/prettier
10:38  Error: Delete `竦港  prettier/prettier
11:25  Error: Delete `竦港  prettier/prettier
12:2  Error: Delete `竦港  prettier/prettier
13:1  Error: Delete `竦港  prettier/prettier
14:46  Error: Delete `ﾂｷ竦港  prettier/prettier
15:15  Error: Delete `ﾂｷ竦港  prettier/prettier
16:16  Error: Delete `ﾂｷ竦港  prettier/prettier
17:15  Error: Delete `ﾂｷ竦港  prettier/prettier
18:16  Error: Delete `竦港  prettier/prettier
19:12  Error: Replace `竦港 with `,`  prettier/prettier
20:8  Error: Delete `竦港  prettier/prettier
21:59  Error: Delete `竦港  prettier/prettier
22:52  Error: Delete `竦港  prettier/prettier
23:1  Error: Delete `竦港  prettier/prettier
24:42  Error: Delete `竦港  prettier/prettier
25:20  Error: Delete `竦港  prettier/prettier
26:56  Error: Delete `竦港  prettier/prettier
27:11  Error: Replace `calendarRef.currentﾂｷ&&ﾂｷ!calendarRef.current.contains(event.targetﾂｷasﾂｷNode))ﾂｷ{竦港 with `竢篠ｷﾂｷﾂｷﾂｷﾂｷﾂｷﾂｷﾂｷcalendarRef.currentﾂｷ&&竢篠ｷﾂｷﾂｷﾂｷﾂｷﾂｷﾂｷﾂｷ!calendarRef.current.contains(event.targetﾂｷasﾂｷNode)竢篠ｷﾂｷﾂｷﾂｷﾂｷﾂｷ)ﾂｷ{`  prettier/prettier
28:32  Error: Delete `竦港  prettier/prettier
29:8  Error: Delete `竦港  prettier/prettier
30:7  Error: Delete `竦港  prettier/prettier
31:1  Error: Delete `竦港  prettier/prettier
32:24  Error: Delete `竦港  prettier/prettier
33:66  Error: Delete `竦港  prettier/prettier
34:6  Error: Delete `竦港  prettier/prettier
35:19  Error: Delete `竦港  prettier/prettier
36:69  Error: Delete `竦港  prettier/prettier
37:7  Error: Delete `竦港  prettier/prettier
38:22  Error: Delete `竦港  prettier/prettier
39:1  Error: Delete `竦港  prettier/prettier
40:39  Error: Delete `竦港  prettier/prettier
41:24  Error: Replace `'\u65e5',ﾂｷ'\u6708',ﾂｷ'\u706b',ﾂｷ'\u6c34',ﾂｷ'\u6728',ﾂｷ'\u91d1',ﾂｷ'\u571f'];竦港 with `竢篠ｷﾂｷﾂｷﾂｷﾂｷﾂｷ'\u65e5',竢篠ｷﾂｷﾂｷﾂｷﾂｷﾂｷ'\u6708',竢篠ｷﾂｷﾂｷﾂｷﾂｷﾂｷ'\u706b',竢篠ｷﾂｷﾂｷﾂｷﾂｷﾂｷ'\u6c34',竢篠ｷﾂｷﾂｷﾂｷﾂｷﾂｷ'\u6728',竢篠ｷﾂｷﾂｷﾂｷﾂｷﾂｷ'\u91d1',竢篠ｷﾂｷﾂｷﾂｷﾂｷﾂｷ'\u571f',竢篠ｷﾂｷﾂｷﾂｷ];`  prettier/prettier
42:158  Error: Delete `竦港  prettier/prettier
43:5  Error: Delete `竦港  prettier/prettier
44:1  Error: Delete `竦港  prettier/prettier
45:32  Error: Delete `竦港  prettier/prettier
46:40  Error: Delete `竦港  prettier/prettier
47:38  Error: Delete `竦港  prettier/prettier
48:24  Error: Delete `竦港  prettier/prettier
49:5  Error: Delete `竦港  prettier/prettier
50:1  Error: Delete `竦港  prettier/prettier
51:32  Error: Delete `竦港  prettier/prettier
52:40  Error: Delete `竦港  prettier/prettier
53:38  Error: Delete `竦港  prettier/prettier
54:24  Error: Delete `竦港  prettier/prettier
55:5  Error: Delete `竦港  prettier/prettier
56:1  Error: Delete `竦港  prettier/prettier
57:30  Error: Delete `竦港  prettier/prettier
58:30  Error: Delete `竦港  prettier/prettier
59:5  Error: Delete `竦港  prettier/prettier
60:1  Error: Delete `竦港  prettier/prettier
61:26  Error: Replace `"bg-sky-600ﾂｷtext-whiteﾂｷshadow-inner";竦港 with `'bg-sky-600ﾂｷtext-whiteﾂｷshadow-inner';`  prettier/prettier
62:28  Error: Replace `"bg-whiteﾂｷtext-gray-600ﾂｷhover:bg-gray-50";竦港 with `'bg-whiteﾂｷtext-gray-600ﾂｷhover:bg-gray-50';`  prettier/prettier
63:1  Error: Delete `竦港  prettier/prettier
64:11  Error: Delete `竦港  prettier/prettier
65:20  Error: Replace `"bg-whiteﾂｷflexﾂｷflex-colﾂｷborder-bﾂｷborder-gray-200ﾂｷrelativeﾂｷz-40">竦坂庶ﾂｷﾂｷﾂｷﾂｷﾂｷﾂｷ竦港 with `'bg-whiteﾂｷflexﾂｷflex-colﾂｷborder-bﾂｷborder-gray-200ﾂｷrelativeﾂｷz-40'>`  prettier/prettier
67:38  Error: Delete `竦港  prettier/prettier
68:22  Error: Replace `"p-2ﾂｷsm:p-3ﾂｷflexﾂｷflex-colﾂｷsm:flex-rowﾂｷitems-centerﾂｷgap-2ﾂｷsm:gap-3ﾂｷjustify-between">竦港 with `'p-2ﾂｷsm:p-3ﾂｷflexﾂｷflex-colﾂｷsm:flex-rowﾂｷitems-centerﾂｷgap-2ﾂｷsm:gap-3ﾂｷjustify-between'>`  prettier/prettier
69:32  Error: Delete `竦港  prettier/prettier
70:24  Error: Replace `"flexﾂｷitems-centerﾂｷw-fullﾂｷsm:w-autoﾂｷjustify-center">竦港 with `'flexﾂｷitems-centerﾂｷw-fullﾂｷsm:w-autoﾂｷjustify-center'>`  prettier/prettier
71:18  Error: Delete `ﾂｷ竦港  prettier/prettier
72:36  Error: Delete `竦港  prettier/prettier
73:23  Error: Replace `"bg-gray-500ﾂｷhover:bg-gray-600ﾂｷtext-whiteﾂｷpx-3ﾂｷsm:px-4ﾂｷpy-1.5ﾂｷrounded-lﾂｷtext-smﾂｷfont-boldﾂｷtransition-colors"竦港 with `'bg-gray-500ﾂｷhover:bg-gray-600ﾂｷtext-whiteﾂｷpx-3ﾂｷsm:px-4ﾂｷpy-1.5ﾂｷrounded-lﾂｷtext-smﾂｷfont-boldﾂｷtransition-colors'`  prettier/prettier
74:12  Error: Delete `竦港  prettier/prettier
75:15  Error: Delete `竦港  prettier/prettier
76:20  Error: Delete `竦港  prettier/prettier
77:1  Error: Delete `ﾂｷﾂｷﾂｷﾂｷﾂｷﾂｷﾂｷﾂｷﾂｷﾂｷ竦港  prettier/prettier
78:49  Error: Delete `竦港  prettier/prettier
79:26  Error: Replace `"relativeﾂｷflex-growﾂｷsm:flex-grow-0"ﾂｷref={calendarRef}>竦港 with `'relativeﾂｷflex-growﾂｷsm:flex-grow-0'ﾂｷref={calendarRef}>`  prettier/prettier
80:20  Error: Delete `ﾂｷ竦港  prettier/prettier
81:61  Error: Delete `竦港  prettier/prettier
82:25  Error: Replace `"bg-whiteﾂｷborder-yﾂｷborder-gray-300ﾂｷpx-2ﾂｷsm:px-4ﾂｷpy-1.5ﾂｷtext-smﾂｷfont-boldﾂｷflexﾂｷitems-centerﾂｷjustify-centerﾂｷgap-2ﾂｷw-fullﾂｷsm:min-w-[180px]ﾂｷtext-gray-800ﾂｷhover:bg-gray-50ﾂｷtransition-colors"竦港 with `'bg-whiteﾂｷborder-yﾂｷborder-gray-300ﾂｷpx-2ﾂｷsm:px-4ﾂｷpy-1.5ﾂｷtext-smﾂｷfont-boldﾂｷflexﾂｷitems-centerﾂｷjustify-centerﾂｷgap-2ﾂｷw-fullﾂｷsm:min-w-[180px]ﾂｷtext-gray-800ﾂｷhover:bg-gray-50ﾂｷtransition-colors'`  prettier/prettier
83:14  Error: Delete `竦港  prettier/prettier
84:31  Error: Replace `"truncate">{formatDate(currentDate)}</span>竦港 with `'truncate'>{formatDate(currentDate)}</span>`  prettier/prettier
85:39  Error: Replace `"w-4ﾂｷh-4ﾂｷtext-gray-500ﾂｷshrink-0"ﾂｷ/>竦港 with `'w-4ﾂｷh-4ﾂｷtext-gray-500ﾂｷshrink-0'ﾂｷ/>`  prettier/prettier
86:22  Error: Delete `竦港  prettier/prettier
87:1  Error: Delete `竦港  prettier/prettier
88:35  Error: Delete `竦港  prettier/prettier
89:31  Error: Delete `竦港  prettier/prettier
90:30  Error: Replace `"absoluteﾂｷtop-fullﾂｷleft-1/2ﾂｷ-translate-x-1/2ﾂｷmt-2ﾂｷz-50">竦港 with `'absoluteﾂｷtop-fullﾂｷleft-1/2ﾂｷ-translate-x-1/2ﾂｷmt-2ﾂｷz-50'>`  prettier/prettier
91:31  Error: Delete `ﾂｷ竦港  prettier/prettier
92:45  Error: Delete `竦港  prettier/prettier
93:33  Error: Replace `(date)ﾂｷ=>ﾂｷ{竦港 with `dateﾂｷ=>ﾂｷ{`  prettier/prettier
94:40  Error: Delete `竦港  prettier/prettier
95:44  Error: Delete `竦港  prettier/prettier
96:21  Error: Delete `竦港  prettier/prettier
97:57  Error: Delete `竦港  prettier/prettier
98:19  Error: Delete `竦港  prettier/prettier
99:21  Error: Delete `竦港  prettier/prettier
100:15  Error: Delete `竦港  prettier/prettier
101:17  Error: Delete `竦港  prettier/prettier
102:1  Error: Delete `竦港  prettier/prettier
103:18  Error: Delete `ﾂｷ竦港  prettier/prettier
104:34  Error: Delete `竦港  prettier/prettier
105:23  Error: Replace `"bg-gray-500ﾂｷhover:bg-gray-600ﾂｷtext-whiteﾂｷpx-3ﾂｷsm:px-4ﾂｷpy-1.5ﾂｷtext-smﾂｷfont-boldﾂｷtransition-colorsﾂｷborder-rﾂｷborder-gray-400"竦港 with `'bg-gray-500ﾂｷhover:bg-gray-600ﾂｷtext-whiteﾂｷpx-3ﾂｷsm:px-4ﾂｷpy-1.5ﾂｷtext-smﾂｷfont-boldﾂｷtransition-colorsﾂｷborder-rﾂｷborder-gray-400'`  prettier/prettier
106:12  Error: Delete `竦港  prettier/prettier
107:15  Error: Delete `竦港  prettier/prettier
108:20  Error: Delete `竦港  prettier/prettier
109:18  Error: Delete `ﾂｷ竦港  prettier/prettier
110:36  Error: Delete `竦港  prettier/prettier
111:23  Error: Replace `"bg-gray-500ﾂｷhover:bg-gray-600ﾂｷtext-whiteﾂｷpx-3ﾂｷsm:px-4ﾂｷpy-1.5ﾂｷrounded-rﾂｷtext-smﾂｷfont-boldﾂｷtransition-colors"竦港 with `'bg-gray-500ﾂｷhover:bg-gray-600ﾂｷtext-whiteﾂｷpx-3ﾂｷsm:px-4ﾂｷpy-1.5ﾂｷrounded-rﾂｷtext-smﾂｷfont-boldﾂｷtransition-colors'`  prettier/prettier
112:12  Error: Delete `竦港  prettier/prettier
113:15  Error: Delete `竦港  prettier/prettier
114:20  Error: Delete `竦港  prettier/prettier
115:15  Error: Delete `竦港  prettier/prettier
116:1  Error: Delete `竦港  prettier/prettier
117:31  Error: Delete `竦港  prettier/prettier
118:24  Error: Replace `"flexﾂｷitems-centerﾂｷgap-2ﾂｷw-fullﾂｷsm:w-autoﾂｷjustify-end">竦港 with `'flexﾂｷitems-centerﾂｷgap-2ﾂｷw-fullﾂｷsm:w-autoﾂｷjustify-end'>`  prettier/prettier
119:11  Error: Replace `ﾂｷ<buttonﾂｷ竦港 with `<button`  prettier/prettier
120:1  Error: Replace `ﾂｷﾂｷﾂｷﾂｷﾂｷﾂｷﾂｷﾂｷﾂｷﾂｷﾂｷﾂｷﾂｷonClick={onRefresh}竦港 with `ﾂｷﾂｷﾂｷﾂｷﾂｷﾂｷﾂｷﾂｷﾂｷﾂｷﾂｷﾂｷonClick={onRefresh}`  prettier/prettier
121:1  Error: Replace `ﾂｷﾂｷﾂｷﾂｷﾂｷﾂｷﾂｷﾂｷﾂｷﾂｷﾂｷﾂｷﾂｷclassName="bg-teal-400ﾂｷhover:bg-teal-500ﾂｷtext-whiteﾂｷpx-4ﾂｷpy-1.5ﾂｷroundedﾂｷtext-smﾂｷfont-boldﾂｷflexﾂｷitems-centerﾂｷgap-1ﾂｷshadow-smﾂｷtransition-colorsﾂｷw-fullﾂｷsm:w-autoﾂｷjustify-center"竦港 with `ﾂｷﾂｷﾂｷﾂｷﾂｷﾂｷﾂｷﾂｷﾂｷﾂｷﾂｷﾂｷclassName='bg-teal-400ﾂｷhover:bg-teal-500ﾂｷtext-whiteﾂｷpx-4ﾂｷpy-1.5ﾂｷroundedﾂｷtext-smﾂｷfont-boldﾂｷflexﾂｷitems-centerﾂｷgap-1ﾂｷshadow-smﾂｷtransition-colorsﾂｷw-fullﾂｷsm:w-autoﾂｷjustify-center'`  prettier/prettier
122:11  Error: Replace `ﾂｷ>竦港 with `>`  prettier/prettier
123:34  Error: Replace `"w-4ﾂｷh-4"ﾂｷ/>竦港 with `'w-4ﾂｷh-4'ﾂｷ/>`  prettier/prettier
124:15  Error: Delete `竦港  prettier/prettier
125:20  Error: Delete `竦港  prettier/prettier
126:15  Error: Delete `竦港  prettier/prettier
127:13  Error: Delete `竦港  prettier/prettier
128:1  Error: Delete `竦港  prettier/prettier
129:47  Error: Delete `竦港  prettier/prettier
130:22  Error: Replace `"flexﾂｷpx-2ﾂｷsm:px-4ﾂｷgap-1ﾂｷbg-gray-100ﾂｷborder-tﾂｷborder-gray-200ﾂｷpt-2ﾂｷoverflow-x-autoﾂｷno-scrollbar">竦港 with `'flexﾂｷpx-2ﾂｷsm:px-4ﾂｷgap-1ﾂｷbg-gray-100ﾂｷborder-tﾂｷborder-gray-200ﾂｷpt-2ﾂｷoverflow-x-autoﾂｷno-scrollbar'>`  prettier/prettier
131:16  Error: Delete `竦港  prettier/prettier
132:51  Error: Delete `竦港  prettier/prettier
133:244  Error: Delete `竦港  prettier/prettier
134:10  Error: Delete `竦港  prettier/prettier
135:35  Error: Replace `"w-4ﾂｷh-4"ﾂｷ/>竦港 with `'w-4ﾂｷh-4'ﾂｷ/>`  prettier/prettier
136:17  Error: Delete `竦港  prettier/prettier
137:18  Error: Delete `竦港  prettier/prettier
138:16  Error: Delete `竦港  prettier/prettier
139:47  Error: Delete `竦港  prettier/prettier
140:240  Error: Delete `竦港  prettier/prettier
141:10  Error: Delete `竦港  prettier/prettier
142:33  Error: Replace `"w-4ﾂｷh-4"ﾂｷ/>竦港 with `'w-4ﾂｷh-4'ﾂｷ/>`  prettier/prettier
143:15  Error: Delete `竦港  prettier/prettier
144:18  Error: Delete `竦港  prettier/prettier
145:16  Error: Delete `竦港  prettier/prettier
146:51  Error: Delete `竦港  prettier/prettier
147:244  Error: Delete `竦港  prettier/prettier
148:10  Error: Delete `竦港  prettier/prettier
149:33  Error: Replace `"w-4ﾂｷh-4"ﾂｷ/>竦港 with `'w-4ﾂｷh-4'ﾂｷ/>`  prettier/prettier
150:15  Error: Delete `竦港  prettier/prettier
151:18  Error: Delete `竦港  prettier/prettier
152:13  Error: Delete `竦港  prettier/prettier
153:11  Error: Delete `竦港  prettier/prettier
154:5  Error: Delete `竦港  prettier/prettier
155:3  Error: Insert `竢餐  prettier/prettier

./src/app/reservations/components/Header.tsx
9:42  Error: Replace `ﾂｷonOpenReservations,ﾂｷonOpenNotificationsﾂｷ` with `竢篠ｷﾂｷonOpenReservations,竢篠ｷﾂｷonOpenNotifications,竢餐  prettier/prettier
11:23  Error: Replace `"bg-whiteﾂｷborder-bﾂｷborder-gray-200ﾂｷpx-3ﾂｷpy-2ﾂｷflexﾂｷitems-centerﾂｷjustify-betweenﾂｷshadow-smﾂｷstickyﾂｷtop-0ﾂｷz-50"` with `'bg-whiteﾂｷborder-bﾂｷborder-gray-200ﾂｷpx-3ﾂｷpy-2ﾂｷflexﾂｷitems-centerﾂｷjustify-betweenﾂｷshadow-smﾂｷstickyﾂｷtop-0ﾂｷz-50'`  prettier/prettier
12:22  Error: Replace `"flexﾂｷitems-centerﾂｷgap-2ﾂｷtext-sky-600ﾂｷfont-boldﾂｷtext-lgﾂｷshrink-0"` with `'flexﾂｷitems-centerﾂｷgap-2ﾂｷtext-sky-600ﾂｷfont-boldﾂｷtext-lgﾂｷshrink-0'`  prettier/prettier
13:33  Error: Replace `"w-6ﾂｷh-6"` with `'w-6ﾂｷh-6'`  prettier/prettier
14:25  Error: Replace `"hiddenﾂｷsm:inline"` with `'hiddenﾂｷsm:inline'`  prettier/prettier
17:22  Error: Replace `"flexﾂｷitems-centerﾂｷgap-2ﾂｷsm:gap-3ﾂｷoverflow-x-autoﾂｷno-scrollbar"` with `'flexﾂｷitems-centerﾂｷgap-2ﾂｷsm:gap-3ﾂｷoverflow-x-autoﾂｷno-scrollbar'`  prettier/prettier
18:16  Error: Delete `ﾂｷ`  prettier/prettier
20:21  Error: Replace `"bg-rose-400ﾂｷhover:bg-rose-500ﾂｷtext-whiteﾂｷpx-2ﾂｷsm:px-3ﾂｷpy-1.5ﾂｷroundedﾂｷtext-xsﾂｷfont-boldﾂｷflexﾂｷitems-centerﾂｷgap-1ﾂｷsm:gap-2ﾂｷshadow-smﾂｷtransition-colorsﾂｷwhitespace-nowrap"` with `'bg-rose-400ﾂｷhover:bg-rose-500ﾂｷtext-whiteﾂｷpx-2ﾂｷsm:px-3ﾂｷpy-1.5ﾂｷroundedﾂｷtext-xsﾂｷfont-boldﾂｷflexﾂｷitems-centerﾂｷgap-1ﾂｷsm:gap-2ﾂｷshadow-smﾂｷtransition-colorsﾂｷwhitespace-nowrap'`  prettier/prettier
21:17  Error: Replace `"譛ｪ遒ｺ隱阪・莠育ｴ・` with `'譛ｪ遒ｺ隱阪・莠育ｴ・`  prettier/prettier
23:27  Error: Replace `"hiddenﾂｷsm:inline"` with `'hiddenﾂｷsm:inline'`  prettier/prettier
24:27  Error: Replace `"sm:hidden"` with `'sm:hidden'`  prettier/prettier
25:31  Error: Replace `"w-4ﾂｷh-4"` with `'w-4ﾂｷh-4'`  prettier/prettier
27:16  Error: Delete `ﾂｷ`  prettier/prettier
29:21  Error: Replace `"bg-rose-400ﾂｷhover:bg-rose-500ﾂｷtext-whiteﾂｷpx-2ﾂｷsm:px-3ﾂｷpy-1.5ﾂｷroundedﾂｷtext-xsﾂｷfont-boldﾂｷflexﾂｷitems-centerﾂｷgap-1ﾂｷsm:gap-2ﾂｷshadow-smﾂｷtransition-colorsﾂｷwhitespace-nowrap"` with `'bg-rose-400ﾂｷhover:bg-rose-500ﾂｷtext-whiteﾂｷpx-2ﾂｷsm:px-3ﾂｷpy-1.5ﾂｷroundedﾂｷtext-xsﾂｷfont-boldﾂｷflexﾂｷitems-centerﾂｷgap-1ﾂｷsm:gap-2ﾂｷshadow-smﾂｷtransition-colorsﾂｷwhitespace-nowrap'`  prettier/prettier
30:17  Error: Replace `"譛ｪ遒ｺ隱阪・縺顔衍繧峨○"` with `'譛ｪ遒ｺ隱阪・縺顔衍繧峨○'`  prettier/prettier
32:27  Error: Replace `"hiddenﾂｷsm:inline"` with `'hiddenﾂｷsm:inline'`  prettier/prettier
33:27  Error: Replace `"sm:hidden"` with `'sm:hidden'`  prettier/prettier
34:31  Error: Replace `"w-4ﾂｷh-4"` with `'w-4ﾂｷh-4'`  prettier/prettier
36:24  Error: Replace `"bg-whiteﾂｷborderﾂｷborder-gray-300ﾂｷpx-2ﾂｷsm:px-3ﾂｷpy-1.5ﾂｷroundedﾂｷtext-xsﾂｷfont-boldﾂｷtext-gray-700ﾂｷshadow-smﾂｷhiddenﾂｷmd:blockﾂｷwhitespace-nowrap"` with `'bg-whiteﾂｷborderﾂｷborder-gray-300ﾂｷpx-2ﾂｷsm:px-3ﾂｷpy-1.5ﾂｷroundedﾂｷtext-xsﾂｷfont-boldﾂｷtext-gray-700ﾂｷshadow-smﾂｷhiddenﾂｷmd:blockﾂｷwhitespace-nowrap'`  prettier/prettier
42:3  Error: Insert `竢餐  prettier/prettier

./src/app/reservations/components/NotificationsModal.tsx
10:54  Error: Replace `ﾂｷnotifications,ﾂｷonCloseﾂｷ` with `竢篠ｷﾂｷnotifications,竢篠ｷﾂｷonClose,竢餐  prettier/prettier
12:20  Error: Replace `"fixedﾂｷinset-0ﾂｷz-[60]ﾂｷflexﾂｷitems-centerﾂｷjustify-centerﾂｷp-4"` with `'fixedﾂｷinset-0ﾂｷz-[60]ﾂｷflexﾂｷitems-centerﾂｷjustify-centerﾂｷp-4'`  prettier/prettier
14:7  Error: Visible, non-interactive elements with click handlers must have at least one keyboard listener.  jsx-a11y/click-events-have-key-events
14:7  Error: Avoid non-native interactive elements. If using native HTML is not possible, add an appropriate role and support for tabbing, mouse, keyboard, and touch inputs to an interactive content element.  jsx-a11y/no-static-element-interactions
14:11  Error: Delete `ﾂｷ`  prettier/prettier
15:19  Error: Replace `"absoluteﾂｷinset-0ﾂｷbg-black/50ﾂｷbackdrop-blur-smﾂｷtransition-opacity"ﾂｷ` with `'absoluteﾂｷinset-0ﾂｷbg-black/50ﾂｷbackdrop-blur-smﾂｷtransition-opacity'`  prettier/prettier
20:22  Error: Replace `"relativeﾂｷbg-whiteﾂｷrounded-xlﾂｷshadow-2xlﾂｷw-fullﾂｷmax-w-lgﾂｷoverflow-hiddenﾂｷflexﾂｷflex-colﾂｷmax-h-[80vh]ﾂｷanimate-inﾂｷfade-inﾂｷzoom-inﾂｷduration-200"` with `'relativeﾂｷbg-whiteﾂｷrounded-xlﾂｷshadow-2xlﾂｷw-fullﾂｷmax-w-lgﾂｷoverflow-hiddenﾂｷflexﾂｷflex-colﾂｷmax-h-[80vh]ﾂｷanimate-inﾂｷfade-inﾂｷzoom-inﾂｷduration-200'`  prettier/prettier
21:9  Error: Delete `竢篠ｷﾂｷﾂｷﾂｷﾂｷﾂｷﾂｷﾂｷ`  prettier/prettier
23:24  Error: Replace `"flexﾂｷitems-centerﾂｷjustify-betweenﾂｷpx-6ﾂｷpy-4ﾂｷborder-bﾂｷborder-gray-100ﾂｷbg-gray-50"` with `'flexﾂｷitems-centerﾂｷjustify-betweenﾂｷpx-6ﾂｷpy-4ﾂｷborder-bﾂｷborder-gray-100ﾂｷbg-gray-50'`  prettier/prettier
24:25  Error: Replace `"text-lgﾂｷfont-boldﾂｷtext-gray-800ﾂｷflexﾂｷitems-centerﾂｷgap-2"` with `'text-lgﾂｷfont-boldﾂｷtext-gray-800ﾂｷflexﾂｷitems-centerﾂｷgap-2'`  prettier/prettier
25:13  Error: Replace `ﾂｷ<BellﾂｷclassName="w-5ﾂｷh-5ﾂｷtext-gray-500"` with `<BellﾂｷclassName='w-5ﾂｷh-5ﾂｷtext-gray-500'`  prettier/prettier
26:1  Error: Delete `ﾂｷ`  prettier/prettier
28:18  Error: Delete `ﾂｷ`  prettier/prettier
30:23  Error: Replace `"p-2ﾂｷtext-gray-400ﾂｷhover:text-gray-600ﾂｷhover:bg-gray-100ﾂｷrounded-fullﾂｷtransition-colors"` with `'p-2ﾂｷtext-gray-400ﾂｷhover:text-gray-600ﾂｷhover:bg-gray-100ﾂｷrounded-fullﾂｷtransition-colors'`  prettier/prettier
32:26  Error: Replace `"w-6ﾂｷh-6"` with `'w-6ﾂｷh-6'`  prettier/prettier
37:24  Error: Replace `"overflow-y-auto"` with `'overflow-y-auto'`  prettier/prettier
38:1  Error: Replace `ﾂｷﾂｷﾂｷﾂｷﾂｷﾂｷﾂｷﾂｷﾂｷﾂｷﾂｷﾂｷ<divﾂｷclassName="divide-yﾂｷdivide-gray-100"` with `ﾂｷﾂｷﾂｷﾂｷﾂｷﾂｷﾂｷﾂｷﾂｷﾂｷ<divﾂｷclassName='divide-yﾂｷdivide-gray-100'`  prettier/prettier
39:1  Error: Replace `ﾂｷﾂｷﾂｷﾂｷﾂｷﾂｷﾂｷﾂｷﾂｷﾂｷﾂｷﾂｷﾂｷﾂｷﾂｷﾂｷ` with `ﾂｷﾂｷﾂｷﾂｷﾂｷﾂｷﾂｷﾂｷﾂｷﾂｷﾂｷﾂｷ`  prettier/prettier
40:15  Error: Replace `ﾂｷﾂｷﾂｷﾂｷﾂｷﾂｷ<divﾂｷkey={note.id}ﾂｷclassName={`p-5ﾂｷhover:bg-gray-50ﾂｷtransition-colorsﾂｷ${!note.isReadﾂｷ?ﾂｷ'bg-sky-50/50'ﾂｷ:ﾂｷ''}`}>` with `<div竢篠ｷﾂｷﾂｷﾂｷﾂｷﾂｷﾂｷﾂｷﾂｷﾂｷﾂｷﾂｷﾂｷﾂｷﾂｷﾂｷkey={note.id}竢篠ｷﾂｷﾂｷﾂｷﾂｷﾂｷﾂｷﾂｷﾂｷﾂｷﾂｷﾂｷﾂｷﾂｷﾂｷﾂｷclassName={`p-5ﾂｷhover:bg-gray-50ﾂｷtransition-colorsﾂｷ${!note.isReadﾂｷ?ﾂｷ'bg-sky-50/50'ﾂｷ:ﾂｷ''}`}`  prettier/prettier
41:9  Error: Replace `ﾂｷﾂｷﾂｷﾂｷﾂｷﾂｷﾂｷﾂｷﾂｷﾂｷﾂｷﾂｷﾂｷﾂｷﾂｷﾂｷ<divﾂｷclassName="flexﾂｷgap-3"` with `ﾂｷﾂｷﾂｷﾂｷﾂｷﾂｷ>竢篠ｷﾂｷﾂｷﾂｷﾂｷﾂｷﾂｷﾂｷﾂｷﾂｷﾂｷﾂｷﾂｷﾂｷﾂｷﾂｷ<divﾂｷclassName='flexﾂｷgap-3'`  prettier/prettier
42:1  Error: Replace `ﾂｷﾂｷﾂｷﾂｷﾂｷﾂｷﾂｷﾂｷﾂｷﾂｷﾂｷﾂｷﾂｷﾂｷﾂｷﾂｷﾂｷﾂｷﾂｷﾂｷﾂｷﾂｷﾂｷﾂｷﾂｷﾂｷﾂｷﾂｷ<divﾂｷclassName="mt-1ﾂｷflex-shrink-0"` with `ﾂｷﾂｷﾂｷﾂｷﾂｷﾂｷﾂｷﾂｷﾂｷﾂｷﾂｷﾂｷﾂｷﾂｷﾂｷﾂｷﾂｷﾂｷ<divﾂｷclassName='mt-1ﾂｷflex-shrink-0'`  prettier/prettier
43:1  Error: Replace `ﾂｷﾂｷﾂｷﾂｷﾂｷﾂｷﾂｷﾂｷﾂｷﾂｷﾂｷﾂｷﾂｷﾂｷﾂｷﾂｷﾂｷﾂｷﾂｷﾂｷﾂｷﾂｷﾂｷﾂｷﾂｷﾂｷﾂｷﾂｷﾂｷﾂｷﾂｷﾂｷ` with `ﾂｷﾂｷﾂｷﾂｷﾂｷﾂｷﾂｷﾂｷﾂｷﾂｷﾂｷﾂｷﾂｷﾂｷﾂｷﾂｷﾂｷﾂｷﾂｷﾂｷ`  prettier/prettier
44:1  Error: Replace `ﾂｷﾂｷﾂｷﾂｷﾂｷﾂｷﾂｷﾂｷﾂｷﾂｷﾂｷﾂｷﾂｷﾂｷﾂｷﾂｷﾂｷﾂｷﾂｷﾂｷﾂｷﾂｷﾂｷﾂｷﾂｷﾂｷﾂｷﾂｷﾂｷﾂｷﾂｷﾂｷﾂｷﾂｷﾂｷﾂｷ<AlertTriangleﾂｷclassName="w-5ﾂｷh-5ﾂｷtext-red-500"` with `ﾂｷﾂｷﾂｷﾂｷﾂｷﾂｷﾂｷﾂｷﾂｷﾂｷﾂｷﾂｷﾂｷﾂｷﾂｷﾂｷﾂｷﾂｷﾂｷﾂｷﾂｷﾂｷ<AlertTriangleﾂｷclassName='w-5ﾂｷh-5ﾂｷtext-red-500'`  prettier/prettier
45:1  Error: Replace `ﾂｷﾂｷﾂｷﾂｷﾂｷﾂｷﾂｷﾂｷﾂｷﾂｷﾂｷﾂｷﾂｷﾂｷﾂｷﾂｷﾂｷﾂｷﾂｷﾂｷﾂｷﾂｷﾂｷﾂｷﾂｷﾂｷﾂｷﾂｷﾂｷﾂｷﾂｷﾂｷ` with `ﾂｷﾂｷﾂｷﾂｷﾂｷﾂｷﾂｷﾂｷﾂｷﾂｷﾂｷﾂｷﾂｷﾂｷﾂｷﾂｷﾂｷﾂｷﾂｷﾂｷ`  prettier/prettier
46:1  Error: Replace `ﾂｷﾂｷﾂｷﾂｷﾂｷﾂｷﾂｷﾂｷﾂｷﾂｷﾂｷﾂｷﾂｷﾂｷﾂｷﾂｷﾂｷﾂｷﾂｷﾂｷﾂｷﾂｷﾂｷﾂｷﾂｷﾂｷﾂｷﾂｷﾂｷﾂｷﾂｷﾂｷﾂｷﾂｷﾂｷﾂｷ<InfoﾂｷclassName="w-5ﾂｷh-5ﾂｷtext-gray-500"` with `ﾂｷﾂｷﾂｷﾂｷﾂｷﾂｷﾂｷﾂｷﾂｷﾂｷﾂｷﾂｷﾂｷﾂｷﾂｷﾂｷﾂｷﾂｷﾂｷﾂｷﾂｷﾂｷ<InfoﾂｷclassName='w-5ﾂｷh-5ﾂｷtext-gray-500'`  prettier/prettier
47:1  Error: Replace `ﾂｷﾂｷﾂｷﾂｷﾂｷﾂｷﾂｷﾂｷﾂｷﾂｷﾂｷﾂｷﾂｷﾂｷﾂｷﾂｷﾂｷﾂｷﾂｷﾂｷﾂｷﾂｷﾂｷﾂｷﾂｷﾂｷﾂｷﾂｷﾂｷﾂｷﾂｷﾂｷ` with `ﾂｷﾂｷﾂｷﾂｷﾂｷﾂｷﾂｷﾂｷﾂｷﾂｷﾂｷﾂｷﾂｷﾂｷﾂｷﾂｷﾂｷﾂｷﾂｷﾂｷ`  prettier/prettier
48:1  Error: Replace `ﾂｷﾂｷﾂｷﾂｷﾂｷﾂｷﾂｷﾂｷﾂｷﾂｷﾂｷﾂｷﾂｷﾂｷﾂｷﾂｷﾂｷﾂｷﾂｷﾂｷﾂｷﾂｷﾂｷﾂｷﾂｷﾂｷﾂｷﾂｷﾂｷﾂｷﾂｷﾂｷﾂｷﾂｷﾂｷﾂｷ<BellﾂｷclassName="w-5ﾂｷh-5ﾂｷtext-sky-500"` with `ﾂｷﾂｷﾂｷﾂｷﾂｷﾂｷﾂｷﾂｷﾂｷﾂｷﾂｷﾂｷﾂｷﾂｷﾂｷﾂｷﾂｷﾂｷﾂｷﾂｷﾂｷﾂｷ<BellﾂｷclassName='w-5ﾂｷh-5ﾂｷtext-sky-500'`  prettier/prettier
49:1  Error: Replace `ﾂｷﾂｷﾂｷﾂｷﾂｷﾂｷﾂｷﾂｷﾂｷﾂｷﾂｷﾂｷﾂｷﾂｷﾂｷﾂｷﾂｷﾂｷﾂｷﾂｷﾂｷﾂｷﾂｷﾂｷﾂｷﾂｷﾂｷﾂｷﾂｷﾂｷﾂｷﾂｷ` with `ﾂｷﾂｷﾂｷﾂｷﾂｷﾂｷﾂｷﾂｷﾂｷﾂｷﾂｷﾂｷﾂｷﾂｷﾂｷﾂｷﾂｷﾂｷﾂｷﾂｷ`  prettier/prettier
50:1  Error: Delete `ﾂｷﾂｷﾂｷﾂｷﾂｷﾂｷﾂｷﾂｷﾂｷﾂｷ`  prettier/prettier
51:19  Error: Delete `ﾂｷﾂｷﾂｷﾂｷﾂｷﾂｷﾂｷﾂｷﾂｷﾂｷ`  prettier/prettier
52:1  Error: Replace `ﾂｷﾂｷﾂｷﾂｷﾂｷﾂｷﾂｷﾂｷﾂｷﾂｷﾂｷﾂｷﾂｷﾂｷﾂｷﾂｷﾂｷﾂｷﾂｷﾂｷﾂｷﾂｷﾂｷﾂｷﾂｷﾂｷﾂｷﾂｷﾂｷﾂｷﾂｷﾂｷ<divﾂｷclassName="flexﾂｷitems-centerﾂｷgap-2ﾂｷmb-1"` with `ﾂｷﾂｷﾂｷﾂｷﾂｷﾂｷﾂｷﾂｷﾂｷﾂｷﾂｷﾂｷﾂｷﾂｷﾂｷﾂｷﾂｷﾂｷﾂｷﾂｷ<divﾂｷclassName='flexﾂｷitems-centerﾂｷgap-2ﾂｷmb-1'`  prettier/prettier
53:1  Error: Replace `ﾂｷﾂｷﾂｷﾂｷﾂｷﾂｷﾂｷﾂｷﾂｷﾂｷﾂｷﾂｷﾂｷﾂｷﾂｷﾂｷﾂｷﾂｷﾂｷﾂｷﾂｷﾂｷﾂｷﾂｷﾂｷﾂｷﾂｷﾂｷﾂｷﾂｷﾂｷﾂｷﾂｷﾂｷﾂｷﾂｷ<spanﾂｷclassName="text-xsﾂｷtext-gray-500ﾂｷfont-mono">{note.date}</span>` with `ﾂｷﾂｷﾂｷﾂｷﾂｷﾂｷﾂｷﾂｷﾂｷﾂｷﾂｷﾂｷﾂｷﾂｷﾂｷﾂｷﾂｷﾂｷﾂｷﾂｷﾂｷﾂｷ<spanﾂｷclassName='text-xsﾂｷtext-gray-500ﾂｷfont-mono'>竢篠ｷﾂｷﾂｷﾂｷﾂｷﾂｷﾂｷﾂｷﾂｷﾂｷﾂｷﾂｷﾂｷﾂｷﾂｷﾂｷﾂｷﾂｷﾂｷﾂｷﾂｷﾂｷﾂｷﾂｷ{note.date}`  prettier/prettier
54:21  Error: Replace `ﾂｷﾂｷﾂｷﾂｷﾂｷﾂｷﾂｷﾂｷﾂｷﾂｷﾂｷﾂｷﾂｷﾂｷﾂｷﾂｷ` with `ﾂｷﾂｷ</span>竢篠ｷﾂｷﾂｷﾂｷﾂｷﾂｷﾂｷﾂｷﾂｷﾂｷﾂｷﾂｷﾂｷﾂｷﾂｷﾂｷﾂｷﾂｷﾂｷﾂｷﾂｷﾂｷ`  prettier/prettier
55:1  Error: Replace `ﾂｷﾂｷﾂｷﾂｷﾂｷﾂｷﾂｷﾂｷﾂｷﾂｷﾂｷﾂｷﾂｷﾂｷﾂｷﾂｷﾂｷﾂｷﾂｷﾂｷﾂｷﾂｷﾂｷﾂｷﾂｷﾂｷﾂｷﾂｷﾂｷﾂｷﾂｷﾂｷﾂｷﾂｷﾂｷﾂｷﾂｷﾂｷﾂｷﾂｷ<spanﾂｷclassName="text-[10px]ﾂｷbg-red-500ﾂｷtext-whiteﾂｷpx-1.5ﾂｷrounded-smﾂｷfont-bold">NEW</span` with `ﾂｷﾂｷﾂｷﾂｷﾂｷﾂｷﾂｷﾂｷﾂｷﾂｷﾂｷﾂｷﾂｷﾂｷﾂｷﾂｷﾂｷﾂｷﾂｷﾂｷﾂｷﾂｷﾂｷﾂｷ<spanﾂｷclassName='text-[10px]ﾂｷbg-red-500ﾂｷtext-whiteﾂｷpx-1.5ﾂｷrounded-smﾂｷfont-bold'`  prettier/prettier
56:27  Error: Replace `ﾂｷﾂｷﾂｷﾂｷﾂｷﾂｷﾂｷﾂｷﾂｷﾂｷ)}` with `NEW竢篠ｷﾂｷﾂｷﾂｷﾂｷﾂｷﾂｷﾂｷﾂｷﾂｷﾂｷﾂｷﾂｷﾂｷﾂｷﾂｷﾂｷﾂｷﾂｷﾂｷﾂｷﾂｷﾂｷﾂｷ</span>`  prettier/prettier
57:23  Error: Insert `)}竢篠ｷﾂｷﾂｷﾂｷﾂｷﾂｷﾂｷﾂｷﾂｷﾂｷ`  prettier/prettier
58:21  Error: Replace `ﾂｷﾂｷﾂｷﾂｷﾂｷﾂｷﾂｷﾂｷﾂｷﾂｷﾂｷﾂｷ<h3ﾂｷclassName={`text-smﾂｷfont-boldﾂｷmb-1ﾂｷ${note.typeﾂｷ===ﾂｷ'alert'ﾂｷ?ﾂｷ'text-red-700'ﾂｷ:ﾂｷ'text-gray-800'}`}>` with `<h3竢篠ｷﾂｷﾂｷﾂｷﾂｷﾂｷﾂｷﾂｷﾂｷﾂｷﾂｷﾂｷﾂｷﾂｷﾂｷﾂｷﾂｷﾂｷﾂｷﾂｷﾂｷﾂｷclassName={`text-smﾂｷfont-boldﾂｷmb-1ﾂｷ${note.typeﾂｷ===ﾂｷ'alert'ﾂｷ?ﾂｷ'text-red-700'ﾂｷ:ﾂｷ'text-gray-800'}`}`  prettier/prettier
59:18  Error: Replace `ﾂｷﾂｷﾂｷﾂｷﾂｷﾂｷﾂｷﾂｷﾂｷﾂｷﾂｷﾂｷﾂｷﾂｷﾂｷﾂｷﾂｷﾂｷﾂｷ` with `ﾂｷﾂｷﾂｷ>竢篠ｷﾂｷﾂｷﾂｷﾂｷﾂｷﾂｷﾂｷﾂｷﾂｷﾂｷﾂｷﾂｷﾂｷﾂｷﾂｷﾂｷﾂｷﾂｷﾂｷﾂｷﾂｷ`  prettier/prettier
60:21  Error: Delete `ﾂｷﾂｷﾂｷﾂｷﾂｷﾂｷﾂｷﾂｷﾂｷﾂｷﾂｷﾂｷ`  prettier/prettier
61:1  Error: Replace `ﾂｷﾂｷﾂｷﾂｷﾂｷﾂｷﾂｷﾂｷﾂｷﾂｷﾂｷﾂｷﾂｷﾂｷﾂｷﾂｷﾂｷﾂｷﾂｷﾂｷﾂｷﾂｷﾂｷﾂｷﾂｷﾂｷﾂｷﾂｷﾂｷﾂｷﾂｷﾂｷ<pﾂｷclassName="text-smﾂｷtext-gray-600ﾂｷleading-relaxed"` with `ﾂｷﾂｷﾂｷﾂｷﾂｷﾂｷﾂｷﾂｷﾂｷﾂｷﾂｷﾂｷﾂｷﾂｷﾂｷﾂｷﾂｷﾂｷﾂｷﾂｷ<pﾂｷclassName='text-smﾂｷtext-gray-600ﾂｷleading-relaxed'`  prettier/prettier
62:1  Error: Replace `ﾂｷﾂｷﾂｷﾂｷﾂｷﾂｷﾂｷﾂｷﾂｷﾂｷﾂｷﾂｷﾂｷﾂｷﾂｷﾂｷﾂｷﾂｷﾂｷﾂｷﾂｷﾂｷﾂｷﾂｷﾂｷﾂｷﾂｷﾂｷﾂｷﾂｷﾂｷﾂｷﾂｷﾂｷﾂｷﾂｷ` with `ﾂｷﾂｷﾂｷﾂｷﾂｷﾂｷﾂｷﾂｷﾂｷﾂｷﾂｷﾂｷﾂｷﾂｷﾂｷﾂｷﾂｷﾂｷﾂｷﾂｷﾂｷﾂｷ`  prettier/prettier
63:1  Error: Replace `ﾂｷﾂｷﾂｷﾂｷﾂｷﾂｷﾂｷﾂｷﾂｷﾂｷﾂｷﾂｷﾂｷﾂｷﾂｷﾂｷﾂｷﾂｷﾂｷﾂｷﾂｷﾂｷﾂｷﾂｷﾂｷﾂｷﾂｷﾂｷﾂｷﾂｷﾂｷﾂｷ` with `ﾂｷﾂｷﾂｷﾂｷﾂｷﾂｷﾂｷﾂｷﾂｷﾂｷﾂｷﾂｷﾂｷﾂｷﾂｷﾂｷﾂｷﾂｷﾂｷﾂｷ`  prettier/prettier
64:1  Error: Replace `ﾂｷﾂｷﾂｷﾂｷﾂｷﾂｷﾂｷﾂｷﾂｷﾂｷﾂｷﾂｷﾂｷﾂｷﾂｷﾂｷﾂｷﾂｷﾂｷﾂｷﾂｷﾂｷﾂｷﾂｷﾂｷﾂｷﾂｷﾂｷ` with `ﾂｷﾂｷﾂｷﾂｷﾂｷﾂｷﾂｷﾂｷﾂｷﾂｷﾂｷﾂｷﾂｷﾂｷﾂｷﾂｷﾂｷﾂｷ`  prettier/prettier
65:1  Error: Delete `ﾂｷﾂｷﾂｷﾂｷﾂｷﾂｷﾂｷﾂｷ`  prettier/prettier
66:1  Error: Delete `ﾂｷﾂｷﾂｷﾂｷﾂｷﾂｷ`  prettier/prettier
67:13  Error: Delete `ﾂｷﾂｷﾂｷﾂｷ`  prettier/prettier
68:1  Error: Delete `ﾂｷﾂｷ`  prettier/prettier
72:24  Error: Replace `"bg-gray-50ﾂｷpx-6ﾂｷpy-4ﾂｷborder-tﾂｷborder-gray-200ﾂｷflexﾂｷjustify-end"` with `'bg-gray-50ﾂｷpx-6ﾂｷpy-4ﾂｷborder-tﾂｷborder-gray-200ﾂｷflexﾂｷjustify-end'`  prettier/prettier
73:18  Error: Delete `ﾂｷ`  prettier/prettier
75:23  Error: Replace `"px-4ﾂｷpy-2ﾂｷbg-gray-600ﾂｷborderﾂｷborder-transparentﾂｷrounded-mdﾂｷtext-smﾂｷfont-boldﾂｷtext-whiteﾂｷshadow-smﾂｷhover:bg-gray-700"` with `'px-4ﾂｷpy-2ﾂｷbg-gray-600ﾂｷborderﾂｷborder-transparentﾂｷrounded-mdﾂｷtext-smﾂｷfont-boldﾂｷtext-whiteﾂｷshadow-smﾂｷhover:bg-gray-700'`  prettier/prettier
83:3  Error: Insert `竢餐  prettier/prettier

./src/app/reservations/components/Scheduler.tsx
1:52  Error: Delete `竦港  prettier/prettier
2:9  Error: Replace `ﾂｷPIXELS_PER_HOUR,ﾂｷSIDEBAR_WIDTH,ﾂｷGRID_START_HOUR,ﾂｷSNAP_MINUTES,ﾂｷCLICK_SNAP_MINUTESﾂｷ}ﾂｷfromﾂｷ'../constants';竦港 with `竢篠ｷﾂｷPIXELS_PER_HOUR,竢篠ｷﾂｷSIDEBAR_WIDTH,竢篠ｷﾂｷGRID_START_HOUR,竢篠ｷﾂｷSNAP_MINUTES,竢篠ｷﾂｷCLICK_SNAP_MINUTES,竢枝ﾂｷfromﾂｷ'../constants';`  prettier/prettier
3:55  Error: Delete `竦港  prettier/prettier
4:9  Error: Replace `ﾂｷAppointment,ﾂｷAppointmentUpdateResult,ﾂｷSchedulerResource,ﾂｷTimeSlotﾂｷ` with `竢篠ｷﾂｷAppointment,竢篠ｷﾂｷAppointmentUpdateResult,竢篠ｷﾂｷSchedulerResource,竢篠ｷﾂｷTimeSlot,竢餐  prettier/prettier
5:9  Error: Replace `ﾂｷcalculateTimeFromX,ﾂｷcalculateDuration,ﾂｷcalculateEndTime,ﾂｷtimeToMinutes,ﾂｷhasTimeConflictﾂｷ}ﾂｷfromﾂｷ'../utils/time';竦港 with `竢篠ｷﾂｷcalculateTimeFromX,竢篠ｷﾂｷcalculateDuration,竢篠ｷﾂｷcalculateEndTime,竢篠ｷﾂｷtimeToMinutes,竢篠ｷﾂｷhasTimeConflict,竢枝ﾂｷfromﾂｷ'../utils/time';`  prettier/prettier
6:1  Error: Delete `竦港  prettier/prettier
7:18  Error: Delete `竦港  prettier/prettier
8:31  Error: Delete `竦港  prettier/prettier
9:34  Error: Delete `竦港  prettier/prettier
10:25  Error: Delete `竦港  prettier/prettier
11:58  Error: Delete `竦港  prettier/prettier
12:79  Error: Delete `竦港  prettier/prettier
20:1  Error: Delete `竦港  prettier/prettier
21:45  Error: Delete `ﾂｷ竦港  prettier/prettier
22:1  Error: Replace `ﾂｷﾂｷﾂｷﾂｷappointments,ﾂｷ竦港 with `ﾂｷﾂｷappointments,`  prettier/prettier
23:1  Error: Replace `ﾂｷﾂｷﾂｷﾂｷresources,竦港 with `ﾂｷﾂｷresources,`  prettier/prettier
24:1  Error: Replace `ﾂｷﾂｷﾂｷﾂｷtimeSlots,竦港 with `ﾂｷﾂｷtimeSlots,`  prettier/prettier
25:3  Error: Replace `ﾂｷﾂｷonAppointmentClick,ﾂｷ竦港 with `onAppointmentClick,`  prettier/prettier
26:3  Error: Replace `ﾂｷﾂｷonTimeSlotClick,竦港 with `onTimeSlotClick,`  prettier/prettier
27:1  Error: Replace `ﾂｷﾂｷﾂｷﾂｷonAppointmentMoveﾂｷ竦港 with `ﾂｷﾂｷonAppointmentMove,`  prettier/prettier
28:8  Error: Delete `竦港  prettier/prettier
29:46  Error: Delete `竦港  prettier/prettier
30:1  Error: Delete `竦港  prettier/prettier
31:68  Error: Delete `竦港  prettier/prettier
32:20  Error: Delete `竦港  prettier/prettier
33:64  Error: Delete `竦港  prettier/prettier
34:39  Error: Delete `竦港  prettier/prettier
35:10  Error: Delete `竦港  prettier/prettier
36:1  Error: Delete `竦港  prettier/prettier
37:49  Error: Delete `竦港  prettier/prettier
38:38  Error: Delete `竦港  prettier/prettier
39:42  Error: Delete `竦港  prettier/prettier
40:18  Error: Replace `ﾂｷtimeSlots.lengthﾂｷ>ﾂｷ0ﾂｷ?ﾂｷtimeSlots[timeSlots.lengthﾂｷ-ﾂｷ1].hourﾂｷ+ﾂｷ1ﾂｷ:ﾂｷGRID_START_HOURﾂｷ+ﾂｷ1;竦港 with `竢篠ｷﾂｷﾂｷﾂｷtimeSlots.lengthﾂｷ>ﾂｷ0竢篠ｷﾂｷﾂｷﾂｷﾂｷﾂｷ?ﾂｷtimeSlots[timeSlots.lengthﾂｷ-ﾂｷ1].hourﾂｷ+ﾂｷ1竢篠ｷﾂｷﾂｷﾂｷﾂｷﾂｷ:ﾂｷGRID_START_HOURﾂｷ+ﾂｷ1;`  prettier/prettier
41:1  Error: Delete `ﾂｷﾂｷ竦港  prettier/prettier
42:27  Error: Delete `竦港  prettier/prettier
43:65  Error: Delete `ﾂｷ竦港  prettier/prettier
44:64  Error: Delete `竦港  prettier/prettier
45:65  Error: Delete `竦港  prettier/prettier
46:1  Error: Replace `ﾂｷﾂｷﾂｷﾂｷﾂｷﾂｷconstﾂｷhoursFromStartﾂｷ=ﾂｷcurrentHourﾂｷ-ﾂｷGRID_START_HOUR;竦港 with `ﾂｷﾂｷﾂｷﾂｷconstﾂｷhoursFromStartﾂｷ=ﾂｷcurrentHourﾂｷ-ﾂｷGRID_START_HOUR;`  prettier/prettier
47:5  Error: Replace `ﾂｷﾂｷcurrentTimePosﾂｷ=ﾂｷ(hoursFromStartﾂｷ*ﾂｷPIXELS_PER_HOUR)ﾂｷ+ﾂｷ((currentMinuteﾂｷ/ﾂｷ60)ﾂｷ*ﾂｷPIXELS_PER_HOUR);竦港 with `currentTimePosﾂｷ=竢篠ｷﾂｷﾂｷﾂｷﾂｷﾂｷhoursFromStartﾂｷ*ﾂｷPIXELS_PER_HOURﾂｷ+ﾂｷ(currentMinuteﾂｷ/ﾂｷ60)ﾂｷ*ﾂｷPIXELS_PER_HOUR;`  prettier/prettier
48:4  Error: Delete `竦港  prettier/prettier
49:1  Error: Delete `ﾂｷﾂｷ竦港  prettier/prettier
50:67  Error: Delete `竦港  prettier/prettier
51:24  Error: Delete `竦港  prettier/prettier
52:40  Error: Delete `竦港  prettier/prettier
53:5  Error: Delete `竦港  prettier/prettier
54:1  Error: Delete `竦港  prettier/prettier
59:24  Error: Delete `竦港  prettier/prettier
60:61  Error: Delete `竦港  prettier/prettier
61:1  Error: Delete `ﾂｷﾂｷﾂｷﾂｷ竦港  prettier/prettier
62:23  Error: Delete `竦港  prettier/prettier
63:1  Error: Delete `ﾂｷﾂｷﾂｷﾂｷ竦港  prettier/prettier
64:10  Error: Delete `竦港  prettier/prettier
65:1  Error: Replace `ﾂｷﾂｷﾂｷﾂｷﾂｷﾂｷﾂｷﾂｷconstﾂｷ{ﾂｷidﾂｷ}ﾂｷ=ﾂｷJSON.parse(data);竦港 with `ﾂｷﾂｷﾂｷﾂｷﾂｷﾂｷconstﾂｷ{ﾂｷidﾂｷ}ﾂｷ=ﾂｷJSON.parse(data);`  prettier/prettier
66:1  Error: Delete `ﾂｷﾂｷﾂｷﾂｷﾂｷﾂｷﾂｷﾂｷ竦港  prettier/prettier
67:1  Error: Replace `ﾂｷﾂｷﾂｷﾂｷﾂｷﾂｷﾂｷﾂｷ//ﾂｷFindﾂｷtheﾂｷappointmentﾂｷbeingﾂｷmoved竦港 with `ﾂｷﾂｷﾂｷﾂｷﾂｷﾂｷ//ﾂｷFindﾂｷtheﾂｷappointmentﾂｷbeingﾂｷmoved`  prettier/prettier
68:1  Error: Replace `ﾂｷﾂｷﾂｷﾂｷﾂｷﾂｷﾂｷﾂｷconstﾂｷappointmentToMoveﾂｷ=ﾂｷappointments.find(aﾂｷ=>ﾂｷa.idﾂｷ===ﾂｷid);竦港 with `ﾂｷﾂｷﾂｷﾂｷﾂｷﾂｷconstﾂｷappointmentToMoveﾂｷ=ﾂｷappointments.find(aﾂｷ=>ﾂｷa.idﾂｷ===ﾂｷid);`  prettier/prettier
69:1  Error: Replace `ﾂｷﾂｷﾂｷﾂｷﾂｷﾂｷﾂｷﾂｷifﾂｷ(!appointmentToMove)ﾂｷreturn;竦港 with `ﾂｷﾂｷﾂｷﾂｷﾂｷﾂｷifﾂｷ(!appointmentToMove)ﾂｷreturn;`  prettier/prettier
70:1  Error: Delete `竦港  prettier/prettier
71:1  Error: Replace `ﾂｷﾂｷﾂｷﾂｷﾂｷﾂｷﾂｷﾂｷconstﾂｷrectﾂｷ=ﾂｷe.currentTarget.getBoundingClientRect();竦港 with `ﾂｷﾂｷﾂｷﾂｷﾂｷﾂｷconstﾂｷrectﾂｷ=ﾂｷe.currentTarget.getBoundingClientRect();`  prettier/prettier
72:1  Error: Replace `ﾂｷﾂｷﾂｷﾂｷﾂｷﾂｷﾂｷﾂｷconstﾂｷxﾂｷ=ﾂｷe.clientXﾂｷ-ﾂｷrect.left;竦港 with `ﾂｷﾂｷﾂｷﾂｷﾂｷﾂｷconstﾂｷxﾂｷ=ﾂｷe.clientXﾂｷ-ﾂｷrect.left;`  prettier/prettier
73:1  Error: Delete `ﾂｷﾂｷﾂｷﾂｷﾂｷﾂｷﾂｷﾂｷ竦港  prettier/prettier
74:1  Error: Replace `ﾂｷﾂｷﾂｷﾂｷﾂｷﾂｷﾂｷﾂｷ//ﾂｷUseﾂｷutilityﾂｷwithﾂｷSNAP_MINUTESﾂｷ(15ﾂｷminﾂｷforﾂｷdrag)竦港 with `ﾂｷﾂｷﾂｷﾂｷﾂｷﾂｷ//ﾂｷUseﾂｷutilityﾂｷwithﾂｷSNAP_MINUTESﾂｷ(15ﾂｷminﾂｷforﾂｷdrag)`  prettier/prettier
75:1  Error: Replace `ﾂｷﾂｷﾂｷﾂｷﾂｷﾂｷﾂｷﾂｷconstﾂｷ{ﾂｷhour:ﾂｷnewStartHour,ﾂｷminute:ﾂｷnewStartMinuteﾂｷ}ﾂｷ=ﾂｷcalculateTimeFromX(x,ﾂｷSNAP_MINUTES);竦港 with `ﾂｷﾂｷﾂｷﾂｷﾂｷﾂｷconstﾂｷ{ﾂｷhour:ﾂｷnewStartHour,ﾂｷminute:ﾂｷnewStartMinuteﾂｷ}ﾂｷ=ﾂｷcalculateTimeFromX(竢篠ｷﾂｷﾂｷﾂｷﾂｷﾂｷﾂｷﾂｷx,竢篠ｷﾂｷﾂｷﾂｷﾂｷﾂｷﾂｷﾂｷSNAP_MINUTES`  prettier/prettier
76:7  Error: Replace `ﾂｷﾂｷ竦港 with `);`  prettier/prettier
77:1  Error: Replace `ﾂｷﾂｷﾂｷﾂｷﾂｷﾂｷﾂｷﾂｷ//ﾂｷCalculateﾂｷnewﾂｷendﾂｷtimeﾂｷtoﾂｷcheckﾂｷforﾂｷconflicts竦港 with `竢篠ｷﾂｷﾂｷﾂｷﾂｷﾂｷ//ﾂｷCalculateﾂｷnewﾂｷendﾂｷtimeﾂｷtoﾂｷcheckﾂｷforﾂｷconflicts`  prettier/prettier
78:1  Error: Replace `ﾂｷﾂｷﾂｷﾂｷﾂｷﾂｷﾂｷﾂｷconstﾂｷdurationﾂｷ=ﾂｷcalculateDuration(appointmentToMove.startHour,ﾂｷappointmentToMove.startMinute,ﾂｷappointmentToMove.endHour,ﾂｷappointmentToMove.endMinute);竦港 with `ﾂｷﾂｷﾂｷﾂｷﾂｷﾂｷconstﾂｷdurationﾂｷ=ﾂｷcalculateDuration(竢篠ｷﾂｷﾂｷﾂｷﾂｷﾂｷﾂｷﾂｷappointmentToMove.startHour,竢篠ｷﾂｷﾂｷﾂｷﾂｷﾂｷﾂｷﾂｷappointmentToMove.startMinute,竢篠ｷﾂｷﾂｷﾂｷﾂｷﾂｷﾂｷﾂｷappointmentToMove.endHour,竢篠ｷﾂｷﾂｷﾂｷﾂｷﾂｷﾂｷﾂｷappointmentToMove.endMinute`  prettier/prettier
79:7  Error: Replace `ﾂｷﾂｷconstﾂｷ{ﾂｷendHour,ﾂｷendMinuteﾂｷ}ﾂｷ=ﾂｷcalculateEndTime(newStartHour,ﾂｷnewStartMinute,ﾂｷduration);竦港 with `);竢篠ｷﾂｷﾂｷﾂｷﾂｷﾂｷconstﾂｷ{ﾂｷendHour,ﾂｷendMinuteﾂｷ}ﾂｷ=ﾂｷcalculateEndTime(竢篠ｷﾂｷﾂｷﾂｷﾂｷﾂｷﾂｷﾂｷnewStartHour,竢篠ｷﾂｷﾂｷﾂｷﾂｷﾂｷﾂｷﾂｷnewStartMinute,竢篠ｷﾂｷﾂｷﾂｷﾂｷﾂｷﾂｷﾂｷduration竢篠ｷﾂｷﾂｷﾂｷﾂｷﾂｷ);`  prettier/prettier
80:1  Error: Delete `竦港  prettier/prettier
81:1  Error: Replace `ﾂｷﾂｷﾂｷﾂｷﾂｷﾂｷﾂｷﾂｷconstﾂｷnewStartMinsﾂｷ=ﾂｷtimeToMinutes(newStartHour,ﾂｷnewStartMinute);竦港 with `ﾂｷﾂｷﾂｷﾂｷﾂｷﾂｷconstﾂｷnewStartMinsﾂｷ=ﾂｷtimeToMinutes(newStartHour,ﾂｷnewStartMinute);`  prettier/prettier
82:1  Error: Replace `ﾂｷﾂｷﾂｷﾂｷﾂｷﾂｷﾂｷﾂｷconstﾂｷnewEndMinsﾂｷ=ﾂｷtimeToMinutes(endHour,ﾂｷendMinute);竦港 with `ﾂｷﾂｷﾂｷﾂｷﾂｷﾂｷconstﾂｷnewEndMinsﾂｷ=ﾂｷtimeToMinutes(endHour,ﾂｷendMinute);`  prettier/prettier
83:1  Error: Delete `竦港  prettier/prettier
84:1  Error: Replace `ﾂｷﾂｷﾂｷﾂｷﾂｷﾂｷﾂｷﾂｷ//ﾂｷCheckﾂｷforﾂｷconflicts竦港 with `ﾂｷﾂｷﾂｷﾂｷﾂｷﾂｷ//ﾂｷCheckﾂｷforﾂｷconflicts`  prettier/prettier
85:1  Error: Replace `ﾂｷﾂｷﾂｷﾂｷﾂｷﾂｷﾂｷﾂｷconstﾂｷhasConflictﾂｷ=ﾂｷappointments.some(aﾂｷ=>ﾂｷ{竦港 with `ﾂｷﾂｷﾂｷﾂｷﾂｷﾂｷconstﾂｷhasConflictﾂｷ=ﾂｷappointments.some(aﾂｷ=>ﾂｷ{`  prettier/prettier
86:1  Error: Replace `ﾂｷﾂｷﾂｷﾂｷﾂｷﾂｷﾂｷﾂｷﾂｷﾂｷﾂｷﾂｷ//ﾂｷIgnoreﾂｷtheﾂｷappointmentﾂｷitself竦港 with `ﾂｷﾂｷﾂｷﾂｷﾂｷﾂｷﾂｷﾂｷ//ﾂｷIgnoreﾂｷtheﾂｷappointmentﾂｷitself`  prettier/prettier
87:1  Error: Replace `ﾂｷﾂｷﾂｷﾂｷﾂｷﾂｷﾂｷﾂｷﾂｷﾂｷﾂｷﾂｷifﾂｷ(a.idﾂｷ===ﾂｷid)ﾂｷreturnﾂｷfalse;竦港 with `ﾂｷﾂｷﾂｷﾂｷﾂｷﾂｷﾂｷﾂｷifﾂｷ(a.idﾂｷ===ﾂｷid)ﾂｷreturnﾂｷfalse;`  prettier/prettier
88:1  Error: Replace `ﾂｷﾂｷﾂｷﾂｷﾂｷﾂｷﾂｷﾂｷﾂｷﾂｷﾂｷﾂｷ//ﾂｷOnlyﾂｷcheckﾂｷappointmentsﾂｷonﾂｷtheﾂｷtargetﾂｷresource竦港 with `ﾂｷﾂｷﾂｷﾂｷﾂｷﾂｷﾂｷﾂｷ//ﾂｷOnlyﾂｷcheckﾂｷappointmentsﾂｷonﾂｷtheﾂｷtargetﾂｷresource`  prettier/prettier
89:1  Error: Replace `ﾂｷﾂｷﾂｷﾂｷﾂｷﾂｷﾂｷﾂｷﾂｷﾂｷﾂｷﾂｷifﾂｷ(a.resourceIdﾂｷ!==ﾂｷtargetResourceId)ﾂｷreturnﾂｷfalse;竦港 with `ﾂｷﾂｷﾂｷﾂｷﾂｷﾂｷﾂｷﾂｷifﾂｷ(a.resourceIdﾂｷ!==ﾂｷtargetResourceId)ﾂｷreturnﾂｷfalse;`  prettier/prettier
90:1  Error: Delete `竦港  prettier/prettier
91:1  Error: Replace `ﾂｷﾂｷﾂｷﾂｷﾂｷﾂｷﾂｷﾂｷﾂｷﾂｷﾂｷﾂｷconstﾂｷaStartMinsﾂｷ=ﾂｷtimeToMinutes(a.startHour,ﾂｷa.startMinute);竦港 with `ﾂｷﾂｷﾂｷﾂｷﾂｷﾂｷﾂｷﾂｷconstﾂｷaStartMinsﾂｷ=ﾂｷtimeToMinutes(a.startHour,ﾂｷa.startMinute);`  prettier/prettier
92:1  Error: Replace `ﾂｷﾂｷﾂｷﾂｷﾂｷﾂｷﾂｷﾂｷﾂｷﾂｷﾂｷﾂｷconstﾂｷaEndMinsﾂｷ=ﾂｷtimeToMinutes(a.endHour,ﾂｷa.endMinute);竦港 with `ﾂｷﾂｷﾂｷﾂｷﾂｷﾂｷﾂｷﾂｷconstﾂｷaEndMinsﾂｷ=ﾂｷtimeToMinutes(a.endHour,ﾂｷa.endMinute);`  prettier/prettier
93:1  Error: Delete `竦港  prettier/prettier
94:1  Error: Replace `ﾂｷﾂｷﾂｷﾂｷﾂｷﾂｷﾂｷﾂｷﾂｷﾂｷﾂｷﾂｷreturnﾂｷhasTimeConflict(newStartMins,ﾂｷnewEndMins,ﾂｷaStartMins,ﾂｷaEndMins);竦港 with `ﾂｷﾂｷﾂｷﾂｷﾂｷﾂｷﾂｷﾂｷreturnﾂｷhasTimeConflict(newStartMins,ﾂｷnewEndMins,ﾂｷaStartMins,ﾂｷaEndMins);`  prettier/prettier
95:1  Error: Replace `ﾂｷﾂｷﾂｷﾂｷﾂｷﾂｷﾂｷﾂｷ});竦港 with `ﾂｷﾂｷﾂｷﾂｷﾂｷﾂｷ});`  prettier/prettier
96:1  Error: Delete `竦港  prettier/prettier
97:1  Error: Replace `ﾂｷﾂｷﾂｷﾂｷﾂｷﾂｷﾂｷﾂｷifﾂｷ(hasConflict)ﾂｷ{竦港 with `ﾂｷﾂｷﾂｷﾂｷﾂｷﾂｷifﾂｷ(hasConflict)ﾂｷ{`  prettier/prettier
98:1  Error: Replace `ﾂｷﾂｷﾂｷﾂｷﾂｷﾂｷﾂｷﾂｷﾂｷﾂｷﾂｷﾂｷalert('莠育ｴ・′驥崎､・＠縺ｦ縺・ｋ縺溘ａ遘ｻ蜍輔〒縺阪∪縺帙ｓ縲・);竦港 with `ﾂｷﾂｷﾂｷﾂｷﾂｷﾂｷﾂｷﾂｷalert('莠育ｴ・′驥崎､・＠縺ｦ縺・ｋ縺溘ａ遘ｻ蜍輔〒縺阪∪縺帙ｓ縲・);`  prettier/prettier
99:1  Error: Replace `ﾂｷﾂｷﾂｷﾂｷﾂｷﾂｷﾂｷﾂｷﾂｷﾂｷﾂｷﾂｷreturn;竦港 with `ﾂｷﾂｷﾂｷﾂｷﾂｷﾂｷﾂｷﾂｷreturn;`  prettier/prettier
100:1  Error: Replace `ﾂｷﾂｷﾂｷﾂｷﾂｷﾂｷﾂｷﾂｷ}竦港 with `ﾂｷﾂｷﾂｷﾂｷﾂｷﾂｷ}`  prettier/prettier
101:1  Error: Delete `ﾂｷﾂｷﾂｷﾂｷﾂｷﾂｷﾂｷﾂｷ竦港  prettier/prettier
102:1  Error: Replace `ﾂｷﾂｷﾂｷﾂｷﾂｷﾂｷﾂｷﾂｷawaitﾂｷonAppointmentMove(id,ﾂｷtargetResourceId,ﾂｷnewStartHour,ﾂｷnewStartMinute);竢餐 with `ﾂｷﾂｷﾂｷﾂｷﾂｷﾂｷawaitﾂｷonAppointmentMove(竢篠ｷﾂｷﾂｷﾂｷﾂｷﾂｷﾂｷﾂｷid,竢篠ｷﾂｷﾂｷﾂｷﾂｷﾂｷﾂｷﾂｷtargetResourceId,竢篠ｷﾂｷﾂｷﾂｷﾂｷﾂｷﾂｷﾂｷnewStartHour,竢篠ｷﾂｷﾂｷﾂｷﾂｷﾂｷﾂｷﾂｷnewStartMinute竢篠ｷﾂｷﾂｷﾂｷﾂｷﾂｷ);`  prettier/prettier
105:1  Error: Replace `ﾂｷﾂｷﾂｷﾂｷﾂｷﾂｷﾂｷﾂｷconsole.error("Failedﾂｷtoﾂｷparseﾂｷdragﾂｷdata"` with `ﾂｷﾂｷﾂｷﾂｷﾂｷﾂｷconsole.error('Failedﾂｷtoﾂｷparseﾂｷdragﾂｷdata'`  prettier/prettier
105:9  Warning: Unexpected console statement.  no-console
107:5  Error: Delete `竦港  prettier/prettier
108:1  Error: Delete `竦港  prettier/prettier
109:28  Error: Replace `e:ﾂｷReact.MouseEvent<HTMLDivElement>,ﾂｷresourceId:ﾂｷstring)ﾂｷ=>ﾂｷ{竦港 with `竢篠ｷﾂｷﾂｷﾂｷe:ﾂｷReact.MouseEvent<HTMLDivElement>,竢篠ｷﾂｷﾂｷﾂｷresourceId:ﾂｷstring竢篠ｷﾂｷ)ﾂｷ=>ﾂｷ{`  prettier/prettier
110:58  Error: Delete `竦港  prettier/prettier
111:37  Error: Delete `竦港  prettier/prettier
112:1  Error: Delete `ﾂｷﾂｷﾂｷﾂｷ竦港  prettier/prettier
113:61  Error: Delete `竦港  prettier/prettier
114:72  Error: Delete `竦港  prettier/prettier
115:1  Error: Delete `ﾂｷﾂｷﾂｷﾂｷ竦港  prettier/prettier
116:47  Error: Delete `竦港  prettier/prettier
117:5  Error: Delete `竦港  prettier/prettier
118:1  Error: Delete `竦港  prettier/prettier
119:11  Error: Delete `竦港  prettier/prettier
120:20  Error: Replace `"bg-whiteﾂｷm-4ﾂｷshadowﾂｷborderﾂｷborder-gray-300ﾂｷroundedﾂｷoverflow-hiddenﾂｷflexﾂｷflex-colﾂｷh-full">竦港 with `'bg-whiteﾂｷm-4ﾂｷshadowﾂｷborderﾂｷborder-gray-300ﾂｷroundedﾂｷoverflow-hiddenﾂｷflexﾂｷflex-colﾂｷh-full'>`  prettier/prettier
121:25  Error: Delete `竦港  prettier/prettier
122:22  Error: Replace `"flexﾂｷborder-bﾂｷborder-gray-300ﾂｷbg-slate-700ﾂｷtext-whiteﾂｷz-20ﾂｷstickyﾂｷtop-0">竦港 with `'flexﾂｷborder-bﾂｷborder-gray-300ﾂｷbg-slate-700ﾂｷtext-whiteﾂｷz-20ﾂｷstickyﾂｷtop-0'>`  prettier/prettier
123:13  Error: Delete `ﾂｷ竦港  prettier/prettier
124:1  Error: Replace `ﾂｷﾂｷﾂｷﾂｷﾂｷﾂｷﾂｷﾂｷﾂｷﾂｷﾂｷﾂｷclassName="flex-shrink-0ﾂｷborder-rﾂｷborder-slate-500ﾂｷbg-slate-700"ﾂｷ竦港 with `ﾂｷﾂｷﾂｷﾂｷﾂｷﾂｷﾂｷﾂｷﾂｷﾂｷclassName='flex-shrink-0ﾂｷborder-rﾂｷborder-slate-500ﾂｷbg-slate-700'`  prettier/prettier
125:1  Error: Replace `ﾂｷﾂｷﾂｷﾂｷﾂｷﾂｷﾂｷﾂｷﾂｷﾂｷﾂｷﾂｷstyle={{ﾂｷwidth:ﾂｷ`${SIDEBAR_WIDTH}px`ﾂｷ}}竦港 with `ﾂｷﾂｷﾂｷﾂｷﾂｷﾂｷﾂｷﾂｷﾂｷﾂｷstyle={{ﾂｷwidth:ﾂｷ`${SIDEBAR_WIDTH}px`ﾂｷ}}`  prettier/prettier
126:16  Error: Delete `竦港  prettier/prettier
127:1  Error: Delete `ﾂｷﾂｷﾂｷﾂｷﾂｷﾂｷﾂｷﾂｷ竦港  prettier/prettier
128:24  Error: Replace `"flex-growﾂｷoverflow-hiddenﾂｷrelative">竦港 with `'flex-growﾂｷoverflow-hiddenﾂｷrelative'>`  prettier/prettier
129:26  Error: Replace `"flex">竦港 with `'flex'>`  prettier/prettier
130:27  Error: Replace `((slot)ﾂｷ=>ﾂｷ(竦港 with `(slotﾂｷ=>ﾂｷ(`  prettier/prettier
131:19  Error: Delete `竦港  prettier/prettier
132:32  Error: Delete `竦港  prettier/prettier
133:27  Error: Replace `"flex-shrink-0ﾂｷflexﾂｷitems-centerﾂｷjustify-centerﾂｷborder-rﾂｷborder-slate-600ﾂｷtext-smﾂｷfont-bold"竦港 with `'flex-shrink-0ﾂｷflexﾂｷitems-centerﾂｷjustify-centerﾂｷborder-rﾂｷborder-slate-600ﾂｷtext-smﾂｷfont-bold'`  prettier/prettier
134:74  Error: Delete `竦港  prettier/prettier
135:16  Error: Delete `竦港  prettier/prettier
136:29  Error: Delete `竦港  prettier/prettier
137:21  Error: Delete `竦港  prettier/prettier
138:16  Error: Delete `竦港  prettier/prettier
139:17  Error: Delete `竦港  prettier/prettier
140:15  Error: Delete `竦港  prettier/prettier
141:13  Error: Delete `竦港  prettier/prettier
142:1  Error: Delete `竦港  prettier/prettier
143:24  Error: Delete `竦港  prettier/prettier
144:22  Error: Replace `"flex-growﾂｷoverflow-y-autoﾂｷoverflow-x-autoﾂｷtimeline-scrollﾂｷbg-gray-50ﾂｷrelative">竦港 with `'flex-growﾂｷoverflow-y-autoﾂｷoverflow-x-autoﾂｷtimeline-scrollﾂｷbg-gray-50ﾂｷrelative'>`  prettier/prettier
145:13  Error: Replace `ﾂｷstyle={{ﾂｷwidth:ﾂｷ`${SIDEBAR_WIDTHﾂｷ+ﾂｷtimeSlots.lengthﾂｷ*ﾂｷPIXELS_PER_HOUR}px`ﾂｷ}}>竦港 with `竢篠ｷﾂｷﾂｷﾂｷﾂｷﾂｷﾂｷﾂｷﾂｷﾂｷstyle={{竢篠ｷﾂｷﾂｷﾂｷﾂｷﾂｷﾂｷﾂｷﾂｷﾂｷﾂｷﾂｷwidth:ﾂｷ`${SIDEBAR_WIDTHﾂｷ+ﾂｷtimeSlots.lengthﾂｷ*ﾂｷPIXELS_PER_HOUR}px`,竢篠ｷﾂｷﾂｷﾂｷﾂｷﾂｷﾂｷﾂｷﾂｷﾂｷ}}`  prettier/prettier
146:9  Error: Replace `ﾂｷﾂｷ竦港 with `>`  prettier/prettier
147:25  Error: Replace `((resource)ﾂｷ=>ﾂｷ{竦港 with `(resourceﾂｷ=>ﾂｷ{`  prettier/prettier
148:47  Error: Delete `竦港  prettier/prettier
149:1  Error: Replace `ﾂｷﾂｷﾂｷﾂｷﾂｷﾂｷﾂｷﾂｷﾂｷﾂｷﾂｷﾂｷﾂｷﾂｷﾂｷﾂｷreturnﾂｷ(竦港 with `ﾂｷﾂｷﾂｷﾂｷﾂｷﾂｷﾂｷﾂｷﾂｷﾂｷﾂｷﾂｷﾂｷﾂｷreturnﾂｷ(`  prettier/prettier
150:1  Error: Replace `ﾂｷﾂｷﾂｷﾂｷﾂｷﾂｷﾂｷﾂｷﾂｷﾂｷﾂｷﾂｷﾂｷﾂｷﾂｷﾂｷﾂｷﾂｷﾂｷﾂｷ<divﾂｷkey="sep"ﾂｷclassName="h-1ﾂｷbg-sky-200ﾂｷborder-yﾂｷborder-sky-300ﾂｷw-fullﾂｷstickyﾂｷleft-0ﾂｷz-30"ﾂｷstyle={{ﾂｷwidth:ﾂｷ`${SIDEBAR_WIDTHﾂｷ+ﾂｷtimeSlots.lengthﾂｷ*ﾂｷPIXELS_PER_HOUR}px`}}></div>竦港 with `ﾂｷﾂｷﾂｷﾂｷﾂｷﾂｷﾂｷﾂｷﾂｷﾂｷﾂｷﾂｷﾂｷﾂｷﾂｷﾂｷ<div竢篠ｷﾂｷﾂｷﾂｷﾂｷﾂｷﾂｷﾂｷﾂｷﾂｷﾂｷﾂｷﾂｷﾂｷﾂｷﾂｷﾂｷﾂｷkey='sep'竢篠ｷﾂｷﾂｷﾂｷﾂｷﾂｷﾂｷﾂｷﾂｷﾂｷﾂｷﾂｷﾂｷﾂｷﾂｷﾂｷﾂｷﾂｷclassName='h-1ﾂｷbg-sky-200ﾂｷborder-yﾂｷborder-sky-300ﾂｷw-fullﾂｷstickyﾂｷleft-0ﾂｷz-30'竢篠ｷﾂｷﾂｷﾂｷﾂｷﾂｷﾂｷﾂｷﾂｷﾂｷﾂｷﾂｷﾂｷﾂｷﾂｷﾂｷﾂｷﾂｷstyle={{竢篠ｷﾂｷﾂｷﾂｷﾂｷﾂｷﾂｷﾂｷﾂｷﾂｷﾂｷﾂｷﾂｷﾂｷﾂｷﾂｷﾂｷﾂｷﾂｷﾂｷwidth:ﾂｷ`${SIDEBAR_WIDTHﾂｷ+ﾂｷtimeSlots.lengthﾂｷ*ﾂｷPIXELS_PER_HOUR}px`,竢篠ｷﾂｷﾂｷﾂｷﾂｷﾂｷﾂｷﾂｷﾂｷﾂｷﾂｷﾂｷﾂｷﾂｷﾂｷﾂｷﾂｷﾂｷ}}竢篠ｷﾂｷﾂｷﾂｷﾂｷﾂｷﾂｷﾂｷﾂｷﾂｷﾂｷﾂｷﾂｷﾂｷﾂｷﾂｷ></div>`  prettier/prettier
151:1  Error: Replace `ﾂｷﾂｷﾂｷﾂｷﾂｷﾂｷﾂｷﾂｷﾂｷﾂｷﾂｷﾂｷﾂｷﾂｷﾂｷﾂｷ)竦港 with `ﾂｷﾂｷﾂｷﾂｷﾂｷﾂｷﾂｷﾂｷﾂｷﾂｷﾂｷﾂｷﾂｷﾂｷ);`  prettier/prettier
152:14  Error: Delete `竦港  prettier/prettier
153:1  Error: Delete `竦港  prettier/prettier
154:55  Error: Replace `aﾂｷ=>ﾂｷa.resourceIdﾂｷ===ﾂｷresource.id);竦港 with `竢篠ｷﾂｷﾂｷﾂｷﾂｷﾂｷﾂｷﾂｷﾂｷﾂｷﾂｷﾂｷﾂｷﾂｷaﾂｷ=>ﾂｷa.resourceIdﾂｷ===ﾂｷresource.id竢篠ｷﾂｷﾂｷﾂｷﾂｷﾂｷﾂｷﾂｷﾂｷﾂｷﾂｷﾂｷ);`  prettier/prettier
155:61  Error: Delete `竦港  prettier/prettier
156:1  Error: Delete `竦港  prettier/prettier
157:21  Error: Delete `竦港  prettier/prettier
158:19  Error: Replace `ﾂｷkey={resource.id}ﾂｷclassName="flexﾂｷrelativeﾂｷh-20ﾂｷborder-bﾂｷborder-gray-300ﾂｷhover:bg-gray-50ﾂｷtransition-colorsﾂｷgroup">竦港 with `竢篠ｷﾂｷﾂｷﾂｷﾂｷﾂｷﾂｷﾂｷﾂｷﾂｷﾂｷﾂｷﾂｷﾂｷﾂｷﾂｷkey={resource.id}竢篠ｷﾂｷﾂｷﾂｷﾂｷﾂｷﾂｷﾂｷﾂｷﾂｷﾂｷﾂｷﾂｷﾂｷﾂｷﾂｷclassName='flexﾂｷrelativeﾂｷh-20ﾂｷborder-bﾂｷborder-gray-300ﾂｷhover:bg-gray-50ﾂｷtransition-colorsﾂｷgroup'`  prettier/prettier
159:15  Error: Replace `ﾂｷﾂｷ竦港 with `>`  prettier/prettier
160:40  Error: Delete `竦港  prettier/prettier
161:21  Error: Delete `ﾂｷ竦港  prettier/prettier
162:225  Error: Delete `竦港  prettier/prettier
163:58  Error: Delete `竦港  prettier/prettier
164:18  Error: Delete `竦港  prettier/prettier
165:34  Error: Replace `"font-boldﾂｷflexﾂｷitems-centerﾂｷgap-1">竦港 with `'font-boldﾂｷflexﾂｷitems-centerﾂｷgap-1'>`  prettier/prettier
166:36  Error: Delete `竦港  prettier/prettier
167:43  Error: Replace `<spanﾂｷclassName="text-xsﾂｷfont-normal">({resource.capacity})</span>}竦港 with `(竢篠ｷﾂｷﾂｷﾂｷﾂｷﾂｷﾂｷﾂｷﾂｷﾂｷﾂｷﾂｷﾂｷﾂｷﾂｷﾂｷﾂｷﾂｷﾂｷﾂｷﾂｷﾂｷ<spanﾂｷclassName='text-xsﾂｷfont-normal'>竢篠ｷﾂｷﾂｷﾂｷﾂｷﾂｷﾂｷﾂｷﾂｷﾂｷﾂｷﾂｷﾂｷﾂｷﾂｷﾂｷﾂｷﾂｷﾂｷﾂｷﾂｷﾂｷﾂｷﾂｷ({resource.capacity})竢篠ｷﾂｷﾂｷﾂｷﾂｷﾂｷﾂｷﾂｷﾂｷﾂｷﾂｷﾂｷﾂｷﾂｷﾂｷﾂｷﾂｷﾂｷﾂｷﾂｷﾂｷﾂｷ</span>竢篠ｷﾂｷﾂｷﾂｷﾂｷﾂｷﾂｷﾂｷﾂｷﾂｷﾂｷﾂｷﾂｷﾂｷﾂｷﾂｷﾂｷﾂｷﾂｷﾂｷ)}`  prettier/prettier
168:25  Error: Delete `竦港  prettier/prettier
169:42  Error: Delete `竦港  prettier/prettier
170:36  Error: Replace `"text-[10px]ﾂｷtext-gray-300ﾂｷmt-1">{resource.subLabel}</div>竦港 with `'text-[10px]ﾂｷtext-gray-300ﾂｷmt-1'>竢篠ｷﾂｷﾂｷﾂｷﾂｷﾂｷﾂｷﾂｷﾂｷﾂｷﾂｷﾂｷﾂｷﾂｷﾂｷﾂｷﾂｷﾂｷﾂｷﾂｷﾂｷﾂｷ{resource.subLabel}竢篠ｷﾂｷﾂｷﾂｷﾂｷﾂｷﾂｷﾂｷﾂｷﾂｷﾂｷﾂｷﾂｷﾂｷﾂｷﾂｷﾂｷﾂｷﾂｷﾂｷ</div>`  prettier/prettier
171:21  Error: Delete `竦港  prettier/prettier
172:64  Error: Delete `竦港  prettier/prettier
173:1  Error: Replace `ﾂｷﾂｷﾂｷﾂｷﾂｷﾂｷﾂｷﾂｷﾂｷﾂｷﾂｷﾂｷﾂｷﾂｷﾂｷﾂｷﾂｷﾂｷﾂｷﾂｷﾂｷ<divﾂｷclassName="text-[9px]ﾂｷtext-gray-400ﾂｷmt-0.5">09:00-23:00</div>竦港 with `ﾂｷﾂｷﾂｷﾂｷﾂｷﾂｷﾂｷﾂｷﾂｷﾂｷﾂｷﾂｷﾂｷﾂｷﾂｷﾂｷﾂｷﾂｷﾂｷﾂｷ<divﾂｷclassName='text-[9px]ﾂｷtext-gray-400ﾂｷmt-0.5'>竢篠ｷﾂｷﾂｷﾂｷﾂｷﾂｷﾂｷﾂｷﾂｷﾂｷﾂｷﾂｷﾂｷﾂｷﾂｷﾂｷﾂｷﾂｷﾂｷﾂｷﾂｷﾂｷ09:00-23:00竢篠ｷﾂｷﾂｷﾂｷﾂｷﾂｷﾂｷﾂｷﾂｷﾂｷﾂｷﾂｷﾂｷﾂｷﾂｷﾂｷﾂｷﾂｷﾂｷﾂｷ</div>`  prettier/prettier
174:21  Error: Delete `竦港  prettier/prettier
175:23  Error: Delete `竦港  prettier/prettier
176:1  Error: Delete `竦港  prettier/prettier
177:38  Error: Delete `竦港  prettier/prettier
178:17  Error: Visible, non-interactive elements with click handlers must have at least one keyboard listener.  jsx-a11y/click-events-have-key-events
178:17  Error: Avoid non-native interactive elements. If using native HTML is not possible, add an appropriate role and support for tabbing, mouse, keyboard, and touch inputs to an interactive content element.  jsx-a11y/no-static-element-interactions
178:21  Error: Delete `ﾂｷ竦港  prettier/prettier
179:1  Error: Replace `ﾂｷﾂｷﾂｷﾂｷﾂｷﾂｷﾂｷﾂｷﾂｷﾂｷﾂｷﾂｷﾂｷﾂｷﾂｷﾂｷﾂｷﾂｷﾂｷﾂｷclassName="relativeﾂｷflexﾂｷbg-whiteﾂｷcursor-pointerﾂｷtransition-colors"竦港 with `ﾂｷﾂｷﾂｷﾂｷﾂｷﾂｷﾂｷﾂｷﾂｷﾂｷﾂｷﾂｷﾂｷﾂｷﾂｷﾂｷﾂｷﾂｷclassName='relativeﾂｷflexﾂｷbg-whiteﾂｷcursor-pointerﾂｷtransition-colors'`  prettier/prettier
180:1  Error: Replace `ﾂｷﾂｷﾂｷﾂｷﾂｷﾂｷﾂｷﾂｷﾂｷﾂｷﾂｷﾂｷﾂｷﾂｷﾂｷﾂｷﾂｷﾂｷﾂｷﾂｷonDragOver={handleDragOver}竦港 with `ﾂｷﾂｷﾂｷﾂｷﾂｷﾂｷﾂｷﾂｷﾂｷﾂｷﾂｷﾂｷﾂｷﾂｷﾂｷﾂｷﾂｷﾂｷonDragOver={handleDragOver}`  prettier/prettier
181:19  Error: Replace `ﾂｷﾂｷonDrop={(e)ﾂｷ=>ﾂｷhandleDrop(e,ﾂｷresource.id)}竦港 with `onDrop={eﾂｷ=>ﾂｷhandleDrop(e,ﾂｷresource.id)}`  prettier/prettier
182:1  Error: Replace `ﾂｷﾂｷﾂｷﾂｷﾂｷﾂｷﾂｷﾂｷﾂｷﾂｷﾂｷﾂｷﾂｷﾂｷﾂｷﾂｷﾂｷﾂｷﾂｷﾂｷonClick={(e)ﾂｷ=>ﾂｷhandleSlotClick(e,ﾂｷresource.id)}竦港 with `ﾂｷﾂｷﾂｷﾂｷﾂｷﾂｷﾂｷﾂｷﾂｷﾂｷﾂｷﾂｷﾂｷﾂｷﾂｷﾂｷﾂｷﾂｷonClick={eﾂｷ=>ﾂｷhandleSlotClick(e,ﾂｷresource.id)}`  prettier/prettier
183:18  Error: Delete `竦港  prettier/prettier
184:37  Error: Delete `竦港  prettier/prettier
185:33  Error: Replace `((slot)ﾂｷ=>ﾂｷ(竦港 with `(slotﾂｷ=>ﾂｷ(`  prettier/prettier
186:25  Error: Delete `竦港  prettier/prettier
187:38  Error: Delete `竦港  prettier/prettier
188:33  Error: Replace `"flex-shrink-0ﾂｷborder-rﾂｷborder-gray-200ﾂｷh-fullﾂｷrelativeﾂｷpointer-events-none"竦港 with `'flex-shrink-0ﾂｷborder-rﾂｷborder-gray-200ﾂｷh-fullﾂｷrelativeﾂｷpointer-events-none'`  prettier/prettier
189:64  Error: Delete `竦港  prettier/prettier
190:22  Error: Delete `竦港  prettier/prettier
191:1  Error: Replace `ﾂｷﾂｷﾂｷﾂｷﾂｷﾂｷﾂｷﾂｷﾂｷﾂｷﾂｷﾂｷﾂｷﾂｷﾂｷﾂｷﾂｷﾂｷﾂｷﾂｷﾂｷﾂｷﾂｷﾂｷ<divﾂｷclassName="absoluteﾂｷleft-1/2ﾂｷtop-0ﾂｷbottom-0ﾂｷborder-rﾂｷborder-gray-100ﾂｷw-0"></div>竦港 with `ﾂｷﾂｷﾂｷﾂｷﾂｷﾂｷﾂｷﾂｷﾂｷﾂｷﾂｷﾂｷﾂｷﾂｷﾂｷﾂｷﾂｷﾂｷﾂｷﾂｷﾂｷﾂｷ<divﾂｷclassName='absoluteﾂｷleft-1/2ﾂｷtop-0ﾂｷbottom-0ﾂｷborder-rﾂｷborder-gray-100ﾂｷw-0'></div>`  prettier/prettier
192:27  Error: Delete `竦港  prettier/prettier
193:22  Error: Delete `竦港  prettier/prettier
194:1  Error: Delete `竦港  prettier/prettier
195:45  Error: Delete `竦港  prettier/prettier
196:34  Error: Replace `"absoluteﾂｷtop-0ﾂｷbottom-0ﾂｷleft-0ﾂｷright-0">竦港 with `'absoluteﾂｷtop-0ﾂｷbottom-0ﾂｷleft-0ﾂｷright-0'>`  prettier/prettier
197:49  Error: Delete `竦港  prettier/prettier
198:40  Error: Delete `ﾂｷ竦港  prettier/prettier
199:38  Error: Delete `ﾂｷ竦港  prettier/prettier
200:43  Error: Delete `ﾂｷ竦港  prettier/prettier
201:56  Error: Delete `竦港  prettier/prettier
202:58  Error: Delete `竦港  prettier/prettier
203:53  Error: Delete `竦港  prettier/prettier
204:25  Error: Delete `竦港  prettier/prettier
205:24  Error: Delete `竦港  prettier/prettier
206:25  Error: Delete `竦港  prettier/prettier
207:1  Error: Delete `竦港  prettier/prettier
208:44  Error: Delete `竦港  prettier/prettier
209:43  Error: Delete `竦港  prettier/prettier
210:1  Error: Replace `ﾂｷﾂｷﾂｷﾂｷﾂｷﾂｷﾂｷﾂｷﾂｷﾂｷﾂｷﾂｷﾂｷﾂｷﾂｷﾂｷﾂｷﾂｷﾂｷﾂｷﾂｷﾂｷ<divﾂｷ竦港 with `ﾂｷﾂｷﾂｷﾂｷﾂｷﾂｷﾂｷﾂｷﾂｷﾂｷﾂｷﾂｷﾂｷﾂｷﾂｷﾂｷﾂｷﾂｷﾂｷﾂｷ<div`  prettier/prettier
211:1  Error: Replace `ﾂｷﾂｷﾂｷﾂｷﾂｷﾂｷﾂｷﾂｷﾂｷﾂｷﾂｷﾂｷﾂｷﾂｷﾂｷﾂｷﾂｷﾂｷﾂｷﾂｷﾂｷﾂｷﾂｷﾂｷclassName="absoluteﾂｷtop-0ﾂｷbottom-0ﾂｷz-20ﾂｷpointer-events-noneﾂｷborder-l-2ﾂｷborder-red-500ﾂｷopacity-60"竦港 with `ﾂｷﾂｷﾂｷﾂｷﾂｷﾂｷﾂｷﾂｷﾂｷﾂｷﾂｷﾂｷﾂｷﾂｷﾂｷﾂｷﾂｷﾂｷﾂｷﾂｷﾂｷﾂｷclassName='absoluteﾂｷtop-0ﾂｷbottom-0ﾂｷz-20ﾂｷpointer-events-noneﾂｷborder-l-2ﾂｷborder-red-500ﾂｷopacity-60'`  prettier/prettier
212:1  Error: Replace `ﾂｷﾂｷﾂｷﾂｷﾂｷﾂｷﾂｷﾂｷﾂｷﾂｷﾂｷﾂｷﾂｷﾂｷﾂｷﾂｷﾂｷﾂｷﾂｷﾂｷﾂｷﾂｷﾂｷﾂｷstyle={{ﾂｷleft:ﾂｷ`${currentTimePos}px`ﾂｷ}}竦港 with `ﾂｷﾂｷﾂｷﾂｷﾂｷﾂｷﾂｷﾂｷﾂｷﾂｷﾂｷﾂｷﾂｷﾂｷﾂｷﾂｷﾂｷﾂｷﾂｷﾂｷﾂｷﾂｷstyle={{ﾂｷleft:ﾂｷ`${currentTimePos}px`ﾂｷ}}`  prettier/prettier
213:1  Error: Replace `ﾂｷﾂｷﾂｷﾂｷﾂｷﾂｷﾂｷﾂｷﾂｷﾂｷﾂｷﾂｷﾂｷﾂｷﾂｷﾂｷﾂｷﾂｷﾂｷﾂｷﾂｷﾂｷ>竦港 with `ﾂｷﾂｷﾂｷﾂｷﾂｷﾂｷﾂｷﾂｷﾂｷﾂｷﾂｷﾂｷﾂｷﾂｷﾂｷﾂｷﾂｷﾂｷﾂｷﾂｷ>`  prettier/prettier
214:1  Error: Replace `ﾂｷﾂｷﾂｷﾂｷﾂｷﾂｷﾂｷﾂｷﾂｷﾂｷﾂｷﾂｷﾂｷﾂｷﾂｷﾂｷﾂｷﾂｷﾂｷﾂｷﾂｷﾂｷﾂｷﾂｷﾂｷ<divﾂｷclassName="absoluteﾂｷ-top-1ﾂｷ-left-[5px]ﾂｷw-2ﾂｷh-2ﾂｷbg-red-500ﾂｷrounded-fullﾂｷshadow-sm"></div>竦港 with `ﾂｷﾂｷﾂｷﾂｷﾂｷﾂｷﾂｷﾂｷﾂｷﾂｷﾂｷﾂｷﾂｷﾂｷﾂｷﾂｷﾂｷﾂｷﾂｷﾂｷﾂｷﾂｷ<divﾂｷclassName='absoluteﾂｷ-top-1ﾂｷ-left-[5px]ﾂｷw-2ﾂｷh-2ﾂｷbg-red-500ﾂｷrounded-fullﾂｷshadow-sm'></div>`  prettier/prettier
215:1  Error: Replace `ﾂｷﾂｷﾂｷﾂｷﾂｷﾂｷﾂｷﾂｷﾂｷﾂｷﾂｷﾂｷﾂｷﾂｷﾂｷﾂｷﾂｷﾂｷﾂｷﾂｷﾂｷﾂｷ</div>竦港 with `ﾂｷﾂｷﾂｷﾂｷﾂｷﾂｷﾂｷﾂｷﾂｷﾂｷﾂｷﾂｷﾂｷﾂｷﾂｷﾂｷﾂｷﾂｷﾂｷﾂｷ</div>`  prettier/prettier
216:21  Error: Delete `竦港  prettier/prettier
217:23  Error: Delete `竦港  prettier/prettier
218:21  Error: Delete `竦港  prettier/prettier
219:15  Error: Delete `竦港  prettier/prettier
220:14  Error: Delete `竦港  prettier/prettier
221:15  Error: Delete `竦港  prettier/prettier
222:13  Error: Delete `竦港  prettier/prettier
223:11  Error: Delete `竦港  prettier/prettier
224:5  Error: Delete `竦港  prettier/prettier

./src/app/reservations/components/UnconfirmedReservationsModal.tsx
1:52  Error: Delete `竦港  prettier/prettier
2:67  Error: Delete `竦港  prettier/prettier
3:9  Error: Replace `ﾂｷAppointment,ﾂｷAppointmentUpdateResult,ﾂｷMenuItem,ﾂｷSchedulerResourceﾂｷ}ﾂｷfromﾂｷ'../types';竦港 with `竢篠ｷﾂｷAppointment,竢篠ｷﾂｷAppointmentUpdateResult,竢篠ｷﾂｷMenuItem,竢篠ｷﾂｷSchedulerResource,竢枝ﾂｷfromﾂｷ'../types';`  prettier/prettier
4:1  Error: Delete `竦坂庶竦港  prettier/prettier
6:18  Error: Delete `竦港  prettier/prettier
7:31  Error: Delete `竦港  prettier/prettier
8:34  Error: Delete `竦港  prettier/prettier
9:21  Error: Delete `竦港  prettier/prettier
10:23  Error: Delete `竦港  prettier/prettier
11:77  Error: Delete `竦港  prettier/prettier
12:2  Error: Delete `竦港  prettier/prettier
13:1  Error: Delete `竦港  prettier/prettier
14:64  Error: Replace `ﾂｷappointments:ﾂｷinitialAppointments,ﾂｷresources,ﾂｷmenus,ﾂｷonClose,ﾂｷonConfirmﾂｷ})ﾂｷ=>ﾂｷ{竦港 with `竢篠ｷﾂｷappointments:ﾂｷinitialAppointments,竢篠ｷﾂｷresources,竢篠ｷﾂｷmenus,竢篠ｷﾂｷonClose,竢篠ｷﾂｷonConfirm,竢枝)ﾂｷ=>ﾂｷ{`  prettier/prettier
15:60  Error: Delete `竦港  prettier/prettier
16:57  Error: Delete `竦港  prettier/prettier
17:73  Error: Delete `竦港  prettier/prettier
18:1  Error: Delete `竦港  prettier/prettier
19:20  Error: Delete `竦港  prettier/prettier
20:34  Error: Delete `竦港  prettier/prettier
21:27  Error: Delete `竦港  prettier/prettier
22:29  Error: Delete `竦港  prettier/prettier
23:1  Error: Delete `竦港  prettier/prettier
24:55  Error: Delete `竦港  prettier/prettier
25:27  Error: Delete `竦港  prettier/prettier
26:10  Error: Delete `竦港  prettier/prettier
27:44  Error: Delete `竦港  prettier/prettier
28:23  Error: Delete `竦港  prettier/prettier
29:61  Error: Delete `竦港  prettier/prettier
30:15  Error: Delete `竦港  prettier/prettier
31:75  Error: Delete `竦港  prettier/prettier
32:8  Error: Delete `竦港  prettier/prettier
33:20  Error: Delete `竦港  prettier/prettier
34:23  Error: Replace `errﾂｷinstanceofﾂｷErrorﾂｷ?ﾂｷerr.messageﾂｷ:ﾂｷ'Failedﾂｷtoﾂｷconfirmﾂｷreservation.');竦港 with `竢篠ｷﾂｷﾂｷﾂｷﾂｷﾂｷﾂｷﾂｷerrﾂｷinstanceofﾂｷErrorﾂｷ?ﾂｷerr.messageﾂｷ:ﾂｷ'Failedﾂｷtoﾂｷconfirmﾂｷreservation.'竢篠ｷﾂｷﾂｷﾂｷﾂｷﾂｷ);`  prettier/prettier
35:6  Error: Delete `竦港  prettier/prettier
36:5  Error: Delete `竦港  prettier/prettier
37:1  Error: Delete `竦港  prettier/prettier
38:42  Error: Replace `ﾂｷresources.find(rﾂｷ=>ﾂｷr.idﾂｷ===ﾂｷid)?.nameﾂｷ||ﾂｷ'譛ｪ螳・;竦港 with `竢篠ｷﾂｷﾂｷﾂｷresources.find(rﾂｷ=>ﾂｷr.idﾂｷ===ﾂｷid)?.nameﾂｷ||ﾂｷ'譛ｪ螳・;`  prettier/prettier
39:39  Error: Replace `ﾂｷmenus.find(mﾂｷ=>ﾂｷm.idﾂｷ===ﾂｷid)?.nameﾂｷ||ﾂｷ'譛ｪ驕ｸ謚・;竦港 with `竢篠ｷﾂｷﾂｷﾂｷmenus.find(mﾂｷ=>ﾂｷm.idﾂｷ===ﾂｷid)?.nameﾂｷ||ﾂｷ'譛ｪ驕ｸ謚・;`  prettier/prettier
40:1  Error: Delete `竦港  prettier/prettier
41:11  Error: Delete `竦港  prettier/prettier
42:20  Error: Replace `"fixedﾂｷinset-0ﾂｷz-[60]ﾂｷflexﾂｷitems-centerﾂｷjustify-centerﾂｷp-4">竦港 with `'fixedﾂｷinset-0ﾂｷz-[60]ﾂｷflexﾂｷitems-centerﾂｷjustify-centerﾂｷp-4'>`  prettier/prettier
43:23  Error: Delete `竦港  prettier/prettier
44:7  Error: Visible, non-interactive elements with click handlers must have at least one keyboard listener.  jsx-a11y/click-events-have-key-events
44:7  Error: Avoid non-native interactive elements. If using native HTML is not possible, add an appropriate role and support for tabbing, mouse, keyboard, and touch inputs to an interactive content element.  jsx-a11y/no-static-element-interactions
44:11  Error: Delete `ﾂｷ竦港  prettier/prettier
45:19  Error: Replace `"absoluteﾂｷinset-0ﾂｷbg-black/50ﾂｷbackdrop-blur-smﾂｷtransition-opacity"ﾂｷ竦港 with `'absoluteﾂｷinset-0ﾂｷbg-black/50ﾂｷbackdrop-blur-smﾂｷtransition-opacity'`  prettier/prettier
46:26  Error: Delete `竦港  prettier/prettier
47:9  Error: Delete `竦港  prettier/prettier
48:1  Error: Delete `竦港  prettier/prettier
49:20  Error: Delete `竦港  prettier/prettier
50:22  Error: Replace `"relativeﾂｷbg-whiteﾂｷrounded-xlﾂｷshadow-2xlﾂｷw-fullﾂｷmax-w-2xlﾂｷoverflow-hiddenﾂｷflexﾂｷflex-colﾂｷmax-h-[80vh]ﾂｷanimate-inﾂｷfade-inﾂｷzoom-inﾂｷduration-200">竦坂庶ﾂｷﾂｷﾂｷﾂｷﾂｷﾂｷﾂｷﾂｷ竦港 with `'relativeﾂｷbg-whiteﾂｷrounded-xlﾂｷshadow-2xlﾂｷw-fullﾂｷmax-w-2xlﾂｷoverflow-hiddenﾂｷflexﾂｷflex-colﾂｷmax-h-[80vh]ﾂｷanimate-inﾂｷfade-inﾂｷzoom-inﾂｷduration-200'>`  prettier/prettier
52:23  Error: Delete `竦港  prettier/prettier
53:24  Error: Replace `"flexﾂｷitems-centerﾂｷjustify-betweenﾂｷpx-6ﾂｷpy-4ﾂｷborder-bﾂｷborder-gray-100ﾂｷbg-rose-50">竦港 with `'flexﾂｷitems-centerﾂｷjustify-betweenﾂｷpx-6ﾂｷpy-4ﾂｷborder-bﾂｷborder-gray-100ﾂｷbg-rose-50'>`  prettier/prettier
54:25  Error: Replace `"text-lgﾂｷfont-boldﾂｷtext-rose-800ﾂｷflexﾂｷitems-centerﾂｷgap-2">竦港 with `'text-lgﾂｷfont-boldﾂｷtext-rose-800ﾂｷflexﾂｷitems-centerﾂｷgap-2'>`  prettier/prettier
55:1  Error: Replace `ﾂｷﾂｷﾂｷﾂｷﾂｷﾂｷﾂｷﾂｷﾂｷﾂｷﾂｷﾂｷﾂｷ<CalendarﾂｷclassName="w-5ﾂｷh-5"ﾂｷ/>竦港 with `ﾂｷﾂｷﾂｷﾂｷﾂｷﾂｷﾂｷﾂｷﾂｷﾂｷﾂｷﾂｷ<CalendarﾂｷclassName='w-5ﾂｷh-5'ﾂｷ/>`  prettier/prettier
56:1  Error: Replace `ﾂｷﾂｷﾂｷﾂｷﾂｷﾂｷﾂｷﾂｷﾂｷﾂｷﾂｷﾂｷﾂｷ譛ｪ遒ｺ隱阪・WEB莠育ｴ・ｷ({list.length}莉ｶ)竦港 with `ﾂｷﾂｷﾂｷﾂｷﾂｷﾂｷﾂｷﾂｷﾂｷﾂｷﾂｷﾂｷ譛ｪ遒ｺ隱阪・WEB莠育ｴ・ｷ({list.length}莉ｶ)`  prettier/prettier
57:16  Error: Delete `竦港  prettier/prettier
58:18  Error: Delete `ﾂｷ竦港  prettier/prettier
59:30  Error: Delete `竦港  prettier/prettier
60:23  Error: Replace `"p-2ﾂｷtext-gray-400ﾂｷhover:text-gray-600ﾂｷhover:bg-gray-100ﾂｷrounded-fullﾂｷtransition-colors"竦港 with `'p-2ﾂｷtext-gray-400ﾂｷhover:text-gray-600ﾂｷhover:bg-gray-100ﾂｷrounded-fullﾂｷtransition-colors'`  prettier/prettier
61:12  Error: Delete `竦港  prettier/prettier
62:26  Error: Replace `"w-6ﾂｷh-6"ﾂｷ/>竦港 with `'w-6ﾂｷh-6'ﾂｷ/>`  prettier/prettier
63:20  Error: Delete `竦港  prettier/prettier
64:15  Error: Delete `竦港  prettier/prettier
65:1  Error: Delete `竦港  prettier/prettier
66:24  Error: Delete `竦港  prettier/prettier
67:24  Error: Replace `"p-0ﾂｷoverflow-y-autoﾂｷbg-gray-50">竦港 with `'p-0ﾂｷoverflow-y-autoﾂｷbg-gray-50'>`  prettier/prettier
68:29  Error: Delete `竦港  prettier/prettier
69:28  Error: Replace `"px-6ﾂｷpy-3ﾂｷtext-smﾂｷtext-red-700ﾂｷbg-red-50ﾂｷborder-bﾂｷborder-red-100">竦港 with `'px-6ﾂｷpy-3ﾂｷtext-smﾂｷtext-red-700ﾂｷbg-red-50ﾂｷborder-bﾂｷborder-red-100'>`  prettier/prettier
70:29  Error: Delete `竦港  prettier/prettier
71:19  Error: Delete `竦港  prettier/prettier
72:13  Error: Delete `竦港  prettier/prettier
73:33  Error: Delete `竦港  prettier/prettier
74:28  Error: Replace `"p-10ﾂｷtext-centerﾂｷtext-gray-500">竦港 with `'p-10ﾂｷtext-centerﾂｷtext-gray-500'>`  prettier/prettier
75:38  Error: Delete `竦港  prettier/prettier
76:19  Error: Delete `竦港  prettier/prettier
77:16  Error: Delete `竦港  prettier/prettier
78:28  Error: Replace `"divide-yﾂｷdivide-gray-200">竦港 with `'divide-yﾂｷdivide-gray-200'>`  prettier/prettier
79:1  Error: Replace `ﾂｷﾂｷﾂｷﾂｷﾂｷﾂｷﾂｷﾂｷﾂｷﾂｷﾂｷﾂｷﾂｷﾂｷﾂｷﾂｷ{list.map(apptﾂｷ=>ﾂｷ(竦港 with `ﾂｷﾂｷﾂｷﾂｷﾂｷﾂｷﾂｷﾂｷﾂｷﾂｷﾂｷﾂｷﾂｷﾂｷ{list.map(apptﾂｷ=>ﾂｷ(`  prettier/prettier
80:17  Error: Replace `ﾂｷﾂｷ<divﾂｷkey={appt.id}ﾂｷclassName="bg-whiteﾂｷp-4ﾂｷsm:p-5ﾂｷhover:bg-gray-50ﾂｷtransition-colors">竦港 with `<div竢篠ｷﾂｷﾂｷﾂｷﾂｷﾂｷﾂｷﾂｷﾂｷﾂｷﾂｷﾂｷﾂｷﾂｷﾂｷﾂｷﾂｷﾂｷkey={appt.id}竢篠ｷﾂｷﾂｷﾂｷﾂｷﾂｷﾂｷﾂｷﾂｷﾂｷﾂｷﾂｷﾂｷﾂｷﾂｷﾂｷﾂｷﾂｷclassName='bg-whiteﾂｷp-4ﾂｷsm:p-5ﾂｷhover:bg-gray-50ﾂｷtransition-colors'`  prettier/prettier
81:5  Error: Replace `ﾂｷﾂｷﾂｷﾂｷﾂｷﾂｷﾂｷﾂｷﾂｷﾂｷﾂｷﾂｷﾂｷﾂｷﾂｷﾂｷ<divﾂｷclassName="flexﾂｷflex-colﾂｷsm:flex-rowﾂｷjustify-betweenﾂｷitems-startﾂｷgap-4">竦港 with `ﾂｷﾂｷﾂｷﾂｷﾂｷﾂｷﾂｷﾂｷﾂｷﾂｷﾂｷﾂｷ>竢篠ｷﾂｷﾂｷﾂｷﾂｷﾂｷﾂｷﾂｷﾂｷﾂｷﾂｷﾂｷﾂｷﾂｷﾂｷﾂｷﾂｷﾂｷ<divﾂｷclassName='flexﾂｷflex-colﾂｷsm:flex-rowﾂｷjustify-betweenﾂｷitems-startﾂｷgap-4'>`  prettier/prettier
82:1  Error: Replace `ﾂｷﾂｷﾂｷﾂｷﾂｷﾂｷﾂｷﾂｷﾂｷﾂｷﾂｷﾂｷﾂｷﾂｷﾂｷﾂｷﾂｷﾂｷﾂｷﾂｷﾂｷﾂｷﾂｷﾂｷ<divﾂｷclassName="space-y-2ﾂｷw-full">竦港 with `ﾂｷﾂｷﾂｷﾂｷﾂｷﾂｷﾂｷﾂｷﾂｷﾂｷﾂｷﾂｷﾂｷﾂｷﾂｷﾂｷﾂｷﾂｷﾂｷﾂｷ<divﾂｷclassName='space-y-2ﾂｷw-full'>`  prettier/prettier
83:1  Error: Replace `ﾂｷﾂｷﾂｷﾂｷﾂｷﾂｷﾂｷﾂｷﾂｷﾂｷﾂｷﾂｷﾂｷﾂｷﾂｷﾂｷﾂｷﾂｷﾂｷﾂｷﾂｷﾂｷﾂｷﾂｷﾂｷﾂｷﾂｷﾂｷﾂｷ<divﾂｷclassName="flexﾂｷitems-centerﾂｷgap-2">竦港 with `ﾂｷﾂｷﾂｷﾂｷﾂｷﾂｷﾂｷﾂｷﾂｷﾂｷﾂｷﾂｷﾂｷﾂｷﾂｷﾂｷﾂｷﾂｷﾂｷﾂｷﾂｷﾂｷ<divﾂｷclassName='flexﾂｷitems-centerﾂｷgap-2'>`  prettier/prettier
84:1  Error: Replace `ﾂｷﾂｷﾂｷﾂｷﾂｷﾂｷﾂｷﾂｷﾂｷﾂｷﾂｷﾂｷﾂｷﾂｷﾂｷﾂｷﾂｷﾂｷﾂｷﾂｷﾂｷﾂｷﾂｷﾂｷﾂｷﾂｷﾂｷﾂｷﾂｷﾂｷﾂｷﾂｷ<spanﾂｷclassName="bg-rose-100ﾂｷtext-rose-600ﾂｷtext-xsﾂｷpx-2ﾂｷpy-0.5ﾂｷroundedﾂｷfont-bold">WEB莠育ｴ・/span>竦港 with `ﾂｷﾂｷﾂｷﾂｷﾂｷﾂｷﾂｷﾂｷﾂｷﾂｷﾂｷﾂｷﾂｷﾂｷﾂｷﾂｷﾂｷﾂｷﾂｷﾂｷﾂｷﾂｷﾂｷﾂｷ<spanﾂｷclassName='bg-rose-100ﾂｷtext-rose-600ﾂｷtext-xsﾂｷpx-2ﾂｷpy-0.5ﾂｷroundedﾂｷfont-bold'>竢篠ｷﾂｷﾂｷﾂｷﾂｷﾂｷﾂｷﾂｷﾂｷﾂｷﾂｷﾂｷﾂｷﾂｷﾂｷﾂｷﾂｷﾂｷﾂｷﾂｷﾂｷﾂｷﾂｷﾂｷﾂｷﾂｷWEB莠育ｴЯ  prettier/prettier
85:19  Error: Replace `ﾂｷﾂｷﾂｷﾂｷﾂｷﾂｷﾂｷﾂｷﾂｷﾂｷﾂｷﾂｷﾂｷﾂｷ<spanﾂｷclassName="text-smﾂｷtext-gray-500">{appt.date}</span>竦港 with `ﾂｷﾂｷﾂｷﾂｷﾂｷﾂｷ</span>竢篠ｷﾂｷﾂｷﾂｷﾂｷﾂｷﾂｷﾂｷﾂｷﾂｷﾂｷﾂｷﾂｷﾂｷﾂｷﾂｷﾂｷﾂｷﾂｷﾂｷﾂｷﾂｷﾂｷﾂｷ<spanﾂｷclassName='text-smﾂｷtext-gray-500'>竢篠ｷﾂｷﾂｷﾂｷﾂｷﾂｷﾂｷﾂｷﾂｷﾂｷﾂｷﾂｷﾂｷﾂｷﾂｷﾂｷﾂｷﾂｷﾂｷﾂｷﾂｷﾂｷﾂｷﾂｷﾂｷﾂｷ{appt.date}竢篠ｷﾂｷﾂｷﾂｷﾂｷﾂｷﾂｷﾂｷﾂｷﾂｷﾂｷﾂｷﾂｷﾂｷﾂｷﾂｷﾂｷﾂｷﾂｷﾂｷﾂｷﾂｷﾂｷﾂｷ</span>`  prettier/prettier
86:1  Error: Replace `ﾂｷﾂｷﾂｷﾂｷﾂｷﾂｷﾂｷﾂｷﾂｷﾂｷﾂｷﾂｷﾂｷﾂｷﾂｷﾂｷﾂｷﾂｷﾂｷﾂｷﾂｷﾂｷﾂｷﾂｷﾂｷﾂｷﾂｷﾂｷﾂｷ</div>竦港 with `ﾂｷﾂｷﾂｷﾂｷﾂｷﾂｷﾂｷﾂｷﾂｷﾂｷﾂｷﾂｷﾂｷﾂｷﾂｷﾂｷﾂｷﾂｷﾂｷﾂｷﾂｷﾂｷ</div>`  prettier/prettier
87:1  Error: Replace `ﾂｷﾂｷﾂｷﾂｷﾂｷﾂｷﾂｷﾂｷﾂｷﾂｷﾂｷﾂｷﾂｷﾂｷﾂｷﾂｷﾂｷﾂｷﾂｷﾂｷﾂｷﾂｷﾂｷﾂｷﾂｷﾂｷﾂｷﾂｷﾂｷ<h3ﾂｷclassName="text-lgﾂｷfont-boldﾂｷtext-gray-800ﾂｷflexﾂｷitems-centerﾂｷgap-2">竦港 with `ﾂｷﾂｷﾂｷﾂｷﾂｷﾂｷﾂｷﾂｷﾂｷﾂｷﾂｷﾂｷﾂｷﾂｷﾂｷﾂｷﾂｷﾂｷﾂｷﾂｷﾂｷﾂｷ<h3ﾂｷclassName='text-lgﾂｷfont-boldﾂｷtext-gray-800ﾂｷflexﾂｷitems-centerﾂｷgap-2'>`  prettier/prettier
88:1  Error: Replace `ﾂｷﾂｷﾂｷﾂｷﾂｷﾂｷﾂｷﾂｷﾂｷﾂｷﾂｷﾂｷﾂｷﾂｷﾂｷﾂｷﾂｷﾂｷﾂｷﾂｷﾂｷﾂｷﾂｷﾂｷﾂｷﾂｷﾂｷﾂｷﾂｷﾂｷﾂｷﾂｷ{appt.lastName}ﾂｷ{appt.firstName}ﾂｷ讒倪錐` with `ﾂｷﾂｷﾂｷﾂｷﾂｷﾂｷﾂｷﾂｷﾂｷﾂｷﾂｷﾂｷﾂｷﾂｷﾂｷﾂｷﾂｷﾂｷﾂｷﾂｷﾂｷﾂｷﾂｷﾂｷ{appt.lastName}ﾂｷ{appt.firstName}ﾂｷ讒倭  prettier/prettier
89:1  Error: Replace `ﾂｷﾂｷﾂｷﾂｷﾂｷﾂｷﾂｷﾂｷﾂｷﾂｷﾂｷﾂｷﾂｷﾂｷﾂｷﾂｷﾂｷﾂｷﾂｷﾂｷﾂｷﾂｷﾂｷﾂｷﾂｷﾂｷﾂｷﾂｷﾂｷ</h3>竦港 with `ﾂｷﾂｷﾂｷﾂｷﾂｷﾂｷﾂｷﾂｷﾂｷﾂｷﾂｷﾂｷﾂｷﾂｷﾂｷﾂｷﾂｷﾂｷﾂｷﾂｷﾂｷﾂｷ</h3>`  prettier/prettier
90:1  Error: Replace `ﾂｷﾂｷﾂｷﾂｷﾂｷﾂｷﾂｷﾂｷﾂｷﾂｷﾂｷﾂｷﾂｷﾂｷﾂｷﾂｷﾂｷﾂｷﾂｷﾂｷﾂｷﾂｷﾂｷﾂｷﾂｷﾂｷﾂｷﾂｷﾂｷ<divﾂｷclassName="text-smﾂｷtext-gray-600ﾂｷgridﾂｷgrid-cols-1ﾂｷsm:grid-cols-2ﾂｷgap-x-8ﾂｷgap-y-1ﾂｷmt-2">竦港 with `ﾂｷﾂｷﾂｷﾂｷﾂｷﾂｷﾂｷﾂｷﾂｷﾂｷﾂｷﾂｷﾂｷﾂｷﾂｷﾂｷﾂｷﾂｷﾂｷﾂｷﾂｷﾂｷ<divﾂｷclassName='text-smﾂｷtext-gray-600ﾂｷgridﾂｷgrid-cols-1ﾂｷsm:grid-cols-2ﾂｷgap-x-8ﾂｷgap-y-1ﾂｷmt-2'>`  prettier/prettier
91:1  Error: Replace `ﾂｷﾂｷﾂｷﾂｷﾂｷﾂｷﾂｷﾂｷﾂｷﾂｷﾂｷﾂｷﾂｷﾂｷﾂｷﾂｷﾂｷﾂｷﾂｷﾂｷﾂｷﾂｷﾂｷﾂｷﾂｷﾂｷﾂｷﾂｷﾂｷﾂｷﾂｷﾂｷﾂｷ<divﾂｷclassName="flexﾂｷitems-centerﾂｷgap-2">竦港 with `ﾂｷﾂｷﾂｷﾂｷﾂｷﾂｷﾂｷﾂｷﾂｷﾂｷﾂｷﾂｷﾂｷﾂｷﾂｷﾂｷﾂｷﾂｷﾂｷﾂｷﾂｷﾂｷﾂｷﾂｷ<divﾂｷclassName='flexﾂｷitems-centerﾂｷgap-2'>`  prettier/prettier
92:1  Error: Replace `ﾂｷﾂｷﾂｷﾂｷﾂｷﾂｷﾂｷﾂｷﾂｷﾂｷﾂｷﾂｷﾂｷﾂｷﾂｷﾂｷﾂｷﾂｷﾂｷﾂｷﾂｷﾂｷﾂｷﾂｷﾂｷﾂｷﾂｷﾂｷﾂｷﾂｷﾂｷﾂｷﾂｷﾂｷﾂｷﾂｷﾂｷ<CalendarﾂｷclassName="w-4ﾂｷh-4ﾂｷtext-gray-400"ﾂｷ/>竦港 with `ﾂｷﾂｷﾂｷﾂｷﾂｷﾂｷﾂｷﾂｷﾂｷﾂｷﾂｷﾂｷﾂｷﾂｷﾂｷﾂｷﾂｷﾂｷﾂｷﾂｷﾂｷﾂｷﾂｷﾂｷﾂｷﾂｷ<CalendarﾂｷclassName='w-4ﾂｷh-4ﾂｷtext-gray-400'ﾂｷ/>`  prettier/prettier
93:27  Error: Replace `ﾂｷﾂｷﾂｷﾂｷﾂｷﾂｷﾂｷﾂｷﾂｷﾂｷﾂｷ<spanﾂｷclassName="font-monoﾂｷfont-bold">竦港 with `<spanﾂｷclassName='font-monoﾂｷfont-bold'>`  prettier/prettier
94:1  Error: Replace `ﾂｷﾂｷﾂｷﾂｷﾂｷﾂｷﾂｷﾂｷﾂｷﾂｷﾂｷﾂｷﾂｷﾂｷﾂｷﾂｷﾂｷﾂｷﾂｷﾂｷﾂｷﾂｷﾂｷﾂｷﾂｷﾂｷﾂｷﾂｷﾂｷﾂｷﾂｷﾂｷﾂｷﾂｷﾂｷﾂｷﾂｷﾂｷﾂｷﾂｷﾂｷ{String(appt.startHour).padStart(2,ﾂｷ'0')}:{String(appt.startMinute).padStart(2,ﾂｷ'0')}ﾂｷ-ﾂｷ{String(appt.endHour).padStart(2,ﾂｷ'0')}:{String(appt.endMinute).padStart(2,ﾂｷ'0')}竦港 with `ﾂｷﾂｷﾂｷﾂｷﾂｷﾂｷﾂｷﾂｷﾂｷﾂｷﾂｷﾂｷﾂｷﾂｷﾂｷﾂｷﾂｷﾂｷﾂｷﾂｷﾂｷﾂｷﾂｷﾂｷﾂｷﾂｷﾂｷﾂｷ{String(appt.startHour).padStart(2,ﾂｷ'0')}:竢篠ｷﾂｷﾂｷﾂｷﾂｷﾂｷﾂｷﾂｷﾂｷﾂｷﾂｷﾂｷﾂｷﾂｷﾂｷﾂｷﾂｷﾂｷﾂｷﾂｷﾂｷﾂｷﾂｷﾂｷﾂｷﾂｷﾂｷﾂｷ{String(appt.startMinute).padStart(2,ﾂｷ'0')}ﾂｷ-{'ﾂｷ'}竢篠ｷﾂｷﾂｷﾂｷﾂｷﾂｷﾂｷﾂｷﾂｷﾂｷﾂｷﾂｷﾂｷﾂｷﾂｷﾂｷﾂｷﾂｷﾂｷﾂｷﾂｷﾂｷﾂｷﾂｷﾂｷﾂｷﾂｷﾂｷ{String(appt.endHour).padStart(2,ﾂｷ'0')}:竢篠ｷﾂｷﾂｷﾂｷﾂｷﾂｷﾂｷﾂｷﾂｷﾂｷﾂｷﾂｷﾂｷﾂｷﾂｷﾂｷﾂｷﾂｷﾂｷﾂｷﾂｷﾂｷﾂｷﾂｷﾂｷﾂｷﾂｷﾂｷ{String(appt.endMinute).padStart(2,ﾂｷ'0')}`  prettier/prettier
95:1  Error: Replace `ﾂｷﾂｷﾂｷﾂｷﾂｷﾂｷﾂｷﾂｷﾂｷﾂｷﾂｷﾂｷﾂｷﾂｷﾂｷﾂｷﾂｷﾂｷﾂｷﾂｷﾂｷﾂｷﾂｷﾂｷﾂｷﾂｷﾂｷﾂｷﾂｷﾂｷﾂｷﾂｷﾂｷﾂｷﾂｷﾂｷﾂｷ</span>竦港 with `ﾂｷﾂｷﾂｷﾂｷﾂｷﾂｷﾂｷﾂｷﾂｷﾂｷﾂｷﾂｷﾂｷﾂｷﾂｷﾂｷﾂｷﾂｷﾂｷﾂｷﾂｷﾂｷﾂｷﾂｷﾂｷﾂｷ</span>`  prettier/prettier
96:25  Error: Replace `ﾂｷﾂｷﾂｷﾂｷﾂｷﾂｷﾂｷﾂｷﾂｷ</div>竦港 with `</div>`  prettier/prettier
97:1  Error: Replace `ﾂｷﾂｷﾂｷﾂｷﾂｷﾂｷﾂｷﾂｷﾂｷﾂｷﾂｷﾂｷﾂｷﾂｷﾂｷﾂｷﾂｷﾂｷﾂｷﾂｷﾂｷﾂｷﾂｷﾂｷﾂｷﾂｷﾂｷﾂｷﾂｷﾂｷﾂｷﾂｷﾂｷ<divﾂｷclassName="flexﾂｷitems-centerﾂｷgap-2">竦港 with `ﾂｷﾂｷﾂｷﾂｷﾂｷﾂｷﾂｷﾂｷﾂｷﾂｷﾂｷﾂｷﾂｷﾂｷﾂｷﾂｷﾂｷﾂｷﾂｷﾂｷﾂｷﾂｷﾂｷﾂｷ<divﾂｷclassName='flexﾂｷitems-centerﾂｷgap-2'>`  prettier/prettier
98:1  Error: Replace `ﾂｷﾂｷﾂｷﾂｷﾂｷﾂｷﾂｷﾂｷﾂｷﾂｷﾂｷﾂｷﾂｷﾂｷﾂｷﾂｷﾂｷﾂｷﾂｷﾂｷﾂｷﾂｷﾂｷﾂｷﾂｷﾂｷﾂｷﾂｷﾂｷﾂｷﾂｷﾂｷﾂｷﾂｷﾂｷﾂｷﾂｷ<UserﾂｷclassName="w-4ﾂｷh-4ﾂｷtext-gray-400"ﾂｷ/>竦港 with `ﾂｷﾂｷﾂｷﾂｷﾂｷﾂｷﾂｷﾂｷﾂｷﾂｷﾂｷﾂｷﾂｷﾂｷﾂｷﾂｷﾂｷﾂｷﾂｷﾂｷﾂｷﾂｷﾂｷﾂｷﾂｷﾂｷ<UserﾂｷclassName='w-4ﾂｷh-4ﾂｷtext-gray-400'ﾂｷ/>`  prettier/prettier
99:1  Error: Replace `ﾂｷﾂｷﾂｷﾂｷﾂｷﾂｷﾂｷﾂｷﾂｷﾂｷﾂｷﾂｷﾂｷﾂｷﾂｷﾂｷﾂｷﾂｷﾂｷﾂｷﾂｷﾂｷﾂｷﾂｷﾂｷﾂｷﾂｷﾂｷﾂｷﾂｷﾂｷﾂｷﾂｷﾂｷﾂｷﾂｷﾂｷ<span>諡・ｽ・ﾂｷ{getResourceName(appt.resourceId)}</span>竦港 with `ﾂｷﾂｷﾂｷﾂｷﾂｷﾂｷﾂｷﾂｷﾂｷﾂｷﾂｷﾂｷﾂｷﾂｷﾂｷﾂｷﾂｷﾂｷﾂｷﾂｷﾂｷﾂｷﾂｷﾂｷﾂｷﾂｷ<span>諡・ｽ・ﾂｷ{getResourceName(appt.resourceId)}</span>`  prettier/prettier
100:1  Error: Replace `ﾂｷﾂｷﾂｷﾂｷﾂｷﾂｷﾂｷﾂｷﾂｷﾂｷﾂｷﾂｷﾂｷﾂｷﾂｷﾂｷﾂｷﾂｷﾂｷﾂｷﾂｷﾂｷﾂｷﾂｷﾂｷﾂｷﾂｷﾂｷﾂｷﾂｷﾂｷﾂｷﾂｷ</div>竦港 with `ﾂｷﾂｷﾂｷﾂｷﾂｷﾂｷﾂｷﾂｷﾂｷﾂｷﾂｷﾂｷﾂｷﾂｷﾂｷﾂｷﾂｷﾂｷﾂｷﾂｷﾂｷﾂｷﾂｷﾂｷ</div>`  prettier/prettier
101:1  Error: Replace `ﾂｷﾂｷﾂｷﾂｷﾂｷﾂｷﾂｷﾂｷﾂｷﾂｷﾂｷﾂｷﾂｷﾂｷﾂｷﾂｷﾂｷﾂｷﾂｷﾂｷﾂｷﾂｷﾂｷﾂｷﾂｷﾂｷﾂｷﾂｷﾂｷﾂｷﾂｷﾂｷﾂｷ<divﾂｷclassName="flexﾂｷitems-centerﾂｷgap-2ﾂｷsm:col-span-2">竦港 with `ﾂｷﾂｷﾂｷﾂｷﾂｷﾂｷﾂｷﾂｷﾂｷﾂｷﾂｷﾂｷﾂｷﾂｷﾂｷﾂｷﾂｷﾂｷﾂｷﾂｷﾂｷﾂｷﾂｷﾂｷ<divﾂｷclassName='flexﾂｷitems-centerﾂｷgap-2ﾂｷsm:col-span-2'>`  prettier/prettier
102:1  Error: Replace `ﾂｷﾂｷﾂｷﾂｷﾂｷﾂｷﾂｷﾂｷﾂｷﾂｷﾂｷﾂｷﾂｷﾂｷﾂｷﾂｷﾂｷﾂｷﾂｷﾂｷﾂｷﾂｷﾂｷﾂｷﾂｷﾂｷﾂｷﾂｷﾂｷﾂｷﾂｷﾂｷﾂｷﾂｷﾂｷﾂｷﾂｷ<ScissorsﾂｷclassName="w-4ﾂｷh-4ﾂｷtext-gray-400"ﾂｷ/>竦港 with `ﾂｷﾂｷﾂｷﾂｷﾂｷﾂｷﾂｷﾂｷﾂｷﾂｷﾂｷﾂｷﾂｷﾂｷﾂｷﾂｷﾂｷﾂｷﾂｷﾂｷﾂｷﾂｷﾂｷﾂｷﾂｷﾂｷ<ScissorsﾂｷclassName='w-4ﾂｷh-4ﾂｷtext-gray-400'ﾂｷ/>`  prettier/prettier
103:1  Error: Replace `ﾂｷﾂｷﾂｷﾂｷﾂｷﾂｷﾂｷﾂｷﾂｷﾂｷﾂｷﾂｷﾂｷﾂｷﾂｷﾂｷﾂｷﾂｷﾂｷﾂｷﾂｷﾂｷﾂｷﾂｷﾂｷﾂｷﾂｷﾂｷﾂｷﾂｷﾂｷﾂｷﾂｷﾂｷﾂｷﾂｷﾂｷ<span>{getMenuName(appt.menuId)}</span>竦港 with `ﾂｷﾂｷﾂｷﾂｷﾂｷﾂｷﾂｷﾂｷﾂｷﾂｷﾂｷﾂｷﾂｷﾂｷﾂｷﾂｷﾂｷﾂｷﾂｷﾂｷﾂｷﾂｷﾂｷﾂｷﾂｷﾂｷ<span>{getMenuName(appt.menuId)}</span>`  prettier/prettier
104:1  Error: Replace `ﾂｷﾂｷﾂｷﾂｷﾂｷﾂｷﾂｷﾂｷﾂｷﾂｷﾂｷﾂｷﾂｷﾂｷﾂｷﾂｷﾂｷﾂｷﾂｷﾂｷﾂｷﾂｷﾂｷﾂｷﾂｷﾂｷﾂｷﾂｷﾂｷﾂｷﾂｷﾂｷﾂｷ</div>竦港 with `ﾂｷﾂｷﾂｷﾂｷﾂｷﾂｷﾂｷﾂｷﾂｷﾂｷﾂｷﾂｷﾂｷﾂｷﾂｷﾂｷﾂｷﾂｷﾂｷﾂｷﾂｷﾂｷﾂｷﾂｷ</div>`  prettier/prettier
105:1  Error: Replace `ﾂｷﾂｷﾂｷﾂｷﾂｷﾂｷﾂｷﾂｷﾂｷﾂｷﾂｷﾂｷﾂｷﾂｷﾂｷﾂｷﾂｷﾂｷﾂｷﾂｷﾂｷﾂｷﾂｷﾂｷﾂｷﾂｷﾂｷﾂｷﾂｷ</div>竦港 with `ﾂｷﾂｷﾂｷﾂｷﾂｷﾂｷﾂｷﾂｷﾂｷﾂｷﾂｷﾂｷﾂｷﾂｷﾂｷﾂｷﾂｷﾂｷﾂｷﾂｷﾂｷﾂｷ</div>`  prettier/prettier
106:1  Error: Replace `ﾂｷﾂｷﾂｷﾂｷﾂｷﾂｷﾂｷﾂｷﾂｷﾂｷﾂｷﾂｷﾂｷﾂｷﾂｷﾂｷﾂｷﾂｷﾂｷﾂｷﾂｷﾂｷﾂｷﾂｷﾂｷﾂｷﾂｷﾂｷﾂｷ{appt.memoﾂｷ&&ﾂｷ(竦港 with `ﾂｷﾂｷﾂｷﾂｷﾂｷﾂｷﾂｷﾂｷﾂｷﾂｷﾂｷﾂｷﾂｷﾂｷﾂｷﾂｷﾂｷﾂｷﾂｷﾂｷﾂｷﾂｷ{appt.memoﾂｷ&&ﾂｷ(`  prettier/prettier
107:1  Error: Replace `ﾂｷﾂｷﾂｷﾂｷﾂｷﾂｷﾂｷﾂｷﾂｷﾂｷﾂｷﾂｷﾂｷﾂｷﾂｷﾂｷﾂｷﾂｷﾂｷﾂｷﾂｷﾂｷﾂｷﾂｷﾂｷﾂｷﾂｷﾂｷﾂｷﾂｷﾂｷﾂｷﾂｷ<divﾂｷclassName="mt-2ﾂｷtext-xsﾂｷbg-yellow-50ﾂｷtext-gray-600ﾂｷp-2ﾂｷroundedﾂｷborderﾂｷborder-yellow-100">竦港 with `ﾂｷﾂｷﾂｷﾂｷﾂｷﾂｷﾂｷﾂｷﾂｷﾂｷﾂｷﾂｷﾂｷﾂｷﾂｷﾂｷﾂｷﾂｷﾂｷﾂｷﾂｷﾂｷﾂｷﾂｷ<divﾂｷclassName='mt-2ﾂｷtext-xsﾂｷbg-yellow-50ﾂｷtext-gray-600ﾂｷp-2ﾂｷroundedﾂｷborderﾂｷborder-yellow-100'>`  prettier/prettier
108:1  Error: Replace `ﾂｷﾂｷﾂｷﾂｷﾂｷﾂｷﾂｷﾂｷﾂｷﾂｷﾂｷﾂｷﾂｷﾂｷﾂｷﾂｷﾂｷﾂｷﾂｷﾂｷﾂｷﾂｷﾂｷﾂｷﾂｷﾂｷﾂｷﾂｷﾂｷﾂｷﾂｷﾂｷﾂｷﾂｷﾂｷﾂｷﾂｷ{appt.memo}竦港 with `ﾂｷﾂｷﾂｷﾂｷﾂｷﾂｷﾂｷﾂｷﾂｷﾂｷﾂｷﾂｷﾂｷﾂｷﾂｷﾂｷﾂｷﾂｷﾂｷﾂｷﾂｷﾂｷﾂｷﾂｷﾂｷﾂｷ{appt.memo}`  prettier/prettier
109:1  Error: Replace `ﾂｷﾂｷﾂｷﾂｷﾂｷﾂｷﾂｷﾂｷﾂｷﾂｷﾂｷﾂｷﾂｷﾂｷﾂｷﾂｷﾂｷﾂｷﾂｷﾂｷﾂｷﾂｷﾂｷﾂｷﾂｷﾂｷﾂｷﾂｷﾂｷﾂｷﾂｷﾂｷﾂｷ</div>竦港 with `ﾂｷﾂｷﾂｷﾂｷﾂｷﾂｷﾂｷﾂｷﾂｷﾂｷﾂｷﾂｷﾂｷﾂｷﾂｷﾂｷﾂｷﾂｷﾂｷﾂｷﾂｷﾂｷﾂｷﾂｷ</div>`  prettier/prettier
110:1  Error: Replace `ﾂｷﾂｷﾂｷﾂｷﾂｷﾂｷﾂｷﾂｷﾂｷﾂｷﾂｷﾂｷﾂｷﾂｷﾂｷﾂｷﾂｷﾂｷﾂｷﾂｷﾂｷﾂｷﾂｷﾂｷﾂｷﾂｷﾂｷﾂｷﾂｷ)}竦港 with `ﾂｷﾂｷﾂｷﾂｷﾂｷﾂｷﾂｷﾂｷﾂｷﾂｷﾂｷﾂｷﾂｷﾂｷﾂｷﾂｷﾂｷﾂｷﾂｷﾂｷﾂｷﾂｷ)}`  prettier/prettier
111:1  Error: Replace `ﾂｷﾂｷﾂｷﾂｷﾂｷﾂｷﾂｷﾂｷﾂｷﾂｷﾂｷﾂｷﾂｷﾂｷﾂｷﾂｷﾂｷﾂｷﾂｷﾂｷﾂｷﾂｷﾂｷﾂｷ</div>竦港 with `ﾂｷﾂｷﾂｷﾂｷﾂｷﾂｷﾂｷﾂｷﾂｷﾂｷﾂｷﾂｷﾂｷﾂｷﾂｷﾂｷﾂｷﾂｷﾂｷﾂｷ</div>`  prettier/prettier
112:1  Error: Replace `ﾂｷﾂｷﾂｷﾂｷﾂｷﾂｷﾂｷﾂｷﾂｷﾂｷﾂｷﾂｷﾂｷﾂｷﾂｷﾂｷﾂｷﾂｷﾂｷﾂｷﾂｷﾂｷﾂｷﾂｷ<divﾂｷclassName="flexﾂｷsm:flex-colﾂｷgap-2ﾂｷw-fullﾂｷsm:w-autoﾂｷmt-2ﾂｷsm:mt-0ﾂｷsm:ml-4">竦港 with `ﾂｷﾂｷﾂｷﾂｷﾂｷﾂｷﾂｷﾂｷﾂｷﾂｷﾂｷﾂｷﾂｷﾂｷﾂｷﾂｷﾂｷﾂｷﾂｷﾂｷ<divﾂｷclassName='flexﾂｷsm:flex-colﾂｷgap-2ﾂｷw-fullﾂｷsm:w-autoﾂｷmt-2ﾂｷsm:mt-0ﾂｷsm:ml-4'>`  prettier/prettier
113:1  Error: Replace `ﾂｷﾂｷﾂｷﾂｷﾂｷﾂｷﾂｷﾂｷﾂｷﾂｷﾂｷﾂｷﾂｷﾂｷﾂｷﾂｷﾂｷﾂｷﾂｷﾂｷﾂｷﾂｷﾂｷﾂｷﾂｷﾂｷﾂｷﾂｷ<buttonﾂｷ竦港 with `ﾂｷﾂｷﾂｷﾂｷﾂｷﾂｷﾂｷﾂｷﾂｷﾂｷﾂｷﾂｷﾂｷﾂｷﾂｷﾂｷﾂｷﾂｷﾂｷﾂｷﾂｷﾂｷ<button`  prettier/prettier
114:1  Error: Replace `ﾂｷﾂｷﾂｷﾂｷﾂｷﾂｷﾂｷﾂｷﾂｷﾂｷﾂｷﾂｷﾂｷﾂｷﾂｷﾂｷﾂｷﾂｷﾂｷﾂｷﾂｷﾂｷﾂｷﾂｷﾂｷﾂｷﾂｷﾂｷﾂｷﾂｷﾂｷﾂｷonClick={()ﾂｷ=>ﾂｷhandleConfirm(appt)}竦港 with `ﾂｷﾂｷﾂｷﾂｷﾂｷﾂｷﾂｷﾂｷﾂｷﾂｷﾂｷﾂｷﾂｷﾂｷﾂｷﾂｷﾂｷﾂｷﾂｷﾂｷﾂｷﾂｷﾂｷﾂｷonClick={()ﾂｷ=>ﾂｷhandleConfirm(appt)}`  prettier/prettier
115:1  Error: Replace `ﾂｷﾂｷﾂｷﾂｷﾂｷﾂｷﾂｷﾂｷﾂｷﾂｷﾂｷﾂｷﾂｷﾂｷﾂｷﾂｷﾂｷﾂｷﾂｷﾂｷﾂｷﾂｷﾂｷﾂｷﾂｷﾂｷﾂｷﾂｷﾂｷﾂｷﾂｷﾂｷclassName="flex-1ﾂｷsm:flex-noneﾂｷpx-4ﾂｷpy-2ﾂｷbg-sky-600ﾂｷtext-whiteﾂｷtext-smﾂｷfont-boldﾂｷroundedﾂｷshadow-smﾂｷhover:bg-sky-700ﾂｷflexﾂｷitems-centerﾂｷjustify-centerﾂｷgap-1ﾂｷmin-w-[100px]"竦港 with `ﾂｷﾂｷﾂｷﾂｷﾂｷﾂｷﾂｷﾂｷﾂｷﾂｷﾂｷﾂｷﾂｷﾂｷﾂｷﾂｷﾂｷﾂｷﾂｷﾂｷﾂｷﾂｷﾂｷﾂｷclassName='flex-1ﾂｷsm:flex-noneﾂｷpx-4ﾂｷpy-2ﾂｷbg-sky-600ﾂｷtext-whiteﾂｷtext-smﾂｷfont-boldﾂｷroundedﾂｷshadow-smﾂｷhover:bg-sky-700ﾂｷflexﾂｷitems-centerﾂｷjustify-centerﾂｷgap-1ﾂｷmin-w-[100px]'`  prettier/prettier
116:1  Error: Replace `ﾂｷﾂｷﾂｷﾂｷﾂｷﾂｷﾂｷﾂｷﾂｷﾂｷﾂｷﾂｷﾂｷﾂｷﾂｷﾂｷﾂｷﾂｷﾂｷﾂｷﾂｷﾂｷﾂｷﾂｷﾂｷﾂｷﾂｷﾂｷ>竦港 with `ﾂｷﾂｷﾂｷﾂｷﾂｷﾂｷﾂｷﾂｷﾂｷﾂｷﾂｷﾂｷﾂｷﾂｷﾂｷﾂｷﾂｷﾂｷﾂｷﾂｷﾂｷﾂｷ>`  prettier/prettier
117:25  Error: Replace `ﾂｷﾂｷﾂｷﾂｷﾂｷﾂｷﾂｷﾂｷ<CheckﾂｷclassName="w-4ﾂｷh-4"ﾂｷ/>竦港 with `<CheckﾂｷclassName='w-4ﾂｷh-4'ﾂｷ/>`  prettier/prettier
118:1  Error: Replace `ﾂｷﾂｷﾂｷﾂｷﾂｷﾂｷﾂｷﾂｷﾂｷﾂｷﾂｷﾂｷﾂｷﾂｷﾂｷﾂｷﾂｷﾂｷﾂｷﾂｷﾂｷﾂｷﾂｷﾂｷﾂｷﾂｷﾂｷﾂｷﾂｷﾂｷﾂｷﾂｷ遒ｺ螳壹☆繧銀錐` with `ﾂｷﾂｷﾂｷﾂｷﾂｷﾂｷﾂｷﾂｷﾂｷﾂｷﾂｷﾂｷﾂｷﾂｷﾂｷﾂｷﾂｷﾂｷﾂｷﾂｷﾂｷﾂｷﾂｷﾂｷ遒ｺ螳壹☆繧義  prettier/prettier
119:1  Error: Replace `ﾂｷﾂｷﾂｷﾂｷﾂｷﾂｷﾂｷﾂｷﾂｷﾂｷﾂｷﾂｷﾂｷﾂｷﾂｷﾂｷﾂｷﾂｷﾂｷﾂｷﾂｷﾂｷﾂｷﾂｷﾂｷﾂｷﾂｷﾂｷ</button>竦港 with `ﾂｷﾂｷﾂｷﾂｷﾂｷﾂｷﾂｷﾂｷﾂｷﾂｷﾂｷﾂｷﾂｷﾂｷﾂｷﾂｷﾂｷﾂｷﾂｷﾂｷﾂｷﾂｷ</button>`  prettier/prettier
120:1  Error: Replace `ﾂｷﾂｷﾂｷﾂｷﾂｷﾂｷﾂｷﾂｷﾂｷﾂｷﾂｷﾂｷﾂｷﾂｷﾂｷﾂｷﾂｷﾂｷﾂｷﾂｷﾂｷﾂｷﾂｷﾂｷﾂｷﾂｷﾂｷﾂｷ<buttonﾂｷclassName="flex-1ﾂｷsm:flex-noneﾂｷpx-4ﾂｷpy-2ﾂｷbg-whiteﾂｷborderﾂｷborder-gray-300ﾂｷtext-gray-600ﾂｷtext-smﾂｷfont-boldﾂｷroundedﾂｷshadow-smﾂｷhover:bg-gray-100ﾂｷmin-w-[100px]">竦港 with `ﾂｷﾂｷﾂｷﾂｷﾂｷﾂｷﾂｷﾂｷﾂｷﾂｷﾂｷﾂｷﾂｷﾂｷﾂｷﾂｷﾂｷﾂｷﾂｷﾂｷﾂｷﾂｷ<buttonﾂｷclassName='flex-1ﾂｷsm:flex-noneﾂｷpx-4ﾂｷpy-2ﾂｷbg-whiteﾂｷborderﾂｷborder-gray-300ﾂｷtext-gray-600ﾂｷtext-smﾂｷfont-boldﾂｷroundedﾂｷshadow-smﾂｷhover:bg-gray-100ﾂｷmin-w-[100px]'>`  prettier/prettier
121:1  Error: Replace `ﾂｷﾂｷﾂｷﾂｷﾂｷﾂｷﾂｷﾂｷﾂｷﾂｷﾂｷﾂｷﾂｷﾂｷﾂｷﾂｷﾂｷﾂｷﾂｷﾂｷﾂｷﾂｷﾂｷﾂｷﾂｷﾂｷﾂｷﾂｷﾂｷﾂｷﾂｷﾂｷ菫晉蕗繝ｻ隧ｳ邏ｰ竦港 with `ﾂｷﾂｷﾂｷﾂｷﾂｷﾂｷﾂｷﾂｷﾂｷﾂｷﾂｷﾂｷﾂｷﾂｷﾂｷﾂｷﾂｷﾂｷﾂｷﾂｷﾂｷﾂｷﾂｷﾂｷ菫晉蕗繝ｻ隧ｳ邏ｰ`  prettier/prettier
122:1  Error: Replace `ﾂｷﾂｷﾂｷﾂｷﾂｷﾂｷﾂｷﾂｷﾂｷﾂｷﾂｷﾂｷﾂｷﾂｷﾂｷﾂｷﾂｷﾂｷﾂｷﾂｷﾂｷﾂｷﾂｷﾂｷﾂｷﾂｷﾂｷﾂｷ</button>竦港 with `ﾂｷﾂｷﾂｷﾂｷﾂｷﾂｷﾂｷﾂｷﾂｷﾂｷﾂｷﾂｷﾂｷﾂｷﾂｷﾂｷﾂｷﾂｷﾂｷﾂｷﾂｷﾂｷ</button>`  prettier/prettier
123:1  Error: Replace `ﾂｷﾂｷﾂｷﾂｷﾂｷﾂｷﾂｷﾂｷﾂｷﾂｷﾂｷﾂｷﾂｷﾂｷﾂｷﾂｷﾂｷﾂｷﾂｷﾂｷﾂｷﾂｷﾂｷﾂｷ</div>竦港 with `ﾂｷﾂｷﾂｷﾂｷﾂｷﾂｷﾂｷﾂｷﾂｷﾂｷﾂｷﾂｷﾂｷﾂｷﾂｷﾂｷﾂｷﾂｷﾂｷﾂｷ</div>`  prettier/prettier
124:1  Error: Replace `ﾂｷﾂｷﾂｷﾂｷﾂｷﾂｷﾂｷﾂｷﾂｷﾂｷﾂｷﾂｷﾂｷﾂｷﾂｷﾂｷﾂｷﾂｷﾂｷﾂｷ</div>竦港 with `ﾂｷﾂｷﾂｷﾂｷﾂｷﾂｷﾂｷﾂｷﾂｷﾂｷﾂｷﾂｷﾂｷﾂｷﾂｷﾂｷﾂｷﾂｷ</div>`  prettier/prettier
125:17  Error: Replace `ﾂｷﾂｷ</div>竦港 with `</div>`  prettier/prettier
126:15  Error: Replace `ﾂｷﾂｷ))}竦港 with `))}`  prettier/prettier
127:19  Error: Delete `竦港  prettier/prettier
128:13  Error: Delete `竦港  prettier/prettier
129:15  Error: Delete `竦港  prettier/prettier
130:1  Error: Delete `竦港  prettier/prettier
131:23  Error: Delete `竦港  prettier/prettier
132:24  Error: Replace `"bg-gray-50ﾂｷpx-6ﾂｷpy-4ﾂｷborder-tﾂｷborder-gray-200ﾂｷflexﾂｷjustify-end">竦港 with `'bg-gray-50ﾂｷpx-6ﾂｷpy-4ﾂｷborder-tﾂｷborder-gray-200ﾂｷflexﾂｷjustify-end'>`  prettier/prettier
133:18  Error: Delete `ﾂｷ竦港  prettier/prettier
134:30  Error: Delete `竦港  prettier/prettier
135:23  Error: Replace `"px-4ﾂｷpy-2ﾂｷbg-gray-600ﾂｷborderﾂｷborder-transparentﾂｷrounded-mdﾂｷtext-smﾂｷfont-boldﾂｷtext-whiteﾂｷshadow-smﾂｷhover:bg-gray-700"竦港 with `'px-4ﾂｷpy-2ﾂｷbg-gray-600ﾂｷborderﾂｷborder-transparentﾂｷrounded-mdﾂｷtext-smﾂｷfont-boldﾂｷtext-whiteﾂｷshadow-smﾂｷhover:bg-gray-700'`  prettier/prettier
136:12  Error: Delete `竦港  prettier/prettier
137:16  Error: Delete `竦港  prettier/prettier
138:20  Error: Delete `竦港  prettier/prettier
139:15  Error: Delete `竦港  prettier/prettier
140:13  Error: Delete `竦港  prettier/prettier
141:11  Error: Delete `竦港  prettier/prettier
142:5  Error: Delete `竦港  prettier/prettier
143:3  Error: Insert `竢餐  prettier/prettier

./src/app/reservations/hooks/useAppointments.ts
99:18  Error: Replace `errﾂｷinstanceofﾂｷErrorﾂｷ?ﾂｷerr.messageﾂｷ:ﾂｷ'Failedﾂｷtoﾂｷloadﾂｷappointments'` with `竢篠ｷﾂｷﾂｷﾂｷﾂｷﾂｷﾂｷﾂｷﾂｷﾂｷerrﾂｷinstanceofﾂｷErrorﾂｷ?ﾂｷerr.messageﾂｷ:ﾂｷ'Failedﾂｷtoﾂｷloadﾂｷappointments'竢篠ｷﾂｷﾂｷﾂｷﾂｷﾂｷﾂｷﾂｷ`  prettier/prettier
150:27  Error: Replace `ﾂｷ(appt.idﾂｷ===ﾂｷupdatedAppointment.idﾂｷ?ﾂｷupdatedAppointmentﾂｷ:ﾂｷappt)` with `竢篠ｷﾂｷﾂｷﾂｷﾂｷﾂｷﾂｷﾂｷﾂｷﾂｷﾂｷﾂｷappt.idﾂｷ===ﾂｷupdatedAppointment.idﾂｷ?ﾂｷupdatedAppointmentﾂｷ:ﾂｷappt竢篠ｷﾂｷﾂｷﾂｷﾂｷﾂｷﾂｷﾂｷﾂｷﾂｷ`  prettier/prettier

./src/app/reservations/list/page.tsx
1:18  Error: Delete `竦港  prettier/prettier
2:44  Error: Delete `竦港  prettier/prettier
3:1  Error: Delete `竦港  prettier/prettier
4:53  Error: Delete `竦港  prettier/prettier
5:39  Error: Delete `竦港  prettier/prettier
6:2  Error: Delete `竦港  prettier/prettier

./src/app/reservations/new/page.tsx
1:18  Error: Delete `竦港  prettier/prettier
2:44  Error: Delete `竦港  prettier/prettier
3:1  Error: Delete `竦港  prettier/prettier
4:52  Error: Delete `竦港  prettier/prettier
5:43  Error: Delete `竦港  prettier/prettier
6:2  Error: Delete `竦港  prettier/prettier

./src/app/reservations/page.tsx
1:14  Error: Delete `竦港  prettier/prettier
2:1  Error: Delete `竦港  prettier/prettier
3:61  Error: Delete `竦港  prettier/prettier
4:62  Error: Delete `竦港  prettier/prettier
5:46  Error: Delete `竦港  prettier/prettier
6:54  Error: Delete `竦港  prettier/prettier
7:52  Error: Delete `竦港  prettier/prettier
8:64  Error: Delete `竦港  prettier/prettier
9:68  Error: Delete `竦港  prettier/prettier
10:64  Error: Delete `竦港  prettier/prettier
11:90  Error: Delete `竦港  prettier/prettier
12:70  Error: Delete `竦港  prettier/prettier
13:9  Error: Replace `ﾂｷAppointment,ﾂｷAppointmentUpdateResult,ﾂｷNotification,ﾂｷSchedulerResource,ﾂｷViewModeﾂｷ}ﾂｷfromﾂｷ'./types';竦港 with `竢篠ｷﾂｷAppointment,竢篠ｷﾂｷAppointmentUpdateResult,竢篠ｷﾂｷNotification,竢篠ｷﾂｷSchedulerResource,竢篠ｷﾂｷViewMode,竢枝ﾂｷfromﾂｷ'./types';`  prettier/prettier
14:46  Error: Delete `竦港  prettier/prettier
15:59  Error: Delete `竦港  prettier/prettier
16:73  Error: Delete `竦港  prettier/prettier
17:74  Error: Delete `竦港  prettier/prettier
18:40  Error: Delete `竦港  prettier/prettier
19:1  Error: Delete `竦港  prettier/prettier
20:45  Error: Delete `竦港  prettier/prettier
21:30  Error: Delete `竦港  prettier/prettier
22:42  Error: Delete `竦港  prettier/prettier
23:72  Error: Delete `竦港  prettier/prettier
24:46  Error: Delete `竦港  prettier/prettier
25:1  Error: Delete `竦港  prettier/prettier
26:10  Error: Delete `竦港  prettier/prettier
27:21  Error: Delete `竦港  prettier/prettier
28:29  Error: Delete `竦港  prettier/prettier
29:28  Error: Delete `竦港  prettier/prettier
30:24  Error: Delete `竦港  prettier/prettier
31:40  Error: Delete `竦港  prettier/prettier
32:1  Error: Delete `竦港  prettier/prettier
33:25  Error: Replace `()ﾂｷ=>ﾂｷ(rawMenusﾂｷ??ﾂｷ[]).filter(menuﾂｷ=>ﾂｷmenu.isActive),ﾂｷ[rawMenus]);竦港 with `竢篠ｷﾂｷﾂｷﾂｷ()ﾂｷ=>ﾂｷ(rawMenusﾂｷ??ﾂｷ[]).filter(menuﾂｷ=>ﾂｷmenu.isActive),竢篠ｷﾂｷﾂｷﾂｷ[rawMenus]竢篠ｷﾂｷ);`  prettier/prettier
34:1  Error: Delete `竦港  prettier/prettier
35:50  Error: Delete `竦港  prettier/prettier
36:10  Error: Delete `竦港  prettier/prettier
37:27  Error: Delete `竦港  prettier/prettier
38:47  Error: Delete `竦港  prettier/prettier
39:28  Error: Delete `竦港  prettier/prettier
40:27  Error: Delete `竦港  prettier/prettier
41:31  Error: Delete `竦港  prettier/prettier
42:44  Error: Delete `竦港  prettier/prettier
43:75  Error: Delete `竦港  prettier/prettier
44:66  Error: Delete `竦港  prettier/prettier
45:13  Error: Delete `竦港  prettier/prettier
46:19  Error: Delete `竦港  prettier/prettier
47:5  Error: Delete `竦港  prettier/prettier
48:1  Error: Delete `竦港  prettier/prettier
49:34  Error: Delete `竦港  prettier/prettier
50:25  Error: Replace `string,ﾂｷ{ﾂｷid:ﾂｷstring;ﾂｷname:ﾂｷstring;ﾂｷpriceDelta:ﾂｷnumber;ﾂｷdurationDeltaMinutes:ﾂｷnumberﾂｷ}>();竦港 with `竢篠ｷﾂｷﾂｷﾂｷﾂｷﾂｷstring,竢篠ｷﾂｷﾂｷﾂｷﾂｷﾂｷ{竢篠ｷﾂｷﾂｷﾂｷﾂｷﾂｷﾂｷﾂｷid:ﾂｷstring;竢篠ｷﾂｷﾂｷﾂｷﾂｷﾂｷﾂｷﾂｷname:ﾂｷstring;竢篠ｷﾂｷﾂｷﾂｷﾂｷﾂｷﾂｷﾂｷpriceDelta:ﾂｷnumber;竢篠ｷﾂｷﾂｷﾂｷﾂｷﾂｷﾂｷﾂｷdurationDeltaMinutes:ﾂｷnumber;竢篠ｷﾂｷﾂｷﾂｷﾂｷﾂｷ}竢篠ｷﾂｷﾂｷﾂｷ>();`  prettier/prettier
51:32  Error: Delete `竦港  prettier/prettier
52:81  Error: Delete `竦港  prettier/prettier
53:35  Error: Delete `竦港  prettier/prettier
54:31  Error: Delete `竦港  prettier/prettier
55:27  Error: Delete `竦港  prettier/prettier
56:31  Error: Delete `竦港  prettier/prettier
57:43  Error: Delete `竦港  prettier/prettier
58:63  Error: Delete `竦港  prettier/prettier
59:14  Error: Delete `竦港  prettier/prettier
60:10  Error: Delete `竦港  prettier/prettier
61:8  Error: Delete `竦港  prettier/prettier
62:6  Error: Delete `竦港  prettier/prettier
63:13  Error: Delete `竦港  prettier/prettier
64:8  Error: Replace `ﾂｷid:ﾂｷ'none',ﾂｷname:ﾂｷ'\u306a\u3057',ﾂｷpriceDelta:ﾂｷ0,ﾂｷdurationDeltaMinutes:ﾂｷ0ﾂｷ},竦港 with `竢篠ｷﾂｷﾂｷﾂｷﾂｷﾂｷﾂｷﾂｷid:ﾂｷ'none',竢篠ｷﾂｷﾂｷﾂｷﾂｷﾂｷﾂｷﾂｷname:ﾂｷ'\u306a\u3057',竢篠ｷﾂｷﾂｷﾂｷﾂｷﾂｷﾂｷﾂｷpriceDelta:ﾂｷ0,竢篠ｷﾂｷﾂｷﾂｷﾂｷﾂｷﾂｷﾂｷdurationDeltaMinutes:ﾂｷ0,竢篠ｷﾂｷﾂｷﾂｷﾂｷﾂｷ},`  prettier/prettier
65:35  Error: Delete `竦港  prettier/prettier
66:7  Error: Delete `竦港  prettier/prettier
67:15  Error: Delete `竦港  prettier/prettier
68:1  Error: Delete `竦港  prettier/prettier
69:72  Error: Delete `竦港  prettier/prettier
70:68  Error: Delete `竦港  prettier/prettier
71:56  Error: Replace `ﾂｷuseState<Appointmentﾂｷ|ﾂｷnull>(null);竦港 with `竢篠ｷﾂｷﾂｷﾂｷuseState<Appointmentﾂｷ|ﾂｷnull>(null);`  prettier/prettier
72:71  Error: Delete `竦港  prettier/prettier
73:1  Error: Delete `竦港  prettier/prettier
74:67  Error: Delete `竦港  prettier/prettier
75:79  Error: Delete `竦港  prettier/prettier
76:1  Error: Delete `竦港  prettier/prettier
77:10  Error: Delete `竦港  prettier/prettier
78:18  Error: Delete `竦港  prettier/prettier
79:25  Error: Delete `竦港  prettier/prettier
80:13  Error: Delete `竦港  prettier/prettier
81:11  Error: Delete `竦港  prettier/prettier
82:22  Error: Delete `竦港  prettier/prettier
83:20  Error: Delete `竦港  prettier/prettier
84:23  Error: Delete `竦港  prettier/prettier
85:21  Error: Delete `竦港  prettier/prettier
86:33  Error: Delete `竦港  prettier/prettier
87:1  Error: Delete `竦港  prettier/prettier
88:57  Error: Delete `竦港  prettier/prettier
89:1  Error: Delete `竦港  prettier/prettier
90:62  Error: Delete `竦港  prettier/prettier
91:8  Error: Delete `竦港  prettier/prettier
92:29  Error: Delete `竦港  prettier/prettier
93:28  Error: Delete `竦港  prettier/prettier
94:30  Error: Delete `竦港  prettier/prettier
95:23  Error: Delete `竦港  prettier/prettier
96:8  Error: Delete `竦港  prettier/prettier
97:16  Error: Delete `竦港  prettier/prettier
98:16  Error: Delete `竦港  prettier/prettier
99:1  Error: Delete `竦港  prettier/prettier
100:20  Error: Delete `竦港  prettier/prettier
101:48  Error: Delete `竦港  prettier/prettier
102:9  Error: Replace `viewParamﾂｷ===ﾂｷ'list'ﾂｷ||ﾂｷviewParamﾂｷ===ﾂｷ'register'ﾂｷ||ﾂｷviewParamﾂｷ===ﾂｷ'timeline')ﾂｷ{竦港 with `竢篠ｷﾂｷﾂｷﾂｷﾂｷﾂｷviewParamﾂｷ===ﾂｷ'list'ﾂｷ||竢篠ｷﾂｷﾂｷﾂｷﾂｷﾂｷviewParamﾂｷ===ﾂｷ'register'ﾂｷ||竢篠ｷﾂｷﾂｷﾂｷﾂｷﾂｷviewParamﾂｷ===ﾂｷ'timeline'竢篠ｷﾂｷﾂｷﾂｷ)ﾂｷ{`  prettier/prettier
103:45  Error: Delete `竦港  prettier/prettier
104:6  Error: Delete `竦港  prettier/prettier
105:22  Error: Delete `竦港  prettier/prettier
106:1  Error: Delete `竦港  prettier/prettier
107:20  Error: Delete `竦港  prettier/prettier
108:20  Error: Delete `竦港  prettier/prettier
109:37  Error: Delete `竦港  prettier/prettier
110:6  Error: Delete `竦港  prettier/prettier
111:49  Error: Delete `竦港  prettier/prettier
112:1  Error: Delete `竦港  prettier/prettier
113:32  Error: Replace `resourceId:ﾂｷstring,ﾂｷhour:ﾂｷnumber,ﾂｷminute:ﾂｷnumber)ﾂｷ=>ﾂｷ{竦港 with `竢篠ｷﾂｷﾂｷﾂｷresourceId:ﾂｷstring,竢篠ｷﾂｷﾂｷﾂｷhour:ﾂｷnumber,竢篠ｷﾂｷﾂｷﾂｷminute:ﾂｷnumber竢篠ｷﾂｷ)ﾂｷ=>ﾂｷ{`  prettier/prettier
114:44  Error: Delete `竦港  prettier/prettier
115:71  Error: Delete `竦港  prettier/prettier
116:64  Error: Delete `竦港  prettier/prettier
117:47  Error: Delete `竦港  prettier/prettier
118:1  Error: Delete `竦港  prettier/prettier
119:27  Error: Delete `竦港  prettier/prettier
120:18  Error: Delete `竦港  prettier/prettier
121:23  Error: Delete `竦港  prettier/prettier
122:27  Error: Delete `竦港  prettier/prettier
123:21  Error: Delete `竦港  prettier/prettier
124:8  Error: Delete `竦港  prettier/prettier
125:32  Error: Delete `竦港  prettier/prettier
126:5  Error: Delete `竦港  prettier/prettier
127:1  Error: Delete `竦港  prettier/prettier
128:49  Error: Delete `竦港  prettier/prettier
129:26  Error: Delete `竦港  prettier/prettier
130:65  Error: Delete `竦港  prettier/prettier
131:30  Error: Delete `竦港  prettier/prettier
132:58  Error: Delete `竦港  prettier/prettier
133:5  Error: Delete `竦港  prettier/prettier
134:1  Error: Delete `竦港  prettier/prettier
135:71  Error: Delete `竦港  prettier/prettier
136:36  Error: Delete `竦港  prettier/prettier
137:44  Error: Delete `竦港  prettier/prettier
138:37  Error: Delete `竦港  prettier/prettier
139:32  Error: Delete `竦港  prettier/prettier
140:26  Error: Delete `竦港  prettier/prettier
141:5  Error: Delete `竦港  prettier/prettier
142:1  Error: Delete `竦港  prettier/prettier
143:42  Error: Delete `竦港  prettier/prettier
144:36  Error: Delete `竦港  prettier/prettier
145:43  Error: Delete `竦港  prettier/prettier
146:26  Error: Delete `竦港  prettier/prettier
147:64  Error: Delete `竦港  prettier/prettier
148:21  Error: Delete `竦港  prettier/prettier
149:50  Error: Delete `竦港  prettier/prettier
150:13  Error: Delete `竦港  prettier/prettier
151:71  Error: Delete `竦港  prettier/prettier
152:6  Error: Delete `竦港  prettier/prettier
153:19  Error: Delete `竦港  prettier/prettier
154:5  Error: Delete `竦港  prettier/prettier
155:1  Error: Delete `竦港  prettier/prettier
156:40  Error: Delete `竦港  prettier/prettier
157:16  Error: Delete `竦港  prettier/prettier
158:27  Error: Delete `竦港  prettier/prettier
159:26  Error: Delete `竦港  prettier/prettier
160:27  Error: Delete `竦港  prettier/prettier
161:43  Error: Delete `竦港  prettier/prettier
162:26  Error: Delete `竦港  prettier/prettier
163:42  Error: Replace `id,ﾂｷnewResourceId,ﾂｷnewStartHour,ﾂｷnewStartMinute);竦港 with `竢篠ｷﾂｷﾂｷﾂｷﾂｷﾂｷid,竢篠ｷﾂｷﾂｷﾂｷﾂｷﾂｷnewResourceId,竢篠ｷﾂｷﾂｷﾂｷﾂｷﾂｷnewStartHour,竢篠ｷﾂｷﾂｷﾂｷﾂｷﾂｷnewStartMinute竢篠ｷﾂｷﾂｷﾂｷ);`  prettier/prettier
164:22  Error: Delete `竦港  prettier/prettier
165:69  Error: Delete `竦港  prettier/prettier
166:6  Error: Delete `竦港  prettier/prettier
167:19  Error: Delete `竦港  prettier/prettier
168:5  Error: Delete `竦港  prettier/prettier
169:1  Error: Delete `竦港  prettier/prettier
170:62  Error: Delete `竦港  prettier/prettier
171:37  Error: Delete `竦港  prettier/prettier
172:15  Error: Delete `竦港  prettier/prettier
173:27  Error: Delete `竦港  prettier/prettier
174:21  Error: Delete `竦港  prettier/prettier
175:8  Error: Delete `竦港  prettier/prettier
176:5  Error: Delete `竦港  prettier/prettier
177:1  Error: Delete `竦港  prettier/prettier
178:46  Error: Delete `竦港  prettier/prettier
179:1  Error: Delete `竦港  prettier/prettier
180:32  Error: Delete `竦港  prettier/prettier
181:17  Error: Delete `竦港  prettier/prettier
182:14  Error: Replace `<divﾂｷclassName="flexﾂｷjustify-centerﾂｷitems-centerﾂｷh-fullﾂｷtext-red-500">Error:ﾂｷ{error}</div>;竦港 with `(竢篠ｷﾂｷﾂｷﾂｷﾂｷﾂｷﾂｷﾂｷ<divﾂｷclassName='flexﾂｷjustify-centerﾂｷitems-centerﾂｷh-fullﾂｷtext-red-500'>竢篠ｷﾂｷﾂｷﾂｷﾂｷﾂｷﾂｷﾂｷﾂｷﾂｷError:ﾂｷ{error}竢篠ｷﾂｷﾂｷﾂｷﾂｷﾂｷﾂｷﾂｷ</div>竢篠ｷﾂｷﾂｷﾂｷﾂｷﾂｷ);`  prettier/prettier
183:6  Error: Delete `竦港  prettier/prettier
184:1  Error: Delete `竦港  prettier/prettier
185:27  Error: Delete `竦港  prettier/prettier
186:23  Error: Delete `竦港  prettier/prettier
187:17  Error: Delete `竦港  prettier/prettier
188:21  Error: Delete `竦港  prettier/prettier
189:40  Error: Delete `竦港  prettier/prettier
190:34  Error: Delete `竦港  prettier/prettier
191:34  Error: Delete `竦港  prettier/prettier
192:56  Error: Delete `竦港  prettier/prettier
193:50  Error: Delete `竦港  prettier/prettier
194:54  Error: Delete `竦港  prettier/prettier
195:13  Error: Delete `竦港  prettier/prettier
196:11  Error: Delete `竦港  prettier/prettier
197:19  Error: Delete `竦港  prettier/prettier
198:17  Error: Delete `竦港  prettier/prettier
199:27  Error: Delete `竦港  prettier/prettier
200:40  Error: Delete `竦港  prettier/prettier
201:34  Error: Delete `竦港  prettier/prettier
202:46  Error: Delete `竦港  prettier/prettier
203:13  Error: Delete `竦港  prettier/prettier
204:11  Error: Delete `竦港  prettier/prettier
205:23  Error: Delete `竦港  prettier/prettier
206:17  Error: Delete `竦港  prettier/prettier
207:27  Error: Delete `竦港  prettier/prettier
208:38  Error: Delete `竦港  prettier/prettier
209:34  Error: Delete `竦港  prettier/prettier
210:26  Error: Delete `竦港  prettier/prettier
211:50  Error: Delete `竦港  prettier/prettier
212:30  Error: Delete `竦港  prettier/prettier
213:42  Error: Delete `竦港  prettier/prettier
214:47  Error: Delete `竦港  prettier/prettier
215:15  Error: Delete `竦港  prettier/prettier
216:44  Error: Delete `竦港  prettier/prettier
217:40  Error: Delete `竦港  prettier/prettier
218:13  Error: Delete `竦港  prettier/prettier
219:11  Error: Delete `竦港  prettier/prettier
220:15  Error: Delete `竦港  prettier/prettier
221:21  Error: Delete `竦港  prettier/prettier
222:6  Error: Delete `竦港  prettier/prettier
223:5  Error: Delete `竦港  prettier/prettier
224:1  Error: Delete `竦港  prettier/prettier
225:24  Error: Delete `竦港  prettier/prettier
226:27  Error: Replace `"p-6">Loadingﾂｷprofile...</div>;竦港 with `'p-6'>Loadingﾂｷprofile...</div>;`  prettier/prettier
227:4  Error: Delete `竦港  prettier/prettier
228:1  Error: Delete `竦港  prettier/prettier
229:19  Error: Delete `竦港  prettier/prettier
230:27  Error: Replace `"p-6">Clinicﾂｷisﾂｷnotﾂｷassigned.</div>;竦港 with `'p-6'>Clinicﾂｷisﾂｷnotﾂｷassigned.</div>;`  prettier/prettier
231:4  Error: Delete `竦港  prettier/prettier
232:1  Error: Delete `竦港  prettier/prettier
233:21  Error: Delete `竦港  prettier/prettier
234:27  Error: Replace `"p-6ﾂｷtext-red-600">{masterError}</div>;竦港 with `'p-6ﾂｷtext-red-600'>{masterError}</div>;`  prettier/prettier
235:4  Error: Delete `竦港  prettier/prettier
236:1  Error: Delete `竦港  prettier/prettier
237:11  Error: Delete `竦港  prettier/prettier
238:20  Error: Replace `"min-h-screenﾂｷbg-gray-100ﾂｷflexﾂｷflex-col">竦港 with `'min-h-screenﾂｷbg-gray-100ﾂｷflexﾂｷflex-col'>`  prettier/prettier
239:14  Error: Delete `竦港  prettier/prettier
240:61  Error: Delete `竦港  prettier/prettier
241:68  Error: Delete `竦港  prettier/prettier
242:9  Error: Delete `竦港  prettier/prettier
243:22  Error: Replace `"flex-growﾂｷflexﾂｷflex-colﾂｷh-[calc(100vh-64px)]">竦港 with `'flex-growﾂｷflexﾂｷflex-colﾂｷh-[calc(100vh-64px)]'>`  prettier/prettier
244:20  Error: Delete `竦港  prettier/prettier
245:36  Error: Delete `竦港  prettier/prettier
246:42  Error: Delete `竦港  prettier/prettier
247:36  Error: Delete `竦港  prettier/prettier
248:40  Error: Delete `竦港  prettier/prettier
249:58  Error: Delete `竦港  prettier/prettier
250:11  Error: Delete `竦港  prettier/prettier
251:25  Error: Replace `"flex-growﾂｷoverflow-hiddenﾂｷbg-gray-100ﾂｷrelative">竦港 with `'flex-growﾂｷoverflow-hiddenﾂｷbg-gray-100ﾂｷrelative'>`  prettier/prettier
252:28  Error: Delete `竦港  prettier/prettier
253:28  Error: Replace `"mx-4ﾂｷmt-4ﾂｷroundedﾂｷborderﾂｷborder-red-200ﾂｷbg-red-50ﾂｷpx-3ﾂｷpy-2ﾂｷtext-smﾂｷtext-red-700">竦港 with `'mx-4ﾂｷmt-4ﾂｷroundedﾂｷborderﾂｷborder-red-200ﾂｷbg-red-50ﾂｷpx-3ﾂｷpy-2ﾂｷtext-smﾂｷtext-red-700'>`  prettier/prettier
254:28  Error: Delete `竦港  prettier/prettier
255:19  Error: Delete `竦港  prettier/prettier
256:13  Error: Delete `竦港  prettier/prettier
257:28  Error: Delete `竦港  prettier/prettier
258:1  Error: Delete `竦港  prettier/prettier
259:43  Error: Delete `竦港  prettier/prettier
260:28  Error: Replace `"absoluteﾂｷinset-0ﾂｷbg-white/60ﾂｷbackdrop-blur-[1px]ﾂｷz-50ﾂｷflexﾂｷitems-centerﾂｷjustify-centerﾂｷanimate-inﾂｷfade-inﾂｷduration-200">竦港 with `'absoluteﾂｷinset-0ﾂｷbg-white/60ﾂｷbackdrop-blur-[1px]ﾂｷz-50ﾂｷflexﾂｷitems-centerﾂｷjustify-centerﾂｷanimate-inﾂｷfade-inﾂｷduration-200'>`  prettier/prettier
261:30  Error: Replace `"bg-whiteﾂｷp-4ﾂｷrounded-fullﾂｷshadow-lg">竦港 with `'bg-whiteﾂｷp-4ﾂｷrounded-fullﾂｷshadow-lg'>`  prettier/prettier
262:36  Error: Replace `"w-8ﾂｷh-8ﾂｷtext-sky-600ﾂｷanimate-spin"ﾂｷ/>竦港 with `'w-8ﾂｷh-8ﾂｷtext-sky-600ﾂｷanimate-spin'ﾂｷ/>`  prettier/prettier
263:21  Error: Delete `竦港  prettier/prettier
264:19  Error: Delete `竦港  prettier/prettier
265:13  Error: Delete `竦港  prettier/prettier
266:1  Error: Delete `竦港  prettier/prettier
267:36  Error: Delete `竦港  prettier/prettier
268:31  Error: Delete `竦港  prettier/prettier
269:48  Error: Delete `竦港  prettier/prettier
270:36  Error: Delete `竦港  prettier/prettier
271:28  Error: Delete `竦港  prettier/prettier
272:32  Error: Delete `竦港  prettier/prettier
273:59  Error: Delete `竦港  prettier/prettier
274:49  Error: Delete `竦港  prettier/prettier
275:15  Error: Delete `竦港  prettier/prettier
276:13  Error: Delete `竦港  prettier/prettier
277:1  Error: Delete `竦港  prettier/prettier
278:33  Error: Delete `竦港  prettier/prettier
279:42  Error: Delete `竦港  prettier/prettier
280:49  Error: Delete `竦港  prettier/prettier
281:36  Error: Delete `竦港  prettier/prettier
282:28  Error: Delete `竦港  prettier/prettier
283:57  Error: Delete `竦港  prettier/prettier
284:47  Error: Delete `竦港  prettier/prettier
285:15  Error: Delete `竦港  prettier/prettier
286:13  Error: Delete `竦港  prettier/prettier
287:1  Error: Delete `竦港  prettier/prettier
288:39  Error: Delete `竦港  prettier/prettier
289:32  Error: Delete `竦港  prettier/prettier
290:44  Error: Delete `竦港  prettier/prettier
291:63  Error: Delete `竦港  prettier/prettier
292:15  Error: Delete `竦港  prettier/prettier
293:13  Error: Delete `竦港  prettier/prettier
294:16  Error: Delete `竦港  prettier/prettier
295:13  Error: Delete `竦港  prettier/prettier
296:11  Error: Delete `竦港  prettier/prettier
297:5  Error: Delete `竦港  prettier/prettier
298:2  Error: Delete `竦港  prettier/prettier

./src/app/reservations/register/page.tsx
1:18  Error: Delete `竦港  prettier/prettier
2:44  Error: Delete `竦港  prettier/prettier
3:1  Error: Delete `竦港  prettier/prettier
4:57  Error: Delete `竦港  prettier/prettier
5:43  Error: Delete `竦港  prettier/prettier
6:2  Error: Delete `竦港  prettier/prettier

./src/app/reservations/settings/menus/page.tsx
41:6  Warning: React Hook useEffect has a missing dependency: 'loadMenus'. Either include it or remove the dependency array.  react-hooks/exhaustive-deps
45:18  Warning: Unexpected any. Specify a different type.  @typescript-eslint/no-explicit-any
124:29  Error: Replace `ﾂｷsetNewMenu(prevﾂｷ=>ﾂｷ({ﾂｷ...prev,ﾂｷname:ﾂｷe.target.valueﾂｷ}))` with `竢篠ｷﾂｷﾂｷﾂｷﾂｷﾂｷﾂｷﾂｷﾂｷﾂｷﾂｷﾂｷﾂｷﾂｷﾂｷﾂｷsetNewMenu(prevﾂｷ=>ﾂｷ({ﾂｷ...prev,ﾂｷname:ﾂｷe.target.valueﾂｷ}))竢篠ｷﾂｷﾂｷﾂｷﾂｷﾂｷﾂｷﾂｷﾂｷﾂｷﾂｷﾂｷﾂｷﾂｷ`  prettier/prettier
184:60  Error: Replace `繝｡繝九Η繝ｼ縺後≠繧翫∪縺帙ｓ` with `竢篠ｷﾂｷﾂｷﾂｷﾂｷﾂｷﾂｷﾂｷﾂｷﾂｷﾂｷﾂｷﾂｷﾂｷ繝｡繝九Η繝ｼ縺後≠繧翫∪縺帙ｓ竢篠ｷﾂｷﾂｷﾂｷﾂｷﾂｷﾂｷﾂｷﾂｷﾂｷﾂｷﾂｷ`  prettier/prettier
193:56  Error: Insert `{'ﾂｷ'}竢篠ｷﾂｷﾂｷﾂｷﾂｷﾂｷﾂｷﾂｷﾂｷﾂｷﾂｷﾂｷﾂｷﾂｷﾂｷﾂｷﾂｷ`  prettier/prettier

./src/app/reservations/settings/resources/page.tsx
55:6  Warning: React Hook useEffect has a missing dependency: 'loadResources'. Either include it or remove the dependency array.  react-hooks/exhaustive-deps
60:38  Warning: Unexpected any. Specify a different type.  @typescript-eslint/no-explicit-any
263:1  Error: Delete `竢餐  prettier/prettier

./src/app/reservations/utils/time.ts
10:1  Error: Delete `ﾂｷﾂｷ`  prettier/prettier
13:1  Error: Delete `ﾂｷﾂｷ`  prettier/prettier
15:1  Error: Delete `ﾂｷﾂｷ`  prettier/prettier
16:5  Error: Delete `ﾂｷﾂｷ`  prettier/prettier
18:1  Error: Delete `ﾂｷﾂｷ`  prettier/prettier
25:34  Error: Replace `startHour:ﾂｷnumber,ﾂｷstartMinute:ﾂｷnumber,ﾂｷdurationMinutes:ﾂｷnumber` with `竢篠ｷﾂｷstartHour:ﾂｷnumber,竢篠ｷﾂｷstartMinute:ﾂｷnumber,竢篠ｷﾂｷdurationMinutes:ﾂｷnumber竢餐  prettier/prettier
38:35  Error: Replace `startHour:ﾂｷnumber,ﾂｷstartMinute:ﾂｷnumber,ﾂｷendHour:ﾂｷnumber,ﾂｷendMinute:ﾂｷnumber` with `竢篠ｷﾂｷstartHour:ﾂｷnumber,竢篠ｷﾂｷstartMinute:ﾂｷnumber,竢篠ｷﾂｷendHour:ﾂｷnumber,竢篠ｷﾂｷendMinute:ﾂｷnumber竢餐  prettier/prettier
56:18  Error: Replace `ﾂｷend1:ﾂｷnumber,ﾂｷ` with `竢篠ｷﾂｷend1:ﾂｷnumber,`  prettier/prettier
57:18  Error: Insert `竢篠ｷ`  prettier/prettier
60:3  Error: Insert `竢餐  prettier/prettier

./src/app/reservations/[id]/page.tsx
1:18  Error: Delete `竦港  prettier/prettier
2:44  Error: Delete `竦港  prettier/prettier
3:1  Error: Delete `竦港  prettier/prettier
4:54  Error: Delete `竦港  prettier/prettier
5:29  Error: Delete `竦港  prettier/prettier
6:2  Error: Delete `竦港  prettier/prettier

./src/app/revenue/page.tsx
15:10  Error: Replace `ﾂｷprofile,ﾂｷloading:ﾂｷprofileLoading,ﾂｷerror:ﾂｷprofileError` with `竢篠ｷﾂｷﾂｷﾂｷprofile,竢篠ｷﾂｷﾂｷﾂｷloading:ﾂｷprofileLoading,竢篠ｷﾂｷﾂｷﾂｷerror:ﾂｷprofileError,竢篠ｷ`  prettier/prettier

./src/components/admin/AdminMessage.tsx
30:7  Error: Insert `ﾂｷﾂｷ`  prettier/prettier
31:1  Error: Insert `ﾂｷﾂｷ`  prettier/prettier

./src/components/admin/AdminSaveButton.tsx
32:21  Error: Replace `"save-settings-button"` with `'save-settings-button'`  prettier/prettier

./src/components/admin/booking-calendar-settings.tsx
85:24  Error: Replace `initialBookingData,ﾂｷclinicId` with `竢篠ｷﾂｷﾂｷﾂｷinitialBookingData,竢篠ｷﾂｷﾂｷﾂｷclinicId竢篠ｷﾂｷﾂｷﾂｷﾂｷ`  prettier/prettier
86:1  Error: Replace `ﾂｷﾂｷﾂｷﾂｷ` with `ﾂｷﾂｷﾂｷﾂｷﾂｷﾂｷﾂｷﾂｷﾂｷﾂｷ`  prettier/prettier
87:1  Error: Replace `ﾂｷﾂｷﾂｷﾂｷ` with `ﾂｷﾂｷﾂｷﾂｷﾂｷﾂｷﾂｷﾂｷﾂｷﾂｷ`  prettier/prettier
88:5  Error: Insert `ﾂｷﾂｷﾂｷﾂｷﾂｷﾂｷ`  prettier/prettier
89:3  Error: Replace `}ﾂｷ:ﾂｷundefined` with `ﾂｷﾂｷﾂｷﾂｷﾂｷﾂｷ}竢篠ｷﾂｷﾂｷﾂｷﾂｷﾂｷ:ﾂｷundefined竢篠ｷﾂｷ`  prettier/prettier
99:22  Error: Replace `"flexﾂｷitems-centerﾂｷjustify-centerﾂｷpy-12"` with `'flexﾂｷitems-centerﾂｷjustify-centerﾂｷpy-12'`  prettier/prettier
100:28  Error: Replace `"w-8ﾂｷh-8ﾂｷanimate-spinﾂｷtext-blue-500"` with `'w-8ﾂｷh-8ﾂｷanimate-spinﾂｷtext-blue-500'`  prettier/prettier
101:25  Error: Replace `"ml-2ﾂｷtext-gray-600"` with `'ml-2ﾂｷtext-gray-600'`  prettier/prettier
125:57  Error: Replace `"error"` with `'error'`  prettier/prettier
128:64  Error: Replace `"success"` with `'success'`  prettier/prettier
132:41  Error: Replace `"booking-calendar-settings-card"` with `'booking-calendar-settings-card'`  prettier/prettier
144:27  Error: Replace `"booking-calendar-slot-minutes-select"` with `'booking-calendar-slot-minutes-select'`  prettier/prettier
166:27  Error: Replace `"booking-calendar-max-concurrent-input"` with `'booking-calendar-max-concurrent-input'`  prettier/prettier
185:27  Error: Replace `"booking-calendar-max-advance-days-input"` with `'booking-calendar-max-advance-days-input'`  prettier/prettier
189:32  Error: Replace `ﾂｷmaxAdvanceBookingDays:ﾂｷparseInt(e.target.value)` with `竢篠ｷﾂｷﾂｷﾂｷﾂｷﾂｷﾂｷﾂｷﾂｷﾂｷﾂｷﾂｷﾂｷﾂｷﾂｷﾂｷﾂｷﾂｷmaxAdvanceBookingDays:ﾂｷparseInt(e.target.value),竢篠ｷﾂｷﾂｷﾂｷﾂｷﾂｷﾂｷﾂｷﾂｷﾂｷﾂｷﾂｷﾂｷﾂｷﾂｷ`  prettier/prettier
204:27  Error: Replace `"booking-calendar-min-advance-hours-input"` with `'booking-calendar-min-advance-hours-input'`  prettier/prettier
208:32  Error: Replace `ﾂｷminAdvanceBookingHours:ﾂｷparseInt(e.target.value)` with `竢篠ｷﾂｷﾂｷﾂｷﾂｷﾂｷﾂｷﾂｷﾂｷﾂｷﾂｷﾂｷﾂｷﾂｷﾂｷﾂｷﾂｷﾂｷminAdvanceBookingHours:ﾂｷparseInt(e.target.value),竢篠ｷﾂｷﾂｷﾂｷﾂｷﾂｷﾂｷﾂｷﾂｷﾂｷﾂｷﾂｷﾂｷﾂｷﾂｷ`  prettier/prettier
223:29  Error: Replace `"booking-calendar-cancellation-allowed-checkbox"` with `'booking-calendar-cancellation-allowed-checkbox'`  prettier/prettier
241:31  Error: Replace `"booking-calendar-cancellation-deadline-input"` with `'booking-calendar-cancellation-deadline-input'`  prettier/prettier
245:36  Error: Replace `ﾂｷcancellationDeadlineHours:ﾂｷparseInt(e.target.value)` with `竢篠ｷﾂｷﾂｷﾂｷﾂｷﾂｷﾂｷﾂｷﾂｷﾂｷﾂｷﾂｷﾂｷﾂｷﾂｷﾂｷﾂｷﾂｷﾂｷﾂｷﾂｷﾂｷcancellationDeadlineHours:ﾂｷparseInt(e.target.value),竢篠ｷﾂｷﾂｷﾂｷﾂｷﾂｷﾂｷﾂｷﾂｷﾂｷﾂｷﾂｷﾂｷﾂｷﾂｷﾂｷﾂｷﾂｷﾂｷ`  prettier/prettier
270:27  Error: Replace `"booking-calendar-week-start-select"` with `'booking-calendar-week-start-select'`  prettier/prettier
273:32  Error: Replace `ﾂｷweekStartDay:ﾂｷparseInt(e.target.value)ﾂｷasﾂｷ0ﾂｷ|ﾂｷ1` with `竢篠ｷﾂｷﾂｷﾂｷﾂｷﾂｷﾂｷﾂｷﾂｷﾂｷﾂｷﾂｷﾂｷﾂｷﾂｷﾂｷﾂｷﾂｷweekStartDay:ﾂｷparseInt(e.target.value)ﾂｷasﾂｷ0ﾂｷ|ﾂｷ1,竢篠ｷﾂｷﾂｷﾂｷﾂｷﾂｷﾂｷﾂｷﾂｷﾂｷﾂｷﾂｷﾂｷﾂｷﾂｷ`  prettier/prettier
287:27  Error: Replace `"booking-calendar-default-view-select"` with `'booking-calendar-default-view-select'`  prettier/prettier
291:57  Error: Replace `ﾂｷ'day'ﾂｷ|ﾂｷ'week'` with `竢篠ｷﾂｷﾂｷﾂｷﾂｷﾂｷﾂｷﾂｷﾂｷﾂｷﾂｷﾂｷﾂｷﾂｷﾂｷﾂｷﾂｷﾂｷﾂｷﾂｷ|ﾂｷ'day'竢篠ｷﾂｷﾂｷﾂｷﾂｷﾂｷﾂｷﾂｷﾂｷﾂｷﾂｷﾂｷﾂｷﾂｷﾂｷﾂｷﾂｷﾂｷﾂｷﾂｷ|ﾂｷ'week'竢篠ｷﾂｷﾂｷﾂｷﾂｷﾂｷﾂｷﾂｷﾂｷﾂｷﾂｷﾂｷﾂｷﾂｷﾂｷﾂｷﾂｷﾂｷﾂｷ`  prettier/prettier
315:29  Error: Replace `"booking-calendar-online-booking-checkbox"` with `'booking-calendar-online-booking-checkbox'`  prettier/prettier
337:33  Error: Replace `竢篠ｷﾂｷﾂｷﾂｷﾂｷﾂｷﾂｷﾂｷﾂｷﾂｷﾂｷﾂｷﾂｷﾂｷﾂｷﾂｷﾂｷﾂｷﾂｷﾂｷupdateOnline({ﾂｷpublicUrl:ﾂｷe.target.valueﾂｷ})竢篠ｷﾂｷﾂｷﾂｷﾂｷﾂｷﾂｷﾂｷﾂｷﾂｷﾂｷﾂｷﾂｷﾂｷﾂｷﾂｷﾂｷﾂｷ` with `ﾂｷupdateOnline({ﾂｷpublicUrl:ﾂｷe.target.valueﾂｷ})`  prettier/prettier
521:40  Error: Replace `ﾂｷreminderTime:ﾂｷparseInt(e.target.value)` with `竢篠ｷﾂｷﾂｷﾂｷﾂｷﾂｷﾂｷﾂｷﾂｷﾂｷﾂｷﾂｷﾂｷﾂｷﾂｷﾂｷﾂｷﾂｷﾂｷﾂｷreminderTime:ﾂｷparseInt(e.target.value),竢篠ｷﾂｷﾂｷﾂｷﾂｷﾂｷﾂｷﾂｷﾂｷﾂｷﾂｷﾂｷﾂｷﾂｷﾂｷﾂｷﾂｷ`  prettier/prettier
536:23  Error: Replace `"save-settings-button"` with `'save-settings-button'`  prettier/prettier

./src/components/admin/clinic-basic-settings.tsx
1:14  Error: Delete `竦港  prettier/prettier
2:1  Error: Delete `竦港  prettier/prettier
3:27  Error: Delete `竦港  prettier/prettier
4:47  Error: Delete `竦港  prettier/prettier
5:47  Error: Delete `竦港  prettier/prettier
6:51  Error: Delete `竦港  prettier/prettier
7:49  Error: Delete `竦港  prettier/prettier
8:61  Error: Delete `竦港  prettier/prettier
9:57  Error: Delete `竦港  prettier/prettier
10:47  Error: Delete `竦港  prettier/prettier
11:53  Error: Delete `竦港  prettier/prettier
12:41  Error: Delete `竦港  prettier/prettier
13:1  Error: Delete `竦港  prettier/prettier
14:28  Error: Delete `竦港  prettier/prettier
15:16  Error: Delete `竦港  prettier/prettier
16:19  Error: Delete `竦港  prettier/prettier
17:19  Error: Delete `竦港  prettier/prettier
18:17  Error: Delete `竦港  prettier/prettier
19:15  Error: Delete `竦港  prettier/prettier
20:17  Error: Delete `竦港  prettier/prettier
21:19  Error: Delete `竦港  prettier/prettier
22:23  Error: Delete `竦港  prettier/prettier
23:26  Error: Delete `竦港  prettier/prettier
24:31  Error: Delete `竦港  prettier/prettier
25:2  Error: Delete `竦港  prettier/prettier
26:1  Error: Delete `竦港  prettier/prettier
27:37  Error: Delete `竦港  prettier/prettier
28:44  Error: Delete `竦港  prettier/prettier
29:2  Error: Delete `竦港  prettier/prettier
30:1  Error: Delete `竦港  prettier/prettier
31:39  Error: Delete `竦港  prettier/prettier
32:12  Error: Delete `竦港  prettier/prettier
33:15  Error: Delete `竦港  prettier/prettier
34:15  Error: Delete `竦港  prettier/prettier
35:13  Error: Delete `竦港  prettier/prettier
36:11  Error: Delete `竦港  prettier/prettier
37:13  Error: Delete `竦港  prettier/prettier
38:15  Error: Delete `竦港  prettier/prettier
39:19  Error: Delete `竦港  prettier/prettier
40:17  Error: Delete `竦港  prettier/prettier
41:14  Error: Delete `竦港  prettier/prettier
42:3  Error: Delete `竦港  prettier/prettier
43:1  Error: Delete `竦港  prettier/prettier
44:76  Error: Delete `竦港  prettier/prettier
45:65  Error: Delete `竦港  prettier/prettier
46:38  Error: Delete `竦港  prettier/prettier
47:1  Error: Delete `竦港  prettier/prettier
48:10  Error: Delete `竦港  prettier/prettier
49:20  Error: Delete `竦港  prettier/prettier
50:16  Error: Delete `竦港  prettier/prettier
51:18  Error: Delete `竦港  prettier/prettier
52:16  Error: Delete `竦港  prettier/prettier
53:19  Error: Delete `竦港  prettier/prettier
54:24  Error: Replace `initialData,ﾂｷclinicIdﾂｷ?ﾂｷ{竦港 with `竢篠ｷﾂｷﾂｷﾂｷinitialData,竢篠ｷﾂｷﾂｷﾂｷclinicId竢篠ｷﾂｷﾂｷﾂｷﾂｷﾂｷ?ﾂｷ{`  prettier/prettier
55:1  Error: Replace `ﾂｷﾂｷﾂｷﾂｷclinicId,竦港 with `ﾂｷﾂｷﾂｷﾂｷﾂｷﾂｷﾂｷﾂｷﾂｷﾂｷclinicId,`  prettier/prettier
56:1  Error: Replace `ﾂｷﾂｷﾂｷﾂｷcategory:ﾂｷ'clinic_basic',竦港 with `ﾂｷﾂｷﾂｷﾂｷﾂｷﾂｷﾂｷﾂｷﾂｷﾂｷcategory:ﾂｷ'clinic_basic',`  prettier/prettier
57:1  Error: Replace `ﾂｷﾂｷﾂｷﾂｷautoLoad:ﾂｷtrue,竦港 with `ﾂｷﾂｷﾂｷﾂｷﾂｷﾂｷﾂｷﾂｷﾂｷﾂｷautoLoad:ﾂｷtrue,`  prettier/prettier
58:1  Error: Replace `ﾂｷﾂｷ}ﾂｷ:ﾂｷundefined);竦港 with `ﾂｷﾂｷﾂｷﾂｷﾂｷﾂｷﾂｷﾂｷ}竢篠ｷﾂｷﾂｷﾂｷﾂｷﾂｷ:ﾂｷundefined竢篠ｷﾂｷ);`  prettier/prettier
59:1  Error: Delete `竦港  prettier/prettier
60:24  Error: Delete `竦港  prettier/prettier
61:42  Error: Delete `竦港  prettier/prettier
62:13  Error: Delete `竦港  prettier/prettier
63:22  Error: Replace `"flexﾂｷitems-centerﾂｷjustify-centerﾂｷpy-12">竦港 with `'flexﾂｷitems-centerﾂｷjustify-centerﾂｷpy-12'>`  prettier/prettier
64:28  Error: Replace `"w-8ﾂｷh-8ﾂｷanimate-spinﾂｷtext-blue-500"ﾂｷ/>竦港 with `'w-8ﾂｷh-8ﾂｷanimate-spinﾂｷtext-blue-500'ﾂｷ/>`  prettier/prettier
65:25  Error: Replace `"ml-2ﾂｷtext-gray-600">險ｭ螳壹ｒ隱ｭ縺ｿ霎ｼ縺ｿ荳ｭ...</span>竦港 with `'ml-2ﾂｷtext-gray-600'>險ｭ螳壹ｒ隱ｭ縺ｿ霎ｼ縺ｿ荳ｭ...</span>`  prettier/prettier
66:13  Error: Delete `竦港  prettier/prettier
67:7  Error: Delete `竦港  prettier/prettier
68:4  Error: Delete `竦港  prettier/prettier
69:1  Error: Delete `竦港  prettier/prettier
70:79  Error: Delete `竦港  prettier/prettier
71:36  Error: Delete `竦港  prettier/prettier
72:5  Error: Delete `竦港  prettier/prettier
73:1  Error: Delete `竦港  prettier/prettier
74:77  Error: Delete `竦港  prettier/prettier
75:42  Error: Delete `竦港  prettier/prettier
76:16  Error: Delete `竦港  prettier/prettier
77:34  Error: Delete `竦港  prettier/prettier
78:6  Error: Delete `竦港  prettier/prettier
79:5  Error: Delete `竦港  prettier/prettier
80:1  Error: Delete `竦港  prettier/prettier
81:40  Error: Delete `竦港  prettier/prettier
82:42  Error: Delete `竦港  prettier/prettier
83:21  Error: Delete `竦港  prettier/prettier
84:39  Error: Delete `竦港  prettier/prettier
85:22  Error: Delete `竦港  prettier/prettier
86:24  Error: Delete `竦港  prettier/prettier
87:10  Error: Delete `竦港  prettier/prettier
88:56  Error: Delete `竦港  prettier/prettier
89:10  Error: Delete `竦港  prettier/prettier
90:13  Error: Delete `竦港  prettier/prettier
91:32  Error: Delete `竦港  prettier/prettier
92:41  Error: Delete `竦港  prettier/prettier
93:38  Error: Delete `竦港  prettier/prettier
94:26  Error: Delete `竦港  prettier/prettier
95:8  Error: Delete `竦港  prettier/prettier
96:6  Error: Delete `竦港  prettier/prettier
97:5  Error: Delete `竦港  prettier/prettier
98:1  Error: Delete `竦港  prettier/prettier
99:11  Error: Delete `竦港  prettier/prettier
100:32  Error: Delete `竦港  prettier/prettier
103:1  Error: Delete `竦港  prettier/prettier
104:31  Error: Delete `竦港  prettier/prettier
105:64  Error: Delete `竦港  prettier/prettier
106:16  Error: Delete `竦港  prettier/prettier
114:19  Error: Delete `竦港  prettier/prettier
115:24  Error: Delete `竦港  prettier/prettier
116:26  Error: Delete `竦港  prettier/prettier
117:36  Error: Delete `竦港  prettier/prettier
118:72  Error: Delete `竦港  prettier/prettier
119:36  Error: Delete `竦港  prettier/prettier
120:23  Error: Delete `竦港  prettier/prettier
121:15  Error: Delete `竦港  prettier/prettier
122:17  Error: Delete `竦港  prettier/prettier
123:1  Error: Delete `竦港  prettier/prettier
124:16  Error: Delete `竦港  prettier/prettier
132:19  Error: Delete `竦港  prettier/prettier
133:25  Error: Delete `竦港  prettier/prettier
134:25  Error: Delete `竦港  prettier/prettier
135:37  Error: Delete `竦港  prettier/prettier
136:73  Error: Delete `竦港  prettier/prettier
137:41  Error: Delete `竦港  prettier/prettier
138:23  Error: Delete `竦港  prettier/prettier
139:15  Error: Delete `竦港  prettier/prettier
140:17  Error: Delete `竦港  prettier/prettier
141:1  Error: Delete `竦港  prettier/prettier
142:16  Error: Delete `竦港  prettier/prettier
143:19  Error: Delete `竦港  prettier/prettier
144:32  Error: Delete `竦港  prettier/prettier
145:71  Error: Delete `竦港  prettier/prettier
146:14  Error: Delete `竦港  prettier/prettier
147:19  Error: Delete `竦港  prettier/prettier
148:21  Error: Delete `竦港  prettier/prettier
149:19  Error: Delete `竦港  prettier/prettier
150:27  Error: Delete `竦港  prettier/prettier
151:26  Error: Delete `竦港  prettier/prettier
152:39  Error: Delete `竦港  prettier/prettier
153:75  Error: Delete `竦港  prettier/prettier
154:37  Error: Delete `竦港  prettier/prettier
155:15  Error: Delete `竦港  prettier/prettier
156:17  Error: Delete `竦港  prettier/prettier
157:1  Error: Delete `竦港  prettier/prettier
158:16  Error: Delete `竦港  prettier/prettier
159:19  Error: Delete `竦港  prettier/prettier
160:28  Error: Delete `竦港  prettier/prettier
161:71  Error: Delete `竦港  prettier/prettier
162:14  Error: Delete `竦港  prettier/prettier
163:20  Error: Delete `竦港  prettier/prettier
164:21  Error: Delete `竦港  prettier/prettier
165:19  Error: Delete `竦港  prettier/prettier
166:23  Error: Delete `竦港  prettier/prettier
167:25  Error: Delete `竦港  prettier/prettier
168:35  Error: Delete `竦港  prettier/prettier
169:71  Error: Delete `竦港  prettier/prettier
170:41  Error: Delete `竦港  prettier/prettier
171:15  Error: Delete `竦港  prettier/prettier
172:17  Error: Delete `竦港  prettier/prettier
173:15  Error: Delete `竦港  prettier/prettier
174:1  Error: Delete `竦港  prettier/prettier
183:17  Error: Delete `竦港  prettier/prettier
184:25  Error: Delete `竦港  prettier/prettier
185:24  Error: Delete `竦港  prettier/prettier
186:37  Error: Delete `竦港  prettier/prettier
187:73  Error: Delete `竦港  prettier/prettier
188:41  Error: Delete `竦港  prettier/prettier
189:21  Error: Delete `竦港  prettier/prettier
190:13  Error: Delete `竦港  prettier/prettier
191:15  Error: Delete `竦港  prettier/prettier
192:1  Error: Delete `竦港  prettier/prettier
193:69  Error: Delete `竦港  prettier/prettier
194:16  Error: Delete `竦港  prettier/prettier
195:19  Error: Delete `竦港  prettier/prettier
196:30  Error: Delete `竦港  prettier/prettier
197:71  Error: Delete `竦港  prettier/prettier
198:14  Error: Delete `竦港  prettier/prettier
199:22  Error: Delete `竦港  prettier/prettier
200:21  Error: Delete `竦港  prettier/prettier
201:19  Error: Delete `竦港  prettier/prettier
202:25  Error: Delete `竦港  prettier/prettier
203:27  Error: Delete `竦港  prettier/prettier
204:37  Error: Delete `竦港  prettier/prettier
205:73  Error: Delete `竦港  prettier/prettier
206:48  Error: Delete `竦港  prettier/prettier
207:15  Error: Delete `竦港  prettier/prettier
208:17  Error: Delete `竦港  prettier/prettier
209:1  Error: Delete `竦港  prettier/prettier
210:16  Error: Delete `竦港  prettier/prettier
211:19  Error: Delete `竦港  prettier/prettier
212:32  Error: Delete `竦港  prettier/prettier
213:71  Error: Delete `竦港  prettier/prettier
214:14  Error: Delete `竦港  prettier/prettier
215:21  Error: Delete `竦港  prettier/prettier
216:21  Error: Delete `竦港  prettier/prettier
217:19  Error: Delete `竦港  prettier/prettier
218:27  Error: Delete `竦港  prettier/prettier
219:25  Error: Delete `竦港  prettier/prettier
220:39  Error: Delete `竦港  prettier/prettier
221:75  Error: Delete `竦港  prettier/prettier
222:55  Error: Delete `竦港  prettier/prettier
223:15  Error: Delete `竦港  prettier/prettier
224:17  Error: Delete `竦港  prettier/prettier
225:15  Error: Delete `竦港  prettier/prettier
226:19  Error: Delete `竦港  prettier/prettier
227:1  Error: Delete `竦港  prettier/prettier
228:31  Error: Delete `竦港  prettier/prettier
229:54  Error: Delete `竦港  prettier/prettier
230:133  Error: Delete `竦港  prettier/prettier
231:31  Error: Delete `竦港  prettier/prettier
232:15  Error: Using `<img>` could result in slower LCP and higher bandwidth. Consider using `<Image />` from `next/image` or a custom image loader to automatically optimize images. This may incur additional usage or cost from your provider. See: https://nextjs.org/docs/messages/no-img-element  @next/next/no-img-element
232:19  Error: Delete `竦港  prettier/prettier
233:57  Error: Delete `竦港  prettier/prettier
234:30  Error: Delete `竦港  prettier/prettier
235:68  Error: Delete `竦港  prettier/prettier
236:17  Error: Delete `竦港  prettier/prettier
237:18  Error: Delete `竦港  prettier/prettier
238:59  Error: Delete `竦港  prettier/prettier
239:15  Error: Delete `竦港  prettier/prettier
240:17  Error: Delete `竦港  prettier/prettier
241:1  Error: Delete `竦港  prettier/prettier
242:35  Error: Delete `竦港  prettier/prettier
243:19  Error: Delete `竦港  prettier/prettier
244:26  Error: Delete `竦港  prettier/prettier
245:24  Error: Delete `竦港  prettier/prettier
246:31  Error: Delete `竦港  prettier/prettier
247:42  Error: Delete `竦港  prettier/prettier
248:33  Error: Delete `竦港  prettier/prettier
249:15  Error: Delete `竦港  prettier/prettier
250:35  Error: Delete `竦港  prettier/prettier
251:68  Error: Delete `竦港  prettier/prettier
252:52  Error: Delete `竦港  prettier/prettier
253:22  Error: Delete `竦港  prettier/prettier
254:24  Error: Delete `竦港  prettier/prettier
255:21  Error: Delete `竦港  prettier/prettier
256:1  Error: Delete `竦港  prettier/prettier
257:32  Error: Delete `竦港  prettier/prettier
258:22  Error: Delete `竦港  prettier/prettier
259:34  Error: Delete `竦港  prettier/prettier
260:59  Error: Delete `竦港  prettier/prettier
261:33  Error: Delete `竦港  prettier/prettier
262:16  Error: Delete `竦港  prettier/prettier
263:47  Error: Delete `竦港  prettier/prettier
264:19  Error: Delete `竦港  prettier/prettier
265:24  Error: Delete `竦港  prettier/prettier
266:15  Error: Delete `竦港  prettier/prettier
267:1  Error: Delete `竦港  prettier/prettier
268:55  Error: Delete `竦港  prettier/prettier
269:47  Error: Delete `竦港  prettier/prettier
270:17  Error: Delete `竦港  prettier/prettier
271:17  Error: Delete `竦港  prettier/prettier
272:15  Error: Delete `竦港  prettier/prettier
273:19  Error: Delete `竦港  prettier/prettier
274:1  Error: Delete `竦港  prettier/prettier
275:31  Error: Delete `竦港  prettier/prettier
276:14  Error: Delete `竦港  prettier/prettier
277:17  Error: Delete `竦港  prettier/prettier
278:34  Error: Delete `竦港  prettier/prettier
279:69  Error: Delete `竦港  prettier/prettier
280:12  Error: Delete `竦港  prettier/prettier
281:16  Error: Delete `竦港  prettier/prettier
282:19  Error: Delete `竦港  prettier/prettier
283:20  Error: Delete `竦港  prettier/prettier
284:29  Error: Delete `竦港  prettier/prettier
285:41  Error: Delete `竦港  prettier/prettier
286:77  Error: Delete `竦港  prettier/prettier
287:21  Error: Delete `竦港  prettier/prettier
288:152  Error: Delete `竦港  prettier/prettier
289:49  Error: Delete `竦港  prettier/prettier
290:13  Error: Delete `竦港  prettier/prettier
291:53  Error: Delete `竦港  prettier/prettier
292:44  Error: Delete `竦港  prettier/prettier
293:15  Error: Delete `竦港  prettier/prettier
294:15  Error: Delete `竦港  prettier/prettier
295:19  Error: Delete `竦港  prettier/prettier
296:1  Error: Delete `竦港  prettier/prettier
297:23  Error: Delete `竦港  prettier/prettier
298:33  Error: Delete `竦港  prettier/prettier
299:43  Error: Delete `竦港  prettier/prettier
300:9  Error: Delete `竦港  prettier/prettier
301:11  Error: Delete `竦港  prettier/prettier
302:5  Error: Delete `竦港  prettier/prettier
303:2  Error: Delete `竦港  prettier/prettier

./src/components/admin/clinic-hours-settings.tsx
1:14  Error: Delete `竦港  prettier/prettier
2:1  Error: Delete `竦港  prettier/prettier
3:27  Error: Delete `竦港  prettier/prettier
4:49  Error: Delete `竦港  prettier/prettier
5:47  Error: Delete `竦港  prettier/prettier
6:45  Error: Delete `竦港  prettier/prettier
7:47  Error: Delete `竦港  prettier/prettier
8:60  Error: Delete `竦港  prettier/prettier
9:61  Error: Delete `竦港  prettier/prettier
10:57  Error: Delete `竦港  prettier/prettier
11:47  Error: Delete `竦港  prettier/prettier
12:1  Error: Delete `竦港  prettier/prettier
13:21  Error: Delete `竦港  prettier/prettier
14:17  Error: Delete `竦港  prettier/prettier
15:15  Error: Delete `竦港  prettier/prettier
16:2  Error: Delete `竦港  prettier/prettier
17:1  Error: Delete `竦港  prettier/prettier
18:24  Error: Delete `竦港  prettier/prettier
19:19  Error: Delete `竦港  prettier/prettier
20:25  Error: Delete `竦港  prettier/prettier
21:2  Error: Delete `竦港  prettier/prettier
22:1  Error: Delete `竦港  prettier/prettier
23:25  Error: Delete `竦港  prettier/prettier
24:30  Error: Delete `竦港  prettier/prettier
25:2  Error: Delete `竦港  prettier/prettier
26:1  Error: Delete `竦港  prettier/prettier
27:24  Error: Delete `竦港  prettier/prettier
28:16  Error: Delete `竦港  prettier/prettier
29:36  Error: Delete `竦港  prettier/prettier
30:17  Error: Delete `竦港  prettier/prettier
31:26  Error: Delete `竦港  prettier/prettier
32:2  Error: Delete `竦港  prettier/prettier
33:1  Error: Delete `竦港  prettier/prettier
34:28  Error: Delete `竦港  prettier/prettier
35:28  Error: Delete `竦港  prettier/prettier
36:22  Error: Delete `竦港  prettier/prettier
37:34  Error: Delete `竦港  prettier/prettier
38:2  Error: Delete `竦港  prettier/prettier
39:1  Error: Delete `竦港  prettier/prettier
40:39  Error: Delete `竦港  prettier/prettier
41:16  Error: Delete `竦港  prettier/prettier
42:14  Error: Delete `竦港  prettier/prettier
43:20  Error: Delete `竦港  prettier/prettier
44:19  Error: Delete `竦港  prettier/prettier
45:42  Error: Delete `竦港  prettier/prettier
46:42  Error: Delete `竦港  prettier/prettier
47:9  Error: Delete `竦港  prettier/prettier
48:7  Error: Delete `竦港  prettier/prettier
49:15  Error: Delete `竦港  prettier/prettier
50:20  Error: Delete `竦港  prettier/prettier
51:19  Error: Delete `竦港  prettier/prettier
52:42  Error: Delete `竦港  prettier/prettier
53:42  Error: Delete `竦港  prettier/prettier
54:9  Error: Delete `竦港  prettier/prettier
55:7  Error: Delete `竦港  prettier/prettier
56:17  Error: Delete `竦港  prettier/prettier
57:20  Error: Delete `竦港  prettier/prettier
58:19  Error: Delete `竦港  prettier/prettier
59:42  Error: Delete `竦港  prettier/prettier
60:42  Error: Delete `竦港  prettier/prettier
61:9  Error: Delete `竦港  prettier/prettier
62:7  Error: Delete `竦港  prettier/prettier
63:16  Error: Delete `竦港  prettier/prettier
64:20  Error: Delete `竦港  prettier/prettier
65:19  Error: Delete `竦港  prettier/prettier
66:42  Error: Delete `竦港  prettier/prettier
67:42  Error: Delete `竦港  prettier/prettier
68:9  Error: Delete `竦港  prettier/prettier
69:7  Error: Delete `竦港  prettier/prettier
70:14  Error: Delete `竦港  prettier/prettier
71:20  Error: Delete `竦港  prettier/prettier
72:19  Error: Delete `竦港  prettier/prettier
73:42  Error: Delete `竦港  prettier/prettier
74:42  Error: Delete `竦港  prettier/prettier
75:9  Error: Delete `竦港  prettier/prettier
76:7  Error: Delete `竦港  prettier/prettier
77:79  Error: Delete `竦港  prettier/prettier
78:46  Error: Delete `竦港  prettier/prettier
79:5  Error: Delete `竦港  prettier/prettier
80:16  Error: Delete `竦港  prettier/prettier
81:23  Error: Delete `竦港  prettier/prettier
82:3  Error: Delete `竦港  prettier/prettier
83:1  Error: Delete `竦港  prettier/prettier
84:40  Error: Delete `竦港  prettier/prettier
85:65  Error: Delete `竦港  prettier/prettier
86:38  Error: Delete `竦港  prettier/prettier
87:1  Error: Delete `竦港  prettier/prettier
88:10  Error: Delete `竦港  prettier/prettier
89:20  Error: Delete `竦港  prettier/prettier
90:16  Error: Delete `竦港  prettier/prettier
91:18  Error: Delete `竦港  prettier/prettier
92:16  Error: Delete `竦港  prettier/prettier
93:19  Error: Delete `竦港  prettier/prettier
94:24  Error: Replace `initialData,ﾂｷclinicIdﾂｷ?ﾂｷ{竦港 with `竢篠ｷﾂｷﾂｷﾂｷinitialData,竢篠ｷﾂｷﾂｷﾂｷclinicId竢篠ｷﾂｷﾂｷﾂｷﾂｷﾂｷ?ﾂｷ{`  prettier/prettier
95:1  Error: Replace `ﾂｷﾂｷﾂｷﾂｷclinicId,竦港 with `ﾂｷﾂｷﾂｷﾂｷﾂｷﾂｷﾂｷﾂｷﾂｷﾂｷclinicId,`  prettier/prettier
96:1  Error: Replace `ﾂｷﾂｷﾂｷﾂｷcategory:ﾂｷ'clinic_hours',竦港 with `ﾂｷﾂｷﾂｷﾂｷﾂｷﾂｷﾂｷﾂｷﾂｷﾂｷcategory:ﾂｷ'clinic_hours',`  prettier/prettier
97:1  Error: Replace `ﾂｷﾂｷﾂｷﾂｷautoLoad:ﾂｷtrue,竦港 with `ﾂｷﾂｷﾂｷﾂｷﾂｷﾂｷﾂｷﾂｷﾂｷﾂｷautoLoad:ﾂｷtrue,`  prettier/prettier
98:3  Error: Replace `}ﾂｷ:ﾂｷundefined);竦港 with `ﾂｷﾂｷﾂｷﾂｷﾂｷﾂｷ}竢篠ｷﾂｷﾂｷﾂｷﾂｷﾂｷ:ﾂｷundefined竢篠ｷﾂｷ);`  prettier/prettier
99:1  Error: Delete `竦港  prettier/prettier
100:13  Error: Delete `竦港  prettier/prettier
101:42  Error: Delete `竦港  prettier/prettier
102:13  Error: Delete `竦港  prettier/prettier
103:22  Error: Replace `"flexﾂｷitems-centerﾂｷjustify-centerﾂｷpy-12">竦港 with `'flexﾂｷitems-centerﾂｷjustify-centerﾂｷpy-12'>`  prettier/prettier
104:28  Error: Replace `"w-8ﾂｷh-8ﾂｷanimate-spinﾂｷtext-blue-500"ﾂｷ/>竦港 with `'w-8ﾂｷh-8ﾂｷanimate-spinﾂｷtext-blue-500'ﾂｷ/>`  prettier/prettier
105:25  Error: Replace `"ml-2ﾂｷtext-gray-600">險ｭ螳壹ｒ隱ｭ縺ｿ霎ｼ縺ｿ荳ｭ...</span>竦港 with `'ml-2ﾂｷtext-gray-600'>險ｭ螳壹ｒ隱ｭ縺ｿ霎ｼ縺ｿ荳ｭ...</span>`  prettier/prettier
106:13  Error: Delete `竦港  prettier/prettier
107:7  Error: Delete `竦港  prettier/prettier
108:4  Error: Delete `竦港  prettier/prettier
109:1  Error: Delete `竦港  prettier/prettier
110:40  Error: Delete `竦港  prettier/prettier
111:49  Error: Delete `竦港  prettier/prettier
112:1  Error: Delete `竦港  prettier/prettier
113:21  Error: Delete `竦港  prettier/prettier
114:19  Error: Delete `竦港  prettier/prettier
115:20  Error: Delete `竦港  prettier/prettier
116:22  Error: Delete `竦港  prettier/prettier
117:21  Error: Delete `竦港  prettier/prettier
118:19  Error: Delete `竦港  prettier/prettier
119:21  Error: Delete `竦港  prettier/prettier
120:19  Error: Delete `竦港  prettier/prettier
121:5  Error: Delete `竦港  prettier/prettier
122:1  Error: Delete `竦港  prettier/prettier
123:43  Error: Delete `竦港  prettier/prettier
124:26  Error: Delete `竦港  prettier/prettier
125:19  Error: Delete `竦港  prettier/prettier
126:15  Error: Delete `竦港  prettier/prettier
127:26  Error: Delete `竦港  prettier/prettier
128:39  Error: Delete `竦港  prettier/prettier
129:41  Error: Replace `ﾂｷ?ﾂｷ[{ﾂｷstart:ﾂｷ'09:00',ﾂｷend:ﾂｷ'17:00'ﾂｷ}]ﾂｷ:ﾂｷ[],竦港 with `竢篠ｷﾂｷﾂｷﾂｷﾂｷﾂｷﾂｷﾂｷﾂｷﾂｷ?ﾂｷ[{ﾂｷstart:ﾂｷ'09:00',ﾂｷend:ﾂｷ'17:00'ﾂｷ}]竢篠ｷﾂｷﾂｷﾂｷﾂｷﾂｷﾂｷﾂｷﾂｷﾂｷ:ﾂｷ[],`  prettier/prettier
130:9  Error: Delete `竦港  prettier/prettier
131:7  Error: Delete `竦港  prettier/prettier
132:45  Error: Delete `竦港  prettier/prettier
133:5  Error: Delete `竦港  prettier/prettier
134:1  Error: Delete `竦港  prettier/prettier
135:41  Error: Delete `竦港  prettier/prettier
136:26  Error: Delete `竦港  prettier/prettier
137:19  Error: Delete `竦港  prettier/prettier
138:15  Error: Delete `竦港  prettier/prettier
139:26  Error: Delete `竦港  prettier/prettier
140:21  Error: Replace `...schedule[day].timeSlots,ﾂｷ{ﾂｷstart:ﾂｷ'09:00',ﾂｷend:ﾂｷ'17:00'ﾂｷ}],竦港 with `竢篠ｷﾂｷﾂｷﾂｷﾂｷﾂｷﾂｷﾂｷﾂｷﾂｷ...schedule[day].timeSlots,竢篠ｷﾂｷﾂｷﾂｷﾂｷﾂｷﾂｷﾂｷﾂｷﾂｷ{ﾂｷstart:ﾂｷ'09:00',ﾂｷend:ﾂｷ'17:00'ﾂｷ},竢篠ｷﾂｷﾂｷﾂｷﾂｷﾂｷﾂｷﾂｷ],`  prettier/prettier
141:9  Error: Delete `竦港  prettier/prettier
142:7  Error: Delete `竦港  prettier/prettier
143:45  Error: Delete `竦港  prettier/prettier
144:5  Error: Delete `竦港  prettier/prettier
145:1  Error: Delete `竦港  prettier/prettier
146:59  Error: Delete `竦港  prettier/prettier
147:26  Error: Delete `竦港  prettier/prettier
148:19  Error: Delete `竦港  prettier/prettier
149:15  Error: Delete `竦港  prettier/prettier
150:26  Error: Delete `竦港  prettier/prettier
151:74  Error: Delete `竦港  prettier/prettier
152:9  Error: Delete `竦港  prettier/prettier
153:7  Error: Delete `竦港  prettier/prettier
154:45  Error: Delete `竦港  prettier/prettier
155:5  Error: Delete `竦港  prettier/prettier
156:1  Error: Delete `竦港  prettier/prettier
157:27  Error: Delete `竦港  prettier/prettier
158:17  Error: Delete `竦港  prettier/prettier
159:19  Error: Delete `竦港  prettier/prettier
160:28  Error: Delete `竦港  prettier/prettier
161:18  Error: Delete `竦港  prettier/prettier
162:9  Error: Delete `竦港  prettier/prettier
163:26  Error: Delete `竦港  prettier/prettier
164:19  Error: Delete `竦港  prettier/prettier
165:15  Error: Delete `竦港  prettier/prettier
166:26  Error: Delete `竦港  prettier/prettier
167:60  Error: Delete `竦港  prettier/prettier
168:59  Error: Delete `竦港  prettier/prettier
169:11  Error: Delete `竦港  prettier/prettier
170:9  Error: Delete `竦港  prettier/prettier
171:7  Error: Delete `竦港  prettier/prettier
172:45  Error: Delete `竦港  prettier/prettier
173:5  Error: Delete `竦港  prettier/prettier
174:1  Error: Delete `竦港  prettier/prettier
175:33  Error: Delete `竦港  prettier/prettier
176:17  Error: Delete `竦港  prettier/prettier
177:25  Error: Delete `竦港  prettier/prettier
178:25  Error: Delete `竦港  prettier/prettier
179:10  Error: Delete `竦港  prettier/prettier
180:20  Error: Delete `竦港  prettier/prettier
181:27  Error: Delete `竦港  prettier/prettier
182:21  Error: Delete `竦港  prettier/prettier
183:25  Error: Delete `竦港  prettier/prettier
184:11  Error: Delete `竦港  prettier/prettier
185:9  Error: Delete `竦港  prettier/prettier
186:8  Error: Delete `竦港  prettier/prettier
187:5  Error: Delete `竦港  prettier/prettier
188:1  Error: Delete `竦港  prettier/prettier
189:49  Error: Delete `竦港  prettier/prettier
190:17  Error: Delete `竦港  prettier/prettier
191:67  Error: Delete `竦港  prettier/prettier
192:8  Error: Delete `竦港  prettier/prettier
193:5  Error: Delete `竦港  prettier/prettier
194:1  Error: Delete `竦港  prettier/prettier
195:30  Error: Delete `竦港  prettier/prettier
196:19  Error: Delete `竦港  prettier/prettier
197:30  Error: Delete `竦港  prettier/prettier
198:15  Error: Delete `竦港  prettier/prettier
199:9  Error: Delete `竦港  prettier/prettier
200:17  Error: Delete `竦港  prettier/prettier
201:53  Error: Delete `竦港  prettier/prettier
202:57  Error: Delete `竦港  prettier/prettier
203:9  Error: Delete `竦港  prettier/prettier
204:8  Error: Delete `竦港  prettier/prettier
205:5  Error: Delete `竦港  prettier/prettier
206:1  Error: Delete `竦港  prettier/prettier
207:31  Error: Delete `竦港  prettier/prettier
208:24  Error: Delete `竦港  prettier/prettier
209:5  Error: Delete `竦港  prettier/prettier
210:1  Error: Delete `竦港  prettier/prettier
211:11  Error: Delete `竦港  prettier/prettier
212:32  Error: Delete `竦港  prettier/prettier
213:31  Error: Delete `竦港  prettier/prettier
214:57  Error: Replace `"error"ﾂｷ/>竦港 with `'error'ﾂｷ/>`  prettier/prettier
215:9  Error: Delete `竦港  prettier/prettier
216:61  Error: Delete `竦港  prettier/prettier
217:64  Error: Replace `"success"ﾂｷ/>竦港 with `'success'ﾂｷ/>`  prettier/prettier
218:9  Error: Delete `竦港  prettier/prettier
219:1  Error: Delete `竦港  prettier/prettier
220:21  Error: Delete `竦港  prettier/prettier
221:29  Error: Delete `竦港  prettier/prettier
222:66  Error: Delete `竦港  prettier/prettier
223:17  Error: Delete `竦港  prettier/prettier
224:14  Error: Delete `竦港  prettier/prettier
225:1  Error: Delete `竦港  prettier/prettier
226:36  Error: Delete `竦港  prettier/prettier
227:66  Error: Delete `竦港  prettier/prettier
228:17  Error: Delete `竦港  prettier/prettier
229:24  Error: Delete `竦港  prettier/prettier
230:79  Error: Delete `竦港  prettier/prettier
231:14  Error: Delete `竦港  prettier/prettier
232:37  Error: Delete `竦港  prettier/prettier
233:62  Error: Delete `竦港  prettier/prettier
234:59  Error: Delete `竦港  prettier/prettier
235:25  Error: Delete `竦港  prettier/prettier
236:21  Error: Delete `竦港  prettier/prettier
237:1  Error: Delete `竦港  prettier/prettier
238:39  Error: Delete `竦港  prettier/prettier
239:67  Error: Delete `竦港  prettier/prettier
240:66  Error: Delete `竦港  prettier/prettier
241:27  Error: Delete `竦港  prettier/prettier
242:38  Error: Delete `竦港  prettier/prettier
243:51  Error: Delete `竦港  prettier/prettier
244:58  Error: Delete `竦港  prettier/prettier
245:58  Error: Delete `竦港  prettier/prettier
246:23  Error: Delete `竦港  prettier/prettier
247:71  Error: Delete `竦港  prettier/prettier
248:27  Error: Delete `竦港  prettier/prettier
249:23  Error: Delete `竦港  prettier/prettier
250:1  Error: Delete `竦港  prettier/prettier
251:41  Error: Delete `竦港  prettier/prettier
252:46  Error: Delete `竦港  prettier/prettier
253:66  Error: Delete `竦港  prettier/prettier
254:80  Error: Delete `竦港  prettier/prettier
255:31  Error: Delete `竦港  prettier/prettier
256:38  Error: Delete `竦港  prettier/prettier
257:45  Error: Delete `竦港  prettier/prettier
258:41  Error: Delete `竦港  prettier/prettier
259:80  Error: Delete `竦港  prettier/prettier
260:28  Error: Delete `竦港  prettier/prettier
261:43  Error: Delete `竦港  prettier/prettier
262:27  Error: Delete `竦港  prettier/prettier
263:65  Error: Delete `竦港  prettier/prettier
264:31  Error: Delete `竦港  prettier/prettier
265:38  Error: Delete `竦港  prettier/prettier
266:43  Error: Delete `竦港  prettier/prettier
267:41  Error: Delete `竦港  prettier/prettier
268:78  Error: Delete `竦港  prettier/prettier
269:28  Error: Delete `竦港  prettier/prettier
270:43  Error: Delete `竦港  prettier/prettier
271:27  Error: Delete `竦港  prettier/prettier
272:63  Error: Delete `竦港  prettier/prettier
273:34  Error: Delete `竦港  prettier/prettier
274:42  Error: Delete `竦港  prettier/prettier
275:46  Error: Delete `竦港  prettier/prettier
276:38  Error: Delete `竦港  prettier/prettier
277:71  Error: Delete `竦港  prettier/prettier
278:72  Error: Delete `竦港  prettier/prettier
279:28  Error: Delete `竦港  prettier/prettier
280:59  Error: Delete `竦港  prettier/prettier
281:36  Error: Delete `竦港  prettier/prettier
282:27  Error: Delete `竦港  prettier/prettier
283:29  Error: Delete `竦港  prettier/prettier
284:24  Error: Delete `竦港  prettier/prettier
285:28  Error: Delete `竦港  prettier/prettier
286:36  Error: Delete `竦港  prettier/prettier
287:40  Error: Delete `竦港  prettier/prettier
288:32  Error: Delete `竦港  prettier/prettier
289:55  Error: Delete `竦港  prettier/prettier
290:62  Error: Delete `竦港  prettier/prettier
291:22  Error: Delete `竦港  prettier/prettier
292:51  Error: Delete `竦港  prettier/prettier
293:42  Error: Delete `竦港  prettier/prettier
294:30  Error: Delete `竦港  prettier/prettier
295:25  Error: Delete `竦港  prettier/prettier
296:19  Error: Delete `竦港  prettier/prettier
297:1  Error: Delete `竦港  prettier/prettier
298:42  Error: Delete `竦港  prettier/prettier
299:67  Error: Delete `竦港  prettier/prettier
300:19  Error: Delete `竦港  prettier/prettier
301:21  Error: Delete `竦港  prettier/prettier
302:19  Error: Delete `竦港  prettier/prettier
303:14  Error: Delete `竦港  prettier/prettier
304:15  Error: Delete `竦港  prettier/prettier
305:14  Error: Delete `竦港  prettier/prettier
306:1  Error: Delete `竦港  prettier/prettier
307:24  Error: Delete `竦港  prettier/prettier
308:29  Error: Delete `竦港  prettier/prettier
309:65  Error: Delete `竦港  prettier/prettier
310:63  Error: Delete `竦港  prettier/prettier
311:22  Error: Delete `竦港  prettier/prettier
312:16  Error: Delete `竦港  prettier/prettier
313:18  Error: Delete `竦港  prettier/prettier
314:26  Error: Delete `竦港  prettier/prettier
315:30  Error: Delete `竦港  prettier/prettier
316:37  Error: Delete `竦港  prettier/prettier
317:52  Error: Delete `竦港  prettier/prettier
318:12  Error: Delete `竦港  prettier/prettier
319:41  Error: Delete `竦港  prettier/prettier
320:28  Error: Delete `竦港  prettier/prettier
321:20  Error: Delete `竦港  prettier/prettier
322:15  Error: Delete `竦港  prettier/prettier
323:1  Error: Delete `竦港  prettier/prettier
324:36  Error: Delete `竦港  prettier/prettier
325:54  Error: Delete `竦港  prettier/prettier
326:68  Error: Delete `竦港  prettier/prettier
327:75  Error: Delete `竦港  prettier/prettier
328:22  Error: Delete `竦港  prettier/prettier
329:83  Error: Delete `竦港  prettier/prettier
330:23  Error: Delete `竦港  prettier/prettier
331:27  Error: Delete `竦港  prettier/prettier
332:25  Error: Delete `竦港  prettier/prettier
333:32  Error: Delete `竦港  prettier/prettier
334:45  Error: Delete `竦港  prettier/prettier
335:35  Error: Delete `竦港  prettier/prettier
336:71  Error: Delete `竦港  prettier/prettier
337:22  Error: Delete `竦港  prettier/prettier
338:21  Error: Delete `竦港  prettier/prettier
339:23  Error: Delete `竦港  prettier/prettier
340:1  Error: Delete `竦港  prettier/prettier
341:22  Error: Delete `竦港  prettier/prettier
342:83  Error: Delete `竦港  prettier/prettier
343:23  Error: Delete `竦港  prettier/prettier
344:27  Error: Delete `竦港  prettier/prettier
345:26  Error: Delete `竦港  prettier/prettier
346:45  Error: Delete `竦港  prettier/prettier
347:35  Error: Delete `竦港  prettier/prettier
348:41  Error: Delete `竦港  prettier/prettier
349:31  Error: Delete `竦港  prettier/prettier
350:32  Error: Delete `竦港  prettier/prettier
351:69  Error: Delete `竦港  prettier/prettier
352:24  Error: Delete `竦港  prettier/prettier
353:22  Error: Delete `竦港  prettier/prettier
354:135  Error: Delete `竦港  prettier/prettier
355:20  Error: Delete `竦港  prettier/prettier
356:57  Error: Delete `竦港  prettier/prettier
357:65  Error: Delete `竦港  prettier/prettier
358:28  Error: Delete `竦港  prettier/prettier
359:23  Error: Delete `竦港  prettier/prettier
360:1  Error: Delete `竦港  prettier/prettier
361:22  Error: Delete `竦港  prettier/prettier
362:83  Error: Delete `竦港  prettier/prettier
363:23  Error: Delete `竦港  prettier/prettier
364:27  Error: Delete `竦港  prettier/prettier
365:25  Error: Delete `竦港  prettier/prettier
366:32  Error: Delete `竦港  prettier/prettier
367:46  Error: Delete `竦港  prettier/prettier
368:35  Error: Delete `竦港  prettier/prettier
369:72  Error: Delete `竦港  prettier/prettier
370:22  Error: Delete `竦港  prettier/prettier
371:47  Error: Delete `竦港  prettier/prettier
372:21  Error: Delete `竦港  prettier/prettier
373:23  Error: Delete `竦港  prettier/prettier
374:21  Error: Delete `竦港  prettier/prettier
375:1  Error: Delete `竦港  prettier/prettier
376:56  Error: Delete `竦港  prettier/prettier
377:22  Error: Delete `竦港  prettier/prettier
378:83  Error: Delete `竦港  prettier/prettier
379:25  Error: Delete `竦港  prettier/prettier
380:27  Error: Delete `竦港  prettier/prettier
381:64  Error: Delete `竦港  prettier/prettier
382:27  Error: Delete `竦港  prettier/prettier
383:34  Error: Delete `竦港  prettier/prettier
384:75  Error: Delete `竦港  prettier/prettier
385:37  Error: Delete `竦港  prettier/prettier
386:64  Error: Delete `竦港  prettier/prettier
387:28  Error: Delete `竦港  prettier/prettier
388:51  Error: Delete `竦港  prettier/prettier
389:77  Error: Delete `竦港  prettier/prettier
390:29  Error: Delete `竦港  prettier/prettier
391:27  Error: Delete `竦港  prettier/prettier
392:24  Error: Delete `竦港  prettier/prettier
393:39  Error: Delete `竦港  prettier/prettier
394:23  Error: Delete `竦港  prettier/prettier
395:61  Error: Delete `竦港  prettier/prettier
396:27  Error: Delete `竦港  prettier/prettier
397:34  Error: Delete `竦港  prettier/prettier
398:73  Error: Delete `竦港  prettier/prettier
399:37  Error: Delete `竦港  prettier/prettier
400:64  Error: Delete `竦港  prettier/prettier
401:28  Error: Delete `竦港  prettier/prettier
402:81  Error: Delete `竦港  prettier/prettier
403:49  Error: Delete `竦港  prettier/prettier
404:29  Error: Delete `竦港  prettier/prettier
405:27  Error: Delete `竦港  prettier/prettier
406:24  Error: Delete `竦港  prettier/prettier
407:39  Error: Delete `竦港  prettier/prettier
408:23  Error: Delete `竦港  prettier/prettier
409:25  Error: Delete `竦港  prettier/prettier
410:23  Error: Delete `竦港  prettier/prettier
411:17  Error: Delete `竦港  prettier/prettier
412:1  Error: Delete `竦港  prettier/prettier
413:54  Error: Delete `竦港  prettier/prettier
414:24  Error: Delete `竦港  prettier/prettier
415:32  Error: Delete `竦港  prettier/prettier
416:36  Error: Delete `竦港  prettier/prettier
417:59  Error: Delete `竦港  prettier/prettier
418:62  Error: Delete `竦港  prettier/prettier
419:18  Error: Delete `竦港  prettier/prettier
420:54  Error: Delete `竦港  prettier/prettier
421:21  Error: Delete `竦港  prettier/prettier
422:26  Error: Delete `竦港  prettier/prettier
423:21  Error: Delete `竦港  prettier/prettier
424:19  Error: Delete `竦港  prettier/prettier
425:14  Error: Delete `竦港  prettier/prettier
426:1  Error: Delete `竦港  prettier/prettier
427:42  Error: Delete `竦港  prettier/prettier
428:61  Error: Delete `竦港  prettier/prettier
429:34  Error: Delete `竦港  prettier/prettier
430:19  Error: Delete `竦港  prettier/prettier
431:13  Error: Delete `竦港  prettier/prettier
432:15  Error: Delete `竦港  prettier/prettier
433:14  Error: Delete `竦港  prettier/prettier
434:1  Error: Delete `竦港  prettier/prettier
435:20  Error: Delete `竦港  prettier/prettier
436:81  Error: Delete `竦港  prettier/prettier
437:49  Error: Delete `竦港  prettier/prettier
438:16  Error: Delete `竦港  prettier/prettier
439:27  Error: Delete `竦港  prettier/prettier
440:44  Error: Delete `竦港  prettier/prettier
441:50  Error: Delete `竦港  prettier/prettier
442:10  Error: Delete `竦港  prettier/prettier
443:38  Error: Delete `竦港  prettier/prettier
444:57  Error: Delete `竦港  prettier/prettier
445:16  Error: Delete `竦港  prettier/prettier
446:41  Error: Delete `竦港  prettier/prettier
447:13  Error: Delete `竦港  prettier/prettier
448:69  Error: Delete `竦港  prettier/prettier
449:18  Error: Delete `竦港  prettier/prettier
450:13  Error: Delete `竦港  prettier/prettier
451:11  Error: Delete `竦港  prettier/prettier
452:5  Error: Delete `竦港  prettier/prettier
453:2  Error: Delete `竦港  prettier/prettier

./src/components/admin/communication-settings.tsx
84:24  Error: Replace `initialData,ﾂｷclinicId` with `竢篠ｷﾂｷﾂｷﾂｷinitialData,竢篠ｷﾂｷﾂｷﾂｷclinicId竢篠ｷﾂｷﾂｷﾂｷﾂｷ`  prettier/prettier
85:1  Error: Insert `ﾂｷﾂｷﾂｷﾂｷﾂｷﾂｷ`  prettier/prettier
86:5  Error: Insert `ﾂｷﾂｷﾂｷﾂｷﾂｷﾂｷ`  prettier/prettier
87:1  Error: Insert `ﾂｷﾂｷﾂｷﾂｷﾂｷﾂｷ`  prettier/prettier
88:3  Error: Replace `}ﾂｷ:ﾂｷundefined` with `ﾂｷﾂｷﾂｷﾂｷﾂｷﾂｷ}竢篠ｷﾂｷﾂｷﾂｷﾂｷﾂｷ:ﾂｷundefined竢篠ｷﾂｷ`  prettier/prettier
92:22  Error: Replace `"flexﾂｷitems-centerﾂｷjustify-centerﾂｷpy-12"` with `'flexﾂｷitems-centerﾂｷjustify-centerﾂｷpy-12'`  prettier/prettier
93:28  Error: Replace `"w-8ﾂｷh-8ﾂｷanimate-spinﾂｷtext-blue-500"` with `'w-8ﾂｷh-8ﾂｷanimate-spinﾂｷtext-blue-500'`  prettier/prettier
94:25  Error: Replace `"ml-2ﾂｷtext-gray-600"` with `'ml-2ﾂｷtext-gray-600'`  prettier/prettier
118:57  Error: Replace `"error"` with `'error'`  prettier/prettier
121:64  Error: Replace `"success"` with `'success'`  prettier/prettier
136:29  Error: Replace `竢篠ｷﾂｷﾂｷﾂｷﾂｷﾂｷﾂｷﾂｷﾂｷﾂｷﾂｷﾂｷﾂｷﾂｷﾂｷﾂｷupdateChannels({ﾂｷemailEnabled:ﾂｷe.target.checkedﾂｷ})竢篠ｷﾂｷﾂｷﾂｷﾂｷﾂｷﾂｷﾂｷﾂｷﾂｷﾂｷﾂｷﾂｷﾂｷ` with `ﾂｷupdateChannels({ﾂｷemailEnabled:ﾂｷe.target.checkedﾂｷ})`  prettier/prettier
149:29  Error: Replace `竢篠ｷﾂｷﾂｷﾂｷﾂｷﾂｷﾂｷﾂｷﾂｷﾂｷﾂｷﾂｷﾂｷﾂｷﾂｷﾂｷupdateChannels({ﾂｷsmsEnabled:ﾂｷe.target.checkedﾂｷ})竢篠ｷﾂｷﾂｷﾂｷﾂｷﾂｷﾂｷﾂｷﾂｷﾂｷﾂｷﾂｷﾂｷﾂｷ` with `ﾂｷupdateChannels({ﾂｷsmsEnabled:ﾂｷe.target.checkedﾂｷ})`  prettier/prettier
162:29  Error: Replace `竢篠ｷﾂｷﾂｷﾂｷﾂｷﾂｷﾂｷﾂｷﾂｷﾂｷﾂｷﾂｷﾂｷﾂｷﾂｷﾂｷupdateChannels({ﾂｷlineEnabled:ﾂｷe.target.checkedﾂｷ})竢篠ｷﾂｷﾂｷﾂｷﾂｷﾂｷﾂｷﾂｷﾂｷﾂｷﾂｷﾂｷﾂｷﾂｷ` with `ﾂｷupdateChannels({ﾂｷlineEnabled:ﾂｷe.target.checkedﾂｷ})`  prettier/prettier
174:29  Error: Replace `竢篠ｷﾂｷﾂｷﾂｷﾂｷﾂｷﾂｷﾂｷﾂｷﾂｷﾂｷﾂｷﾂｷﾂｷﾂｷﾂｷupdateChannels({ﾂｷpushEnabled:ﾂｷe.target.checkedﾂｷ})竢篠ｷﾂｷﾂｷﾂｷﾂｷﾂｷﾂｷﾂｷﾂｷﾂｷﾂｷﾂｷﾂｷﾂｷ` with `ﾂｷupdateChannels({ﾂｷpushEnabled:ﾂｷe.target.checkedﾂｷ})`  prettier/prettier
228:74  Error: Delete `,{'ﾂｷ'}`  prettier/prettier
229:16  Error: Replace `ﾂｷ{'{{ﾂｷappointmentTimeﾂｷ}}'},ﾂｷ{'{{ﾂｷstaffNameﾂｷ}}'},` with `ﾂｷ,ﾂｷ{'{{ﾂｷappointmentTimeﾂｷ}}'},ﾂｷ{'{{ﾂｷstaffNameﾂｷ}}'},{'ﾂｷ'}竢篠ｷﾂｷﾂｷﾂｷﾂｷﾂｷﾂｷﾂｷﾂｷﾂｷﾂｷﾂｷﾂｷﾂｷﾂｷ`  prettier/prettier
243:21  Error: Replace `ﾂｷhtmlFor='smtp-host'ﾂｷclassName='blockﾂｷtext-smﾂｷfont-mediumﾂｷtext-gray-700ﾂｷmb-1'` with `竢篠ｷﾂｷﾂｷﾂｷﾂｷﾂｷﾂｷﾂｷﾂｷﾂｷﾂｷﾂｷﾂｷﾂｷﾂｷﾂｷhtmlFor='smtp-host'竢篠ｷﾂｷﾂｷﾂｷﾂｷﾂｷﾂｷﾂｷﾂｷﾂｷﾂｷﾂｷﾂｷﾂｷﾂｷﾂｷclassName='blockﾂｷtext-smﾂｷfont-mediumﾂｷtext-gray-700ﾂｷmb-1'竢篠ｷﾂｷﾂｷﾂｷﾂｷﾂｷﾂｷﾂｷﾂｷﾂｷﾂｷﾂｷﾂｷﾂｷ`  prettier/prettier
249:31  Error: Replace `竢篠ｷﾂｷﾂｷﾂｷﾂｷﾂｷﾂｷﾂｷﾂｷﾂｷﾂｷﾂｷﾂｷﾂｷﾂｷﾂｷﾂｷﾂｷupdateSmtp({ﾂｷhost:ﾂｷe.target.valueﾂｷ})竢篠ｷﾂｷﾂｷﾂｷﾂｷﾂｷﾂｷﾂｷﾂｷﾂｷﾂｷﾂｷﾂｷﾂｷﾂｷﾂｷ` with `ﾂｷupdateSmtp({ﾂｷhost:ﾂｷe.target.valueﾂｷ})`  prettier/prettier
263:31  Error: Replace `竢篠ｷﾂｷﾂｷﾂｷﾂｷﾂｷﾂｷﾂｷﾂｷﾂｷﾂｷﾂｷﾂｷﾂｷﾂｷﾂｷﾂｷﾂｷupdateSmtp({ﾂｷport:ﾂｷparseInt(e.target.value)ﾂｷ})竢篠ｷﾂｷﾂｷﾂｷﾂｷﾂｷﾂｷﾂｷﾂｷﾂｷﾂｷﾂｷﾂｷﾂｷﾂｷﾂｷ` with `ﾂｷupdateSmtp({ﾂｷport:ﾂｷparseInt(e.target.value)ﾂｷ})`  prettier/prettier
276:31  Error: Replace `竢篠ｷﾂｷﾂｷﾂｷﾂｷﾂｷﾂｷﾂｷﾂｷﾂｷﾂｷﾂｷﾂｷﾂｷﾂｷﾂｷﾂｷﾂｷupdateSmtp({ﾂｷusername:ﾂｷe.target.valueﾂｷ})竢篠ｷﾂｷﾂｷﾂｷﾂｷﾂｷﾂｷﾂｷﾂｷﾂｷﾂｷﾂｷﾂｷﾂｷﾂｷﾂｷ` with `ﾂｷupdateSmtp({ﾂｷusername:ﾂｷe.target.valueﾂｷ})`  prettier/prettier
290:31  Error: Replace `竢篠ｷﾂｷﾂｷﾂｷﾂｷﾂｷﾂｷﾂｷﾂｷﾂｷﾂｷﾂｷﾂｷﾂｷﾂｷﾂｷﾂｷﾂｷupdateSmtp({ﾂｷpassword:ﾂｷe.target.valueﾂｷ})竢篠ｷﾂｷﾂｷﾂｷﾂｷﾂｷﾂｷﾂｷﾂｷﾂｷﾂｷﾂｷﾂｷﾂｷﾂｷﾂｷ` with `ﾂｷupdateSmtp({ﾂｷpassword:ﾂｷe.target.valueﾂｷ})`  prettier/prettier
303:31  Error: Replace `竢篠ｷﾂｷﾂｷﾂｷﾂｷﾂｷﾂｷﾂｷﾂｷﾂｷﾂｷﾂｷﾂｷﾂｷﾂｷﾂｷﾂｷﾂｷupdateSmtp({ﾂｷsecure:ﾂｷe.target.checkedﾂｷ})竢篠ｷﾂｷﾂｷﾂｷﾂｷﾂｷﾂｷﾂｷﾂｷﾂｷﾂｷﾂｷﾂｷﾂｷﾂｷﾂｷ` with `ﾂｷupdateSmtp({ﾂｷsecure:ﾂｷe.target.checkedﾂｷ})`  prettier/prettier
318:23  Error: Replace `"save-settings-button"` with `'save-settings-button'`  prettier/prettier

./src/components/admin/data-form-dialog.tsx
16:3  Error: 'Select' is defined but never used.  @typescript-eslint/no-unused-vars
17:3  Error: 'SelectContent' is defined but never used.  @typescript-eslint/no-unused-vars
18:3  Error: 'SelectItem' is defined but never used.  @typescript-eslint/no-unused-vars
19:3  Error: 'SelectTrigger' is defined but never used.  @typescript-eslint/no-unused-vars
20:3  Error: 'SelectValue' is defined but never used.  @typescript-eslint/no-unused-vars
87:13  Error: 'name' is assigned a value but never used.  @typescript-eslint/no-unused-vars
112:9  Error: Unexpected lexical declaration in case block.  no-case-declarations

./src/components/admin/data-management-settings.tsx
78:24  Error: Replace `initialData,ﾂｷclinicId` with `竢篠ｷﾂｷﾂｷﾂｷinitialData,竢篠ｷﾂｷﾂｷﾂｷclinicId竢篠ｷﾂｷﾂｷﾂｷﾂｷ`  prettier/prettier
79:5  Error: Insert `ﾂｷﾂｷﾂｷﾂｷﾂｷﾂｷ`  prettier/prettier
80:1  Error: Insert `ﾂｷﾂｷﾂｷﾂｷﾂｷﾂｷ`  prettier/prettier
81:1  Error: Replace `ﾂｷﾂｷﾂｷﾂｷ` with `ﾂｷﾂｷﾂｷﾂｷﾂｷﾂｷﾂｷﾂｷﾂｷﾂｷ`  prettier/prettier
82:3  Error: Replace `}ﾂｷ:ﾂｷundefined` with `ﾂｷﾂｷﾂｷﾂｷﾂｷﾂｷ}竢篠ｷﾂｷﾂｷﾂｷﾂｷﾂｷ:ﾂｷundefined竢篠ｷﾂｷ`  prettier/prettier
119:22  Error: Replace `"flexﾂｷitems-centerﾂｷjustify-centerﾂｷpy-12"` with `'flexﾂｷitems-centerﾂｷjustify-centerﾂｷpy-12'`  prettier/prettier
120:28  Error: Replace `"w-8ﾂｷh-8ﾂｷanimate-spinﾂｷtext-blue-500"` with `'w-8ﾂｷh-8ﾂｷanimate-spinﾂｷtext-blue-500'`  prettier/prettier
121:25  Error: Replace `"ml-2ﾂｷtext-gray-600"` with `'ml-2ﾂｷtext-gray-600'`  prettier/prettier
141:35  Error: 'type' is defined but never used. Allowed unused args must match /^_/u.  @typescript-eslint/no-unused-vars
154:57  Error: Replace `"error"` with `'error'`  prettier/prettier
157:64  Error: Replace `"success"` with `'success'`  prettier/prettier
174:29  Error: Replace `竢篠ｷﾂｷﾂｷﾂｷﾂｷﾂｷﾂｷﾂｷﾂｷﾂｷﾂｷﾂｷﾂｷﾂｷﾂｷﾂｷupdateImport({ﾂｷcsvEncoding:ﾂｷe.target.valueﾂｷ})竢篠ｷﾂｷﾂｷﾂｷﾂｷﾂｷﾂｷﾂｷﾂｷﾂｷﾂｷﾂｷﾂｷﾂｷ` with `ﾂｷupdateImport({ﾂｷcsvEncoding:ﾂｷe.target.valueﾂｷ})`  prettier/prettier
191:29  Error: Replace `竢篠ｷﾂｷﾂｷﾂｷﾂｷﾂｷﾂｷﾂｷﾂｷﾂｷﾂｷﾂｷﾂｷﾂｷﾂｷﾂｷupdateImport({ﾂｷdateFormat:ﾂｷe.target.valueﾂｷ})竢篠ｷﾂｷﾂｷﾂｷﾂｷﾂｷﾂｷﾂｷﾂｷﾂｷﾂｷﾂｷﾂｷﾂｷ` with `ﾂｷupdateImport({ﾂｷdateFormat:ﾂｷe.target.valueﾂｷ})`  prettier/prettier
209:29  Error: Replace `竢篠ｷﾂｷﾂｷﾂｷﾂｷﾂｷﾂｷﾂｷﾂｷﾂｷﾂｷﾂｷﾂｷﾂｷﾂｷﾂｷupdateImport({ﾂｷskipFirstRow:ﾂｷe.target.checkedﾂｷ})竢篠ｷﾂｷﾂｷﾂｷﾂｷﾂｷﾂｷﾂｷﾂｷﾂｷﾂｷﾂｷﾂｷﾂｷ` with `ﾂｷupdateImport({ﾂｷskipFirstRow:ﾂｷe.target.checkedﾂｷ})`  prettier/prettier
223:29  Error: Replace `竢篠ｷﾂｷﾂｷﾂｷﾂｷﾂｷﾂｷﾂｷﾂｷﾂｷﾂｷﾂｷﾂｷﾂｷﾂｷﾂｷupdateImport({ﾂｷvalidateData:ﾂｷe.target.checkedﾂｷ})竢篠ｷﾂｷﾂｷﾂｷﾂｷﾂｷﾂｷﾂｷﾂｷﾂｷﾂｷﾂｷﾂｷﾂｷ` with `ﾂｷupdateImport({ﾂｷvalidateData:ﾂｷe.target.checkedﾂｷ})`  prettier/prettier
264:31  Error: Replace `ﾂｷdefaultFormat:ﾂｷe.target.valueﾂｷasﾂｷ'csv'ﾂｷ|ﾂｷ'excel'ﾂｷ|ﾂｷ'pdf'` with `竢篠ｷﾂｷﾂｷﾂｷﾂｷﾂｷﾂｷﾂｷﾂｷﾂｷﾂｷﾂｷﾂｷﾂｷﾂｷﾂｷﾂｷﾂｷdefaultFormat:ﾂｷe.target.valueﾂｷasﾂｷ'csv'ﾂｷ|ﾂｷ'excel'ﾂｷ|ﾂｷ'pdf',竢篠ｷﾂｷﾂｷﾂｷﾂｷﾂｷﾂｷﾂｷﾂｷﾂｷﾂｷﾂｷﾂｷﾂｷﾂｷ`  prettier/prettier
280:29  Error: Replace `竢篠ｷﾂｷﾂｷﾂｷﾂｷﾂｷﾂｷﾂｷﾂｷﾂｷﾂｷﾂｷﾂｷﾂｷﾂｷﾂｷupdateExport({ﾂｷencoding:ﾂｷe.target.valueﾂｷ})竢篠ｷﾂｷﾂｷﾂｷﾂｷﾂｷﾂｷﾂｷﾂｷﾂｷﾂｷﾂｷﾂｷﾂｷ` with `ﾂｷupdateExport({ﾂｷencoding:ﾂｷe.target.valueﾂｷ})`  prettier/prettier
297:29  Error: Replace `竢篠ｷﾂｷﾂｷﾂｷﾂｷﾂｷﾂｷﾂｷﾂｷﾂｷﾂｷﾂｷﾂｷﾂｷﾂｷﾂｷupdateExport({ﾂｷdateFormat:ﾂｷe.target.valueﾂｷ})竢篠ｷﾂｷﾂｷﾂｷﾂｷﾂｷﾂｷﾂｷﾂｷﾂｷﾂｷﾂｷﾂｷﾂｷ` with `ﾂｷupdateExport({ﾂｷdateFormat:ﾂｷe.target.valueﾂｷ})`  prettier/prettier
331:29  Error: Replace `竢篠ｷﾂｷﾂｷﾂｷﾂｷﾂｷﾂｷﾂｷﾂｷﾂｷﾂｷﾂｷﾂｷﾂｷﾂｷﾂｷupdateExport({ﾂｷincludeHeaders:ﾂｷe.target.checkedﾂｷ})竢篠ｷﾂｷﾂｷﾂｷﾂｷﾂｷﾂｷﾂｷﾂｷﾂｷﾂｷﾂｷﾂｷﾂｷ` with `ﾂｷupdateExport({ﾂｷincludeHeaders:ﾂｷe.target.checkedﾂｷ})`  prettier/prettier

./src/components/admin/data-table.tsx
18:3  Error: 'SelectItem' is defined but never used.  @typescript-eslint/no-unused-vars
23:3  Error: 'Plus' is defined but never used.  @typescript-eslint/no-unused-vars
175:19  Error: Visible, non-interactive elements with click handlers must have at least one keyboard listener.  jsx-a11y/click-events-have-key-events
175:19  Error: Avoid non-native interactive elements. If using native HTML is not possible, add an appropriate role and support for tabbing, mouse, keyboard, and touch inputs to an interactive content element.  jsx-a11y/no-static-element-interactions

./src/components/admin/improved-table-editor.tsx
29:5  Error: 'filterState' is assigned a value but never used.  @typescript-eslint/no-unused-vars
100:7  Warning: Unexpected console statement.  no-console
122:9  Warning: Unexpected console statement.  no-console

./src/components/admin/insurance-billing-settings.tsx
8:9  Error: Replace `竢篠ｷﾂｷSave,竢篠ｷﾂｷFileText,竢篠ｷﾂｷCreditCard,竢篠ｷﾂｷSettings,竢篠ｷﾂｷLoader2,竢餐 with `ﾂｷSave,ﾂｷFileText,ﾂｷCreditCard,ﾂｷSettings,ﾂｷLoader2ﾂｷ`  prettier/prettier
54:6  Error: Replace `ﾂｷid:ﾂｷ'1',ﾂｷname:ﾂｷ'遉ｾ莨壻ｿ晞匱',ﾂｷcode:ﾂｷ'SHAKAI',ﾂｷisEnabled:ﾂｷtrue,ﾂｷcoPaymentRate:ﾂｷ30,ﾂｷmaxAmount:ﾂｷundefined` with `竢篠ｷﾂｷﾂｷﾂｷﾂｷﾂｷid:ﾂｷ'1',竢篠ｷﾂｷﾂｷﾂｷﾂｷﾂｷname:ﾂｷ'遉ｾ莨壻ｿ晞匱',竢篠ｷﾂｷﾂｷﾂｷﾂｷﾂｷcode:ﾂｷ'SHAKAI',竢篠ｷﾂｷﾂｷﾂｷﾂｷﾂｷisEnabled:ﾂｷtrue,竢篠ｷﾂｷﾂｷﾂｷﾂｷﾂｷcoPaymentRate:ﾂｷ30,竢篠ｷﾂｷﾂｷﾂｷﾂｷﾂｷmaxAmount:ﾂｷundefined,竢篠ｷﾂｷﾂｷ`  prettier/prettier
55:6  Error: Replace `ﾂｷid:ﾂｷ'2',ﾂｷname:ﾂｷ'蝗ｽ豌大▼蠎ｷ菫晞匱',ﾂｷcode:ﾂｷ'KOKUHO',ﾂｷisEnabled:ﾂｷtrue,ﾂｷcoPaymentRate:ﾂｷ30,ﾂｷmaxAmount:ﾂｷundefined` with `竢篠ｷﾂｷﾂｷﾂｷﾂｷﾂｷid:ﾂｷ'2',竢篠ｷﾂｷﾂｷﾂｷﾂｷﾂｷname:ﾂｷ'蝗ｽ豌大▼蠎ｷ菫晞匱',竢篠ｷﾂｷﾂｷﾂｷﾂｷﾂｷcode:ﾂｷ'KOKUHO',竢篠ｷﾂｷﾂｷﾂｷﾂｷﾂｷisEnabled:ﾂｷtrue,竢篠ｷﾂｷﾂｷﾂｷﾂｷﾂｷcoPaymentRate:ﾂｷ30,竢篠ｷﾂｷﾂｷﾂｷﾂｷﾂｷmaxAmount:ﾂｷundefined,竢篠ｷﾂｷﾂｷ`  prettier/prettier
56:6  Error: Replace `ﾂｷid:ﾂｷ'3',ﾂｷname:ﾂｷ'蜉ｴ轣ｽ菫晞匱',ﾂｷcode:ﾂｷ'ROUSAI',ﾂｷisEnabled:ﾂｷtrue,ﾂｷcoPaymentRate:ﾂｷ0,ﾂｷmaxAmount:ﾂｷundefined` with `竢篠ｷﾂｷﾂｷﾂｷﾂｷﾂｷid:ﾂｷ'3',竢篠ｷﾂｷﾂｷﾂｷﾂｷﾂｷname:ﾂｷ'蜉ｴ轣ｽ菫晞匱',竢篠ｷﾂｷﾂｷﾂｷﾂｷﾂｷcode:ﾂｷ'ROUSAI',竢篠ｷﾂｷﾂｷﾂｷﾂｷﾂｷisEnabled:ﾂｷtrue,竢篠ｷﾂｷﾂｷﾂｷﾂｷﾂｷcoPaymentRate:ﾂｷ0,竢篠ｷﾂｷﾂｷﾂｷﾂｷﾂｷmaxAmount:ﾂｷundefined,竢篠ｷﾂｷﾂｷ`  prettier/prettier
57:6  Error: Replace `ﾂｷid:ﾂｷ'4',ﾂｷname:ﾂｷ'莠､騾壻ｺ区腐・郁・雉雋ｬ・・,ﾂｷcode:ﾂｷ'JIBAI',ﾂｷisEnabled:ﾂｷtrue,ﾂｷcoPaymentRate:ﾂｷ0,ﾂｷmaxAmount:ﾂｷ120000` with `竢篠ｷﾂｷﾂｷﾂｷﾂｷﾂｷid:ﾂｷ'4',竢篠ｷﾂｷﾂｷﾂｷﾂｷﾂｷname:ﾂｷ'莠､騾壻ｺ区腐・郁・雉雋ｬ・・,竢篠ｷﾂｷﾂｷﾂｷﾂｷﾂｷcode:ﾂｷ'JIBAI',竢篠ｷﾂｷﾂｷﾂｷﾂｷﾂｷisEnabled:ﾂｷtrue,竢篠ｷﾂｷﾂｷﾂｷﾂｷﾂｷcoPaymentRate:ﾂｷ0,竢篠ｷﾂｷﾂｷﾂｷﾂｷﾂｷmaxAmount:ﾂｷ120000,竢篠ｷﾂｷﾂｷ`  prettier/prettier
58:6  Error: Replace `ﾂｷid:ﾂｷ'5',ﾂｷname:ﾂｷ'蠕梧悄鬮倬ｽ｢閠・現逋・,ﾂｷcode:ﾂｷ'KOUKI',ﾂｷisEnabled:ﾂｷtrue,ﾂｷcoPaymentRate:ﾂｷ10,ﾂｷmaxAmount:ﾂｷundefined` with `竢篠ｷﾂｷﾂｷﾂｷﾂｷﾂｷid:ﾂｷ'5',竢篠ｷﾂｷﾂｷﾂｷﾂｷﾂｷname:ﾂｷ'蠕梧悄鬮倬ｽ｢閠・現逋・,竢篠ｷﾂｷﾂｷﾂｷﾂｷﾂｷcode:ﾂｷ'KOUKI',竢篠ｷﾂｷﾂｷﾂｷﾂｷﾂｷisEnabled:ﾂｷtrue,竢篠ｷﾂｷﾂｷﾂｷﾂｷﾂｷcoPaymentRate:ﾂｷ10,竢篠ｷﾂｷﾂｷﾂｷﾂｷﾂｷmaxAmount:ﾂｷundefined,竢篠ｷﾂｷﾂｷ`  prettier/prettier
88:24  Error: Replace `initialData,ﾂｷclinicId` with `竢篠ｷﾂｷﾂｷﾂｷinitialData,竢篠ｷﾂｷﾂｷﾂｷclinicId竢篠ｷﾂｷﾂｷﾂｷﾂｷ`  prettier/prettier
89:5  Error: Insert `ﾂｷﾂｷﾂｷﾂｷﾂｷﾂｷ`  prettier/prettier
90:1  Error: Insert `ﾂｷﾂｷﾂｷﾂｷﾂｷﾂｷ`  prettier/prettier
91:1  Error: Replace `ﾂｷﾂｷﾂｷﾂｷ` with `ﾂｷﾂｷﾂｷﾂｷﾂｷﾂｷﾂｷﾂｷﾂｷﾂｷ`  prettier/prettier
92:1  Error: Replace `ﾂｷﾂｷ}ﾂｷ:ﾂｷundefined` with `ﾂｷﾂｷﾂｷﾂｷﾂｷﾂｷﾂｷﾂｷ}竢篠ｷﾂｷﾂｷﾂｷﾂｷﾂｷ:ﾂｷundefined竢篠ｷﾂｷ`  prettier/prettier
103:22  Error: Replace `"flexﾂｷitems-centerﾂｷjustify-centerﾂｷpy-12"` with `'flexﾂｷitems-centerﾂｷjustify-centerﾂｷpy-12'`  prettier/prettier
104:28  Error: Replace `"w-8ﾂｷh-8ﾂｷanimate-spinﾂｷtext-blue-500"` with `'w-8ﾂｷh-8ﾂｷanimate-spinﾂｷtext-blue-500'`  prettier/prettier
105:25  Error: Replace `"ml-2ﾂｷtext-gray-600"` with `'ml-2ﾂｷtext-gray-600'`  prettier/prettier
162:57  Error: Replace `"error"` with `'error'`  prettier/prettier
165:64  Error: Replace `"success"` with `'success'`  prettier/prettier
269:29  Error: Replace `竢篠ｷﾂｷﾂｷﾂｷﾂｷﾂｷﾂｷﾂｷﾂｷﾂｷﾂｷﾂｷﾂｷﾂｷﾂｷﾂｷupdateClinicInfo({ﾂｷdirectorName:ﾂｷe.target.valueﾂｷ})竢篠ｷﾂｷﾂｷﾂｷﾂｷﾂｷﾂｷﾂｷﾂｷﾂｷﾂｷﾂｷﾂｷﾂｷ` with `ﾂｷupdateClinicInfo({ﾂｷdirectorName:ﾂｷe.target.valueﾂｷ})`  prettier/prettier
293:29  Error: Replace `竢篠ｷﾂｷﾂｷﾂｷﾂｷﾂｷﾂｷﾂｷﾂｷﾂｷﾂｷﾂｷﾂｷﾂｷﾂｷﾂｷupdateClinicInfo({ﾂｷreceiptPhone:ﾂｷe.target.valueﾂｷ})竢篠ｷﾂｷﾂｷﾂｷﾂｷﾂｷﾂｷﾂｷﾂｷﾂｷﾂｷﾂｷﾂｷﾂｷ` with `ﾂｷupdateClinicInfo({ﾂｷreceiptPhone:ﾂｷe.target.valueﾂｷ})`  prettier/prettier
359:36  Error: Replace `ﾂｷreceiptStartNumber:ﾂｷparseInt(e.target.value)` with `竢篠ｷﾂｷﾂｷﾂｷﾂｷﾂｷﾂｷﾂｷﾂｷﾂｷﾂｷﾂｷﾂｷﾂｷﾂｷﾂｷﾂｷﾂｷﾂｷﾂｷﾂｷﾂｷreceiptStartNumber:ﾂｷparseInt(e.target.value),竢篠ｷﾂｷﾂｷﾂｷﾂｷﾂｷﾂｷﾂｷﾂｷﾂｷﾂｷﾂｷﾂｷﾂｷﾂｷﾂｷﾂｷﾂｷﾂｷ`  prettier/prettier

./src/components/admin/SecurityDashboard.tsx
32:3  Error: 'AlertTriangle' is defined but never used.  @typescript-eslint/no-unused-vars
45:3  Error: 'XCircle' is defined but never used.  @typescript-eslint/no-unused-vars
115:76  Error: Replace `null` with `竢篠ｷﾂｷﾂｷﾂｷnull竢篠ｷﾂｷ`  prettier/prettier
135:7  Warning: Unexpected console statement.  no-console
152:7  Warning: Unexpected console statement.  no-console
167:7  Warning: Unexpected console statement.  no-console
206:7  Warning: Unexpected console statement.  no-console
225:9  Error: Replace `(event)` with `event`  prettier/prettier
255:7  Warning: Unexpected console statement.  no-console
332:6  Warning: React Hook useEffect has a missing dependency: 'handleRefresh'. Either include it or remove the dependency array.  react-hooks/exhaustive-deps
475:53  Error: Replace `竢篠ｷﾂｷﾂｷﾂｷﾂｷﾂｷﾂｷﾂｷﾂｷﾂｷﾂｷﾂｷﾂｷﾂｷﾂｷﾂｷ繧ｻ繧ｭ繝･繝ｪ繝・ぅ繧､繝吶Φ繝遺庶ﾂｷﾂｷﾂｷﾂｷﾂｷﾂｷﾂｷﾂｷﾂｷﾂｷﾂｷﾂｷﾂｷﾂｷ` with `繧ｻ繧ｭ繝･繝ｪ繝・ぅ繧､繝吶Φ繝・  prettier/prettier
500:36  Error: Replace `(event)` with `event`  prettier/prettier
509:57  Error: Replace `{event.event_type}` with `竢篠ｷﾂｷﾂｷﾂｷﾂｷﾂｷﾂｷﾂｷﾂｷﾂｷﾂｷﾂｷﾂｷﾂｷﾂｷﾂｷﾂｷﾂｷﾂｷﾂｷﾂｷﾂｷﾂｷﾂｷﾂｷﾂｷﾂｷﾂｷ{event.event_type}竢篠ｷﾂｷﾂｷﾂｷﾂｷﾂｷﾂｷﾂｷﾂｷﾂｷﾂｷﾂｷﾂｷﾂｷﾂｷﾂｷﾂｷﾂｷﾂｷﾂｷﾂｷﾂｷﾂｷﾂｷﾂｷﾂｷ`  prettier/prettier
520:53  Error: Replace `{event.event_description}` with `竢篠ｷﾂｷﾂｷﾂｷﾂｷﾂｷﾂｷﾂｷﾂｷﾂｷﾂｷﾂｷﾂｷﾂｷﾂｷﾂｷﾂｷﾂｷﾂｷﾂｷﾂｷﾂｷﾂｷﾂｷﾂｷﾂｷ{event.event_description}竢篠ｷﾂｷﾂｷﾂｷﾂｷﾂｷﾂｷﾂｷﾂｷﾂｷﾂｷﾂｷﾂｷﾂｷﾂｷﾂｷﾂｷﾂｷﾂｷﾂｷﾂｷﾂｷﾂｷﾂｷ`  prettier/prettier
592:36  Error: Replace `(session)` with `session`  prettier/prettier
660:25  Error: Replace `ﾂｷkey={type}ﾂｷclassName='flexﾂｷitems-centerﾂｷjustify-between'` with `竢篠ｷﾂｷﾂｷﾂｷﾂｷﾂｷﾂｷﾂｷﾂｷﾂｷﾂｷﾂｷﾂｷﾂｷﾂｷﾂｷﾂｷﾂｷﾂｷﾂｷﾂｷﾂｷkey={type}竢篠ｷﾂｷﾂｷﾂｷﾂｷﾂｷﾂｷﾂｷﾂｷﾂｷﾂｷﾂｷﾂｷﾂｷﾂｷﾂｷﾂｷﾂｷﾂｷﾂｷﾂｷﾂｷclassName='flexﾂｷitems-centerﾂｷjustify-between'竢篠ｷﾂｷﾂｷﾂｷﾂｷﾂｷﾂｷﾂｷﾂｷﾂｷﾂｷﾂｷﾂｷﾂｷﾂｷﾂｷﾂｷﾂｷﾂｷﾂｷ`  prettier/prettier
686:52  Error: Replace `(item)` with `item`  prettier/prettier
750:27  Error: Replace `(e)` with `e`  prettier/prettier

./src/components/admin/services-pricing-settings.tsx
6:9  Error: Replace `ﾂｷSave,ﾂｷPlus,ﾂｷEdit,ﾂｷTrash2,ﾂｷClock,ﾂｷPackage,ﾂｷTicket,ﾂｷLoader2ﾂｷ` with `竢篠ｷﾂｷSave,竢篠ｷﾂｷPlus,竢篠ｷﾂｷEdit,竢篠ｷﾂｷTrash2,竢篠ｷﾂｷClock,竢篠ｷﾂｷPackage,竢篠ｷﾂｷTicket,竢篠ｷﾂｷLoader2,竢餐  prettier/prettier
118:24  Error: Replace `initialData,ﾂｷclinicId` with `竢篠ｷﾂｷﾂｷﾂｷinitialData,竢篠ｷﾂｷﾂｷﾂｷclinicId竢篠ｷﾂｷﾂｷﾂｷﾂｷ`  prettier/prettier
119:1  Error: Replace `ﾂｷﾂｷﾂｷﾂｷ` with `ﾂｷﾂｷﾂｷﾂｷﾂｷﾂｷﾂｷﾂｷﾂｷﾂｷ`  prettier/prettier
120:1  Error: Replace `ﾂｷﾂｷﾂｷﾂｷ` with `ﾂｷﾂｷﾂｷﾂｷﾂｷﾂｷﾂｷﾂｷﾂｷﾂｷ`  prettier/prettier
121:5  Error: Insert `ﾂｷﾂｷﾂｷﾂｷﾂｷﾂｷ`  prettier/prettier
122:3  Error: Replace `}ﾂｷ:ﾂｷundefined` with `ﾂｷﾂｷﾂｷﾂｷﾂｷﾂｷ}竢篠ｷﾂｷﾂｷﾂｷﾂｷﾂｷ:ﾂｷundefined竢篠ｷﾂｷ`  prettier/prettier
140:22  Error: Replace `"flexﾂｷitems-centerﾂｷjustify-centerﾂｷpy-12"` with `'flexﾂｷitems-centerﾂｷjustify-centerﾂｷpy-12'`  prettier/prettier
141:28  Error: Replace `"w-8ﾂｷh-8ﾂｷanimate-spinﾂｷtext-blue-500"` with `'w-8ﾂｷh-8ﾂｷanimate-spinﾂｷtext-blue-500'`  prettier/prettier
142:25  Error: Replace `"ml-2ﾂｷtext-gray-600"` with `'ml-2ﾂｷtext-gray-600'`  prettier/prettier
186:57  Error: Replace `"error"` with `'error'`  prettier/prettier
189:64  Error: Replace `"success"` with `'success'`  prettier/prettier

./src/components/admin/system-settings.tsx
86:24  Error: Replace `initialSecurityData,ﾂｷclinicId` with `竢篠ｷﾂｷﾂｷﾂｷinitialSecurityData,竢篠ｷﾂｷﾂｷﾂｷclinicId竢篠ｷﾂｷﾂｷﾂｷﾂｷ`  prettier/prettier
87:1  Error: Insert `ﾂｷﾂｷﾂｷﾂｷﾂｷﾂｷ`  prettier/prettier
88:5  Error: Insert `ﾂｷﾂｷﾂｷﾂｷﾂｷﾂｷ`  prettier/prettier
89:5  Error: Insert `ﾂｷﾂｷﾂｷﾂｷﾂｷﾂｷ`  prettier/prettier
90:1  Error: Replace `ﾂｷﾂｷ}ﾂｷ:ﾂｷundefined` with `ﾂｷﾂｷﾂｷﾂｷﾂｷﾂｷﾂｷﾂｷ}竢篠ｷﾂｷﾂｷﾂｷﾂｷﾂｷ:ﾂｷundefined竢篠ｷﾂｷ`  prettier/prettier
104:22  Error: Replace `"flexﾂｷitems-centerﾂｷjustify-centerﾂｷpy-12"` with `'flexﾂｷitems-centerﾂｷjustify-centerﾂｷpy-12'`  prettier/prettier
105:28  Error: Replace `"w-8ﾂｷh-8ﾂｷanimate-spinﾂｷtext-blue-500"` with `'w-8ﾂｷh-8ﾂｷanimate-spinﾂｷtext-blue-500'`  prettier/prettier
106:25  Error: Replace `"ml-2ﾂｷtext-gray-600"` with `'ml-2ﾂｷtext-gray-600'`  prettier/prettier
137:57  Error: Replace `"error"` with `'error'`  prettier/prettier
140:64  Error: Replace `"success"` with `'success'`  prettier/prettier
211:23  Error: Replace `ﾂｷhtmlFor='password-min-length'ﾂｷclassName='blockﾂｷtext-smﾂｷtext-gray-700ﾂｷmb-1'` with `竢篠ｷﾂｷﾂｷﾂｷﾂｷﾂｷﾂｷﾂｷﾂｷﾂｷﾂｷﾂｷﾂｷﾂｷﾂｷﾂｷﾂｷﾂｷhtmlFor='password-min-length'竢篠ｷﾂｷﾂｷﾂｷﾂｷﾂｷﾂｷﾂｷﾂｷﾂｷﾂｷﾂｷﾂｷﾂｷﾂｷﾂｷﾂｷﾂｷclassName='blockﾂｷtext-smﾂｷtext-gray-700ﾂｷmb-1'竢篠ｷﾂｷﾂｷﾂｷﾂｷﾂｷﾂｷﾂｷﾂｷﾂｷﾂｷﾂｷﾂｷﾂｷﾂｷﾂｷ`  prettier/prettier
219:43  Error: Replace `ﾂｷminLength:ﾂｷparseInt(e.target.value)` with `竢篠ｷﾂｷﾂｷﾂｷﾂｷﾂｷﾂｷﾂｷﾂｷﾂｷﾂｷﾂｷﾂｷﾂｷﾂｷﾂｷﾂｷﾂｷﾂｷﾂｷﾂｷﾂｷminLength:ﾂｷparseInt(e.target.value),竢篠ｷﾂｷﾂｷﾂｷﾂｷﾂｷﾂｷﾂｷﾂｷﾂｷﾂｷﾂｷﾂｷﾂｷﾂｷﾂｷﾂｷﾂｷﾂｷ`  prettier/prettier
234:43  Error: Replace `ﾂｷexpiryDays:ﾂｷparseInt(e.target.value)` with `竢篠ｷﾂｷﾂｷﾂｷﾂｷﾂｷﾂｷﾂｷﾂｷﾂｷﾂｷﾂｷﾂｷﾂｷﾂｷﾂｷﾂｷﾂｷﾂｷﾂｷﾂｷﾂｷexpiryDays:ﾂｷparseInt(e.target.value),竢篠ｷﾂｷﾂｷﾂｷﾂｷﾂｷﾂｷﾂｷﾂｷﾂｷﾂｷﾂｷﾂｷﾂｷﾂｷﾂｷﾂｷﾂｷﾂｷ`  prettier/prettier
292:31  Error: Replace `"session-timeout-input"` with `'session-timeout-input'`  prettier/prettier
326:37  Error: Replace `ﾂｷlockoutDuration:ﾂｷparseInt(e.target.value)` with `竢篠ｷﾂｷﾂｷﾂｷﾂｷﾂｷﾂｷﾂｷﾂｷﾂｷﾂｷﾂｷﾂｷﾂｷﾂｷﾂｷﾂｷﾂｷﾂｷﾂｷﾂｷﾂｷlockoutDuration:ﾂｷparseInt(e.target.value),竢篠ｷﾂｷﾂｷﾂｷﾂｷﾂｷﾂｷﾂｷﾂｷﾂｷﾂｷﾂｷﾂｷﾂｷﾂｷﾂｷﾂｷﾂｷﾂｷ`  prettier/prettier
337:29  Error: Replace `"2fa-toggle"` with `'2fa-toggle'`  prettier/prettier
367:31  Error: Replace `竢篠ｷﾂｷﾂｷﾂｷﾂｷﾂｷﾂｷﾂｷﾂｷﾂｷﾂｷﾂｷﾂｷﾂｷﾂｷﾂｷﾂｷﾂｷupdateBackup({ﾂｷautoBackup:ﾂｷe.target.checkedﾂｷ})竢篠ｷﾂｷﾂｷﾂｷﾂｷﾂｷﾂｷﾂｷﾂｷﾂｷﾂｷﾂｷﾂｷﾂｷﾂｷﾂｷ` with `ﾂｷupdateBackup({ﾂｷautoBackup:ﾂｷe.target.checkedﾂｷ})`  prettier/prettier
408:35  Error: Replace `竢篠ｷﾂｷﾂｷﾂｷﾂｷﾂｷﾂｷﾂｷﾂｷﾂｷﾂｷﾂｷﾂｷﾂｷﾂｷﾂｷﾂｷﾂｷﾂｷﾂｷﾂｷﾂｷupdateBackup({ﾂｷbackupTime:ﾂｷe.target.valueﾂｷ})竢篠ｷﾂｷﾂｷﾂｷﾂｷﾂｷﾂｷﾂｷﾂｷﾂｷﾂｷﾂｷﾂｷﾂｷﾂｷﾂｷﾂｷﾂｷﾂｷﾂｷ` with `ﾂｷupdateBackup({ﾂｷbackupTime:ﾂｷe.target.valueﾂｷ})`  prettier/prettier
437:31  Error: Replace `竢篠ｷﾂｷﾂｷﾂｷﾂｷﾂｷﾂｷﾂｷﾂｷﾂｷﾂｷﾂｷﾂｷﾂｷﾂｷﾂｷﾂｷﾂｷupdateBackup({ﾂｷcloudStorage:ﾂｷe.target.checkedﾂｷ})竢篠ｷﾂｷﾂｷﾂｷﾂｷﾂｷﾂｷﾂｷﾂｷﾂｷﾂｷﾂｷﾂｷﾂｷﾂｷﾂｷ` with `ﾂｷupdateBackup({ﾂｷcloudStorage:ﾂｷe.target.checkedﾂｷ})`  prettier/prettier
480:40  Error: Replace `ﾂｷ?ﾂｷ'繝舌ャ繧ｯ繧｢繝・・荳ｭ...'` with `竢篠ｷﾂｷﾂｷﾂｷﾂｷﾂｷﾂｷﾂｷﾂｷﾂｷﾂｷﾂｷﾂｷﾂｷﾂｷﾂｷﾂｷﾂｷ?ﾂｷ'繝舌ャ繧ｯ繧｢繝・・荳ｭ...'竢篠ｷﾂｷﾂｷﾂｷﾂｷﾂｷﾂｷﾂｷﾂｷﾂｷﾂｷﾂｷﾂｷﾂｷﾂｷﾂｷﾂｷ`  prettier/prettier
496:23  Error: Replace `"save-settings-button"` with `'save-settings-button'`  prettier/prettier

./src/components/chat/chat-interface.tsx
39:25  Warning: Unexpected console statement.  no-console

./src/components/examples/design-system-showcase.tsx
5:9  Error: Replace `ﾂｷCard,ﾂｷCardHeader,ﾂｷCardTitle,ﾂｷCardDescription,ﾂｷCardContentﾂｷ` with `竢篠ｷﾂｷCard,竢篠ｷﾂｷCardHeader,竢篠ｷﾂｷCardTitle,竢篠ｷﾂｷCardDescription,竢篠ｷﾂｷCardContent,竢餐  prettier/prettier
26:20  Error: Replace `"p-6ﾂｷspace-y-8"` with `'p-6ﾂｷspace-y-8'`  prettier/prettier
28:15  Error: Replace `"繝・じ繧､繝ｳ繧ｷ繧ｹ繝・Β繧ｷ繝ｧ繝ｼ繧ｱ繝ｼ繧ｹ"` with `'繝・じ繧､繝ｳ繧ｷ繧ｹ繝・Β繧ｷ繝ｧ繝ｼ繧ｱ繝ｼ繧ｹ'`  prettier/prettier
29:21  Error: Replace `"AtlassianﾂｷDesignﾂｷSystem貅匁侠縺ｮ蛹ｻ逋ら音蛹剖I繧ｳ繝ｳ繝昴・繝阪Φ繝・` with `'AtlassianﾂｷDesignﾂｷSystem貅匁侠縺ｮ蛹ｻ逋ら音蛹剖I繧ｳ繝ｳ繝昴・繝阪Φ繝・`  prettier/prettier
30:17  Error: Replace `"medical"` with `'medical'`  prettier/prettier
33:32  Error: Insert `,`  prettier/prettier
35:18  Error: Replace `竢篠ｷﾂｷﾂｷﾂｷﾂｷﾂｷﾂｷﾂｷﾂｷﾂｷ<Buttonﾂｷvariant="medical-primary">竢篠ｷﾂｷﾂｷﾂｷﾂｷﾂｷﾂｷﾂｷﾂｷﾂｷﾂｷﾂｷ繧ｳ繝ｳ繝昴・繝阪Φ繝郁ｿｽ蜉竢篠ｷﾂｷﾂｷﾂｷﾂｷﾂｷﾂｷﾂｷﾂｷﾂｷ</Button>竢篠ｷﾂｷﾂｷﾂｷﾂｷﾂｷﾂｷﾂｷ` with `<Buttonﾂｷvariant='medical-primary'>繧ｳ繝ｳ繝昴・繝阪Φ繝郁ｿｽ蜉</Button>`  prettier/prettier
45:16  Error: Replace `"emergency"` with `'emergency'`  prettier/prettier
46:17  Error: Replace `"繝・じ繧､繝ｳ繧ｷ繧ｹ繝・Β譖ｴ譁ｰ螳御ｺ・` with `'繝・じ繧､繝ｳ繧ｷ繧ｹ繝・Β譖ｴ譁ｰ螳御ｺ・`  prettier/prettier
47:23  Error: Replace `"AtlassianﾂｷDesignﾂｷSystem貅匁侠縺ｮ蛹ｻ逋ら音蛹悶さ繝ｳ繝昴・繝阪Φ繝医′蛻ｩ逕ｨ蜿ｯ閭ｽ縺ｫ縺ｪ繧翫∪縺励◆"` with `'AtlassianﾂｷDesignﾂｷSystem貅匁侠縺ｮ蛹ｻ逋ら音蛹悶さ繝ｳ繝昴・繝阪Φ繝医′蛻ｩ逕ｨ蜿ｯ閭ｽ縺ｫ縺ｪ繧翫∪縺励◆'`  prettier/prettier
51:30  Warning: Unexpected console statement.  no-console
63:22  Error: Replace `"border-bﾂｷborder-gray-200"` with `'border-bﾂｷborder-gray-200'`  prettier/prettier
64:24  Error: Replace `"-mb-pxﾂｷflexﾂｷspace-x-8"` with `'-mb-pxﾂｷflexﾂｷspace-x-8'`  prettier/prettier
65:21  Error: Replace `(tab)` with `tab`  prettier/prettier
83:24  Error: Replace `"space-y-6"` with `'space-y-6'`  prettier/prettier
84:25  Error: Replace `"text-xlﾂｷfont-semibold"` with `'text-xlﾂｷfont-semibold'`  prettier/prettier
85:1  Error: Delete `ﾂｷﾂｷﾂｷﾂｷﾂｷﾂｷﾂｷﾂｷﾂｷﾂｷ`  prettier/prettier
86:26  Error: Replace `"space-y-4"` with `'space-y-4'`  prettier/prettier
87:27  Error: Replace `"text-lgﾂｷfont-medium"` with `'text-lgﾂｷfont-medium'`  prettier/prettier
88:28  Error: Replace `"flexﾂｷflex-wrapﾂｷgap-4"` with `'flexﾂｷflex-wrapﾂｷgap-4'`  prettier/prettier
89:31  Error: Replace `"medical-primary"` with `'medical-primary'`  prettier/prettier
90:31  Error: Replace `"medical-urgent"ﾂｷpriority="urgent">邱頑･蟇ｾ蠢彖 with `'medical-urgent'ﾂｷpriority='urgent'>竢篠ｷﾂｷﾂｷﾂｷﾂｷﾂｷﾂｷﾂｷﾂｷﾂｷﾂｷﾂｷﾂｷﾂｷﾂｷﾂｷ邱頑･蟇ｾ蠢懌庶ﾂｷﾂｷﾂｷﾂｷﾂｷﾂｷﾂｷﾂｷﾂｷﾂｷﾂｷﾂｷﾂｷﾂｷ`  prettier/prettier
91:31  Error: Replace `"medical-success"` with `'medical-success'`  prettier/prettier
92:31  Error: Replace `"medical-safety"` with `'medical-safety'`  prettier/prettier
93:31  Error: Replace `"medical-caution"` with `'medical-caution'`  prettier/prettier
94:31  Error: Replace `"medical-neutral"` with `'medical-neutral'`  prettier/prettier
98:26  Error: Replace `"space-y-4"` with `'space-y-4'`  prettier/prettier
99:27  Error: Replace `"text-lgﾂｷfont-medium"` with `'text-lgﾂｷfont-medium'`  prettier/prettier
100:28  Error: Replace `"flexﾂｷflex-wrapﾂｷgap-4"` with `'flexﾂｷflex-wrapﾂｷgap-4'`  prettier/prettier
101:31  Error: Replace `"admin-primary"ﾂｷrole="admin">邂｡逅・・・繝ｩ繧､繝槭Μ繝ｼ` with `'admin-primary'ﾂｷrole='admin'>竢篠ｷﾂｷﾂｷﾂｷﾂｷﾂｷﾂｷﾂｷﾂｷﾂｷﾂｷﾂｷﾂｷﾂｷﾂｷﾂｷ邂｡逅・・・繝ｩ繧､繝槭Μ繝ｼ竢篠ｷﾂｷﾂｷﾂｷﾂｷﾂｷﾂｷﾂｷﾂｷﾂｷﾂｷﾂｷﾂｷﾂｷ`  prettier/prettier
101:47  Error: Elements with ARIA roles must use a valid, non-abstract ARIA role.  jsx-a11y/aria-role
102:31  Error: Replace `"admin-secondary"ﾂｷrole="admin">邂｡逅・・そ繧ｫ繝ｳ繝繝ｪ繝ｼ` with `'admin-secondary'ﾂｷrole='admin'>竢篠ｷﾂｷﾂｷﾂｷﾂｷﾂｷﾂｷﾂｷﾂｷﾂｷﾂｷﾂｷﾂｷﾂｷﾂｷﾂｷ邂｡逅・・そ繧ｫ繝ｳ繝繝ｪ繝ｼ竢篠ｷﾂｷﾂｷﾂｷﾂｷﾂｷﾂｷﾂｷﾂｷﾂｷﾂｷﾂｷﾂｷﾂｷ`  prettier/prettier
102:49  Error: Elements with ARIA roles must use a valid, non-abstract ARIA role.  jsx-a11y/aria-role
103:31  Error: Replace `"patient-primary"ﾂｷrole="patient">謔｣閠・髄縺代・繝ｩ繧､繝槭Μ繝ｼ` with `'patient-primary'ﾂｷrole='patient'>竢篠ｷﾂｷﾂｷﾂｷﾂｷﾂｷﾂｷﾂｷﾂｷﾂｷﾂｷﾂｷﾂｷﾂｷﾂｷﾂｷ謔｣閠・髄縺代・繝ｩ繧､繝槭Μ繝ｼ竢篠ｷﾂｷﾂｷﾂｷﾂｷﾂｷﾂｷﾂｷﾂｷﾂｷﾂｷﾂｷﾂｷﾂｷ`  prettier/prettier
103:49  Error: Elements with ARIA roles must use a valid, non-abstract ARIA role.  jsx-a11y/aria-role
104:31  Error: Replace `"patient-gentle"ﾂｷrole="patient">謔｣閠・髄縺大━縺励＞` with `'patient-gentle'ﾂｷrole='patient'>竢篠ｷﾂｷﾂｷﾂｷﾂｷﾂｷﾂｷﾂｷﾂｷﾂｷﾂｷﾂｷﾂｷﾂｷﾂｷﾂｷ謔｣閠・髄縺大━縺励＞竢篠ｷﾂｷﾂｷﾂｷﾂｷﾂｷﾂｷﾂｷﾂｷﾂｷﾂｷﾂｷﾂｷﾂｷ`  prettier/prettier
104:48  Error: Elements with ARIA roles must use a valid, non-abstract ARIA role.  jsx-a11y/aria-role
108:26  Error: Replace `"space-y-4"` with `'space-y-4'`  prettier/prettier
109:27  Error: Replace `"text-lgﾂｷfont-medium"` with `'text-lgﾂｷfont-medium'`  prettier/prettier
110:28  Error: Replace `"flexﾂｷflex-wrapﾂｷitems-centerﾂｷgap-4"` with `'flexﾂｷflex-wrapﾂｷitems-centerﾂｷgap-4'`  prettier/prettier
111:31  Error: Replace `"medical-primary"ﾂｷsize="sm">蟆汁 with `'medical-primary'ﾂｷsize='sm'>竢篠ｷﾂｷﾂｷﾂｷﾂｷﾂｷﾂｷﾂｷﾂｷﾂｷﾂｷﾂｷﾂｷﾂｷﾂｷﾂｷ蟆鞘庶ﾂｷﾂｷﾂｷﾂｷﾂｷﾂｷﾂｷﾂｷﾂｷﾂｷﾂｷﾂｷﾂｷﾂｷ`  prettier/prettier
112:31  Error: Replace `"medical-primary"ﾂｷsize="default">讓呎ｺ冒 with `'medical-primary'ﾂｷsize='default'>竢篠ｷﾂｷﾂｷﾂｷﾂｷﾂｷﾂｷﾂｷﾂｷﾂｷﾂｷﾂｷﾂｷﾂｷﾂｷﾂｷ讓呎ｺ問庶ﾂｷﾂｷﾂｷﾂｷﾂｷﾂｷﾂｷﾂｷﾂｷﾂｷﾂｷﾂｷﾂｷﾂｷ`  prettier/prettier
113:31  Error: Replace `"medical-primary"ﾂｷsize="lg">螟ｧ` with `'medical-primary'ﾂｷsize='lg'>竢篠ｷﾂｷﾂｷﾂｷﾂｷﾂｷﾂｷﾂｷﾂｷﾂｷﾂｷﾂｷﾂｷﾂｷﾂｷﾂｷ螟ｧ竢篠ｷﾂｷﾂｷﾂｷﾂｷﾂｷﾂｷﾂｷﾂｷﾂｷﾂｷﾂｷﾂｷﾂｷ`  prettier/prettier
114:31  Error: Replace `"medical-primary"ﾂｷsize="touch">繧ｿ繝・メ` with `'medical-primary'ﾂｷsize='touch'>竢篠ｷﾂｷﾂｷﾂｷﾂｷﾂｷﾂｷﾂｷﾂｷﾂｷﾂｷﾂｷﾂｷﾂｷﾂｷﾂｷ繧ｿ繝・メ竢篠ｷﾂｷﾂｷﾂｷﾂｷﾂｷﾂｷﾂｷﾂｷﾂｷﾂｷﾂｷﾂｷﾂｷ`  prettier/prettier
115:31  Error: Replace `"medical-primary"ﾂｷsize="clinical">險ｺ逋ら畑` with `'medical-primary'ﾂｷsize='clinical'>竢篠ｷﾂｷﾂｷﾂｷﾂｷﾂｷﾂｷﾂｷﾂｷﾂｷﾂｷﾂｷﾂｷﾂｷﾂｷﾂｷ險ｺ逋ら畑竢篠ｷﾂｷﾂｷﾂｷﾂｷﾂｷﾂｷﾂｷﾂｷﾂｷﾂｷﾂｷﾂｷﾂｷ`  prettier/prettier
116:22  Error: Replace `ﾂｷvariant="medical-urgent"ﾂｷsize="emergency"ﾂｷpriority="urgent">邱頑･` with `竢篠ｷﾂｷﾂｷﾂｷﾂｷﾂｷﾂｷﾂｷﾂｷﾂｷﾂｷﾂｷﾂｷﾂｷﾂｷﾂｷvariant='medical-urgent'竢篠ｷﾂｷﾂｷﾂｷﾂｷﾂｷﾂｷﾂｷﾂｷﾂｷﾂｷﾂｷﾂｷﾂｷﾂｷﾂｷsize='emergency'竢篠ｷﾂｷﾂｷﾂｷﾂｷﾂｷﾂｷﾂｷﾂｷﾂｷﾂｷﾂｷﾂｷﾂｷﾂｷﾂｷpriority='urgent'竢篠ｷﾂｷﾂｷﾂｷﾂｷﾂｷﾂｷﾂｷﾂｷﾂｷﾂｷﾂｷﾂｷﾂｷ>竢篠ｷﾂｷﾂｷﾂｷﾂｷﾂｷﾂｷﾂｷﾂｷﾂｷﾂｷﾂｷﾂｷﾂｷﾂｷﾂｷ邱頑･竢篠ｷﾂｷﾂｷﾂｷﾂｷﾂｷﾂｷﾂｷﾂｷﾂｷﾂｷﾂｷﾂｷﾂｷ`  prettier/prettier
124:24  Error: Replace `"space-y-6"` with `'space-y-6'`  prettier/prettier
125:25  Error: Replace `"text-xlﾂｷfont-semibold"` with `'text-xlﾂｷfont-semibold'`  prettier/prettier
126:1  Error: Delete `ﾂｷﾂｷﾂｷﾂｷﾂｷﾂｷﾂｷﾂｷﾂｷﾂｷ`  prettier/prettier
127:26  Error: Replace `"gridﾂｷgrid-cols-1ﾂｷmd:grid-cols-2ﾂｷlg:grid-cols-3ﾂｷgap-6"` with `'gridﾂｷgrid-cols-1ﾂｷmd:grid-cols-2ﾂｷlg:grid-cols-3ﾂｷgap-6'`  prettier/prettier
128:27  Error: Replace `"medical"` with `'medical'`  prettier/prettier
136:27  Error: Replace `"emergency"ﾂｷpriority="urgent"` with `'emergency'ﾂｷpriority='urgent'`  prettier/prettier
144:27  Error: Replace `"admin"ﾂｷelevation="high"` with `'admin'ﾂｷelevation='high'`  prettier/prettier
152:27  Error: Replace `"patient"` with `'patient'`  prettier/prettier
160:27  Error: Replace `"clinical"` with `'clinical'`  prettier/prettier
168:27  Error: Replace `"security"ﾂｷpriority="high"` with `'security'ﾂｷpriority='high'`  prettier/prettier
181:24  Error: Replace `"space-y-6"` with `'space-y-6'`  prettier/prettier
182:25  Error: Replace `"text-xlﾂｷfont-semibold"` with `'text-xlﾂｷfont-semibold'`  prettier/prettier
183:1  Error: Delete `ﾂｷﾂｷﾂｷﾂｷﾂｷﾂｷﾂｷﾂｷﾂｷﾂｷ`  prettier/prettier
184:26  Error: Replace `"gridﾂｷgrid-cols-1ﾂｷmd:grid-cols-2ﾂｷgap-6"` with `'gridﾂｷgrid-cols-1ﾂｷmd:grid-cols-2ﾂｷgap-6'`  prettier/prettier
185:28  Error: Replace `"space-y-4"` with `'space-y-4'`  prettier/prettier
186:29  Error: Replace `"text-lgﾂｷfont-medium"` with `'text-lgﾂｷfont-medium'`  prettier/prettier
187:30  Error: Replace `"space-y-3"` with `'space-y-3'`  prettier/prettier
188:32  Error: Replace `"medical"ﾂｷplaceholder="蛹ｻ逋よュ蝣ｱ蜈･蜉・` with `'medical'ﾂｷplaceholder='蛹ｻ逋よュ蝣ｱ蜈･蜉・`  prettier/prettier
189:32  Error: Replace `"patient"ﾂｷplaceholder="謔｣閠・ュ蝣ｱ蜈･蜉・` with `'patient'ﾂｷplaceholder='謔｣閠・ュ蝣ｱ蜈･蜉・`  prettier/prettier
190:32  Error: Replace `"admin"ﾂｷplaceholder="邂｡逅・・・蜉・` with `'admin'ﾂｷplaceholder='邂｡逅・・・蜉・`  prettier/prettier
191:32  Error: Replace `"clinical"ﾂｷplaceholder="險ｺ逋りｨ倬鹸蜈･蜉・` with `'clinical'ﾂｷplaceholder='險ｺ逋りｨ倬鹸蜈･蜉・`  prettier/prettier
192:32  Error: Replace `"emergency"ﾂｷplaceholder="邱頑･譎ょ・蜉・` with `'emergency'ﾂｷplaceholder='邱頑･譎ょ・蜉・`  prettier/prettier
193:32  Error: Replace `"search"ﾂｷplaceholder="讀懃ｴ｢..."` with `'search'ﾂｷplaceholder='讀懃ｴ｢...'`  prettier/prettier
197:28  Error: Replace `"space-y-4"` with `'space-y-4'`  prettier/prettier
198:29  Error: Replace `"text-lgﾂｷfont-medium"` with `'text-lgﾂｷfont-medium'`  prettier/prettier
199:30  Error: Replace `"space-y-3"` with `'space-y-3'`  prettier/prettier
200:23  Error: Replace `ﾂｷvariant="medical"ﾂｷstate="default"ﾂｷplaceholder="騾壼ｸｸ迥ｶ諷・` with `竢篠ｷﾂｷﾂｷﾂｷﾂｷﾂｷﾂｷﾂｷﾂｷﾂｷﾂｷﾂｷﾂｷﾂｷﾂｷﾂｷﾂｷﾂｷvariant='medical'竢篠ｷﾂｷﾂｷﾂｷﾂｷﾂｷﾂｷﾂｷﾂｷﾂｷﾂｷﾂｷﾂｷﾂｷﾂｷﾂｷﾂｷﾂｷstate='default'竢篠ｷﾂｷﾂｷﾂｷﾂｷﾂｷﾂｷﾂｷﾂｷﾂｷﾂｷﾂｷﾂｷﾂｷﾂｷﾂｷﾂｷﾂｷplaceholder='騾壼ｸｸ迥ｶ諷・竢篠ｷﾂｷﾂｷﾂｷﾂｷﾂｷﾂｷﾂｷﾂｷﾂｷﾂｷﾂｷﾂｷﾂｷﾂｷ`  prettier/prettier
201:23  Error: Replace `ﾂｷvariant="medical"ﾂｷstate="success"ﾂｷplaceholder="謌仙粥迥ｶ諷・` with `竢篠ｷﾂｷﾂｷﾂｷﾂｷﾂｷﾂｷﾂｷﾂｷﾂｷﾂｷﾂｷﾂｷﾂｷﾂｷﾂｷﾂｷﾂｷvariant='medical'竢篠ｷﾂｷﾂｷﾂｷﾂｷﾂｷﾂｷﾂｷﾂｷﾂｷﾂｷﾂｷﾂｷﾂｷﾂｷﾂｷﾂｷﾂｷstate='success'竢篠ｷﾂｷﾂｷﾂｷﾂｷﾂｷﾂｷﾂｷﾂｷﾂｷﾂｷﾂｷﾂｷﾂｷﾂｷﾂｷﾂｷﾂｷplaceholder='謌仙粥迥ｶ諷・竢篠ｷﾂｷﾂｷﾂｷﾂｷﾂｷﾂｷﾂｷﾂｷﾂｷﾂｷﾂｷﾂｷﾂｷﾂｷ`  prettier/prettier
202:23  Error: Replace `ﾂｷvariant="medical"ﾂｷstate="warning"ﾂｷplaceholder="隴ｦ蜻顔憾諷・` with `竢篠ｷﾂｷﾂｷﾂｷﾂｷﾂｷﾂｷﾂｷﾂｷﾂｷﾂｷﾂｷﾂｷﾂｷﾂｷﾂｷﾂｷﾂｷvariant='medical'竢篠ｷﾂｷﾂｷﾂｷﾂｷﾂｷﾂｷﾂｷﾂｷﾂｷﾂｷﾂｷﾂｷﾂｷﾂｷﾂｷﾂｷﾂｷstate='warning'竢篠ｷﾂｷﾂｷﾂｷﾂｷﾂｷﾂｷﾂｷﾂｷﾂｷﾂｷﾂｷﾂｷﾂｷﾂｷﾂｷﾂｷﾂｷplaceholder='隴ｦ蜻顔憾諷・竢篠ｷﾂｷﾂｷﾂｷﾂｷﾂｷﾂｷﾂｷﾂｷﾂｷﾂｷﾂｷﾂｷﾂｷﾂｷ`  prettier/prettier
203:23  Error: Replace `ﾂｷvariant="medical"ﾂｷstate="error"ﾂｷplaceholder="繧ｨ繝ｩ繝ｼ迥ｶ諷・` with `竢篠ｷﾂｷﾂｷﾂｷﾂｷﾂｷﾂｷﾂｷﾂｷﾂｷﾂｷﾂｷﾂｷﾂｷﾂｷﾂｷﾂｷﾂｷvariant='medical'竢篠ｷﾂｷﾂｷﾂｷﾂｷﾂｷﾂｷﾂｷﾂｷﾂｷﾂｷﾂｷﾂｷﾂｷﾂｷﾂｷﾂｷﾂｷstate='error'竢篠ｷﾂｷﾂｷﾂｷﾂｷﾂｷﾂｷﾂｷﾂｷﾂｷﾂｷﾂｷﾂｷﾂｷﾂｷﾂｷﾂｷﾂｷplaceholder='繧ｨ繝ｩ繝ｼ迥ｶ諷・竢篠ｷﾂｷﾂｷﾂｷﾂｷﾂｷﾂｷﾂｷﾂｷﾂｷﾂｷﾂｷﾂｷﾂｷﾂｷ`  prettier/prettier
204:23  Error: Replace `ﾂｷvariant="medical"ﾂｷinputSize="sm"ﾂｷplaceholder="蟆上し繧､繧ｺ"` with `竢篠ｷﾂｷﾂｷﾂｷﾂｷﾂｷﾂｷﾂｷﾂｷﾂｷﾂｷﾂｷﾂｷﾂｷﾂｷﾂｷﾂｷﾂｷvariant='medical'竢篠ｷﾂｷﾂｷﾂｷﾂｷﾂｷﾂｷﾂｷﾂｷﾂｷﾂｷﾂｷﾂｷﾂｷﾂｷﾂｷﾂｷﾂｷinputSize='sm'竢篠ｷﾂｷﾂｷﾂｷﾂｷﾂｷﾂｷﾂｷﾂｷﾂｷﾂｷﾂｷﾂｷﾂｷﾂｷﾂｷﾂｷﾂｷplaceholder='蟆上し繧､繧ｺ'竢篠ｷﾂｷﾂｷﾂｷﾂｷﾂｷﾂｷﾂｷﾂｷﾂｷﾂｷﾂｷﾂｷﾂｷﾂｷ`  prettier/prettier
205:23  Error: Replace `ﾂｷvariant="medical"ﾂｷinputSize="lg"ﾂｷplaceholder="螟ｧ繧ｵ繧､繧ｺ"` with `竢篠ｷﾂｷﾂｷﾂｷﾂｷﾂｷﾂｷﾂｷﾂｷﾂｷﾂｷﾂｷﾂｷﾂｷﾂｷﾂｷﾂｷﾂｷvariant='medical'竢篠ｷﾂｷﾂｷﾂｷﾂｷﾂｷﾂｷﾂｷﾂｷﾂｷﾂｷﾂｷﾂｷﾂｷﾂｷﾂｷﾂｷﾂｷinputSize='lg'竢篠ｷﾂｷﾂｷﾂｷﾂｷﾂｷﾂｷﾂｷﾂｷﾂｷﾂｷﾂｷﾂｷﾂｷﾂｷﾂｷﾂｷﾂｷplaceholder='螟ｧ繧ｵ繧､繧ｺ'竢篠ｷﾂｷﾂｷﾂｷﾂｷﾂｷﾂｷﾂｷﾂｷﾂｷﾂｷﾂｷﾂｷﾂｷﾂｷ`  prettier/prettier
206:23  Error: Replace `ﾂｷvariant="medical"ﾂｷinputSize="touch"ﾂｷplaceholder="繧ｿ繝・メ繧ｵ繧､繧ｺ"` with `竢篠ｷﾂｷﾂｷﾂｷﾂｷﾂｷﾂｷﾂｷﾂｷﾂｷﾂｷﾂｷﾂｷﾂｷﾂｷﾂｷﾂｷﾂｷvariant='medical'竢篠ｷﾂｷﾂｷﾂｷﾂｷﾂｷﾂｷﾂｷﾂｷﾂｷﾂｷﾂｷﾂｷﾂｷﾂｷﾂｷﾂｷﾂｷinputSize='touch'竢篠ｷﾂｷﾂｷﾂｷﾂｷﾂｷﾂｷﾂｷﾂｷﾂｷﾂｷﾂｷﾂｷﾂｷﾂｷﾂｷﾂｷﾂｷplaceholder='繧ｿ繝・メ繧ｵ繧､繧ｺ'竢篠ｷﾂｷﾂｷﾂｷﾂｷﾂｷﾂｷﾂｷﾂｷﾂｷﾂｷﾂｷﾂｷﾂｷﾂｷ`  prettier/prettier
207:23  Error: Replace `ﾂｷvariant="medical"ﾂｷinputSize="clinical"ﾂｷplaceholder="險ｺ逋ゅし繧､繧ｺ"` with `竢篠ｷﾂｷﾂｷﾂｷﾂｷﾂｷﾂｷﾂｷﾂｷﾂｷﾂｷﾂｷﾂｷﾂｷﾂｷﾂｷﾂｷﾂｷvariant='medical'竢篠ｷﾂｷﾂｷﾂｷﾂｷﾂｷﾂｷﾂｷﾂｷﾂｷﾂｷﾂｷﾂｷﾂｷﾂｷﾂｷﾂｷﾂｷinputSize='clinical'竢篠ｷﾂｷﾂｷﾂｷﾂｷﾂｷﾂｷﾂｷﾂｷﾂｷﾂｷﾂｷﾂｷﾂｷﾂｷﾂｷﾂｷﾂｷplaceholder='險ｺ逋ゅし繧､繧ｺ'竢篠ｷﾂｷﾂｷﾂｷﾂｷﾂｷﾂｷﾂｷﾂｷﾂｷﾂｷﾂｷﾂｷﾂｷﾂｷ`  prettier/prettier
216:24  Error: Replace `"space-y-6"` with `'space-y-6'`  prettier/prettier
217:25  Error: Replace `"text-xlﾂｷfont-semibold"` with `'text-xlﾂｷfont-semibold'`  prettier/prettier
218:1  Error: Delete `ﾂｷﾂｷﾂｷﾂｷﾂｷﾂｷﾂｷﾂｷﾂｷﾂｷ`  prettier/prettier
219:26  Error: Replace `"space-y-4"` with `'space-y-4'`  prettier/prettier
220:27  Error: Replace `"text-lgﾂｷfont-medium"` with `'text-lgﾂｷfont-medium'`  prettier/prettier
221:28  Error: Replace `"space-y-3"` with `'space-y-3'`  prettier/prettier
222:30  Error: Replace `"medical-info"` with `'medical-info'`  prettier/prettier
224:35  Error: Replace `蛹ｻ逋る未騾｣縺ｮ諠・ｱ繧偵♀遏･繧峨○縺励∪縺吶Ａ with `竢篠ｷﾂｷﾂｷﾂｷﾂｷﾂｷﾂｷﾂｷﾂｷﾂｷﾂｷﾂｷﾂｷﾂｷﾂｷﾂｷﾂｷﾂｷ蛹ｻ逋る未騾｣縺ｮ諠・ｱ繧偵♀遏･繧峨○縺励∪縺吶や庶ﾂｷﾂｷﾂｷﾂｷﾂｷﾂｷﾂｷﾂｷﾂｷﾂｷﾂｷﾂｷﾂｷﾂｷﾂｷﾂｷ`  prettier/prettier
227:30  Error: Replace `"medical-success"` with `'medical-success'`  prettier/prettier
229:35  Error: Replace `謔｣閠・・蜃ｦ鄂ｮ縺梧ｭ｣蟶ｸ縺ｫ螳御ｺ・＠縺ｾ縺励◆縲Ａ with `竢篠ｷﾂｷﾂｷﾂｷﾂｷﾂｷﾂｷﾂｷﾂｷﾂｷﾂｷﾂｷﾂｷﾂｷﾂｷﾂｷﾂｷﾂｷ謔｣閠・・蜃ｦ鄂ｮ縺梧ｭ｣蟶ｸ縺ｫ螳御ｺ・＠縺ｾ縺励◆縲や庶ﾂｷﾂｷﾂｷﾂｷﾂｷﾂｷﾂｷﾂｷﾂｷﾂｷﾂｷﾂｷﾂｷﾂｷﾂｷﾂｷ`  prettier/prettier
232:30  Error: Replace `"medical-warning"ﾂｷpriority="medium"` with `'medical-warning'ﾂｷpriority='medium'`  prettier/prettier
234:35  Error: Replace `繧｢繝ｬ繝ｫ繧ｮ繝ｼ諠・ｱ繧堤｢ｺ隱阪＠縺ｦ縺上□縺輔＞縲Ａ with `竢篠ｷﾂｷﾂｷﾂｷﾂｷﾂｷﾂｷﾂｷﾂｷﾂｷﾂｷﾂｷﾂｷﾂｷﾂｷﾂｷﾂｷﾂｷ繧｢繝ｬ繝ｫ繧ｮ繝ｼ諠・ｱ繧堤｢ｺ隱阪＠縺ｦ縺上□縺輔＞縲や庶ﾂｷﾂｷﾂｷﾂｷﾂｷﾂｷﾂｷﾂｷﾂｷﾂｷﾂｷﾂｷﾂｷﾂｷﾂｷﾂｷ`  prettier/prettier
237:30  Error: Replace `"medical-urgent"ﾂｷpriority="urgent"` with `'medical-urgent'ﾂｷpriority='urgent'`  prettier/prettier
243:27  Error: Replace `"text-lgﾂｷfont-medium"` with `'text-lgﾂｷfont-medium'`  prettier/prettier
244:28  Error: Replace `"space-y-3"` with `'space-y-3'`  prettier/prettier
245:30  Error: Replace `"security-warning"ﾂｷpriority="high"` with `'security-warning'ﾂｷpriority='high'`  prettier/prettier
247:35  Error: Replace `荳肴ｭ｣縺ｪ繧｢繧ｯ繧ｻ繧ｹ隧ｦ陦後ｒ讀懷・縺励∪縺励◆縲Ａ with `竢篠ｷﾂｷﾂｷﾂｷﾂｷﾂｷﾂｷﾂｷﾂｷﾂｷﾂｷﾂｷﾂｷﾂｷﾂｷﾂｷﾂｷﾂｷ荳肴ｭ｣縺ｪ繧｢繧ｯ繧ｻ繧ｹ隧ｦ陦後ｒ讀懷・縺励∪縺励◆縲や庶ﾂｷﾂｷﾂｷﾂｷﾂｷﾂｷﾂｷﾂｷﾂｷﾂｷﾂｷﾂｷﾂｷﾂｷﾂｷﾂｷ`  prettier/prettier
250:30  Error: Replace `"admin-info"` with `'admin-info'`  prettier/prettier
252:35  Error: Replace `繧ｷ繧ｹ繝・Β險ｭ螳壹′譖ｴ譁ｰ縺輔ｌ縺ｾ縺励◆縲Ａ with `竢篠ｷﾂｷﾂｷﾂｷﾂｷﾂｷﾂｷﾂｷﾂｷﾂｷﾂｷﾂｷﾂｷﾂｷﾂｷﾂｷﾂｷﾂｷ繧ｷ繧ｹ繝・Β險ｭ螳壹′譖ｴ譁ｰ縺輔ｌ縺ｾ縺励◆縲や庶ﾂｷﾂｷﾂｷﾂｷﾂｷﾂｷﾂｷﾂｷﾂｷﾂｷﾂｷﾂｷﾂｷﾂｷﾂｷﾂｷ`  prettier/prettier
255:30  Error: Replace `"system-maintenance"` with `'system-maintenance'`  prettier/prettier
257:35  Error: Replace `螳壽悄繝｡繝ｳ繝・リ繝ｳ繧ｹ繧貞ｮ滓命縺励∪縺吶Ａ with `竢篠ｷﾂｷﾂｷﾂｷﾂｷﾂｷﾂｷﾂｷﾂｷﾂｷﾂｷﾂｷﾂｷﾂｷﾂｷﾂｷﾂｷﾂｷ螳壽悄繝｡繝ｳ繝・リ繝ｳ繧ｹ繧貞ｮ滓命縺励∪縺吶や庶ﾂｷﾂｷﾂｷﾂｷﾂｷﾂｷﾂｷﾂｷﾂｷﾂｷﾂｷﾂｷﾂｷﾂｷﾂｷﾂｷ`  prettier/prettier
266:24  Error: Replace `"space-y-6"` with `'space-y-6'`  prettier/prettier
267:25  Error: Replace `"text-xlﾂｷfont-semibold"` with `'text-xlﾂｷfont-semibold'`  prettier/prettier
268:1  Error: Delete `ﾂｷﾂｷﾂｷﾂｷﾂｷﾂｷﾂｷﾂｷﾂｷﾂｷ`  prettier/prettier
269:26  Error: Replace `"space-y-6"` with `'space-y-6'`  prettier/prettier
271:29  Error: Replace `"text-lgﾂｷfont-mediumﾂｷmb-3"` with `'text-lgﾂｷfont-mediumﾂｷmb-3'`  prettier/prettier
272:30  Error: Replace `"flexﾂｷflex-wrapﾂｷitems-centerﾂｷgap-6"` with `'flexﾂｷflex-wrapﾂｷitems-centerﾂｷgap-6'`  prettier/prettier
273:32  Error: Replace `"flexﾂｷitems-centerﾂｷspace-x-2"` with `'flexﾂｷitems-centerﾂｷspace-x-2'`  prettier/prettier
274:31  Error: Replace `ﾂｷname="medical-heart"ﾂｷvariant="medical"ﾂｷsize="lg"` with `竢篠ｷﾂｷﾂｷﾂｷﾂｷﾂｷﾂｷﾂｷﾂｷﾂｷﾂｷﾂｷﾂｷﾂｷﾂｷﾂｷﾂｷﾂｷﾂｷﾂｷname='medical-heart'竢篠ｷﾂｷﾂｷﾂｷﾂｷﾂｷﾂｷﾂｷﾂｷﾂｷﾂｷﾂｷﾂｷﾂｷﾂｷﾂｷﾂｷﾂｷﾂｷﾂｷvariant='medical'竢篠ｷﾂｷﾂｷﾂｷﾂｷﾂｷﾂｷﾂｷﾂｷﾂｷﾂｷﾂｷﾂｷﾂｷﾂｷﾂｷﾂｷﾂｷﾂｷﾂｷsize='lg'竢篠ｷﾂｷﾂｷﾂｷﾂｷﾂｷﾂｷﾂｷﾂｷﾂｷﾂｷﾂｷﾂｷﾂｷﾂｷﾂｷﾂｷ`  prettier/prettier
277:32  Error: Replace `"flexﾂｷitems-centerﾂｷspace-x-2"` with `'flexﾂｷitems-centerﾂｷspace-x-2'`  prettier/prettier
278:31  Error: Replace `ﾂｷname="medical-activity"ﾂｷvariant="medical"ﾂｷsize="lg"` with `竢篠ｷﾂｷﾂｷﾂｷﾂｷﾂｷﾂｷﾂｷﾂｷﾂｷﾂｷﾂｷﾂｷﾂｷﾂｷﾂｷﾂｷﾂｷﾂｷﾂｷname='medical-activity'竢篠ｷﾂｷﾂｷﾂｷﾂｷﾂｷﾂｷﾂｷﾂｷﾂｷﾂｷﾂｷﾂｷﾂｷﾂｷﾂｷﾂｷﾂｷﾂｷﾂｷvariant='medical'竢篠ｷﾂｷﾂｷﾂｷﾂｷﾂｷﾂｷﾂｷﾂｷﾂｷﾂｷﾂｷﾂｷﾂｷﾂｷﾂｷﾂｷﾂｷﾂｷﾂｷsize='lg'竢篠ｷﾂｷﾂｷﾂｷﾂｷﾂｷﾂｷﾂｷﾂｷﾂｷﾂｷﾂｷﾂｷﾂｷﾂｷﾂｷﾂｷ`  prettier/prettier
281:32  Error: Replace `"flexﾂｷitems-centerﾂｷspace-x-2"` with `'flexﾂｷitems-centerﾂｷspace-x-2'`  prettier/prettier
282:31  Error: Replace `ﾂｷname="medical-temperature"ﾂｷvariant="warning"ﾂｷsize="lg"` with `竢篠ｷﾂｷﾂｷﾂｷﾂｷﾂｷﾂｷﾂｷﾂｷﾂｷﾂｷﾂｷﾂｷﾂｷﾂｷﾂｷﾂｷﾂｷﾂｷﾂｷname='medical-temperature'竢篠ｷﾂｷﾂｷﾂｷﾂｷﾂｷﾂｷﾂｷﾂｷﾂｷﾂｷﾂｷﾂｷﾂｷﾂｷﾂｷﾂｷﾂｷﾂｷﾂｷvariant='warning'竢篠ｷﾂｷﾂｷﾂｷﾂｷﾂｷﾂｷﾂｷﾂｷﾂｷﾂｷﾂｷﾂｷﾂｷﾂｷﾂｷﾂｷﾂｷﾂｷﾂｷsize='lg'竢篠ｷﾂｷﾂｷﾂｷﾂｷﾂｷﾂｷﾂｷﾂｷﾂｷﾂｷﾂｷﾂｷﾂｷﾂｷﾂｷﾂｷ`  prettier/prettier
289:29  Error: Replace `"text-lgﾂｷfont-mediumﾂｷmb-3"` with `'text-lgﾂｷfont-mediumﾂｷmb-3'`  prettier/prettier
290:30  Error: Replace `"flexﾂｷflex-wrapﾂｷitems-centerﾂｷgap-6"` with `'flexﾂｷflex-wrapﾂｷitems-centerﾂｷgap-6'`  prettier/prettier
291:32  Error: Replace `"flexﾂｷitems-centerﾂｷspace-x-2"` with `'flexﾂｷitems-centerﾂｷspace-x-2'`  prettier/prettier
292:31  Error: Replace `ﾂｷname="status-emergency"ﾂｷvariant="emergency"ﾂｷpriority="urgent"ﾂｷsize="lg"` with `竢篠ｷﾂｷﾂｷﾂｷﾂｷﾂｷﾂｷﾂｷﾂｷﾂｷﾂｷﾂｷﾂｷﾂｷﾂｷﾂｷﾂｷﾂｷﾂｷﾂｷname='status-emergency'竢篠ｷﾂｷﾂｷﾂｷﾂｷﾂｷﾂｷﾂｷﾂｷﾂｷﾂｷﾂｷﾂｷﾂｷﾂｷﾂｷﾂｷﾂｷﾂｷﾂｷvariant='emergency'竢篠ｷﾂｷﾂｷﾂｷﾂｷﾂｷﾂｷﾂｷﾂｷﾂｷﾂｷﾂｷﾂｷﾂｷﾂｷﾂｷﾂｷﾂｷﾂｷﾂｷpriority='urgent'竢篠ｷﾂｷﾂｷﾂｷﾂｷﾂｷﾂｷﾂｷﾂｷﾂｷﾂｷﾂｷﾂｷﾂｷﾂｷﾂｷﾂｷﾂｷﾂｷﾂｷsize='lg'竢篠ｷﾂｷﾂｷﾂｷﾂｷﾂｷﾂｷﾂｷﾂｷﾂｷﾂｷﾂｷﾂｷﾂｷﾂｷﾂｷﾂｷ`  prettier/prettier
295:32  Error: Replace `"flexﾂｷitems-centerﾂｷspace-x-2"` with `'flexﾂｷitems-centerﾂｷspace-x-2'`  prettier/prettier
296:31  Error: Replace `ﾂｷname="status-warning"ﾂｷvariant="warning"ﾂｷsize="lg"` with `竢篠ｷﾂｷﾂｷﾂｷﾂｷﾂｷﾂｷﾂｷﾂｷﾂｷﾂｷﾂｷﾂｷﾂｷﾂｷﾂｷﾂｷﾂｷﾂｷﾂｷname='status-warning'竢篠ｷﾂｷﾂｷﾂｷﾂｷﾂｷﾂｷﾂｷﾂｷﾂｷﾂｷﾂｷﾂｷﾂｷﾂｷﾂｷﾂｷﾂｷﾂｷﾂｷvariant='warning'竢篠ｷﾂｷﾂｷﾂｷﾂｷﾂｷﾂｷﾂｷﾂｷﾂｷﾂｷﾂｷﾂｷﾂｷﾂｷﾂｷﾂｷﾂｷﾂｷﾂｷsize='lg'竢篠ｷﾂｷﾂｷﾂｷﾂｷﾂｷﾂｷﾂｷﾂｷﾂｷﾂｷﾂｷﾂｷﾂｷﾂｷﾂｷﾂｷ`  prettier/prettier
299:32  Error: Replace `"flexﾂｷitems-centerﾂｷspace-x-2"` with `'flexﾂｷitems-centerﾂｷspace-x-2'`  prettier/prettier
300:31  Error: Replace `ﾂｷname="status-success"ﾂｷvariant="success"ﾂｷsize="lg"` with `竢篠ｷﾂｷﾂｷﾂｷﾂｷﾂｷﾂｷﾂｷﾂｷﾂｷﾂｷﾂｷﾂｷﾂｷﾂｷﾂｷﾂｷﾂｷﾂｷﾂｷname='status-success'竢篠ｷﾂｷﾂｷﾂｷﾂｷﾂｷﾂｷﾂｷﾂｷﾂｷﾂｷﾂｷﾂｷﾂｷﾂｷﾂｷﾂｷﾂｷﾂｷﾂｷvariant='success'竢篠ｷﾂｷﾂｷﾂｷﾂｷﾂｷﾂｷﾂｷﾂｷﾂｷﾂｷﾂｷﾂｷﾂｷﾂｷﾂｷﾂｷﾂｷﾂｷﾂｷsize='lg'竢篠ｷﾂｷﾂｷﾂｷﾂｷﾂｷﾂｷﾂｷﾂｷﾂｷﾂｷﾂｷﾂｷﾂｷﾂｷﾂｷﾂｷ`  prettier/prettier
303:32  Error: Replace `"flexﾂｷitems-centerﾂｷspace-x-2"` with `'flexﾂｷitems-centerﾂｷspace-x-2'`  prettier/prettier
304:37  Error: Replace `"status-info"ﾂｷvariant="medical"ﾂｷsize="lg"` with `'status-info'ﾂｷvariant='medical'ﾂｷsize='lg'`  prettier/prettier
311:29  Error: Replace `"text-lgﾂｷfont-mediumﾂｷmb-3"` with `'text-lgﾂｷfont-mediumﾂｷmb-3'`  prettier/prettier
312:30  Error: Replace `"flexﾂｷflex-wrapﾂｷitems-centerﾂｷgap-6"` with `'flexﾂｷflex-wrapﾂｷitems-centerﾂｷgap-6'`  prettier/prettier
313:32  Error: Replace `"flexﾂｷitems-centerﾂｷspace-x-2"` with `'flexﾂｷitems-centerﾂｷspace-x-2'`  prettier/prettier
314:31  Error: Replace `ﾂｷname="security-shield"ﾂｷvariant="admin"ﾂｷsize="lg"` with `竢篠ｷﾂｷﾂｷﾂｷﾂｷﾂｷﾂｷﾂｷﾂｷﾂｷﾂｷﾂｷﾂｷﾂｷﾂｷﾂｷﾂｷﾂｷﾂｷﾂｷname='security-shield'竢篠ｷﾂｷﾂｷﾂｷﾂｷﾂｷﾂｷﾂｷﾂｷﾂｷﾂｷﾂｷﾂｷﾂｷﾂｷﾂｷﾂｷﾂｷﾂｷﾂｷvariant='admin'竢篠ｷﾂｷﾂｷﾂｷﾂｷﾂｷﾂｷﾂｷﾂｷﾂｷﾂｷﾂｷﾂｷﾂｷﾂｷﾂｷﾂｷﾂｷﾂｷﾂｷsize='lg'竢篠ｷﾂｷﾂｷﾂｷﾂｷﾂｷﾂｷﾂｷﾂｷﾂｷﾂｷﾂｷﾂｷﾂｷﾂｷﾂｷﾂｷ`  prettier/prettier
317:32  Error: Replace `"flexﾂｷitems-centerﾂｷspace-x-2"` with `'flexﾂｷitems-centerﾂｷspace-x-2'`  prettier/prettier
318:31  Error: Replace `ﾂｷname="security-locked"ﾂｷvariant="admin"ﾂｷsize="lg"` with `竢篠ｷﾂｷﾂｷﾂｷﾂｷﾂｷﾂｷﾂｷﾂｷﾂｷﾂｷﾂｷﾂｷﾂｷﾂｷﾂｷﾂｷﾂｷﾂｷﾂｷname='security-locked'竢篠ｷﾂｷﾂｷﾂｷﾂｷﾂｷﾂｷﾂｷﾂｷﾂｷﾂｷﾂｷﾂｷﾂｷﾂｷﾂｷﾂｷﾂｷﾂｷﾂｷvariant='admin'竢篠ｷﾂｷﾂｷﾂｷﾂｷﾂｷﾂｷﾂｷﾂｷﾂｷﾂｷﾂｷﾂｷﾂｷﾂｷﾂｷﾂｷﾂｷﾂｷﾂｷsize='lg'竢篠ｷﾂｷﾂｷﾂｷﾂｷﾂｷﾂｷﾂｷﾂｷﾂｷﾂｷﾂｷﾂｷﾂｷﾂｷﾂｷﾂｷ`  prettier/prettier
321:32  Error: Replace `"flexﾂｷitems-centerﾂｷspace-x-2"` with `'flexﾂｷitems-centerﾂｷspace-x-2'`  prettier/prettier
322:31  Error: Replace `ﾂｷname="user-approved"ﾂｷvariant="success"ﾂｷsize="lg"` with `竢篠ｷﾂｷﾂｷﾂｷﾂｷﾂｷﾂｷﾂｷﾂｷﾂｷﾂｷﾂｷﾂｷﾂｷﾂｷﾂｷﾂｷﾂｷﾂｷﾂｷname='user-approved'竢篠ｷﾂｷﾂｷﾂｷﾂｷﾂｷﾂｷﾂｷﾂｷﾂｷﾂｷﾂｷﾂｷﾂｷﾂｷﾂｷﾂｷﾂｷﾂｷﾂｷvariant='success'竢篠ｷﾂｷﾂｷﾂｷﾂｷﾂｷﾂｷﾂｷﾂｷﾂｷﾂｷﾂｷﾂｷﾂｷﾂｷﾂｷﾂｷﾂｷﾂｷﾂｷsize='lg'竢篠ｷﾂｷﾂｷﾂｷﾂｷﾂｷﾂｷﾂｷﾂｷﾂｷﾂｷﾂｷﾂｷﾂｷﾂｷﾂｷﾂｷ`  prettier/prettier
332:3  Error: Insert `竢餐  prettier/prettier

./src/components/layout/responsive-layout.tsx
40:11  Error: Visible, non-interactive elements with click handlers must have at least one keyboard listener.  jsx-a11y/click-events-have-key-events
40:11  Error: Avoid non-native interactive elements. If using native HTML is not possible, add an appropriate role and support for tabbing, mouse, keyboard, and touch inputs to an interactive content element.  jsx-a11y/no-static-element-interactions

./src/components/master/admin-master-form.tsx
31:3  Error: 'masterData' is defined but never used. Allowed unused args must match /^_/u.  @typescript-eslint/no-unused-vars
32:3  Error: 'onCreate' is defined but never used. Allowed unused args must match /^_/u.  @typescript-eslint/no-unused-vars
33:3  Error: 'onUpdate' is defined but never used. Allowed unused args must match /^_/u.  @typescript-eslint/no-unused-vars
34:3  Error: 'onDelete' is defined but never used. Allowed unused args must match /^_/u.  @typescript-eslint/no-unused-vars
48:26  Error: 'setImpactedStores' is assigned a value but never used.  @typescript-eslint/no-unused-vars
49:25  Error: 'setNeedsApproval' is assigned a value but never used.  @typescript-eslint/no-unused-vars
72:9  Warning: Unexpected console statement.  no-console
84:7  Warning: Unexpected console statement.  no-console
92:39  Error: Replace `竢篠ｷﾂｷﾂｷﾂｷﾂｷﾂｷﾂｷﾂｷ.toISOString()竢篠ｷﾂｷﾂｷﾂｷﾂｷﾂｷﾂｷﾂｷ` with `.toISOString()`  prettier/prettier
105:7  Warning: Unexpected console statement.  no-console

./src/components/master/master-data-form.tsx
58:39  Error: Replace `竢篠ｷﾂｷﾂｷﾂｷﾂｷﾂｷﾂｷﾂｷﾂｷﾂｷ?ﾂｷdata.price竢篠ｷﾂｷﾂｷﾂｷﾂｷﾂｷﾂｷﾂｷﾂｷ` with `ﾂｷ?ﾂｷdata.price`  prettier/prettier
103:36  Error: Delete `竢篠ｷﾂｷﾂｷ`  prettier/prettier
143:9  Warning: Unexpected console statement.  no-console
224:7  Warning: Unexpected console statement.  no-console
258:13  Error: A form label must be associated with a control.  jsx-a11y/label-has-associated-control
272:13  Error: A form label must be associated with a control.  jsx-a11y/label-has-associated-control
286:13  Error: A form label must be associated with a control.  jsx-a11y/label-has-associated-control

./src/components/mfa/MFADashboard.tsx
11:10  Error: 'Switch' is defined but never used.  @typescript-eslint/no-unused-vars
12:10  Error: 'Separator' is defined but never used.  @typescript-eslint/no-unused-vars
19:3  Error: 'Download' is defined but never used.  @typescript-eslint/no-unused-vars
77:7  Warning: Unexpected console statement.  no-console
94:7  Warning: Unexpected console statement.  no-console
183:6  Warning: React Hook useEffect has a missing dependency: 'fetchMFAStatus'. Either include it or remove the dependency array.  react-hooks/exhaustive-deps
189:6  Warning: React Hook useEffect has a missing dependency: 'fetchBackupCodeUsage'. Either include it or remove the dependency array.  react-hooks/exhaustive-deps

./src/components/mfa/MFASetupWizard.tsx
8:27  Error: 'useEffect' is defined but never used.  @typescript-eslint/no-unused-vars
11:10  Error: 'Card' is defined but never used.  @typescript-eslint/no-unused-vars
148:7  Warning: Unexpected console statement.  no-console
276:23  Error: Using `<img>` could result in slower LCP and higher bandwidth. Consider using `<Image />` from `next/image` or a custom image loader to automatically optimize images. This may incur additional usage or cost from your provider. See: https://nextjs.org/docs/messages/no-img-element  @next/next/no-img-element
295:19  Error: A form label must be associated with a control.  jsx-a11y/label-has-associated-control
349:15  Error: A form label must be associated with a control.  jsx-a11y/label-has-associated-control

./src/components/navigation/sidebar.tsx
1:14  Error: Delete `竦港  prettier/prettier
2:1  Error: Delete `竦港  prettier/prettier
3:50  Error: Delete `竦港  prettier/prettier
4:30  Error: Delete `竦港  prettier/prettier
5:47  Error: Delete `竦港  prettier/prettier
6:49  Error: Delete `竦港  prettier/prettier
7:55  Error: Delete `竦港  prettier/prettier
8:34  Error: Delete `竦港  prettier/prettier
9:1  Error: Delete `竦港  prettier/prettier
10:28  Error: Delete `竦港  prettier/prettier
11:14  Error: Delete `竦港  prettier/prettier
12:17  Error: Delete `竦港  prettier/prettier
13:16  Error: Delete `竦港  prettier/prettier
14:32  Error: Delete `竦港  prettier/prettier
15:2  Error: Delete `竦港  prettier/prettier
16:1  Error: Delete `竦港  prettier/prettier
17:25  Error: Delete `竦港  prettier/prettier
18:19  Error: Delete `竦港  prettier/prettier
19:23  Error: Delete `竦港  prettier/prettier
20:21  Error: Delete `竦港  prettier/prettier
21:28  Error: Delete `竦港  prettier/prettier
22:2  Error: Delete `竦港  prettier/prettier
23:1  Error: Delete `竦港  prettier/prettier
24:39  Error: Delete `竦港  prettier/prettier
25:43  Error: Delete `竦港  prettier/prettier
26:61  Error: Delete `竦港  prettier/prettier
27:4  Error: Delete `竦港  prettier/prettier
28:25  Error: Delete `竦港  prettier/prettier
29:19  Error: Delete `竦港  prettier/prettier
30:28  Error: Delete `竦港  prettier/prettier
31:16  Error: Delete `竦港  prettier/prettier
32:74  Error: Delete `竦港  prettier/prettier
33:67  Error: Delete `竦港  prettier/prettier
34:7  Error: Delete `竦港  prettier/prettier
35:5  Error: Delete `竦港  prettier/prettier
36:4  Error: Delete `竦港  prettier/prettier
37:24  Error: Delete `竦港  prettier/prettier
38:19  Error: Delete `竦港  prettier/prettier
39:27  Error: Delete `竦港  prettier/prettier
40:16  Error: Delete `竦港  prettier/prettier
41:8  Error: Replace `ﾂｷid:ﾂｷ'reservation-timeline',ﾂｷlabel:ﾂｷ'繧ｿ繧､繝繝ｩ繧､繝ｳ',ﾂｷhref:ﾂｷ'/reservations'ﾂｷ},竦港 with `竢篠ｷﾂｷﾂｷﾂｷﾂｷﾂｷﾂｷﾂｷid:ﾂｷ'reservation-timeline',竢篠ｷﾂｷﾂｷﾂｷﾂｷﾂｷﾂｷﾂｷlabel:ﾂｷ'繧ｿ繧､繝繝ｩ繧､繝ｳ',竢篠ｷﾂｷﾂｷﾂｷﾂｷﾂｷﾂｷﾂｷhref:ﾂｷ'/reservations',竢篠ｷﾂｷﾂｷﾂｷﾂｷﾂｷ},`  prettier/prettier
42:8  Error: Replace `ﾂｷid:ﾂｷ'reservation-register',ﾂｷlabel:ﾂｷ'譁ｰ隕丈ｺ育ｴ・,ﾂｷhref:ﾂｷ'/reservations?view=register'ﾂｷ},竦港 with `竢篠ｷﾂｷﾂｷﾂｷﾂｷﾂｷﾂｷﾂｷid:ﾂｷ'reservation-register',竢篠ｷﾂｷﾂｷﾂｷﾂｷﾂｷﾂｷﾂｷlabel:ﾂｷ'譁ｰ隕丈ｺ育ｴ・,竢篠ｷﾂｷﾂｷﾂｷﾂｷﾂｷﾂｷﾂｷhref:ﾂｷ'/reservations?view=register',竢篠ｷﾂｷﾂｷﾂｷﾂｷﾂｷ},`  prettier/prettier
43:8  Error: Replace `ﾂｷid:ﾂｷ'reservation-list',ﾂｷlabel:ﾂｷ'莠育ｴ・ｸ隕ｧ',ﾂｷhref:ﾂｷ'/reservations?view=list'ﾂｷ},竦港 with `竢篠ｷﾂｷﾂｷﾂｷﾂｷﾂｷﾂｷﾂｷid:ﾂｷ'reservation-list',竢篠ｷﾂｷﾂｷﾂｷﾂｷﾂｷﾂｷﾂｷlabel:ﾂｷ'莠育ｴ・ｸ隕ｧ',竢篠ｷﾂｷﾂｷﾂｷﾂｷﾂｷﾂｷﾂｷhref:ﾂｷ'/reservations?view=list',竢篠ｷﾂｷﾂｷﾂｷﾂｷﾂｷ},`  prettier/prettier
44:7  Error: Delete `竦港  prettier/prettier
45:5  Error: Delete `竦港  prettier/prettier
46:56  Error: Delete `竦港  prettier/prettier
47:54  Error: Delete `竦港  prettier/prettier
48:52  Error: Delete `竦港  prettier/prettier
49:62  Error: Delete `竦港  prettier/prettier
50:3  Error: Delete `竦港  prettier/prettier
51:1  Error: Delete `竦港  prettier/prettier
52:40  Error: Delete `竦港  prettier/prettier
53:55  Error: Delete `竦港  prettier/prettier
54:65  Error: Delete `竦港  prettier/prettier
55:4  Error: Delete `竦港  prettier/prettier
56:26  Error: Delete `竦港  prettier/prettier
57:23  Error: Delete `竦港  prettier/prettier
58:39  Error: Delete `竦港  prettier/prettier
59:5  Error: Delete `竦港  prettier/prettier
60:4  Error: Delete `竦港  prettier/prettier
61:25  Error: Delete `竦港  prettier/prettier
62:22  Error: Delete `竦港  prettier/prettier
63:39  Error: Delete `竦港  prettier/prettier
64:5  Error: Delete `竦港  prettier/prettier
65:70  Error: Delete `竦港  prettier/prettier
66:64  Error: Delete `竦港  prettier/prettier
67:65  Error: Delete `竦港  prettier/prettier
68:3  Error: Delete `竦港  prettier/prettier
69:1  Error: Delete `竦港  prettier/prettier
70:42  Error: Delete `竦港  prettier/prettier
71:76  Error: Delete `竦港  prettier/prettier
72:4  Error: Replace `ﾂｷid:ﾂｷ'quick-reservation',ﾂｷlabel:ﾂｷ'譁ｰ隕丈ｺ育ｴ・,ﾂｷhref:ﾂｷ'/reservations?view=register'ﾂｷ},竦港 with `竢篠ｷﾂｷﾂｷﾂｷid:ﾂｷ'quick-reservation',竢篠ｷﾂｷﾂｷﾂｷlabel:ﾂｷ'譁ｰ隕丈ｺ育ｴ・,竢篠ｷﾂｷﾂｷﾂｷhref:ﾂｷ'/reservations?view=register',竢篠ｷﾂｷ},`  prettier/prettier
73:61  Error: Delete `竦港  prettier/prettier
74:62  Error: Delete `竦港  prettier/prettier
75:3  Error: Delete `竦港  prettier/prettier
76:1  Error: Delete `竦港  prettier/prettier
77:26  Error: Delete `竦港  prettier/prettier
78:10  Error: Delete `竦港  prettier/prettier
79:11  Error: Delete `竦港  prettier/prettier
80:19  Error: Delete `竦港  prettier/prettier
81:26  Error: Delete `竦港  prettier/prettier
82:19  Error: Delete `竦港  prettier/prettier
83:34  Error: Delete `竦港  prettier/prettier
84:54  Error: Delete `竦港  prettier/prettier
85:66  Error: Delete `竦港  prettier/prettier
86:1  Error: Delete `竦港  prettier/prettier
87:50  Error: Delete `竦港  prettier/prettier
88:1  Error: Delete `竦港  prettier/prettier
89:40  Error: Delete `竦港  prettier/prettier
90:47  Error: Delete `竦港  prettier/prettier
91:21  Error: Delete `竦港  prettier/prettier
92:6  Error: Delete `竦港  prettier/prettier
93:1  Error: Delete `竦港  prettier/prettier
94:25  Error: Delete `竦港  prettier/prettier
95:54  Error: Delete `竦港  prettier/prettier
96:71  Error: Delete `竦港  prettier/prettier
97:7  Error: Delete `竦港  prettier/prettier
98:1  Error: Delete `竦港  prettier/prettier
99:42  Error: Replace `ﾂｷpathname.startsWith(item.href.split('?')[0]));竦港 with `竢篠ｷﾂｷﾂｷﾂｷﾂｷﾂｷpathname.startsWith(item.href.split('?')[0])竢篠ｷﾂｷﾂｷﾂｷ);`  prettier/prettier
100:28  Error: Delete `竦港  prettier/prettier
101:18  Error: Delete `竦港  prettier/prettier
102:1  Error: Delete `竦港  prettier/prettier
103:46  Error: Delete `竦港  prettier/prettier
104:28  Error: Delete `竦港  prettier/prettier
105:28  Error: Delete `竦港  prettier/prettier
106:43  Error: Delete `竦港  prettier/prettier
107:28  Error: Delete `竦港  prettier/prettier
108:7  Error: Delete `竦港  prettier/prettier
109:5  Error: Delete `竦港  prettier/prettier
110:1  Error: Delete `竦港  prettier/prettier
111:56  Error: Delete `竦港  prettier/prettier
112:61  Error: Delete `竦港  prettier/prettier
113:14  Error: Delete `竦港  prettier/prettier
114:24  Error: Delete `竦港  prettier/prettier
115:23  Error: Delete `竦港  prettier/prettier
116:39  Error: Delete `竦港  prettier/prettier
117:76  Error: Delete `竦港  prettier/prettier
118:11  Error: Delete `竦港  prettier/prettier
119:24  Error: Delete `竦港  prettier/prettier
120:73  Error: Delete `竦港  prettier/prettier
121:32  Error: Delete `竦港  prettier/prettier
122:36  Error: Delete `竦港  prettier/prettier
123:19  Error: Delete `竦港  prettier/prettier
124:23  Error: Delete `竦港  prettier/prettier
125:12  Error: Delete `竦港  prettier/prettier
126:11  Error: Delete `竦港  prettier/prettier
127:27  Error: Delete `竦港  prettier/prettier
128:8  Error: Delete `竦港  prettier/prettier
129:14  Error: Delete `竦港  prettier/prettier
130:25  Error: Delete `竦港  prettier/prettier
131:52  Error: Delete `竦港  prettier/prettier
132:36  Error: Delete `竦港  prettier/prettier
133:13  Error: Delete `竦港  prettier/prettier
134:10  Error: Delete `竦港  prettier/prettier
135:12  Error: Delete `竦港  prettier/prettier
136:16  Error: Delete `竦港  prettier/prettier
137:59  Error: Delete `竦港  prettier/prettier
138:16  Error: Delete `竦港  prettier/prettier
139:12  Error: Delete `竦港  prettier/prettier
140:5  Error: Delete `竦港  prettier/prettier
141:1  Error: Delete `竦港  prettier/prettier
142:11  Error: Delete `竦港  prettier/prettier
143:9  Error: Delete `竦港  prettier/prettier
144:21  Error: Delete `竦港  prettier/prettier
145:97  Error: Delete `竦港  prettier/prettier
146:56  Error: Delete `竦港  prettier/prettier
147:28  Error: Delete `竦港  prettier/prettier
148:37  Error: Delete `竦港  prettier/prettier
149:9  Error: Delete `竦港  prettier/prettier
150:6  Error: Delete `竦港  prettier/prettier
151:88  Error: Delete `竦港  prettier/prettier
152:12  Error: Delete `竦港  prettier/prettier
153:25  Error: Delete `竦港  prettier/prettier
154:47  Error: Delete `竦港  prettier/prettier
155:36  Error: Delete `竦港  prettier/prettier
156:13  Error: Delete `竦港  prettier/prettier
157:10  Error: Delete `竦港  prettier/prettier
158:16  Error: Delete `竦港  prettier/prettier
159:14  Error: Delete `竦港  prettier/prettier
160:16  Error: Delete `竦港  prettier/prettier
161:55  Error: Delete `竦港  prettier/prettier
162:26  Error: Delete `竦港  prettier/prettier
163:52  Error: Delete `竦港  prettier/prettier
164:10  Error: Delete `竦港  prettier/prettier
165:35  Error: Delete `竦港  prettier/prettier
166:18  Error: Delete `竦港  prettier/prettier
167:13  Error: Delete `竦港  prettier/prettier
168:1  Error: Delete `竦港  prettier/prettier
169:74  Error: Delete `竦港  prettier/prettier
170:14  Error: Delete `竦港  prettier/prettier
171:13  Error: Delete `竦港  prettier/prettier
172:27  Error: Delete `竦港  prettier/prettier
173:66  Error: Delete `竦港  prettier/prettier
174:38  Error: Delete `竦港  prettier/prettier
175:15  Error: Delete `竦港  prettier/prettier
176:12  Error: Delete `竦港  prettier/prettier
177:20  Error: Delete `竦港  prettier/prettier
178:15  Error: Delete `竦港  prettier/prettier
179:33  Error: Delete `竦港  prettier/prettier
180:37  Error: Delete `竦港  prettier/prettier
181:34  Error: Delete `竦港  prettier/prettier
182:41  Error: Delete `竦港  prettier/prettier
183:1  Error: Delete `竦港  prettier/prettier
184:34  Error: Delete `竦港  prettier/prettier
185:32  Error: Delete `竦港  prettier/prettier
186:54  Error: Delete `竦港  prettier/prettier
187:43  Error: Delete `竦港  prettier/prettier
188:54  Error: Delete `竦港  prettier/prettier
189:30  Error: Delete `竦港  prettier/prettier
190:43  Error: Delete `竦港  prettier/prettier
191:46  Error: Delete `竦港  prettier/prettier
192:45  Error: Delete `竦港  prettier/prettier
193:26  Error: Delete `竦港  prettier/prettier
194:34  Error: Delete `竦港  prettier/prettier
195:44  Error: Delete `竦港  prettier/prettier
196:43  Error: Delete `竦港  prettier/prettier
197:67  Error: Delete `竦港  prettier/prettier
198:59  Error: Delete `竦港  prettier/prettier
199:49  Error: Delete `竦港  prettier/prettier
200:55  Error: Delete `竦港  prettier/prettier
201:31  Error: Delete `竦港  prettier/prettier
202:46  Error: Delete `竦港  prettier/prettier
203:28  Error: Delete `竦港  prettier/prettier
204:44  Error: Delete `竦港  prettier/prettier
205:36  Error: Delete `竦港  prettier/prettier
206:32  Error: Delete `竦港  prettier/prettier
207:26  Error: Delete `竦港  prettier/prettier
208:27  Error: Delete `竦港  prettier/prettier
209:21  Error: Delete `竦港  prettier/prettier
210:21  Error: Delete `竦港  prettier/prettier
211:16  Error: Delete `竦港  prettier/prettier
212:17  Error: Delete `竦港  prettier/prettier
213:15  Error: Delete `竦港  prettier/prettier
214:1  Error: Delete `竦港  prettier/prettier
215:14  Error: Delete `竦港  prettier/prettier
216:54  Error: Delete `竦港  prettier/prettier
217:27  Error: Delete `竦港  prettier/prettier
218:35  Error: Delete `竦港  prettier/prettier
219:67  Error: Delete `竦港  prettier/prettier
220:42  Error: Delete `竦港  prettier/prettier
221:73  Error: Delete `竦港  prettier/prettier
222:26  Error: Delete `竦港  prettier/prettier
223:36  Error: Delete `竦港  prettier/prettier
224:66  Error: Delete `竦港  prettier/prettier
225:38  Error: Delete `竦港  prettier/prettier
226:20  Error: Delete `竦港  prettier/prettier
227:33  Error: Delete `竦港  prettier/prettier
228:28  Error: Delete `竦港  prettier/prettier
229:24  Error: Delete `竦港  prettier/prettier
230:18  Error: Delete `竦港  prettier/prettier
231:19  Error: Delete `竦港  prettier/prettier
232:13  Error: Delete `竦港  prettier/prettier
233:15  Error: Delete `竦港  prettier/prettier
234:1  Error: Delete `竦港  prettier/prettier
235:41  Error: Delete `竦港  prettier/prettier
236:16  Error: Delete `竦港  prettier/prettier
237:56  Error: Delete `竦港  prettier/prettier
238:74  Error: Delete `竦港  prettier/prettier
239:31  Error: Delete `竦港  prettier/prettier
240:70  Error: Delete `竦港  prettier/prettier
241:26  Error: Delete `竦港  prettier/prettier
242:22  Error: Delete `竦港  prettier/prettier
243:17  Error: Delete `竦港  prettier/prettier
244:40  Error: Delete `竦港  prettier/prettier
245:73  Error: Delete `竦港  prettier/prettier
246:26  Error: Delete `竦港  prettier/prettier
247:36  Error: Delete `竦港  prettier/prettier
248:35  Error: Delete `竦港  prettier/prettier
249:59  Error: Delete `竦港  prettier/prettier
250:48  Error: Delete `竦港  prettier/prettier
251:41  Error: Delete `竦港  prettier/prettier
252:47  Error: Delete `竦港  prettier/prettier
253:23  Error: Delete `竦港  prettier/prettier
254:38  Error: Delete `竦港  prettier/prettier
255:39  Error: Delete `竦港  prettier/prettier
256:20  Error: Delete `竦港  prettier/prettier
257:71  Error: Delete `竦港  prettier/prettier
258:28  Error: Delete `竦港  prettier/prettier
259:24  Error: Delete `竦港  prettier/prettier
260:18  Error: Delete `竦港  prettier/prettier
261:19  Error: Delete `竦港  prettier/prettier
262:17  Error: Delete `竦港  prettier/prettier
263:11  Error: Delete `竦港  prettier/prettier
264:1  Error: Delete `竦港  prettier/prettier
265:29  Error: Delete `竦港  prettier/prettier
266:50  Error: Delete `竦港  prettier/prettier
267:27  Error: Delete `竦港  prettier/prettier
268:17  Error: Delete `竦港  prettier/prettier
269:11  Error: Delete `竦港  prettier/prettier
270:13  Error: Delete `竦港  prettier/prettier
271:11  Error: Delete `竦港  prettier/prettier
272:5  Error: Delete `竦港  prettier/prettier
273:2  Error: Delete `竦港  prettier/prettier

./src/components/onboarding/ClinicStep.tsx
7:9  Error: Replace `ﾂｷCard,ﾂｷCardContent,ﾂｷCardHeader,ﾂｷCardTitle,ﾂｷCardDescriptionﾂｷ` with `竢篠ｷﾂｷCard,竢篠ｷﾂｷCardContent,竢篠ｷﾂｷCardHeader,竢篠ｷﾂｷCardTitle,竢篠ｷﾂｷCardDescription,竢餐  prettier/prettier
66:21  Error: Replace `"w-fullﾂｷmax-w-lgﾂｷmx-auto"` with `'w-fullﾂｷmax-w-lgﾂｷmx-auto'`  prettier/prettier
74:49  Error: Replace `"space-y-6"` with `'space-y-6'`  prettier/prettier
75:21  Error: Replace `竢篠ｷﾂｷﾂｷﾂｷﾂｷﾂｷﾂｷﾂｷﾂｷﾂｷﾂｷﾂｷlabel="繧ｯ繝ｪ繝九ャ繧ｯ蜷・竢篠ｷﾂｷﾂｷﾂｷﾂｷﾂｷﾂｷﾂｷﾂｷﾂｷﾂｷﾂｷrequired竢篠ｷﾂｷﾂｷﾂｷﾂｷﾂｷﾂｷﾂｷﾂｷﾂｷﾂｷﾂｷerror={errors.name}竢篠ｷﾂｷﾂｷﾂｷﾂｷﾂｷﾂｷﾂｷﾂｷﾂｷ` with `ﾂｷlabel='繧ｯ繝ｪ繝九ャ繧ｯ蜷・ﾂｷrequiredﾂｷerror={errors.name}`  prettier/prettier
81:20  Error: Replace `"text"` with `'text'`  prettier/prettier
83:25  Error: Replace `(e)` with `e`  prettier/prettier
84:27  Error: Replace `"縲・・紛鬪ｨ髯｢"` with `'縲・・紛鬪ｨ髯｢'`  prettier/prettier
89:21  Error: Replace `竢篠ｷﾂｷﾂｷﾂｷﾂｷﾂｷﾂｷﾂｷﾂｷﾂｷﾂｷﾂｷlabel="菴乗園"竢篠ｷﾂｷﾂｷﾂｷﾂｷﾂｷﾂｷﾂｷﾂｷﾂｷﾂｷﾂｷerror={errors.address}竢篠ｷﾂｷﾂｷﾂｷﾂｷﾂｷﾂｷﾂｷﾂｷﾂｷ` with `ﾂｷlabel='菴乗園'ﾂｷerror={errors.address}`  prettier/prettier
94:20  Error: Replace `"text"` with `'text'`  prettier/prettier
96:25  Error: Replace `(e)ﾂｷ=>ﾂｷsetFormData({ﾂｷ...formData,ﾂｷaddress:ﾂｷe.target.valueﾂｷ})` with `eﾂｷ=>竢篠ｷﾂｷﾂｷﾂｷﾂｷﾂｷﾂｷﾂｷﾂｷﾂｷﾂｷﾂｷﾂｷﾂｷﾂｷﾂｷsetFormData({ﾂｷ...formData,ﾂｷaddress:ﾂｷe.target.valueﾂｷ})竢篠ｷﾂｷﾂｷﾂｷﾂｷﾂｷﾂｷﾂｷﾂｷﾂｷﾂｷﾂｷﾂｷﾂｷ`  prettier/prettier
97:27  Error: Replace `"譚ｱ莠ｬ驛ｽ貂玖ｰｷ蛹ｺ縲・・-2-3"` with `'譚ｱ莠ｬ驛ｽ貂玖ｰｷ蛹ｺ縲・・-2-3'`  prettier/prettier
102:21  Error: Replace `竢篠ｷﾂｷﾂｷﾂｷﾂｷﾂｷﾂｷﾂｷﾂｷﾂｷﾂｷﾂｷlabel="髮ｻ隧ｱ逡ｪ蜿ｷ"竢篠ｷﾂｷﾂｷﾂｷﾂｷﾂｷﾂｷﾂｷﾂｷﾂｷﾂｷﾂｷerror={errors.phone_number}竢篠ｷﾂｷﾂｷﾂｷﾂｷﾂｷﾂｷﾂｷﾂｷﾂｷ` with `ﾂｷlabel='髮ｻ隧ｱ逡ｪ蜿ｷ'ﾂｷerror={errors.phone_number}`  prettier/prettier
107:20  Error: Replace `"tel"` with `'tel'`  prettier/prettier
109:25  Error: Replace `(e)ﾂｷ=>ﾂｷsetFormData({ﾂｷ...formData,ﾂｷphone_number:ﾂｷe.target.valueﾂｷ})` with `eﾂｷ=>竢篠ｷﾂｷﾂｷﾂｷﾂｷﾂｷﾂｷﾂｷﾂｷﾂｷﾂｷﾂｷﾂｷﾂｷﾂｷﾂｷsetFormData({ﾂｷ...formData,ﾂｷphone_number:ﾂｷe.target.valueﾂｷ})竢篠ｷﾂｷﾂｷﾂｷﾂｷﾂｷﾂｷﾂｷﾂｷﾂｷﾂｷﾂｷﾂｷﾂｷ`  prettier/prettier
110:27  Error: Replace `"03-1234-5678"` with `'03-1234-5678'`  prettier/prettier
115:21  Error: Replace `竢篠ｷﾂｷﾂｷﾂｷﾂｷﾂｷﾂｷﾂｷﾂｷﾂｷﾂｷﾂｷlabel="髢矩劼譌･"竢篠ｷﾂｷﾂｷﾂｷﾂｷﾂｷﾂｷﾂｷﾂｷﾂｷﾂｷﾂｷerror={errors.opening_date}竢篠ｷﾂｷﾂｷﾂｷﾂｷﾂｷﾂｷﾂｷﾂｷﾂｷ` with `ﾂｷlabel='髢矩劼譌･'ﾂｷerror={errors.opening_date}`  prettier/prettier
120:20  Error: Replace `"date"` with `'date'`  prettier/prettier
122:25  Error: Replace `(e)ﾂｷ=>ﾂｷsetFormData({ﾂｷ...formData,ﾂｷopening_date:ﾂｷe.target.valueﾂｷ})` with `eﾂｷ=>竢篠ｷﾂｷﾂｷﾂｷﾂｷﾂｷﾂｷﾂｷﾂｷﾂｷﾂｷﾂｷﾂｷﾂｷﾂｷﾂｷsetFormData({ﾂｷ...formData,ﾂｷopening_date:ﾂｷe.target.valueﾂｷ})竢篠ｷﾂｷﾂｷﾂｷﾂｷﾂｷﾂｷﾂｷﾂｷﾂｷﾂｷﾂｷﾂｷﾂｷ`  prettier/prettier
128:28  Error: Replace `"p-3ﾂｷbg-red-50ﾂｷborderﾂｷborder-red-200ﾂｷrounded-md"` with `'p-3ﾂｷbg-red-50ﾂｷborderﾂｷborder-red-200ﾂｷrounded-md'`  prettier/prettier
129:28  Error: Replace `"text-smﾂｷtext-red-600"` with `'text-smﾂｷtext-red-600'`  prettier/prettier
133:18  Error: Replace `竢篠ｷﾂｷﾂｷﾂｷﾂｷﾂｷﾂｷﾂｷﾂｷﾂｷﾂｷﾂｷtype="submit"竢篠ｷﾂｷﾂｷﾂｷﾂｷﾂｷﾂｷﾂｷﾂｷﾂｷﾂｷﾂｷclassName="w-full"竢篠ｷﾂｷﾂｷﾂｷﾂｷﾂｷﾂｷﾂｷﾂｷﾂｷﾂｷﾂｷdisabled={isSubmitting}竢篠ｷﾂｷﾂｷﾂｷﾂｷﾂｷﾂｷﾂｷﾂｷﾂｷ` with `ﾂｷtype='submit'ﾂｷclassName='w-full'ﾂｷdisabled={isSubmitting}`  prettier/prettier

./src/components/onboarding/CompletedStep.tsx
5:9  Error: Replace `ﾂｷCard,ﾂｷCardContent,ﾂｷCardHeader,ﾂｷCardTitle,ﾂｷCardDescriptionﾂｷ` with `竢篠ｷﾂｷCard,竢篠ｷﾂｷCardContent,竢篠ｷﾂｷCardHeader,竢篠ｷﾂｷCardTitle,竢篠ｷﾂｷCardDescription,竢餐  prettier/prettier
13:21  Error: Replace `"w-fullﾂｷmax-w-lgﾂｷmx-autoﾂｷtext-center"` with `'w-fullﾂｷmax-w-lgﾂｷmx-autoﾂｷtext-center'`  prettier/prettier
15:24  Error: Replace `"mx-autoﾂｷw-16ﾂｷh-16ﾂｷbg-green-100ﾂｷrounded-fullﾂｷflexﾂｷitems-centerﾂｷjustify-centerﾂｷmb-4"` with `'mx-autoﾂｷw-16ﾂｷh-16ﾂｷbg-green-100ﾂｷrounded-fullﾂｷflexﾂｷitems-centerﾂｷjustify-centerﾂｷmb-4'`  prettier/prettier
17:23  Error: Replace `"w-8ﾂｷh-8ﾂｷtext-green-600"` with `'w-8ﾂｷh-8ﾂｷtext-green-600'`  prettier/prettier
18:18  Error: Replace `"none"` with `'none'`  prettier/prettier
19:20  Error: Replace `"currentColor"` with `'currentColor'`  prettier/prettier
20:21  Error: Replace `"0ﾂｷ0ﾂｷ24ﾂｷ24"` with `'0ﾂｷ0ﾂｷ24ﾂｷ24'`  prettier/prettier
23:29  Error: Replace `"round"` with `'round'`  prettier/prettier
24:30  Error: Replace `"round"` with `'round'`  prettier/prettier
26:17  Error: Replace `"M5ﾂｷ13l4ﾂｷ4L19ﾂｷ7"` with `'M5ﾂｷ13l4ﾂｷ4L19ﾂｷ7'`  prettier/prettier
31:26  Error: Replace `竢篠ｷﾂｷﾂｷﾂｷﾂｷﾂｷﾂｷﾂｷﾂｷﾂｷ繧ｯ繝ｪ繝九ャ繧ｯ縺ｮ蛻晄悄險ｭ螳壹′螳御ｺ・＠縺ｾ縺励◆縲や庶ﾂｷﾂｷﾂｷﾂｷﾂｷﾂｷﾂｷﾂｷ` with `繧ｯ繝ｪ繝九ャ繧ｯ縺ｮ蛻晄悄險ｭ螳壹′螳御ｺ・＠縺ｾ縺励◆縲Ａ  prettier/prettier
36:24  Error: Replace `"space-y-6"` with `'space-y-6'`  prettier/prettier
37:26  Error: Replace `"p-4ﾂｷbg-gray-50ﾂｷrounded-lgﾂｷtext-left"` with `'p-4ﾂｷbg-gray-50ﾂｷrounded-lgﾂｷtext-left'`  prettier/prettier
38:27  Error: Replace `"font-mediumﾂｷtext-gray-900ﾂｷmb-2"` with `'font-mediumﾂｷtext-gray-900ﾂｷmb-2'`  prettier/prettier
39:27  Error: Replace `"text-smﾂｷtext-gray-600ﾂｷspace-y-2"` with `'text-smﾂｷtext-gray-600ﾂｷspace-y-2'`  prettier/prettier
40:29  Error: Replace `"flexﾂｷitems-startﾂｷgap-2"` with `'flexﾂｷitems-startﾂｷgap-2'`  prettier/prettier
41:33  Error: Replace `"text-green-500ﾂｷmt-0.5"` with `'text-green-500ﾂｷmt-0.5'`  prettier/prettier
44:29  Error: Replace `"flexﾂｷitems-startﾂｷgap-2"` with `'flexﾂｷitems-startﾂｷgap-2'`  prettier/prettier
45:33  Error: Replace `"text-green-500ﾂｷmt-0.5"` with `'text-green-500ﾂｷmt-0.5'`  prettier/prettier
48:29  Error: Replace `"flexﾂｷitems-startﾂｷgap-2"` with `'flexﾂｷitems-startﾂｷgap-2'`  prettier/prettier
49:33  Error: Replace `"text-green-500ﾂｷmt-0.5"` with `'text-green-500ﾂｷmt-0.5'`  prettier/prettier
56:18  Error: Replace `"button"` with `'button'`  prettier/prettier
57:23  Error: Replace `"w-full"` with `'w-full'`  prettier/prettier
58:18  Error: Replace `"lg"` with `'lg'`  prettier/prettier

./src/components/onboarding/InvitesStep.tsx
7:9  Error: Replace `ﾂｷCard,ﾂｷCardContent,ﾂｷCardHeader,ﾂｷCardTitle,ﾂｷCardDescriptionﾂｷ` with `竢篠ｷﾂｷCard,竢篠ｷﾂｷCardContent,竢篠ｷﾂｷCardHeader,竢篠ｷﾂｷCardTitle,竢篠ｷﾂｷCardDescription,竢餐  prettier/prettier
8:14  Error: Replace `ﾂｷInvitesFormData,ﾂｷInvitesResponse,ﾂｷStaffInvite,ﾂｷStaffRoleﾂｷ` with `竢篠ｷﾂｷInvitesFormData,竢篠ｷﾂｷInvitesResponse,竢篠ｷﾂｷStaffInvite,竢篠ｷﾂｷStaffRole,竢餐  prettier/prettier
9:1  Error: '@/types/onboarding' import is duplicated.  no-duplicate-imports
17:39  Error: Replace `'clinic_admin',ﾂｷ'therapist',ﾂｷ'staff',ﾂｷ'manager'` with `竢篠ｷﾂｷ'clinic_admin',竢篠ｷﾂｷ'therapist',竢篠ｷﾂｷ'staff',竢篠ｷﾂｷ'manager',竢餐  prettier/prettier
45:22  Error: Replace `(i)` with `i`  prettier/prettier
56:31  Error: Replace `(i)` with `i`  prettier/prettier
89:21  Error: Replace `"w-fullﾂｷmax-w-lgﾂｷmx-auto"` with `'w-fullﾂｷmax-w-lgﾂｷmx-auto'`  prettier/prettier
97:24  Error: Replace `"space-y-6"` with `'space-y-6'`  prettier/prettier
99:26  Error: Replace `"space-y-4"` with `'space-y-4'`  prettier/prettier
100:30  Error: Replace `"繝｡繝ｼ繝ｫ繧｢繝峨Ξ繧ｹ"` with `'繝｡繝ｼ繝ｫ繧｢繝峨Ξ繧ｹ'`  prettier/prettier
102:22  Error: Replace `"email"` with `'email'`  prettier/prettier
104:27  Error: Replace `(e)` with `e`  prettier/prettier
105:29  Error: Replace `"staff@example.com"` with `'staff@example.com'`  prettier/prettier
110:28  Error: Replace `"flexﾂｷgap-4ﾂｷitems-end"` with `'flexﾂｷgap-4ﾂｷitems-end'`  prettier/prettier
111:30  Error: Replace `"flex-1"` with `'flex-1'`  prettier/prettier
112:17  Error: A form label must be associated with a control.  jsx-a11y/label-has-associated-control
112:34  Error: Replace `"blockﾂｷtext-smﾂｷfont-mediumﾂｷtext-gray-700ﾂｷmb-1"` with `'blockﾂｷtext-smﾂｷfont-mediumﾂｷtext-gray-700ﾂｷmb-1'`  prettier/prettier
117:29  Error: Replace `(e)` with `e`  prettier/prettier
118:29  Error: Replace `"w-fullﾂｷpx-3ﾂｷpy-2ﾂｷborderﾂｷborder-gray-300ﾂｷrounded-mdﾂｷfocus:outline-noneﾂｷfocus:ring-2ﾂｷfocus:ring-blue-500"` with `'w-fullﾂｷpx-3ﾂｷpy-2ﾂｷborderﾂｷborder-gray-300ﾂｷrounded-mdﾂｷfocus:outline-noneﾂｷfocus:ring-2ﾂｷfocus:ring-blue-500'`  prettier/prettier
121:40  Error: Replace `(role)` with `role`  prettier/prettier
129:22  Error: Replace `"button"` with `'button'`  prettier/prettier
130:25  Error: Replace `"outline"` with `'outline'`  prettier/prettier
141:28  Error: Replace `"borderﾂｷrounded-mdﾂｷdivide-y"` with `'borderﾂｷrounded-mdﾂｷdivide-y'`  prettier/prettier
142:27  Error: Replace `((invite)` with `(invite`  prettier/prettier
145:29  Error: Replace `"flexﾂｷitems-centerﾂｷjustify-betweenﾂｷp-3"` with `'flexﾂｷitems-centerﾂｷjustify-betweenﾂｷp-3'`  prettier/prettier
148:34  Error: Replace `"font-medium"` with `'font-medium'`  prettier/prettier
149:34  Error: Replace `"text-smﾂｷtext-gray-500"` with `'text-smﾂｷtext-gray-500'`  prettier/prettier
154:26  Error: Replace `"button"` with `'button'`  prettier/prettier
155:29  Error: Replace `"ghost"` with `'ghost'`  prettier/prettier
156:26  Error: Replace `"sm"` with `'sm'`  prettier/prettier
168:28  Error: Replace `"p-3ﾂｷbg-red-50ﾂｷborderﾂｷborder-red-200ﾂｷrounded-md"` with `'p-3ﾂｷbg-red-50ﾂｷborderﾂｷborder-red-200ﾂｷrounded-md'`  prettier/prettier
169:28  Error: Replace `"text-smﾂｷtext-red-600"` with `'text-smﾂｷtext-red-600'`  prettier/prettier
174:26  Error: Replace `"flexﾂｷgap-4"` with `'flexﾂｷgap-4'`  prettier/prettier
176:20  Error: Replace `"button"` with `'button'`  prettier/prettier
177:23  Error: Replace `"outline"` with `'outline'`  prettier/prettier
178:25  Error: Replace `"flex-1"` with `'flex-1'`  prettier/prettier
185:20  Error: Replace `"button"` with `'button'`  prettier/prettier
186:25  Error: Replace `"flex-1"` with `'flex-1'`  prettier/prettier

./src/components/onboarding/OnboardingProgress.tsx
25:37  Error: Replace `ﾂｷcurrentStep,ﾂｷclassNameﾂｷ` with `竢篠ｷﾂｷcurrentStep,竢篠ｷﾂｷclassName,竢餐  prettier/prettier
28:28  Error: Replace `(s)` with `s`  prettier/prettier
35:22  Error: Replace `"flexﾂｷitems-centerﾂｷjustify-between"` with `'flexﾂｷitems-centerﾂｷjustify-between'`  prettier/prettier
43:30  Error: Replace `"flexﾂｷflex-colﾂｷitems-center"` with `'flexﾂｷflex-colﾂｷitems-center'`  prettier/prettier
53:25  Error: Replace `ﾂｷclassName="w-5ﾂｷh-5"ﾂｷfill="none"ﾂｷstroke="currentColor"ﾂｷviewBox="0ﾂｷ0ﾂｷ24ﾂｷ24"` with `竢篠ｷﾂｷﾂｷﾂｷﾂｷﾂｷﾂｷﾂｷﾂｷﾂｷﾂｷﾂｷﾂｷﾂｷﾂｷﾂｷﾂｷﾂｷﾂｷﾂｷﾂｷﾂｷclassName='w-5ﾂｷh-5'竢篠ｷﾂｷﾂｷﾂｷﾂｷﾂｷﾂｷﾂｷﾂｷﾂｷﾂｷﾂｷﾂｷﾂｷﾂｷﾂｷﾂｷﾂｷﾂｷﾂｷﾂｷﾂｷfill='none'竢篠ｷﾂｷﾂｷﾂｷﾂｷﾂｷﾂｷﾂｷﾂｷﾂｷﾂｷﾂｷﾂｷﾂｷﾂｷﾂｷﾂｷﾂｷﾂｷﾂｷﾂｷﾂｷstroke='currentColor'竢篠ｷﾂｷﾂｷﾂｷﾂｷﾂｷﾂｷﾂｷﾂｷﾂｷﾂｷﾂｷﾂｷﾂｷﾂｷﾂｷﾂｷﾂｷﾂｷﾂｷﾂｷﾂｷviewBox='0ﾂｷ0ﾂｷ24ﾂｷ24'竢篠ｷﾂｷﾂｷﾂｷﾂｷﾂｷﾂｷﾂｷﾂｷﾂｷﾂｷﾂｷﾂｷﾂｷﾂｷﾂｷﾂｷﾂｷﾂｷﾂｷ`  prettier/prettier
54:28  Error: Replace `ﾂｷstrokeLinecap="round"ﾂｷstrokeLinejoin="round"ﾂｷstrokeWidth={2}ﾂｷd="M5ﾂｷ13l4ﾂｷ4L19ﾂｷ7"` with `竢篠ｷﾂｷﾂｷﾂｷﾂｷﾂｷﾂｷﾂｷﾂｷﾂｷﾂｷﾂｷﾂｷﾂｷﾂｷﾂｷﾂｷﾂｷﾂｷﾂｷﾂｷﾂｷﾂｷﾂｷstrokeLinecap='round'竢篠ｷﾂｷﾂｷﾂｷﾂｷﾂｷﾂｷﾂｷﾂｷﾂｷﾂｷﾂｷﾂｷﾂｷﾂｷﾂｷﾂｷﾂｷﾂｷﾂｷﾂｷﾂｷﾂｷﾂｷstrokeLinejoin='round'竢篠ｷﾂｷﾂｷﾂｷﾂｷﾂｷﾂｷﾂｷﾂｷﾂｷﾂｷﾂｷﾂｷﾂｷﾂｷﾂｷﾂｷﾂｷﾂｷﾂｷﾂｷﾂｷﾂｷﾂｷstrokeWidth={2}竢篠ｷﾂｷﾂｷﾂｷﾂｷﾂｷﾂｷﾂｷﾂｷﾂｷﾂｷﾂｷﾂｷﾂｷﾂｷﾂｷﾂｷﾂｷﾂｷﾂｷﾂｷﾂｷﾂｷﾂｷd='M5ﾂｷ13l4ﾂｷ4L19ﾂｷ7'竢篠ｷﾂｷﾂｷﾂｷﾂｷﾂｷﾂｷﾂｷﾂｷﾂｷﾂｷﾂｷﾂｷﾂｷﾂｷﾂｷﾂｷﾂｷﾂｷﾂｷﾂｷ`  prettier/prettier

./src/components/onboarding/ProfileStep.tsx
7:9  Error: Replace `ﾂｷCard,ﾂｷCardContent,ﾂｷCardHeader,ﾂｷCardTitle,ﾂｷCardDescriptionﾂｷ` with `竢篠ｷﾂｷCard,竢篠ｷﾂｷCardContent,竢篠ｷﾂｷCardHeader,竢篠ｷﾂｷCardTitle,竢篠ｷﾂｷCardDescription,竢餐  prettier/prettier
8:14  Error: Replace `ﾂｷProfileFormData,ﾂｷProfileUpdateResponseﾂｷ` with `竢篠ｷﾂｷProfileFormData,竢篠ｷﾂｷProfileUpdateResponse,竢餐  prettier/prettier
60:21  Error: Replace `"w-fullﾂｷmax-w-lgﾂｷmx-auto"` with `'w-fullﾂｷmax-w-lgﾂｷmx-auto'`  prettier/prettier
68:49  Error: Replace `"space-y-6"` with `'space-y-6'`  prettier/prettier
69:21  Error: Replace `竢篠ｷﾂｷﾂｷﾂｷﾂｷﾂｷﾂｷﾂｷﾂｷﾂｷﾂｷﾂｷlabel="豌丞錐"竢篠ｷﾂｷﾂｷﾂｷﾂｷﾂｷﾂｷﾂｷﾂｷﾂｷﾂｷﾂｷrequired竢篠ｷﾂｷﾂｷﾂｷﾂｷﾂｷﾂｷﾂｷﾂｷﾂｷﾂｷﾂｷerror={errors.full_name}竢篠ｷﾂｷﾂｷﾂｷﾂｷﾂｷﾂｷﾂｷﾂｷﾂｷ` with `ﾂｷlabel='豌丞錐'ﾂｷrequiredﾂｷerror={errors.full_name}`  prettier/prettier
75:20  Error: Replace `"text"` with `'text'`  prettier/prettier
77:25  Error: Replace `(e)ﾂｷ=>ﾂｷsetFormData({ﾂｷ...formData,ﾂｷfull_name:ﾂｷe.target.valueﾂｷ})` with `eﾂｷ=>竢篠ｷﾂｷﾂｷﾂｷﾂｷﾂｷﾂｷﾂｷﾂｷﾂｷﾂｷﾂｷﾂｷﾂｷﾂｷﾂｷsetFormData({ﾂｷ...formData,ﾂｷfull_name:ﾂｷe.target.valueﾂｷ})竢篠ｷﾂｷﾂｷﾂｷﾂｷﾂｷﾂｷﾂｷﾂｷﾂｷﾂｷﾂｷﾂｷﾂｷ`  prettier/prettier
78:27  Error: Replace `"螻ｱ逕ｰﾂｷ螟ｪ驛・` with `'螻ｱ逕ｰﾂｷ螟ｪ驛・`  prettier/prettier
84:19  Error: Replace `"髮ｻ隧ｱ逡ｪ蜿ｷ"` with `'髮ｻ隧ｱ逡ｪ蜿ｷ'`  prettier/prettier
86:18  Error: Replace `"莉ｻ諢丞・蜉帙〒縺・` with `'莉ｻ諢丞・蜉帙〒縺・`  prettier/prettier
89:20  Error: Replace `"tel"` with `'tel'`  prettier/prettier
91:25  Error: Replace `(e)ﾂｷ=>ﾂｷsetFormData({ﾂｷ...formData,ﾂｷphone_number:ﾂｷe.target.valueﾂｷ})` with `eﾂｷ=>竢篠ｷﾂｷﾂｷﾂｷﾂｷﾂｷﾂｷﾂｷﾂｷﾂｷﾂｷﾂｷﾂｷﾂｷﾂｷﾂｷsetFormData({ﾂｷ...formData,ﾂｷphone_number:ﾂｷe.target.valueﾂｷ})竢篠ｷﾂｷﾂｷﾂｷﾂｷﾂｷﾂｷﾂｷﾂｷﾂｷﾂｷﾂｷﾂｷﾂｷ`  prettier/prettier
92:27  Error: Replace `"090-1234-5678"` with `'090-1234-5678'`  prettier/prettier
98:28  Error: Replace `"p-3ﾂｷbg-red-50ﾂｷborderﾂｷborder-red-200ﾂｷrounded-md"` with `'p-3ﾂｷbg-red-50ﾂｷborderﾂｷborder-red-200ﾂｷrounded-md'`  prettier/prettier
99:28  Error: Replace `"text-smﾂｷtext-red-600"` with `'text-smﾂｷtext-red-600'`  prettier/prettier
103:18  Error: Replace `竢篠ｷﾂｷﾂｷﾂｷﾂｷﾂｷﾂｷﾂｷﾂｷﾂｷﾂｷﾂｷtype="submit"竢篠ｷﾂｷﾂｷﾂｷﾂｷﾂｷﾂｷﾂｷﾂｷﾂｷﾂｷﾂｷclassName="w-full"竢篠ｷﾂｷﾂｷﾂｷﾂｷﾂｷﾂｷﾂｷﾂｷﾂｷﾂｷﾂｷdisabled={isSubmitting}竢篠ｷﾂｷﾂｷﾂｷﾂｷﾂｷﾂｷﾂｷﾂｷﾂｷ` with `ﾂｷtype='submit'ﾂｷclassName='w-full'ﾂｷdisabled={isSubmitting}`  prettier/prettier

./src/components/onboarding/SeedStep.tsx
6:10  Error: 'FormField' is defined but never used.  @typescript-eslint/no-unused-vars
7:9  Error: Replace `ﾂｷCard,ﾂｷCardContent,ﾂｷCardHeader,ﾂｷCardTitle,ﾂｷCardDescriptionﾂｷ` with `竢篠ｷﾂｷCard,竢篠ｷﾂｷCardContent,竢篠ｷﾂｷCardHeader,竢篠ｷﾂｷCardTitle,竢篠ｷﾂｷCardDescription,竢餐  prettier/prettier
8:14  Error: Replace `ﾂｷSeedFormData,ﾂｷSeedResponse,ﾂｷTreatmentMenuﾂｷ` with `竢篠ｷﾂｷSeedFormData,竢篠ｷﾂｷSeedResponse,竢篠ｷﾂｷTreatmentMenu,竢餐  prettier/prettier
24:73  Error: Replace `DEFAULT_TREATMENT_MENUS` with `竢篠ｷﾂｷﾂｷﾂｷDEFAULT_TREATMENT_MENUS竢篠ｷﾂｷ`  prettier/prettier
25:66  Error: Replace `DEFAULT_PAYMENT_METHODS` with `竢篠ｷﾂｷﾂｷﾂｷDEFAULT_PAYMENT_METHODS竢篠ｷﾂｷ`  prettier/prettier
26:62  Error: Replace `DEFAULT_PATIENT_TYPES` with `竢篠ｷﾂｷﾂｷﾂｷDEFAULT_PATIENT_TYPES竢篠ｷﾂｷ`  prettier/prettier
28:58  Error: Replace `ﾂｷname:ﾂｷ'',ﾂｷprice:ﾂｷ0,ﾂｷdescription:ﾂｷ''` with `竢篠ｷﾂｷﾂｷﾂｷname:ﾂｷ'',竢篠ｷﾂｷﾂｷﾂｷprice:ﾂｷ0,竢篠ｷﾂｷﾂｷﾂｷdescription:ﾂｷ'',竢篠ｷ`  prettier/prettier
56:45  Error: Replace `(m)` with `m`  prettier/prettier
69:41  Error: Replace `(t)` with `t`  prettier/prettier
98:21  Error: Replace `"w-fullﾂｷmax-w-2xlﾂｷmx-auto"` with `'w-fullﾂｷmax-w-2xlﾂｷmx-auto'`  prettier/prettier
106:24  Error: Replace `"space-y-8"` with `'space-y-8'`  prettier/prettier
109:27  Error: Replace `"text-lgﾂｷfont-mediumﾂｷmb-4"` with `'text-lgﾂｷfont-mediumﾂｷmb-4'`  prettier/prettier
110:28  Error: Replace `"space-y-4"` with `'space-y-4'`  prettier/prettier
112:21  Error: Replace `ﾂｷkey={index}ﾂｷclassName="flexﾂｷitems-centerﾂｷgap-2ﾂｷp-2ﾂｷbg-gray-50ﾂｷrounded"` with `竢篠ｷﾂｷﾂｷﾂｷﾂｷﾂｷﾂｷﾂｷﾂｷﾂｷﾂｷﾂｷﾂｷﾂｷﾂｷﾂｷﾂｷﾂｷkey={index}竢篠ｷﾂｷﾂｷﾂｷﾂｷﾂｷﾂｷﾂｷﾂｷﾂｷﾂｷﾂｷﾂｷﾂｷﾂｷﾂｷﾂｷﾂｷclassName='flexﾂｷitems-centerﾂｷgap-2ﾂｷp-2ﾂｷbg-gray-50ﾂｷrounded'竢篠ｷﾂｷﾂｷﾂｷﾂｷﾂｷﾂｷﾂｷﾂｷﾂｷﾂｷﾂｷﾂｷﾂｷﾂｷﾂｷ`  prettier/prettier
113:35  Error: Replace `"flex-1"` with `'flex-1'`  prettier/prettier
114:35  Error: Replace `"text-gray-600">{menu.price.toLocaleString()}蜀・ with `'text-gray-600'>竢篠ｷﾂｷﾂｷﾂｷﾂｷﾂｷﾂｷﾂｷﾂｷﾂｷﾂｷﾂｷﾂｷﾂｷﾂｷﾂｷﾂｷﾂｷﾂｷﾂｷ{menu.price.toLocaleString()}蜀・庶ﾂｷﾂｷﾂｷﾂｷﾂｷﾂｷﾂｷﾂｷﾂｷﾂｷﾂｷﾂｷﾂｷﾂｷﾂｷﾂｷﾂｷﾂｷ`  prettier/prettier
116:26  Error: Replace `"button"` with `'button'`  prettier/prettier
117:29  Error: Replace `"ghost"` with `'ghost'`  prettier/prettier
118:26  Error: Replace `"sm"` with `'sm'`  prettier/prettier
126:30  Error: Replace `"flexﾂｷgap-2"` with `'flexﾂｷgap-2'`  prettier/prettier
128:31  Error: Replace `"繝｡繝九Η繝ｼ蜷・` with `'繝｡繝九Η繝ｼ蜷・`  prettier/prettier
130:29  Error: Replace `(e)ﾂｷ=>ﾂｷsetNewMenu({ﾂｷ...newMenu,ﾂｷname:ﾂｷe.target.valueﾂｷ})` with `eﾂｷ=>竢篠ｷﾂｷﾂｷﾂｷﾂｷﾂｷﾂｷﾂｷﾂｷﾂｷﾂｷﾂｷﾂｷﾂｷﾂｷﾂｷﾂｷﾂｷﾂｷﾂｷsetNewMenu({ﾂｷ...newMenu,ﾂｷname:ﾂｷe.target.valueﾂｷ})竢篠ｷﾂｷﾂｷﾂｷﾂｷﾂｷﾂｷﾂｷﾂｷﾂｷﾂｷﾂｷﾂｷﾂｷﾂｷﾂｷﾂｷﾂｷ`  prettier/prettier
132:29  Error: Replace `"flex-1"` with `'flex-1'`  prettier/prettier
135:24  Error: Replace `"number"` with `'number'`  prettier/prettier
136:31  Error: Replace `"萓｡譬ｼ"` with `'萓｡譬ｼ'`  prettier/prettier
138:29  Error: Replace `(e)ﾂｷ=>ﾂｷsetNewMenu({ﾂｷ...newMenu,ﾂｷprice:ﾂｷparseInt(e.target.value)ﾂｷ||ﾂｷ0ﾂｷ})` with `eﾂｷ=>竢篠ｷﾂｷﾂｷﾂｷﾂｷﾂｷﾂｷﾂｷﾂｷﾂｷﾂｷﾂｷﾂｷﾂｷﾂｷﾂｷﾂｷﾂｷﾂｷﾂｷsetNewMenu({竢篠ｷﾂｷﾂｷﾂｷﾂｷﾂｷﾂｷﾂｷﾂｷﾂｷﾂｷﾂｷﾂｷﾂｷﾂｷﾂｷﾂｷﾂｷﾂｷﾂｷﾂｷﾂｷ...newMenu,竢篠ｷﾂｷﾂｷﾂｷﾂｷﾂｷﾂｷﾂｷﾂｷﾂｷﾂｷﾂｷﾂｷﾂｷﾂｷﾂｷﾂｷﾂｷﾂｷﾂｷﾂｷﾂｷprice:ﾂｷparseInt(e.target.value)ﾂｷ||ﾂｷ0,竢篠ｷﾂｷﾂｷﾂｷﾂｷﾂｷﾂｷﾂｷﾂｷﾂｷﾂｷﾂｷﾂｷﾂｷﾂｷﾂｷﾂｷﾂｷﾂｷﾂｷ})竢篠ｷﾂｷﾂｷﾂｷﾂｷﾂｷﾂｷﾂｷﾂｷﾂｷﾂｷﾂｷﾂｷﾂｷﾂｷﾂｷﾂｷﾂｷ`  prettier/prettier
140:29  Error: Replace `"w-32"` with `'w-32'`  prettier/prettier
142:24  Error: Replace `ﾂｷtype="button"ﾂｷvariant="outline"ﾂｷonClick={handleAddMenu}ﾂｷdisabled={isSubmitting}` with `竢篠ｷﾂｷﾂｷﾂｷﾂｷﾂｷﾂｷﾂｷﾂｷﾂｷﾂｷﾂｷﾂｷﾂｷﾂｷﾂｷﾂｷﾂｷtype='button'竢篠ｷﾂｷﾂｷﾂｷﾂｷﾂｷﾂｷﾂｷﾂｷﾂｷﾂｷﾂｷﾂｷﾂｷﾂｷﾂｷﾂｷﾂｷvariant='outline'竢篠ｷﾂｷﾂｷﾂｷﾂｷﾂｷﾂｷﾂｷﾂｷﾂｷﾂｷﾂｷﾂｷﾂｷﾂｷﾂｷﾂｷﾂｷonClick={handleAddMenu}竢篠ｷﾂｷﾂｷﾂｷﾂｷﾂｷﾂｷﾂｷﾂｷﾂｷﾂｷﾂｷﾂｷﾂｷﾂｷﾂｷﾂｷﾂｷdisabled={isSubmitting}竢篠ｷﾂｷﾂｷﾂｷﾂｷﾂｷﾂｷﾂｷﾂｷﾂｷﾂｷﾂｷﾂｷﾂｷﾂｷﾂｷ`  prettier/prettier
151:27  Error: Replace `"text-lgﾂｷfont-mediumﾂｷmb-4"` with `'text-lgﾂｷfont-mediumﾂｷmb-4'`  prettier/prettier
152:28  Error: Replace `"space-y-4"` with `'space-y-4'`  prettier/prettier
153:30  Error: Replace `"flexﾂｷflex-wrapﾂｷgap-2"` with `'flexﾂｷflex-wrapﾂｷgap-2'`  prettier/prettier
154:36  Error: Replace `((method)` with `(method`  prettier/prettier
157:31  Error: Replace `"inline-flexﾂｷitems-centerﾂｷgap-1ﾂｷpx-3ﾂｷpy-1ﾂｷbg-blue-100ﾂｷtext-blue-800ﾂｷrounded-fullﾂｷtext-sm"` with `'inline-flexﾂｷitems-centerﾂｷgap-1ﾂｷpx-3ﾂｷpy-1ﾂｷbg-blue-100ﾂｷtext-blue-800ﾂｷrounded-fullﾂｷtext-sm'`  prettier/prettier
161:28  Error: Replace `"button"` with `'button'`  prettier/prettier
164:33  Error: Replace `"ml-1ﾂｷtext-blue-600ﾂｷhover:text-blue-800"` with `'ml-1ﾂｷtext-blue-600ﾂｷhover:text-blue-800'`  prettier/prettier
171:30  Error: Replace `"flexﾂｷgap-2"` with `'flexﾂｷgap-2'`  prettier/prettier
173:31  Error: Replace `"譁ｰ縺励＞謾ｯ謇墓婿豕・` with `'譁ｰ縺励＞謾ｯ謇墓婿豕・`  prettier/prettier
175:29  Error: Replace `(e)` with `e`  prettier/prettier
177:29  Error: Replace `"flex-1"` with `'flex-1'`  prettier/prettier
179:24  Error: Replace `ﾂｷtype="button"ﾂｷvariant="outline"ﾂｷonClick={handleAddPaymentMethod}ﾂｷdisabled={isSubmitting}` with `竢篠ｷﾂｷﾂｷﾂｷﾂｷﾂｷﾂｷﾂｷﾂｷﾂｷﾂｷﾂｷﾂｷﾂｷﾂｷﾂｷﾂｷﾂｷtype='button'竢篠ｷﾂｷﾂｷﾂｷﾂｷﾂｷﾂｷﾂｷﾂｷﾂｷﾂｷﾂｷﾂｷﾂｷﾂｷﾂｷﾂｷﾂｷvariant='outline'竢篠ｷﾂｷﾂｷﾂｷﾂｷﾂｷﾂｷﾂｷﾂｷﾂｷﾂｷﾂｷﾂｷﾂｷﾂｷﾂｷﾂｷﾂｷonClick={handleAddPaymentMethod}竢篠ｷﾂｷﾂｷﾂｷﾂｷﾂｷﾂｷﾂｷﾂｷﾂｷﾂｷﾂｷﾂｷﾂｷﾂｷﾂｷﾂｷﾂｷdisabled={isSubmitting}竢篠ｷﾂｷﾂｷﾂｷﾂｷﾂｷﾂｷﾂｷﾂｷﾂｷﾂｷﾂｷﾂｷﾂｷﾂｷﾂｷ`  prettier/prettier
188:27  Error: Replace `"text-lgﾂｷfont-mediumﾂｷmb-4"` with `'text-lgﾂｷfont-mediumﾂｷmb-4'`  prettier/prettier
189:28  Error: Replace `"space-y-4"` with `'space-y-4'`  prettier/prettier
190:30  Error: Replace `"flexﾂｷflex-wrapﾂｷgap-2"` with `'flexﾂｷflex-wrapﾂｷgap-2'`  prettier/prettier
191:35  Error: Replace `(type)` with `type`  prettier/prettier
194:31  Error: Replace `"inline-flexﾂｷitems-centerﾂｷgap-1ﾂｷpx-3ﾂｷpy-1ﾂｷbg-green-100ﾂｷtext-green-800ﾂｷrounded-fullﾂｷtext-sm"` with `'inline-flexﾂｷitems-centerﾂｷgap-1ﾂｷpx-3ﾂｷpy-1ﾂｷbg-green-100ﾂｷtext-green-800ﾂｷrounded-fullﾂｷtext-sm'`  prettier/prettier
198:28  Error: Replace `"button"` with `'button'`  prettier/prettier
201:33  Error: Replace `"ml-1ﾂｷtext-green-600ﾂｷhover:text-green-800"` with `'ml-1ﾂｷtext-green-600ﾂｷhover:text-green-800'`  prettier/prettier
208:30  Error: Replace `"flexﾂｷgap-2"` with `'flexﾂｷgap-2'`  prettier/prettier
210:31  Error: Replace `"譁ｰ縺励＞謔｣閠・ち繧､繝・` with `'譁ｰ縺励＞謔｣閠・ち繧､繝・`  prettier/prettier
212:29  Error: Replace `(e)` with `e`  prettier/prettier
214:29  Error: Replace `"flex-1"` with `'flex-1'`  prettier/prettier
216:24  Error: Replace `ﾂｷtype="button"ﾂｷvariant="outline"ﾂｷonClick={handleAddPatientType}ﾂｷdisabled={isSubmitting}` with `竢篠ｷﾂｷﾂｷﾂｷﾂｷﾂｷﾂｷﾂｷﾂｷﾂｷﾂｷﾂｷﾂｷﾂｷﾂｷﾂｷﾂｷﾂｷtype='button'竢篠ｷﾂｷﾂｷﾂｷﾂｷﾂｷﾂｷﾂｷﾂｷﾂｷﾂｷﾂｷﾂｷﾂｷﾂｷﾂｷﾂｷﾂｷvariant='outline'竢篠ｷﾂｷﾂｷﾂｷﾂｷﾂｷﾂｷﾂｷﾂｷﾂｷﾂｷﾂｷﾂｷﾂｷﾂｷﾂｷﾂｷﾂｷonClick={handleAddPatientType}竢篠ｷﾂｷﾂｷﾂｷﾂｷﾂｷﾂｷﾂｷﾂｷﾂｷﾂｷﾂｷﾂｷﾂｷﾂｷﾂｷﾂｷﾂｷdisabled={isSubmitting}竢篠ｷﾂｷﾂｷﾂｷﾂｷﾂｷﾂｷﾂｷﾂｷﾂｷﾂｷﾂｷﾂｷﾂｷﾂｷﾂｷ`  prettier/prettier
224:28  Error: Replace `"p-3ﾂｷbg-red-50ﾂｷborderﾂｷborder-red-200ﾂｷrounded-md"` with `'p-3ﾂｷbg-red-50ﾂｷborderﾂｷborder-red-200ﾂｷrounded-md'`  prettier/prettier
225:28  Error: Replace `"text-smﾂｷtext-red-600"` with `'text-smﾂｷtext-red-600'`  prettier/prettier
230:18  Error: Replace `"button"` with `'button'`  prettier/prettier
231:23  Error: Replace `"w-full"` with `'w-full'`  prettier/prettier

./src/components/patients/patient-modal.tsx
128:15  Error: Replace `ﾂｷerror:ﾂｷ'JSON\u5f62\u5f0f\u304c\u6b63\u3057\u304f\u3042\u308a\u307e\u305b\u3093'` with `竢篠ｷﾂｷﾂｷﾂｷﾂｷﾂｷﾂｷﾂｷerror:竢篠ｷﾂｷﾂｷﾂｷﾂｷﾂｷﾂｷﾂｷﾂｷﾂｷ'JSON\u5f62\u5f0f\u304c\u6b63\u3057\u304f\u3042\u308a\u307e\u305b\u3093',竢篠ｷﾂｷﾂｷﾂｷﾂｷ`  prettier/prettier
157:7  Warning: Unexpected console statement.  no-console

./src/components/reservations/reservation-form.tsx
40:41  Error: Replace `竢篠ｷﾂｷﾂｷﾂｷnewﾂｷDate().toISOString().slice(0,ﾂｷ10)竢篠ｷﾂｷ` with `ﾂｷnewﾂｷDate().toISOString().slice(0,ﾂｷ10)`  prettier/prettier
63:27  Error: Delete `竢篠ｷﾂｷﾂｷ`  prettier/prettier
174:54  Error: Insert `{'ﾂｷ'}竢篠ｷﾂｷﾂｷﾂｷﾂｷﾂｷﾂｷﾂｷﾂｷﾂｷﾂｷﾂｷﾂｷﾂｷﾂｷﾂｷﾂｷﾂｷﾂｷﾂｷﾂｷ`  prettier/prettier
229:53  Error: Replace `竢篠ｷﾂｷﾂｷﾂｷﾂｷﾂｷﾂｷﾂｷﾂｷﾂｷﾂｷﾂｷﾂｷﾂｷﾂｷﾂｷﾂｷﾂｷoﾂｷ=>ﾂｷo.optionIdﾂｷ===ﾂｷopt.id竢篠ｷﾂｷﾂｷﾂｷﾂｷﾂｷﾂｷﾂｷﾂｷﾂｷﾂｷﾂｷﾂｷﾂｷﾂｷﾂｷ` with `oﾂｷ=>ﾂｷo.optionIdﾂｷ===ﾂｷopt.id`  prettier/prettier

./src/components/session/DeviceCard.tsx
100:7  Warning: Unexpected console statement.  no-console

./src/components/session/SecurityAlerts.tsx
63:6  Warning: React Hook useEffect has a missing dependency: 'loadSecurityData'. Either include it or remove the dependency array.  react-hooks/exhaustive-deps
90:7  Warning: Unexpected console statement.  no-console

./src/components/session/SessionManager.tsx
19:3  Error: 'MapPin' is defined but never used.  @typescript-eslint/no-unused-vars
23:3  Error: 'X' is defined but never used.  @typescript-eslint/no-unused-vars
95:9  Error: 'getDeviceIcon' is assigned a value but never used.  @typescript-eslint/no-unused-vars

./src/components/staff/shift-optimizer.tsx
73:1  Error: Delete `竢餐  prettier/prettier
77:10  Error: 'hourlyDistribution' is assigned a value but never used.  @typescript-eslint/no-unused-vars
77:64  Error: Replace `HourlyDistribution[]` with `竢篠ｷﾂｷﾂｷﾂｷHourlyDistribution[]竢篠ｷﾂｷ`  prettier/prettier
119:15  Error: Replace `竢篠ｷﾂｷﾂｷﾂｷﾂｷﾂｷﾂｷﾂｷﾂｷﾂｷ`/api/staff/preferences?clinic_id=${clinicId}&active_only=true`竢篠ｷﾂｷﾂｷﾂｷﾂｷﾂｷﾂｷﾂｷ` with ``/api/staff/preferences?clinic_id=${clinicId}&active_only=true``  prettier/prettier
143:7  Warning: Unexpected console statement.  no-console
144:16  Error: Replace `竢篠ｷﾂｷﾂｷﾂｷﾂｷﾂｷﾂｷﾂｷerrﾂｷinstanceofﾂｷErrorﾂｷ?ﾂｷerr.messageﾂｷ:ﾂｷ'繝・・繧ｿ蜿門ｾ励↓螟ｱ謨励＠縺ｾ縺励◆'竢篠ｷﾂｷﾂｷﾂｷﾂｷﾂｷ` with `errﾂｷinstanceofﾂｷErrorﾂｷ?ﾂｷerr.messageﾂｷ:ﾂｷ'繝・・繧ｿ蜿門ｾ励↓螟ｱ謨励＠縺ｾ縺励◆'`  prettier/prettier
228:9  Error: 'selectedDayShifts' is assigned a value but never used.  @typescript-eslint/no-unused-vars
239:10  Error: Replace `ﾂｷ'2譛・,ﾂｷ'3譛・,ﾂｷ'4譛・,ﾂｷ'5譛・,` with `竢篠ｷﾂｷﾂｷﾂｷ'2譛・,竢篠ｷﾂｷﾂｷﾂｷ'3譛・,竢篠ｷﾂｷﾂｷﾂｷ'4譛・,竢篠ｷﾂｷﾂｷﾂｷ'5譛・,竢篠ｷﾂｷﾂｷ`  prettier/prettier
240:10  Error: Replace `ﾂｷ'8譛・,ﾂｷ'9譛・,ﾂｷ'10譛・,ﾂｷ'11譛・,` with `竢篠ｷﾂｷﾂｷﾂｷ'8譛・,竢篠ｷﾂｷﾂｷﾂｷ'9譛・,竢篠ｷﾂｷﾂｷﾂｷ'10譛・,竢篠ｷﾂｷﾂｷﾂｷ'11譛・,竢篠ｷﾂｷﾂｷ`  prettier/prettier
352:23  Error: Delete `竢篠ｷﾂｷﾂｷﾂｷﾂｷﾂｷﾂｷﾂｷﾂｷﾂｷﾂｷﾂｷﾂｷﾂｷﾂｷﾂｷﾂｷﾂｷﾂｷ`  prettier/prettier
434:27  Error: Replace `ﾂｷclassName={`text-smﾂｷfont-semiboldﾂｷ${getLevelColor(forecast.level)}`}` with `竢篠ｷﾂｷﾂｷﾂｷﾂｷﾂｷﾂｷﾂｷﾂｷﾂｷﾂｷﾂｷﾂｷﾂｷﾂｷﾂｷﾂｷﾂｷﾂｷﾂｷﾂｷﾂｷﾂｷﾂｷﾂｷﾂｷclassName={`text-smﾂｷfont-semiboldﾂｷ${getLevelColor(forecast.level)}`}竢篠ｷﾂｷﾂｷﾂｷﾂｷﾂｷﾂｷﾂｷﾂｷﾂｷﾂｷﾂｷﾂｷﾂｷﾂｷﾂｷﾂｷﾂｷﾂｷﾂｷﾂｷﾂｷﾂｷﾂｷ`  prettier/prettier
435:64  Error: Insert `竢篠ｷﾂｷﾂｷﾂｷﾂｷﾂｷﾂｷﾂｷﾂｷﾂｷﾂｷﾂｷﾂｷﾂｷﾂｷﾂｷﾂｷﾂｷﾂｷﾂｷﾂｷﾂｷﾂｷﾂｷﾂｷﾂｷ`  prettier/prettier

./src/components/ui/alert-dialog.tsx
100:7  Error: Visible, non-interactive elements with click handlers must have at least one keyboard listener.  jsx-a11y/click-events-have-key-events
100:7  Error: Avoid non-native interactive elements. If using native HTML is not possible, add an appropriate role and support for tabbing, mouse, keyboard, and touch inputs to an interactive content element.  jsx-a11y/no-static-element-interactions
142:3  Error: Headings must have content and the content must be accessible by a screen reader.  jsx-a11y/heading-has-content

./src/components/ui/alert.tsx
28:1  Error: Delete `ﾂｷﾂｷﾂｷﾂｷﾂｷﾂｷﾂｷﾂｷ`  prettier/prettier
30:24  Error: Insert `竢篠ｷﾂｷﾂｷﾂｷﾂｷﾂｷﾂｷﾂｷﾂｷ`  prettier/prettier
31:27  Error: Insert `竢篠ｷﾂｷﾂｷﾂｷﾂｷﾂｷﾂｷﾂｷﾂｷ`  prettier/prettier
32:27  Error: Insert `竢篠ｷﾂｷﾂｷﾂｷﾂｷﾂｷﾂｷﾂｷﾂｷ`  prettier/prettier
33:25  Error: Insert `竢篠ｷﾂｷﾂｷﾂｷﾂｷﾂｷﾂｷﾂｷﾂｷ`  prettier/prettier
34:26  Error: Insert `竢篠ｷﾂｷﾂｷﾂｷﾂｷﾂｷﾂｷﾂｷﾂｷ`  prettier/prettier
35:1  Error: Delete `ﾂｷﾂｷﾂｷﾂｷﾂｷﾂｷﾂｷﾂｷ`  prettier/prettier
37:22  Error: Insert `竢篠ｷﾂｷﾂｷﾂｷﾂｷﾂｷﾂｷﾂｷﾂｷ`  prettier/prettier
38:25  Error: Insert `竢篠ｷﾂｷﾂｷﾂｷﾂｷﾂｷﾂｷﾂｷﾂｷ`  prettier/prettier
39:24  Error: Insert `竢篠ｷﾂｷﾂｷﾂｷﾂｷﾂｷﾂｷﾂｷﾂｷ`  prettier/prettier
40:26  Error: Insert `竢篠ｷﾂｷﾂｷﾂｷﾂｷﾂｷﾂｷﾂｷﾂｷ`  prettier/prettier
41:1  Error: Delete `ﾂｷﾂｷﾂｷﾂｷﾂｷﾂｷﾂｷﾂｷ`  prettier/prettier
43:28  Error: Insert `竢篠ｷﾂｷﾂｷﾂｷﾂｷﾂｷﾂｷﾂｷﾂｷ`  prettier/prettier
44:29  Error: Insert `竢篠ｷﾂｷﾂｷﾂｷﾂｷﾂｷﾂｷﾂｷﾂｷ`  prettier/prettier
45:30  Error: Insert `竢篠ｷﾂｷﾂｷﾂｷﾂｷﾂｷﾂｷﾂｷﾂｷ`  prettier/prettier
46:25  Error: Insert `竢篠ｷﾂｷﾂｷﾂｷﾂｷﾂｷﾂｷﾂｷﾂｷ`  prettier/prettier
52:16  Error: Insert `竢篠ｷﾂｷﾂｷﾂｷﾂｷﾂｷﾂｷﾂｷﾂｷ`  prettier/prettier
62:21  Error: Delete `ﾂｷ`  prettier/prettier
63:10  Error: Replace `ﾂｷReact.HTMLAttributes<HTMLDivElement>,ﾂｷ` with `竢篠ｷﾂｷﾂｷﾂｷReact.HTMLAttributes<HTMLDivElement>,`  prettier/prettier
64:1  Error: Delete `ﾂｷﾂｷﾂｷﾂｷﾂｷﾂｷ`  prettier/prettier
71:4  Error: Replace `{ﾂｷ` with `竢篠ｷﾂｷﾂｷﾂｷ{`  prettier/prettier
72:1  Error: Replace `ﾂｷﾂｷﾂｷﾂｷclassName,ﾂｷ竢篠ｷﾂｷﾂｷﾂｷvariant,ﾂｷ竢餐 with `ﾂｷﾂｷﾂｷﾂｷﾂｷﾂｷclassName,竢篠ｷﾂｷﾂｷﾂｷﾂｷﾂｷvariant,竢篠ｷﾂｷ`  prettier/prettier
75:1  Error: Insert `ﾂｷﾂｷ`  prettier/prettier
76:5  Error: Insert `ﾂｷﾂｷ`  prettier/prettier
77:1  Error: Insert `ﾂｷﾂｷ`  prettier/prettier
78:1  Error: Replace `ﾂｷﾂｷﾂｷﾂｷ` with `ﾂｷﾂｷﾂｷﾂｷﾂｷﾂｷ`  prettier/prettier
79:5  Error: Replace `...propsﾂｷ竢篠ｷﾂｷ},ﾂｷref` with `ﾂｷﾂｷ...props竢篠ｷﾂｷﾂｷﾂｷ},竢篠ｷﾂｷﾂｷﾂｷref竢篠ｷﾂｷ`  prettier/prettier
90:1  Error: Delete `ﾂｷﾂｷﾂｷﾂｷﾂｷﾂｷﾂｷﾂｷ`  prettier/prettier
117:1  Error: Delete `ﾂｷﾂｷﾂｷﾂｷﾂｷﾂｷﾂｷﾂｷ`  prettier/prettier
121:18  Error: Replace `"button"` with `'button'`  prettier/prettier
123:23  Error: Replace `"absoluteﾂｷtop-4ﾂｷright-4ﾂｷtext-gray-400ﾂｷhover:text-gray-600ﾂｷtransition-colors"` with `'absoluteﾂｷtop-4ﾂｷright-4ﾂｷtext-gray-400ﾂｷhover:text-gray-600ﾂｷtransition-colors'`  prettier/prettier
124:24  Error: Replace `"繧｢繝ｩ繝ｼ繝医ｒ髢峨§繧・` with `'繧｢繝ｩ繝ｼ繝医ｒ髢峨§繧・`  prettier/prettier
126:28  Error: Replace `"w-4ﾂｷh-4"ﾂｷfill="currentColor"ﾂｷviewBox="0ﾂｷ0ﾂｷ20ﾂｷ20"` with `'w-4ﾂｷh-4'ﾂｷfill='currentColor'ﾂｷviewBox='0ﾂｷ0ﾂｷ20ﾂｷ20'`  prettier/prettier
128:26  Error: Replace `"evenodd"` with `'evenodd'`  prettier/prettier
129:19  Error: Replace `"M4.293ﾂｷ4.293a1ﾂｷ1ﾂｷ0ﾂｷ011.414ﾂｷ0L10ﾂｷ8.586l4.293-4.293a1ﾂｷ1ﾂｷ0ﾂｷ111.414ﾂｷ1.414L11.414ﾂｷ10l4.293ﾂｷ4.293a1ﾂｷ1ﾂｷ0ﾂｷ01-1.414ﾂｷ1.414L10ﾂｷ11.414l-4.293ﾂｷ4.293a1ﾂｷ1ﾂｷ0ﾂｷ01-1.414-1.414L8.586ﾂｷ10ﾂｷ4.293ﾂｷ5.707a1ﾂｷ1ﾂｷ0ﾂｷ010-1.414z"` with `'M4.293ﾂｷ4.293a1ﾂｷ1ﾂｷ0ﾂｷ011.414ﾂｷ0L10ﾂｷ8.586l4.293-4.293a1ﾂｷ1ﾂｷ0ﾂｷ111.414ﾂｷ1.414L11.414ﾂｷ10l4.293ﾂｷ4.293a1ﾂｷ1ﾂｷ0ﾂｷ01-1.414ﾂｷ1.414L10ﾂｷ11.414l-4.293ﾂｷ4.293a1ﾂｷ1ﾂｷ0ﾂｷ01-1.414-1.414L8.586ﾂｷ10ﾂｷ4.293ﾂｷ5.707a1ﾂｷ1ﾂｷ0ﾂｷ010-1.414z'`  prettier/prettier
130:26  Error: Replace `"evenodd"` with `'evenodd'`  prettier/prettier
145:3  Error: Headings must have content and the content must be accessible by a screen reader.  jsx-a11y/heading-has-content

./src/components/ui/avatar.tsx
36:5  Error: Using `<img>` could result in slower LCP and higher bandwidth. Consider using `<Image />` from `next/image` or a custom image loader to automatically optimize images. This may incur additional usage or cost from your provider. See: https://nextjs.org/docs/messages/no-img-element  @next/next/no-img-element
36:5  Error: img elements must have an alt prop, either with meaningful text, or an empty string for decorative images.  jsx-a11y/alt-text

./src/components/ui/button.tsx
4:29  Error: Delete `竢篠ｷ`  prettier/prettier
38:1  Error: Delete `ﾂｷﾂｷﾂｷﾂｷ`  prettier/prettier
52:1  Error: Delete `ﾂｷﾂｷﾂｷﾂｷ`  prettier/prettier
58:1  Error: Delete `ﾂｷﾂｷﾂｷﾂｷ`  prettier/prettier
79:4  Error: Replace `{ﾂｷ` with `竢篠ｷﾂｷﾂｷﾂｷ{`  prettier/prettier
80:1  Error: Replace `ﾂｷﾂｷﾂｷﾂｷclassName,ﾂｷ竢篠ｷﾂｷﾂｷﾂｷvariantﾂｷ=ﾂｷ'default',ﾂｷ竢篠ｷﾂｷﾂｷﾂｷsizeﾂｷ=ﾂｷ'default',ﾂｷ竢篠ｷﾂｷﾂｷﾂｷpriority,ﾂｷ竢篠ｷﾂｷﾂｷﾂｷrole,ﾂｷ竢篠ｷﾂｷﾂｷﾂｷ...propsﾂｷ竢篠ｷﾂｷ},ﾂｷref` with `ﾂｷﾂｷﾂｷﾂｷﾂｷﾂｷclassName,竢篠ｷﾂｷﾂｷﾂｷﾂｷﾂｷvariantﾂｷ=ﾂｷ'default',竢篠ｷﾂｷﾂｷﾂｷﾂｷﾂｷsizeﾂｷ=ﾂｷ'default',竢篠ｷﾂｷﾂｷﾂｷﾂｷﾂｷpriority,竢篠ｷﾂｷﾂｷﾂｷﾂｷﾂｷrole,竢篠ｷﾂｷﾂｷﾂｷﾂｷﾂｷ...props竢篠ｷﾂｷﾂｷﾂｷ},竢篠ｷﾂｷﾂｷﾂｷref竢篠ｷﾂｷ`  prettier/prettier
142:21  Error: Replace `priorityﾂｷ===ﾂｷ'urgent'ﾂｷ?ﾂｷ`邱頑･:ﾂｷ${props.children}`ﾂｷ:ﾂｷundefined` with `竢篠ｷﾂｷﾂｷﾂｷﾂｷﾂｷﾂｷﾂｷﾂｷﾂｷpriorityﾂｷ===ﾂｷ'urgent'ﾂｷ?ﾂｷ`邱頑･:ﾂｷ${props.children}`ﾂｷ:ﾂｷundefined竢篠ｷﾂｷﾂｷﾂｷﾂｷﾂｷﾂｷﾂｷ`  prettier/prettier

./src/components/ui/card.tsx
5:12  Error: Delete `ﾂｷ`  prettier/prettier
6:16  Error: Delete `ﾂｷ`  prettier/prettier
7:16  Error: Delete `ﾂｷ`  prettier/prettier
8:18  Error: Delete `ﾂｷ`  prettier/prettier
9:16  Error: Delete `ﾂｷ`  prettier/prettier
24:1  Error: Delete `ﾂｷﾂｷﾂｷﾂｷ`  prettier/prettier
26:13  Error: Insert `竢篠ｷﾂｷﾂｷﾂｷﾂｷ`  prettier/prettier
29:13  Error: Insert `竢篠ｷﾂｷﾂｷﾂｷﾂｷ`  prettier/prettier
30:1  Error: Delete `ﾂｷﾂｷﾂｷﾂｷ`  prettier/prettier
32:11  Error: Insert `竢篠ｷﾂｷﾂｷﾂｷﾂｷ`  prettier/prettier
33:15  Error: Insert `竢篠ｷﾂｷﾂｷﾂｷﾂｷ`  prettier/prettier
34:1  Error: Delete `ﾂｷﾂｷﾂｷﾂｷ`  prettier/prettier
36:14  Error: Insert `竢篠ｷﾂｷﾂｷﾂｷﾂｷ`  prettier/prettier
37:12  Error: Insert `竢篠ｷﾂｷﾂｷﾂｷﾂｷ`  prettier/prettier
38:14  Error: Insert `竢篠ｷﾂｷﾂｷﾂｷﾂｷ`  prettier/prettier
39:15  Error: Insert `竢篠ｷﾂｷﾂｷﾂｷﾂｷ`  prettier/prettier
60:4  Error: Replace `{ﾂｷ竢篠ｷﾂｷﾂｷﾂｷclassName,ﾂｷ竢篠ｷﾂｷﾂｷﾂｷvariantﾂｷ=ﾂｷ'default',ﾂｷ` with `竢篠ｷﾂｷﾂｷﾂｷ{竢篠ｷﾂｷﾂｷﾂｷﾂｷﾂｷclassName,竢篠ｷﾂｷﾂｷﾂｷﾂｷﾂｷvariantﾂｷ=ﾂｷ'default',`  prettier/prettier
63:1  Error: Replace `ﾂｷﾂｷﾂｷﾂｷpriority,ﾂｷ竢篠ｷﾂｷﾂｷﾂｷinteractiveﾂｷ=ﾂｷfalse,ﾂｷ竢餐 with `ﾂｷﾂｷﾂｷﾂｷﾂｷﾂｷpriority,竢篠ｷﾂｷﾂｷﾂｷﾂｷﾂｷinteractiveﾂｷ=ﾂｷfalse,竢篠ｷﾂｷ`  prettier/prettier
66:5  Error: Replace `...propsﾂｷ` with `ﾂｷﾂｷ...props`  prettier/prettier
67:3  Error: Replace `},ﾂｷref` with `ﾂｷﾂｷ},竢篠ｷﾂｷﾂｷﾂｷref竢篠ｷﾂｷ`  prettier/prettier
76:34  Error: Replace `interactive.toString()ﾂｷasﾂｷkeyofﾂｷtypeofﾂｷcardVariants.interactive` with `竢篠ｷﾂｷﾂｷﾂｷﾂｷﾂｷﾂｷﾂｷﾂｷﾂｷinteractive.toString()ﾂｷasﾂｷkeyofﾂｷtypeofﾂｷcardVariants.interactive竢篠ｷﾂｷﾂｷﾂｷﾂｷﾂｷﾂｷﾂｷ`  prettier/prettier

./src/components/ui/form-field.tsx
6:32  Error: Replace `竢篠ｷﾂｷextendsﾂｷOmit<React.HTMLAttributes<HTMLDivElement>,ﾂｷ'children'` with `ﾂｷextendsﾂｷOmit<竢篠ｷﾂｷReact.HTMLAttributes<HTMLDivElement>,竢篠ｷﾂｷ'children'竢餐  prettier/prettier
51:32  Error: Replace `childrenﾂｷasﾂｷReact.ReactElement<{ﾂｷid?:ﾂｷstring;ﾂｷ'aria-describedby'?:ﾂｷstring;ﾂｷ'aria-invalid'?:ﾂｷstringﾂｷ}>,` with `竢篠ｷﾂｷﾂｷﾂｷﾂｷﾂｷﾂｷﾂｷﾂｷﾂｷﾂｷﾂｷﾂｷﾂｷchildrenﾂｷasﾂｷReact.ReactElement<{竢篠ｷﾂｷﾂｷﾂｷﾂｷﾂｷﾂｷﾂｷﾂｷﾂｷﾂｷﾂｷﾂｷﾂｷﾂｷﾂｷid?:ﾂｷstring;竢篠ｷﾂｷﾂｷﾂｷﾂｷﾂｷﾂｷﾂｷﾂｷﾂｷﾂｷﾂｷﾂｷﾂｷﾂｷﾂｷ'aria-describedby'?:ﾂｷstring;竢篠ｷﾂｷﾂｷﾂｷﾂｷﾂｷﾂｷﾂｷﾂｷﾂｷﾂｷﾂｷﾂｷﾂｷﾂｷﾂｷ'aria-invalid'?:ﾂｷstring;竢篠ｷﾂｷﾂｷﾂｷﾂｷﾂｷﾂｷﾂｷﾂｷﾂｷﾂｷﾂｷﾂｷﾂｷ}>,竢篠ｷﾂｷﾂｷﾂｷﾂｷﾂｷﾂｷﾂｷﾂｷﾂｷﾂｷﾂｷﾂｷ`  prettier/prettier
52:1  Error: Insert `ﾂｷﾂｷ`  prettier/prettier
53:1  Error: Insert `ﾂｷﾂｷ`  prettier/prettier
54:17  Error: Insert `ﾂｷﾂｷ`  prettier/prettier
55:1  Error: Replace `ﾂｷﾂｷﾂｷﾂｷﾂｷﾂｷﾂｷﾂｷﾂｷﾂｷﾂｷﾂｷﾂｷﾂｷﾂｷﾂｷﾂｷﾂｷ` with `ﾂｷﾂｷﾂｷﾂｷﾂｷﾂｷﾂｷﾂｷﾂｷﾂｷﾂｷﾂｷﾂｷﾂｷﾂｷﾂｷﾂｷﾂｷﾂｷﾂｷ`  prettier/prettier
56:1  Error: Insert `ﾂｷﾂｷ`  prettier/prettier
57:17  Error: Insert `ﾂｷﾂｷ`  prettier/prettier
58:1  Error: Insert `ﾂｷﾂｷ`  prettier/prettier
59:13  Error: Replace `}` with `ﾂｷﾂｷ}竢篠ｷﾂｷﾂｷﾂｷﾂｷﾂｷﾂｷﾂｷﾂｷﾂｷﾂｷﾂｷ`  prettier/prettier

./src/components/ui/input.tsx
4:28  Error: Delete `竢篠ｷ`  prettier/prettier
6:12  Error: Delete `ﾂｷ`  prettier/prettier
7:16  Error: Delete `ﾂｷ`  prettier/prettier
8:16  Error: Delete `ﾂｷ`  prettier/prettier
9:16  Error: Delete `ﾂｷ`  prettier/prettier
10:14  Error: Delete `ﾂｷ`  prettier/prettier
22:1  Error: Delete `ﾂｷﾂｷﾂｷﾂｷ`  prettier/prettier
46:11  Error: Insert `竢篠ｷﾂｷﾂｷﾂｷﾂｷ`  prettier/prettier
47:13  Error: Insert `竢篠ｷﾂｷﾂｷﾂｷﾂｷ`  prettier/prettier
48:13  Error: Insert `竢篠ｷﾂｷﾂｷﾂｷﾂｷ`  prettier/prettier
54:6  Error: Delete `ﾂｷ`  prettier/prettier
55:17  Error: Delete `ﾂｷ`  prettier/prettier
56:12  Error: Delete `ﾂｷ`  prettier/prettier
57:27  Error: Delete `ﾂｷ`  prettier/prettier
58:29  Error: Delete `ﾂｷ`  prettier/prettier
61:15  Error: Delete `ﾂｷ`  prettier/prettier

./src/components/ui/label.tsx
5:28  Error: Delete `竢篠ｷ`  prettier/prettier

./src/components/ui/medical-banner.tsx
4:9  Error: Delete `ﾂｷ`  prettier/prettier
5:17  Error: Delete `ﾂｷ`  prettier/prettier
6:8  Error: Delete `ﾂｷ`  prettier/prettier
7:15  Error: Delete `ﾂｷ`  prettier/prettier
8:11  Error: Delete `ﾂｷ`  prettier/prettier
11:3  Error: 'Heart' is defined but never used.  @typescript-eslint/no-unused-vars
12:11  Error: Insert `,`  prettier/prettier
17:8  Error: Replace `ﾂｷ'emergency'ﾂｷ|ﾂｷ'urgent'ﾂｷ|ﾂｷ'warning'ﾂｷ|ﾂｷ'info'ﾂｷ|ﾂｷ'success'ﾂｷ|ﾂｷ'security'` with `竢篠ｷﾂｷﾂｷﾂｷ|ﾂｷ'emergency'竢篠ｷﾂｷﾂｷﾂｷ|ﾂｷ'urgent'竢篠ｷﾂｷﾂｷﾂｷ|ﾂｷ'warning'竢篠ｷﾂｷﾂｷﾂｷ|ﾂｷ'info'竢篠ｷﾂｷﾂｷﾂｷ|ﾂｷ'success'竢篠ｷﾂｷﾂｷﾂｷ|ﾂｷ'security'竢篠ｷﾂｷﾂｷ`  prettier/prettier
84:47  Error: Replace `HTMLDivElement,ﾂｷMedicalBannerProps` with `竢篠ｷﾂｷHTMLDivElement,竢篠ｷﾂｷMedicalBannerProps竢餐  prettier/prettier
85:4  Error: Insert `竢篠ｷﾂｷﾂｷﾂｷ`  prettier/prettier
86:1  Error: Insert `ﾂｷﾂｷ`  prettier/prettier
87:5  Error: Insert `ﾂｷﾂｷ`  prettier/prettier
88:1  Error: Insert `ﾂｷﾂｷ`  prettier/prettier
89:5  Error: Insert `ﾂｷﾂｷ`  prettier/prettier
90:1  Error: Insert `ﾂｷﾂｷ`  prettier/prettier
91:5  Error: Insert `ﾂｷﾂｷ`  prettier/prettier
92:1  Error: Insert `ﾂｷﾂｷ`  prettier/prettier
93:5  Error: Insert `ﾂｷﾂｷ`  prettier/prettier
94:1  Error: Insert `ﾂｷﾂｷ`  prettier/prettier
95:5  Error: Insert `ﾂｷﾂｷ`  prettier/prettier
96:1  Error: Insert `ﾂｷﾂｷ`  prettier/prettier
97:3  Error: Replace `},ﾂｷref` with `ﾂｷﾂｷ},竢篠ｷﾂｷﾂｷﾂｷref竢篠ｷﾂｷ`  prettier/prettier
129:68  Error: Delete `,`  prettier/prettier
136:1  Error: Delete `ﾂｷﾂｷﾂｷﾂｷﾂｷﾂｷﾂｷﾂｷ`  prettier/prettier
137:24  Error: Replace `"flex-1"` with `'flex-1'`  prettier/prettier
141:31  Error: Replace `"ml-2ﾂｷinline-flexﾂｷitems-centerﾂｷpx-2ﾂｷpy-1ﾂｷrounded-fullﾂｷtext-xsﾂｷfont-boldﾂｷbg-red-200ﾂｷtext-red-900ﾂｷanimate-pulse"` with `'ml-2ﾂｷinline-flexﾂｷitems-centerﾂｷpx-2ﾂｷpy-1ﾂｷrounded-fullﾂｷtext-xsﾂｷfont-boldﾂｷbg-red-200ﾂｷtext-red-900ﾂｷanimate-pulse'`  prettier/prettier
146:31  Error: Replace `"ml-2ﾂｷtext-smﾂｷfont-normalﾂｷtext-gray-600"` with `'ml-2ﾂｷtext-smﾂｷfont-normalﾂｷtext-gray-600'`  prettier/prettier
151:1  Error: Delete `ﾂｷﾂｷﾂｷﾂｷﾂｷﾂｷﾂｷﾂｷﾂｷﾂｷ`  prettier/prettier
153:41  Error: Replace `"mb-3">竢篠ｷﾂｷﾂｷﾂｷﾂｷﾂｷﾂｷﾂｷﾂｷﾂｷﾂｷﾂｷﾂｷﾂｷ{description}竢篠ｷﾂｷﾂｷﾂｷﾂｷﾂｷﾂｷﾂｷﾂｷﾂｷﾂｷﾂｷ` with `'mb-3'>{description}`  prettier/prettier
160:28  Error: Replace `"flexﾂｷitems-centerﾂｷtext-xsﾂｷtext-gray-500ﾂｷmb-3"` with `'flexﾂｷitems-centerﾂｷtext-xsﾂｷtext-gray-500ﾂｷmb-3'`  prettier/prettier
161:32  Error: Replace `"w-3ﾂｷh-3ﾂｷmr-1"` with `'w-3ﾂｷh-3ﾂｷmr-1'`  prettier/prettier
175:28  Error: Replace `"flexﾂｷitems-centerﾂｷspace-x-2"` with `'flexﾂｷitems-centerﾂｷspace-x-2'`  prettier/prettier
178:28  Error: Replace `typeﾂｷ===ﾂｷ'emergency'ﾂｷ?ﾂｷ'medical-urgent'ﾂｷ:ﾂｷ'medical-primary'` with `竢篠ｷﾂｷﾂｷﾂｷﾂｷﾂｷﾂｷﾂｷﾂｷﾂｷﾂｷﾂｷﾂｷﾂｷﾂｷﾂｷﾂｷﾂｷﾂｷﾂｷtypeﾂｷ===ﾂｷ'emergency'ﾂｷ?ﾂｷ'medical-urgent'ﾂｷ:ﾂｷ'medical-primary'竢篠ｷﾂｷﾂｷﾂｷﾂｷﾂｷﾂｷﾂｷﾂｷﾂｷﾂｷﾂｷﾂｷﾂｷﾂｷﾂｷﾂｷﾂｷ`  prettier/prettier
181:29  Error: Replace `"mr-2"` with `'mr-2'`  prettier/prettier
188:27  Error: Replace `"outline"` with `'outline'`  prettier/prettier
189:24  Error: Replace `"sm"` with `'sm'`  prettier/prettier
210:20  Error: Replace `"space-y-4ﾂｷp-4"` with `'space-y-4ﾂｷp-4'`  prettier/prettier
214:16  Error: Replace `"emergency"` with `'emergency'`  prettier/prettier
215:17  Error: Replace `"謔｣閠・・螳ｹ諷九′諤･螟峨＠縺ｾ縺励◆"` with `'謔｣閠・・螳ｹ諷九′諤･螟峨＠縺ｾ縺励◆'`  prettier/prettier
216:23  Error: Replace `"逕ｰ荳ｭ螟ｪ驛取ｧ假ｼ域ぅ閠・D:ﾂｷP-2024-001・峨・繝舌う繧ｿ繝ｫ繧ｵ繧､繝ｳ縺ｫ逡ｰ蟶ｸ蛟､繧呈､懷・"` with `'逕ｰ荳ｭ螟ｪ驛取ｧ假ｼ域ぅ閠・D:ﾂｷP-2024-001・峨・繝舌う繧ｿ繝ｫ繧ｵ繧､繝ｳ縺ｫ逡ｰ蟶ｸ蛟､繧呈､懷・'`  prettier/prettier
217:21  Error: Replace `"P-2024-001"` with `'P-2024-001'`  prettier/prettier
218:21  Error: Replace `"doctor"` with `'doctor'`  prettier/prettier
222:30  Warning: Unexpected console statement.  no-console
226:30  Warning: Unexpected console statement.  no-console
235:14  Error: Replace `"security"` with `'security'`  prettier/prettier
236:15  Error: Replace `"荳肴ｭ｣繧｢繧ｯ繧ｻ繧ｹ繧呈､懷・"` with `'荳肴ｭ｣繧｢繧ｯ繧ｻ繧ｹ繧呈､懷・'`  prettier/prettier
237:21  Error: Replace `"螟夜ΚIP繧｢繝峨Ξ繧ｹ縺九ｉ縺ｮ隍・焚蝗槭Ο繧ｰ繧､繝ｳ隧ｦ陦後′讀懷・縺輔ｌ縺ｾ縺励◆"` with `'螟夜ΚIP繧｢繝峨Ξ繧ｹ縺九ｉ縺ｮ隍・焚蝗槭Ο繧ｰ繧､繝ｳ隧ｦ陦後′讀懷・縺輔ｌ縺ｾ縺励◆'`  prettier/prettier
238:19  Error: Replace `"admin"` with `'admin'`  prettier/prettier
242:28  Warning: Unexpected console statement.  no-console
246:28  Warning: Unexpected console statement.  no-console
254:14  Error: Replace `"success"` with `'success'`  prettier/prettier
255:15  Error: Replace `"繝・・繧ｿ繝舌ャ繧ｯ繧｢繝・・縺悟ｮ御ｺ・＠縺ｾ縺励◆"` with `'繝・・繧ｿ繝舌ャ繧ｯ繧｢繝・・縺悟ｮ御ｺ・＠縺ｾ縺励◆'`  prettier/prettier
256:21  Error: Replace `"譛ｬ譌･蛻・・謔｣閠・ョ繝ｼ繧ｿ縺ｨ險ｺ逋りｨ倬鹸縺ｮ繝舌ャ繧ｯ繧｢繝・・縺梧ｭ｣蟶ｸ縺ｫ螳御ｺ・` with `'譛ｬ譌･蛻・・謔｣閠・ョ繝ｼ繧ｿ縺ｨ險ｺ逋りｨ倬鹸縺ｮ繝舌ャ繧ｯ繧｢繝・・縺梧ｭ｣蟶ｸ縺ｫ螳御ｺ・`  prettier/prettier
257:19  Error: Replace `"admin"` with `'admin'`  prettier/prettier
264:14  Error: Replace `"maintenance"` with `'maintenance'`  prettier/prettier
265:15  Error: Replace `"繧ｷ繧ｹ繝・Β繝｡繝ｳ繝・リ繝ｳ繧ｹ縺ｮ縺顔衍繧峨○"` with `'繧ｷ繧ｹ繝・Β繝｡繝ｳ繝・リ繝ｳ繧ｹ縺ｮ縺顔衍繧峨○'`  prettier/prettier
266:21  Error: Replace `"譛ｬ譌･23:00-24:00縺ｫ繧ｷ繧ｹ繝・Β繝｡繝ｳ繝・リ繝ｳ繧ｹ繧貞ｮ滓命縺励∪縺・` with `'譛ｬ譌･23:00-24:00縺ｫ繧ｷ繧ｹ繝・Β繝｡繝ｳ繝・リ繝ｳ繧ｹ繧貞ｮ滓命縺励∪縺・`  prettier/prettier
270:28  Warning: Unexpected console statement.  no-console
277:3  Error: Insert `竢餐  prettier/prettier

./src/components/ui/medical-icons.tsx
10:1  Error: Delete `ﾂｷﾂｷ`  prettier/prettier
18:1  Error: Delete `ﾂｷﾂｷ`  prettier/prettier
24:1  Error: Delete `ﾂｷﾂｷ`  prettier/prettier
34:1  Error: Delete `ﾂｷﾂｷ`  prettier/prettier
47:1  Error: Delete `ﾂｷﾂｷ`  prettier/prettier
54:1  Error: Delete `ﾂｷﾂｷ`  prettier/prettier
59:16  Error: Delete `竢篠ｷﾂｷ`  prettier/prettier
66:12  Error: Replace `ﾂｷ'default'ﾂｷ|ﾂｷ'medical'ﾂｷ|ﾂｷ'emergency'ﾂｷ|ﾂｷ'success'ﾂｷ|ﾂｷ'warning'` with `竢篠ｷﾂｷﾂｷﾂｷ|ﾂｷ'default'竢篠ｷﾂｷﾂｷﾂｷ|ﾂｷ'medical'竢篠ｷﾂｷﾂｷﾂｷ|ﾂｷ'emergency'竢篠ｷﾂｷﾂｷﾂｷ|ﾂｷ'success'竢篠ｷﾂｷﾂｷﾂｷ|ﾂｷ'warning'竢篠ｷﾂｷﾂｷ`  prettier/prettier
81:1  Error: Delete `ﾂｷﾂｷ`  prettier/prettier
89:1  Error: Delete `ﾂｷﾂｷ`  prettier/prettier
95:1  Error: Delete `ﾂｷﾂｷ`  prettier/prettier
105:1  Error: Delete `ﾂｷﾂｷ`  prettier/prettier
118:1  Error: Delete `ﾂｷﾂｷ`  prettier/prettier
125:1  Error: Delete `ﾂｷﾂｷ`  prettier/prettier
160:4  Error: Replace `{ﾂｷ` with `竢篠ｷﾂｷﾂｷﾂｷ{`  prettier/prettier
161:1  Error: Replace `ﾂｷﾂｷﾂｷﾂｷname,ﾂｷ` with `ﾂｷﾂｷﾂｷﾂｷﾂｷﾂｷname,`  prettier/prettier
162:1  Error: Replace `ﾂｷﾂｷﾂｷﾂｷvariantﾂｷ=ﾂｷ'default',ﾂｷ竢篠ｷﾂｷﾂｷﾂｷsizeﾂｷ=ﾂｷ'md',ﾂｷ竢餐 with `ﾂｷﾂｷﾂｷﾂｷﾂｷﾂｷvariantﾂｷ=ﾂｷ'default',竢篠ｷﾂｷﾂｷﾂｷﾂｷﾂｷsizeﾂｷ=ﾂｷ'md',竢篠ｷﾂｷ`  prettier/prettier
165:5  Error: Insert `ﾂｷﾂｷ`  prettier/prettier
166:1  Error: Replace `ﾂｷﾂｷﾂｷﾂｷ` with `ﾂｷﾂｷﾂｷﾂｷﾂｷﾂｷ`  prettier/prettier
167:5  Error: Replace `...propsﾂｷ` with `ﾂｷﾂｷ...props`  prettier/prettier
168:3  Error: Replace `},ﾂｷref` with `ﾂｷﾂｷ},竢篠ｷﾂｷﾂｷﾂｷref竢篠ｷﾂｷ`  prettier/prettier
170:1  Error: Delete `ﾂｷﾂｷﾂｷﾂｷ`  prettier/prettier
172:7  Warning: Unexpected console statement.  no-console
191:14  Error: Replace `"img"` with `'img'`  prettier/prettier
223:33  Error: Insert `,`  prettier/prettier
229:32  Error: Insert `,`  prettier/prettier
235:27  Error: Insert `,`  prettier/prettier
246:34  Error: Insert `,`  prettier/prettier
252:36  Error: Insert `,`  prettier/prettier
258:31  Error: Insert `,`  prettier/prettier
269:34  Error: Insert `,`  prettier/prettier
275:32  Error: Insert `,`  prettier/prettier
281:35  Error: Insert `,`  prettier/prettier
290:20  Error: Replace `"space-y-6ﾂｷp-4"` with `'space-y-6ﾂｷp-4'`  prettier/prettier
291:21  Error: Replace `"text-xlﾂｷfont-semibold"` with `'text-xlﾂｷfont-semibold'`  prettier/prettier
292:1  Error: Delete `ﾂｷﾂｷﾂｷﾂｷﾂｷﾂｷ`  prettier/prettier
294:36  Error: Replace `"space-y-3"` with `'space-y-3'`  prettier/prettier
295:25  Error: Replace `"text-lgﾂｷfont-mediumﾂｷtext-gray-800">{guide.category}` with `'text-lgﾂｷfont-mediumﾂｷtext-gray-800'>竢篠ｷﾂｷﾂｷﾂｷﾂｷﾂｷﾂｷﾂｷﾂｷﾂｷﾂｷﾂｷ{guide.category}竢篠ｷﾂｷﾂｷﾂｷﾂｷﾂｷﾂｷﾂｷﾂｷﾂｷ`  prettier/prettier
296:26  Error: Replace `"gridﾂｷgrid-cols-1ﾂｷmd:grid-cols-2ﾂｷlg:grid-cols-3ﾂｷgap-4"` with `'gridﾂｷgrid-cols-1ﾂｷmd:grid-cols-2ﾂｷlg:grid-cols-3ﾂｷgap-4'`  prettier/prettier
298:19  Error: Replace `ﾂｷkey={iconIndex}ﾂｷclassName="p-3ﾂｷborderﾂｷrounded-medicalﾂｷbg-gray-50"` with `竢篠ｷﾂｷﾂｷﾂｷﾂｷﾂｷﾂｷﾂｷﾂｷﾂｷﾂｷﾂｷﾂｷﾂｷﾂｷﾂｷkey={iconIndex}竢篠ｷﾂｷﾂｷﾂｷﾂｷﾂｷﾂｷﾂｷﾂｷﾂｷﾂｷﾂｷﾂｷﾂｷﾂｷﾂｷclassName='p-3ﾂｷborderﾂｷrounded-medicalﾂｷbg-gray-50'竢篠ｷﾂｷﾂｷﾂｷﾂｷﾂｷﾂｷﾂｷﾂｷﾂｷﾂｷﾂｷﾂｷﾂｷ`  prettier/prettier
299:32  Error: Replace `"flexﾂｷitems-centerﾂｷspace-x-2ﾂｷmb-2"` with `'flexﾂｷitems-centerﾂｷspace-x-2ﾂｷmb-2'`  prettier/prettier
303:26  Error: Replace `"lg"` with `'lg'`  prettier/prettier
305:35  Error: Replace `"font-mediumﾂｷtext-sm"` with `'font-mediumﾂｷtext-sm'`  prettier/prettier
307:30  Error: Replace `"text-xsﾂｷtext-gray-600ﾂｷmb-1"` with `'text-xsﾂｷtext-gray-600ﾂｷmb-1'`  prettier/prettier
308:30  Error: Replace `"text-xsﾂｷtext-gray-500"` with `'text-xsﾂｷtext-gray-500'`  prettier/prettier
314:1  Error: Delete `ﾂｷﾂｷﾂｷﾂｷﾂｷﾂｷ`  prettier/prettier
315:22  Error: Replace `"mt-8ﾂｷspace-y-4"` with `'mt-8ﾂｷspace-y-4'`  prettier/prettier
316:23  Error: Replace `"text-lgﾂｷfont-medium"` with `'text-lgﾂｷfont-medium'`  prettier/prettier
317:24  Error: Replace `"flexﾂｷitems-centerﾂｷspace-x-4"` with `'flexﾂｷitems-centerﾂｷspace-x-4'`  prettier/prettier
318:26  Error: Replace `"flexﾂｷitems-centerﾂｷspace-x-2"` with `'flexﾂｷitems-centerﾂｷspace-x-2'`  prettier/prettier
319:31  Error: Replace `"status-emergency"ﾂｷpriority="urgent"ﾂｷsize="lg"` with `'status-emergency'ﾂｷpriority='urgent'ﾂｷsize='lg'`  prettier/prettier
322:26  Error: Replace `"flexﾂｷitems-centerﾂｷspace-x-2"` with `'flexﾂｷitems-centerﾂｷspace-x-2'`  prettier/prettier
323:31  Error: Replace `"status-warning"ﾂｷpriority="high"ﾂｷsize="lg"` with `'status-warning'ﾂｷpriority='high'ﾂｷsize='lg'`  prettier/prettier
326:26  Error: Replace `"flexﾂｷitems-centerﾂｷspace-x-2"` with `'flexﾂｷitems-centerﾂｷspace-x-2'`  prettier/prettier
327:31  Error: Replace `"status-info"ﾂｷpriority="medium"ﾂｷsize="lg"` with `'status-info'ﾂｷpriority='medium'ﾂｷsize='lg'`  prettier/prettier
330:26  Error: Replace `"flexﾂｷitems-centerﾂｷspace-x-2"` with `'flexﾂｷitems-centerﾂｷspace-x-2'`  prettier/prettier
331:31  Error: Replace `"status-success"ﾂｷpriority="low"ﾂｷsize="lg"` with `'status-success'ﾂｷpriority='low'ﾂｷsize='lg'`  prettier/prettier
338:3  Error: Insert `竢餐  prettier/prettier

./src/components/ui/page-header.tsx
50:4  Error: Insert `竢篠ｷﾂｷﾂｷﾂｷ`  prettier/prettier
51:1  Error: Insert `ﾂｷﾂｷ`  prettier/prettier
52:5  Error: Insert `ﾂｷﾂｷ`  prettier/prettier
53:1  Error: Replace `ﾂｷﾂｷﾂｷﾂｷ` with `ﾂｷﾂｷﾂｷﾂｷﾂｷﾂｷ`  prettier/prettier
54:1  Error: Insert `ﾂｷﾂｷ`  prettier/prettier
55:1  Error: Insert `ﾂｷﾂｷ`  prettier/prettier
56:5  Error: Insert `ﾂｷﾂｷ`  prettier/prettier
57:1  Error: Insert `ﾂｷﾂｷ`  prettier/prettier
58:5  Error: Insert `ﾂｷﾂｷ`  prettier/prettier
59:5  Error: Insert `ﾂｷﾂｷ`  prettier/prettier
60:1  Error: Replace `ﾂｷﾂｷﾂｷﾂｷ` with `ﾂｷﾂｷﾂｷﾂｷﾂｷﾂｷ`  prettier/prettier
61:1  Error: Insert `ﾂｷﾂｷ`  prettier/prettier
62:1  Error: Insert `ﾂｷﾂｷ`  prettier/prettier
63:3  Error: Replace `},ﾂｷref` with `ﾂｷﾂｷ},竢篠ｷﾂｷﾂｷﾂｷref竢篠ｷﾂｷ`  prettier/prettier
84:15  Error: Replace `ﾂｷaria-label="breadcrumb"ﾂｷclassName="flexﾂｷitems-centerﾂｷspace-x-2ﾂｷtext-smﾂｷtext-gray-600"` with `竢篠ｷﾂｷﾂｷﾂｷﾂｷﾂｷﾂｷﾂｷﾂｷﾂｷﾂｷﾂｷaria-label='breadcrumb'竢篠ｷﾂｷﾂｷﾂｷﾂｷﾂｷﾂｷﾂｷﾂｷﾂｷﾂｷﾂｷclassName='flexﾂｷitems-centerﾂｷspace-x-2ﾂｷtext-smﾂｷtext-gray-600'竢篠ｷﾂｷﾂｷﾂｷﾂｷﾂｷﾂｷﾂｷﾂｷﾂｷ`  prettier/prettier
87:47  Error: Replace `"text-gray-400"` with `'text-gray-400'`  prettier/prettier
89:21  Error: Delete `ﾂｷ`  prettier/prettier
90:37  Error: Delete `ﾂｷ`  prettier/prettier
91:31  Error: Replace `"hover:text-gray-900ﾂｷtransition-colors"` with `'hover:text-gray-900ﾂｷtransition-colors'`  prettier/prettier
92:35  Error: Replace `indexﾂｷ===ﾂｷbreadcrumb.lengthﾂｷ-ﾂｷ1ﾂｷ?ﾂｷ'page'ﾂｷ:ﾂｷundefined` with `竢篠ｷﾂｷﾂｷﾂｷﾂｷﾂｷﾂｷﾂｷﾂｷﾂｷﾂｷﾂｷﾂｷﾂｷﾂｷﾂｷﾂｷﾂｷﾂｷﾂｷﾂｷﾂｷindexﾂｷ===ﾂｷbreadcrumb.lengthﾂｷ-ﾂｷ1ﾂｷ?ﾂｷ'page'ﾂｷ:ﾂｷundefined竢篠ｷﾂｷﾂｷﾂｷﾂｷﾂｷﾂｷﾂｷﾂｷﾂｷﾂｷﾂｷﾂｷﾂｷﾂｷﾂｷﾂｷﾂｷﾂｷﾂｷ`  prettier/prettier
97:24  Error: Delete `ﾂｷ`  prettier/prettier
99:54  Error: Replace `ﾂｷ?ﾂｷ'text-gray-900ﾂｷfont-medium'` with `竢篠ｷﾂｷﾂｷﾂｷﾂｷﾂｷﾂｷﾂｷﾂｷﾂｷﾂｷﾂｷﾂｷﾂｷﾂｷﾂｷﾂｷﾂｷﾂｷﾂｷﾂｷﾂｷﾂｷﾂｷ?ﾂｷ'text-gray-900ﾂｷfont-medium'竢篠ｷﾂｷﾂｷﾂｷﾂｷﾂｷﾂｷﾂｷﾂｷﾂｷﾂｷﾂｷﾂｷﾂｷﾂｷﾂｷﾂｷﾂｷﾂｷﾂｷﾂｷﾂｷﾂｷ`  prettier/prettier
101:35  Error: Replace `indexﾂｷ===ﾂｷbreadcrumb.lengthﾂｷ-ﾂｷ1ﾂｷ?ﾂｷ'page'ﾂｷ:ﾂｷundefined` with `竢篠ｷﾂｷﾂｷﾂｷﾂｷﾂｷﾂｷﾂｷﾂｷﾂｷﾂｷﾂｷﾂｷﾂｷﾂｷﾂｷﾂｷﾂｷﾂｷﾂｷﾂｷﾂｷindexﾂｷ===ﾂｷbreadcrumb.lengthﾂｷ-ﾂｷ1ﾂｷ?ﾂｷ'page'ﾂｷ:ﾂｷundefined竢篠ｷﾂｷﾂｷﾂｷﾂｷﾂｷﾂｷﾂｷﾂｷﾂｷﾂｷﾂｷﾂｷﾂｷﾂｷﾂｷﾂｷﾂｷﾂｷﾂｷ`  prettier/prettier
112:24  Error: Replace `"flexﾂｷitems-centerﾂｷjustify-between"` with `'flexﾂｷitems-centerﾂｷjustify-between'`  prettier/prettier
113:26  Error: Replace `"flexﾂｷitems-centerﾂｷspace-x-4ﾂｷmin-w-0ﾂｷflex-1"` with `'flexﾂｷitems-centerﾂｷspace-x-4ﾂｷmin-w-0ﾂｷflex-1'`  prettier/prettier
117:25  Error: Replace `"ghost"` with `'ghost'`  prettier/prettier
118:22  Error: Replace `"sm"` with `'sm'`  prettier/prettier
120:27  Error: Replace `"flex-shrink-0"` with `'flex-shrink-0'`  prettier/prettier
121:28  Error: Replace `"蜑阪・繝壹・繧ｸ縺ｫ謌ｻ繧・` with `'蜑阪・繝壹・繧ｸ縺ｫ謌ｻ繧・`  prettier/prettier
123:40  Error: Replace `"w-4ﾂｷh-4"` with `'w-4ﾂｷh-4'`  prettier/prettier
128:28  Error: Replace `"min-w-0ﾂｷflex-1"` with `'min-w-0ﾂｷflex-1'`  prettier/prettier
129:30  Error: Replace `"flexﾂｷitems-centerﾂｷspace-x-2"` with `'flexﾂｷitems-centerﾂｷspace-x-2'`  prettier/prettier
130:20  Error: Delete `ﾂｷ`  prettier/prettier
139:35  Error: Replace `"inline-flexﾂｷitems-centerﾂｷpx-2ﾂｷpy-1ﾂｷrounded-fullﾂｷtext-xsﾂｷfont-mediumﾂｷbg-red-100ﾂｷtext-red-800"` with `'inline-flexﾂｷitems-centerﾂｷpx-2ﾂｷpy-1ﾂｷrounded-fullﾂｷtext-xsﾂｷfont-mediumﾂｷbg-red-100ﾂｷtext-red-800'`  prettier/prettier
144:1  Error: Delete `ﾂｷﾂｷﾂｷﾂｷﾂｷﾂｷﾂｷﾂｷﾂｷﾂｷﾂｷﾂｷﾂｷﾂｷ`  prettier/prettier
146:30  Error: Replace `"mt-1ﾂｷtext-smﾂｷtext-gray-600ﾂｷline-clamp-2"` with `'mt-1ﾂｷtext-smﾂｷtext-gray-600ﾂｷline-clamp-2'`  prettier/prettier
153:21  Error: Replace `ﾂｷclassName={cn("flexﾂｷitems-centerﾂｷspace-x-1ﾂｷmt-2",ﾂｷstatusStyles[status])}` with `竢篠ｷﾂｷﾂｷﾂｷﾂｷﾂｷﾂｷﾂｷﾂｷﾂｷﾂｷﾂｷﾂｷﾂｷﾂｷﾂｷﾂｷﾂｷclassName={cn(竢篠ｷﾂｷﾂｷﾂｷﾂｷﾂｷﾂｷﾂｷﾂｷﾂｷﾂｷﾂｷﾂｷﾂｷﾂｷﾂｷﾂｷﾂｷﾂｷﾂｷ'flexﾂｷitems-centerﾂｷspace-x-1ﾂｷmt-2',竢篠ｷﾂｷﾂｷﾂｷﾂｷﾂｷﾂｷﾂｷﾂｷﾂｷﾂｷﾂｷﾂｷﾂｷﾂｷﾂｷﾂｷﾂｷﾂｷﾂｷstatusStyles[status]竢篠ｷﾂｷﾂｷﾂｷﾂｷﾂｷﾂｷﾂｷﾂｷﾂｷﾂｷﾂｷﾂｷﾂｷﾂｷﾂｷﾂｷﾂｷ)}竢篠ｷﾂｷﾂｷﾂｷﾂｷﾂｷﾂｷﾂｷﾂｷﾂｷﾂｷﾂｷﾂｷﾂｷﾂｷﾂｷ`  prettier/prettier
154:41  Error: Replace `"w-4ﾂｷh-4"` with `'w-4ﾂｷh-4'`  prettier/prettier
155:35  Error: Replace `"text-smﾂｷfont-medium"` with `'text-smﾂｷfont-medium'`  prettier/prettier
163:28  Error: Replace `"flex-shrink-0ﾂｷml-4"` with `'flex-shrink-0ﾂｷml-4'`  prettier/prettier
164:30  Error: Replace `"flexﾂｷitems-centerﾂｷspace-x-2">竢篠ｷﾂｷﾂｷﾂｷﾂｷﾂｷﾂｷﾂｷﾂｷﾂｷﾂｷﾂｷﾂｷﾂｷﾂｷﾂｷ{actions}竢篠ｷﾂｷﾂｷﾂｷﾂｷﾂｷﾂｷﾂｷﾂｷﾂｷﾂｷﾂｷﾂｷﾂｷ` with `'flexﾂｷitems-centerﾂｷspace-x-2'>{actions}`  prettier/prettier
180:20  Error: Replace `"space-y-4ﾂｷp-4"` with `'space-y-4ﾂｷp-4'`  prettier/prettier
183:15  Error: Replace `"謔｣閠・ｮ｡逅・` with `'謔｣閠・ｮ｡逅・`  prettier/prettier
184:21  Error: Replace `"謔｣閠・ュ蝣ｱ縺ｮ逋ｻ骭ｲ繝ｻ邱ｨ髮・・讀懃ｴ｢繧定｡後＞縺ｾ縺・` with `'謔｣閠・ュ蝣ｱ縺ｮ逋ｻ骭ｲ繝ｻ邱ｨ髮・・讀懃ｴ｢繧定｡後＞縺ｾ縺・`  prettier/prettier
185:17  Error: Replace `"medical"` with `'medical'`  prettier/prettier
186:22  Error: Replace `竢篠ｷﾂｷﾂｷﾂｷﾂｷﾂｷﾂｷﾂｷﾂｷﾂｷ{ﾂｷlabel:ﾂｷ'繝帙・繝',ﾂｷhref:ﾂｷ'/'ﾂｷ},竢篠ｷﾂｷﾂｷﾂｷﾂｷﾂｷﾂｷﾂｷﾂｷﾂｷ{ﾂｷlabel:ﾂｷ'謔｣閠・ｮ｡逅・ﾂｷ}竢篠ｷﾂｷﾂｷﾂｷﾂｷﾂｷﾂｷﾂｷ` with `{ﾂｷlabel:ﾂｷ'繝帙・繝',ﾂｷhref:ﾂｷ'/'ﾂｷ},ﾂｷ{ﾂｷlabel:ﾂｷ'謔｣閠・ｮ｡逅・ﾂｷ}`  prettier/prettier
190:18  Error: Replace `竢篠ｷﾂｷﾂｷﾂｷﾂｷﾂｷﾂｷﾂｷﾂｷﾂｷ<Buttonﾂｷvariant="medical-primary">譁ｰ隕乗ぅ閠・匳骭ｲ</Button>竢篠ｷﾂｷﾂｷﾂｷﾂｷﾂｷﾂｷﾂｷ` with `<Buttonﾂｷvariant='medical-primary'>譁ｰ隕乗ぅ閠・匳骭ｲ</Button>`  prettier/prettier
197:15  Error: Replace `"邱頑･繧｢繝ｩ繝ｼ繝・` with `'邱頑･繧｢繝ｩ繝ｼ繝・`  prettier/prettier
198:21  Error: Replace `"繧ｷ繧ｹ繝・Β縺ｧ驥崎ｦ√↑蝠城｡後′讀懷・縺輔ｌ縺ｾ縺励◆"` with `'繧ｷ繧ｹ繝・Β縺ｧ驥崎ｦ√↑蝠城｡後′讀懷・縺輔ｌ縺ｾ縺励◆'`  prettier/prettier
199:17  Error: Replace `"emergency"` with `'emergency'`  prettier/prettier
200:18  Error: Replace `"urgent"` with `'urgent'`  prettier/prettier
201:16  Error: Replace `"error"` with `'error'`  prettier/prettier
202:23  Error: Replace `"蜊ｳ蠎ｧ縺ｫ蟇ｾ蠢懊′蠢・ｦ√〒縺・` with `'蜊ｳ蠎ｧ縺ｫ蟇ｾ蠢懊′蠢・ｦ√〒縺・`  prettier/prettier
205:27  Error: Replace `"medical-urgent"ﾂｷsize="emergency"` with `'medical-urgent'ﾂｷsize='emergency'`  prettier/prettier
213:15  Error: Replace `"繧ｻ繧ｭ繝･繝ｪ繝・ぅ險ｭ螳・` with `'繧ｻ繧ｭ繝･繝ｪ繝・ぅ險ｭ螳・`  prettier/prettier
214:21  Error: Replace `"繧ｷ繧ｹ繝・Β繧ｻ繧ｭ繝･繝ｪ繝・ぅ縺ｮ邂｡逅・→逶｣隕・` with `'繧ｷ繧ｹ繝・Β繧ｻ繧ｭ繝･繝ｪ繝・ぅ縺ｮ邂｡逅・→逶｣隕・`  prettier/prettier
215:17  Error: Replace `"admin"` with `'admin'`  prettier/prettier
216:18  Error: Replace `"high"` with `'high'`  prettier/prettier
220:32  Error: Insert `,`  prettier/prettier
222:16  Error: Replace `"success"` with `'success'`  prettier/prettier
223:23  Error: Replace `"縺吶∋縺ｦ縺ｮ繧ｻ繧ｭ繝･繝ｪ繝・ぅ繝√ぉ繝・け縺悟ｮ御ｺ・＠縺ｦ縺・∪縺・` with `'縺吶∋縺ｦ縺ｮ繧ｻ繧ｭ繝･繝ｪ繝・ぅ繝√ぉ繝・け縺悟ｮ御ｺ・＠縺ｦ縺・∪縺・`  prettier/prettier
226:29  Error: Replace `"admin-secondary"` with `'admin-secondary'`  prettier/prettier
227:29  Error: Replace `"admin-primary"` with `'admin-primary'`  prettier/prettier
233:3  Error: Insert `竢餐  prettier/prettier

./src/components/ui/responsive-table.tsx
234:37  Error: Replace `ﾂｷ?ﾂｷcolumn.accessor(item)` with `竢篠ｷﾂｷﾂｷﾂｷﾂｷﾂｷﾂｷﾂｷﾂｷﾂｷﾂｷﾂｷﾂｷﾂｷﾂｷﾂｷﾂｷﾂｷﾂｷﾂｷﾂｷﾂｷ?ﾂｷcolumn.accessor(item)竢篠ｷﾂｷﾂｷﾂｷﾂｷﾂｷﾂｷﾂｷﾂｷﾂｷﾂｷﾂｷﾂｷﾂｷﾂｷﾂｷﾂｷﾂｷﾂｷﾂｷﾂｷ`  prettier/prettier

./src/hooks/useAdminChat.ts
70:7  Warning: Unexpected console statement.  no-console
131:7  Warning: Unexpected console statement.  no-console

./src/hooks/useAdminDashboard.ts
43:9  Warning: The 'clinicsData' logical expression could make the dependencies of useMemo Hook (at line 62) change on every render. Move it inside the useMemo callback. Alternatively, wrap the initialization of 'clinicsData' in its own useMemo() Hook.  react-hooks/exhaustive-deps

./src/hooks/useAdminMaster.ts
22:5  Error: 'limit' is assigned a value but never used. Allowed unused args must match /^_/u.  @typescript-eslint/no-unused-vars
53:35  Error: Replace `竢篠ｷﾂｷﾂｷﾂｷid:ﾂｷstring,竢篠ｷﾂｷﾂｷﾂｷupdates:ﾂｷPartial<MasterData>竢篠ｷﾂｷ` with `id:ﾂｷstring,ﾂｷupdates:ﾂｷPartial<MasterData>`  prettier/prettier
78:23  Error: Replace `systemSettings.errorﾂｷ||ﾂｷ'繝・・繧ｿ縺ｮ繧ｨ繧ｯ繧ｹ繝昴・繝医↓螟ｱ謨励＠縺ｾ縺励◆'` with `竢篠ｷﾂｷﾂｷﾂｷﾂｷﾂｷﾂｷﾂｷsystemSettings.errorﾂｷ||ﾂｷ'繝・・繧ｿ縺ｮ繧ｨ繧ｯ繧ｹ繝昴・繝医↓螟ｱ謨励＠縺ｾ縺励◆'竢篠ｷﾂｷﾂｷﾂｷﾂｷﾂｷ`  prettier/prettier
89:23  Error: Replace `systemSettings.errorﾂｷ||ﾂｷ'繝・・繧ｿ縺ｮ繧､繝ｳ繝昴・繝医↓螟ｱ謨励＠縺ｾ縺励◆'` with `竢篠ｷﾂｷﾂｷﾂｷﾂｷﾂｷﾂｷﾂｷsystemSettings.errorﾂｷ||ﾂｷ'繝・・繧ｿ縺ｮ繧､繝ｳ繝昴・繝医↓螟ｱ謨励＠縺ｾ縺励◆'竢篠ｷﾂｷﾂｷﾂｷﾂｷﾂｷ`  prettier/prettier

./src/hooks/useAdminSettings.ts
131:17  Error: Replace `ﾂｷsuccess:ﾂｷfalse,ﾂｷmessage:ﾂｷ'豌ｸ邯壼喧繧ｪ繝励す繝ｧ繝ｳ縺瑚ｨｭ螳壹＆繧後※縺・∪縺帙ｓ'` with `竢篠ｷﾂｷﾂｷﾂｷﾂｷﾂｷﾂｷﾂｷﾂｷﾂｷsuccess:ﾂｷfalse,竢篠ｷﾂｷﾂｷﾂｷﾂｷﾂｷﾂｷﾂｷﾂｷﾂｷmessage:ﾂｷ'豌ｸ邯壼喧繧ｪ繝励す繝ｧ繝ｳ縺瑚ｨｭ螳壹＆繧後※縺・∪縺帙ｓ',竢篠ｷﾂｷﾂｷﾂｷﾂｷﾂｷﾂｷ`  prettier/prettier

./src/hooks/useAdminTenants.ts
48:7  Warning: Unexpected console statement.  no-console
54:36  Error: Insert `竢篠ｷﾂｷﾂｷﾂｷ`  prettier/prettier
55:5  Error: Insert `ﾂｷﾂｷ`  prettier/prettier
56:1  Error: Insert `ﾂｷﾂｷ`  prettier/prettier
57:1  Error: Replace `ﾂｷﾂｷﾂｷﾂｷ` with `ﾂｷﾂｷﾂｷﾂｷﾂｷﾂｷ`  prettier/prettier
58:5  Error: Insert `ﾂｷﾂｷ`  prettier/prettier
59:1  Error: Insert `ﾂｷﾂｷ`  prettier/prettier
60:5  Error: Insert `ﾂｷﾂｷ`  prettier/prettier
61:1  Error: Insert `ﾂｷﾂｷ`  prettier/prettier
62:7  Error: Insert `ﾂｷﾂｷ`  prettier/prettier
64:1  Error: Insert `ﾂｷﾂｷ`  prettier/prettier
65:1  Error: Replace `ﾂｷﾂｷﾂｷﾂｷﾂｷﾂｷﾂｷﾂｷ` with `ﾂｷﾂｷﾂｷﾂｷﾂｷﾂｷﾂｷﾂｷﾂｷﾂｷ`  prettier/prettier
66:1  Error: Insert `ﾂｷﾂｷ`  prettier/prettier
67:1  Error: Replace `ﾂｷﾂｷﾂｷﾂｷﾂｷﾂｷﾂｷﾂｷ` with `ﾂｷﾂｷﾂｷﾂｷﾂｷﾂｷﾂｷﾂｷﾂｷﾂｷ`  prettier/prettier
68:7  Error: Insert `ﾂｷﾂｷ`  prettier/prettier
70:1  Error: Insert `ﾂｷﾂｷ`  prettier/prettier
71:7  Error: Insert `ﾂｷﾂｷ`  prettier/prettier
72:1  Error: Insert `ﾂｷﾂｷ`  prettier/prettier
73:7  Error: Insert `ﾂｷﾂｷ`  prettier/prettier
75:1  Error: Insert `ﾂｷﾂｷ`  prettier/prettier
76:1  Error: Replace `ﾂｷﾂｷﾂｷﾂｷ` with `ﾂｷﾂｷﾂｷﾂｷﾂｷﾂｷ`  prettier/prettier
77:1  Error: Insert `ﾂｷﾂｷ`  prettier/prettier
78:1  Error: Insert `ﾂｷﾂｷ`  prettier/prettier
79:7  Error: Insert `ﾂｷﾂｷ`  prettier/prettier
80:1  Error: Insert `ﾂｷﾂｷ`  prettier/prettier
80:7  Warning: Unexpected console statement.  no-console
81:7  Error: Insert `ﾂｷﾂｷ`  prettier/prettier
82:5  Error: Insert `ﾂｷﾂｷ`  prettier/prettier
83:1  Error: Replace `ﾂｷﾂｷﾂｷﾂｷﾂｷﾂｷ` with `ﾂｷﾂｷﾂｷﾂｷﾂｷﾂｷﾂｷﾂｷ`  prettier/prettier
84:5  Error: Insert `ﾂｷﾂｷ`  prettier/prettier
85:1  Error: Replace `ﾂｷﾂｷ},ﾂｷ[]` with `ﾂｷﾂｷﾂｷﾂｷ},竢篠ｷﾂｷﾂｷﾂｷ[]竢篠ｷﾂｷ`  prettier/prettier
87:36  Error: Insert `竢篠ｷﾂｷﾂｷﾂｷ`  prettier/prettier
88:1  Error: Replace `ﾂｷﾂｷﾂｷﾂｷ` with `ﾂｷﾂｷﾂｷﾂｷﾂｷﾂｷ`  prettier/prettier
89:5  Error: Insert `ﾂｷﾂｷ`  prettier/prettier
90:1  Error: Insert `ﾂｷﾂｷ`  prettier/prettier
91:7  Error: Insert `ﾂｷﾂｷ`  prettier/prettier
92:1  Error: Insert `ﾂｷﾂｷ`  prettier/prettier
93:1  Error: Replace `ﾂｷﾂｷﾂｷﾂｷﾂｷﾂｷ` with `ﾂｷﾂｷﾂｷﾂｷﾂｷﾂｷﾂｷﾂｷ`  prettier/prettier
94:5  Error: Insert `ﾂｷﾂｷ`  prettier/prettier
95:1  Error: Insert `ﾂｷﾂｷ`  prettier/prettier
96:5  Error: Insert `ﾂｷﾂｷ`  prettier/prettier
97:1  Error: Insert `ﾂｷﾂｷ`  prettier/prettier
98:7  Error: Insert `ﾂｷﾂｷ`  prettier/prettier
100:1  Error: Insert `ﾂｷﾂｷ`  prettier/prettier
101:1  Error: Replace `ﾂｷﾂｷﾂｷﾂｷﾂｷﾂｷﾂｷﾂｷ` with `ﾂｷﾂｷﾂｷﾂｷﾂｷﾂｷﾂｷﾂｷﾂｷﾂｷ`  prettier/prettier
102:9  Error: Insert `ﾂｷﾂｷ`  prettier/prettier
103:1  Error: Replace `ﾂｷﾂｷﾂｷﾂｷﾂｷﾂｷﾂｷﾂｷﾂｷﾂｷ` with `ﾂｷﾂｷﾂｷﾂｷﾂｷﾂｷﾂｷﾂｷﾂｷﾂｷﾂｷﾂｷ`  prettier/prettier
104:1  Error: Insert `ﾂｷﾂｷ`  prettier/prettier
105:11  Error: Insert `ﾂｷﾂｷ`  prettier/prettier
106:9  Error: Insert `ﾂｷﾂｷ`  prettier/prettier
107:1  Error: Insert `ﾂｷﾂｷ`  prettier/prettier
109:7  Error: Insert `ﾂｷﾂｷ`  prettier/prettier
110:7  Error: Insert `ﾂｷﾂｷ`  prettier/prettier
111:1  Error: Replace `ﾂｷﾂｷﾂｷﾂｷﾂｷﾂｷﾂｷﾂｷ` with `ﾂｷﾂｷﾂｷﾂｷﾂｷﾂｷﾂｷﾂｷﾂｷﾂｷ`  prettier/prettier
112:7  Error: Insert `ﾂｷﾂｷ`  prettier/prettier
114:1  Error: Insert `ﾂｷﾂｷ`  prettier/prettier
115:5  Error: Insert `ﾂｷﾂｷ`  prettier/prettier
116:1  Error: Insert `ﾂｷﾂｷ`  prettier/prettier
117:1  Error: Insert `ﾂｷﾂｷ`  prettier/prettier
118:7  Error: Insert `ﾂｷﾂｷ`  prettier/prettier
119:1  Error: Replace `ﾂｷﾂｷﾂｷﾂｷﾂｷﾂｷ` with `ﾂｷﾂｷﾂｷﾂｷﾂｷﾂｷﾂｷﾂｷ`  prettier/prettier
119:7  Warning: Unexpected console statement.  no-console
120:7  Error: Insert `ﾂｷﾂｷ`  prettier/prettier
121:1  Error: Insert `ﾂｷﾂｷ`  prettier/prettier
122:7  Error: Insert `ﾂｷﾂｷ`  prettier/prettier
123:1  Error: Insert `ﾂｷﾂｷ`  prettier/prettier
124:3  Error: Replace `},ﾂｷ[]` with `ﾂｷﾂｷ},竢篠ｷﾂｷﾂｷﾂｷ[]竢篠ｷﾂｷ`  prettier/prettier

./src/hooks/useAdminUsers.ts
52:9  Warning: Unexpected console statement.  no-console
61:22  Error: Replace `ﾂｷuser_id:ﾂｷstring;ﾂｷclinic_id?:ﾂｷstringﾂｷ|ﾂｷnull;ﾂｷrole:ﾂｷstring` with `竢篠ｷﾂｷﾂｷﾂｷﾂｷﾂｷuser_id:ﾂｷstring;竢篠ｷﾂｷﾂｷﾂｷﾂｷﾂｷclinic_id?:ﾂｷstringﾂｷ|ﾂｷnull;竢篠ｷﾂｷﾂｷﾂｷﾂｷﾂｷrole:ﾂｷstring;竢篠ｷﾂｷﾂｷ`  prettier/prettier
82:9  Warning: Unexpected console statement.  no-console
119:9  Warning: Unexpected console statement.  no-console
152:7  Warning: Unexpected console statement.  no-console

./src/hooks/useChat.ts
125:7  Warning: Unexpected console statement.  no-console
235:9  Warning: Unexpected console statement.  no-console

./src/hooks/useDailyReports.ts
78:37  Error: Insert `竢篠ｷﾂｷﾂｷﾂｷ`  prettier/prettier
79:1  Error: Insert `ﾂｷﾂｷ`  prettier/prettier
80:7  Error: Insert `ﾂｷﾂｷ`  prettier/prettier
81:1  Error: Insert `ﾂｷﾂｷ`  prettier/prettier
82:1  Error: Insert `ﾂｷﾂｷ`  prettier/prettier
83:7  Error: Insert `ﾂｷﾂｷ`  prettier/prettier
84:7  Error: Insert `ﾂｷﾂｷ`  prettier/prettier
85:1  Error: Insert `ﾂｷﾂｷ`  prettier/prettier
86:5  Error: Insert `ﾂｷﾂｷ`  prettier/prettier
87:1  Error: Replace `ﾂｷﾂｷ},ﾂｷ[]` with `ﾂｷﾂｷﾂｷﾂｷ},竢篠ｷﾂｷﾂｷﾂｷ[]竢篠ｷﾂｷ`  prettier/prettier
108:73  Error: Insert `竢篠ｷﾂｷﾂｷﾂｷﾂｷﾂｷﾂｷ`  prettier/prettier
116:22  Error: Insert `竢篠ｷﾂｷﾂｷﾂｷﾂｷﾂｷﾂｷ`  prettier/prettier
124:36  Error: Insert `竢篠ｷﾂｷﾂｷﾂｷ`  prettier/prettier
125:5  Error: Insert `ﾂｷﾂｷ`  prettier/prettier
126:1  Error: Replace `ﾂｷﾂｷﾂｷﾂｷﾂｷﾂｷ` with `ﾂｷﾂｷﾂｷﾂｷﾂｷﾂｷﾂｷﾂｷ`  prettier/prettier
127:1  Error: Insert `ﾂｷﾂｷ`  prettier/prettier
128:5  Error: Insert `ﾂｷﾂｷ`  prettier/prettier
130:1  Error: Insert `ﾂｷﾂｷ`  prettier/prettier
131:1  Error: Insert `ﾂｷﾂｷ`  prettier/prettier
132:9  Error: Insert `ﾂｷﾂｷ`  prettier/prettier
133:9  Error: Insert `ﾂｷﾂｷ`  prettier/prettier
134:1  Error: Insert `ﾂｷﾂｷ`  prettier/prettier
135:9  Error: Insert `ﾂｷﾂｷ`  prettier/prettier
136:1  Error: Insert `ﾂｷﾂｷ`  prettier/prettier
137:1  Error: Insert `ﾂｷﾂｷ`  prettier/prettier
138:11  Error: Insert `ﾂｷﾂｷ`  prettier/prettier
139:1  Error: Insert `ﾂｷﾂｷ`  prettier/prettier
140:1  Error: Insert `ﾂｷﾂｷ`  prettier/prettier
141:11  Error: Insert `ﾂｷﾂｷ`  prettier/prettier
142:11  Error: Insert `ﾂｷﾂｷ`  prettier/prettier
143:1  Error: Insert `ﾂｷﾂｷ`  prettier/prettier
144:11  Error: Insert `ﾂｷﾂｷ`  prettier/prettier
145:1  Error: Insert `ﾂｷﾂｷ`  prettier/prettier
146:1  Error: Insert `ﾂｷﾂｷ`  prettier/prettier
147:9  Error: Insert `ﾂｷﾂｷ`  prettier/prettier
148:1  Error: Insert `ﾂｷﾂｷ`  prettier/prettier
150:1  Error: Insert `ﾂｷﾂｷ`  prettier/prettier
151:9  Error: Insert `ﾂｷﾂｷ`  prettier/prettier
152:1  Error: Insert `ﾂｷﾂｷ`  prettier/prettier
153:7  Error: Insert `ﾂｷﾂｷ`  prettier/prettier
155:1  Error: Replace `ﾂｷﾂｷﾂｷﾂｷﾂｷﾂｷconstﾂｷresult:ﾂｷApiResponse<DailyReportApiResponse>ﾂｷ=` with `ﾂｷﾂｷﾂｷﾂｷﾂｷﾂｷﾂｷﾂｷconstﾂｷresult:ﾂｷApiResponse<DailyReportApiResponse>ﾂｷ=竢篠ｷﾂｷﾂｷﾂｷﾂｷﾂｷﾂｷﾂｷﾂｷ`  prettier/prettier
157:1  Error: Replace `ﾂｷﾂｷﾂｷﾂｷﾂｷﾂｷ` with `ﾂｷﾂｷﾂｷﾂｷﾂｷﾂｷﾂｷﾂｷ`  prettier/prettier
158:1  Error: Insert `ﾂｷﾂｷ`  prettier/prettier
159:9  Error: Insert `ﾂｷﾂｷ`  prettier/prettier
160:1  Error: Replace `ﾂｷﾂｷﾂｷﾂｷﾂｷﾂｷﾂｷﾂｷ` with `ﾂｷﾂｷﾂｷﾂｷﾂｷﾂｷﾂｷﾂｷﾂｷﾂｷ`  prettier/prettier
161:11  Error: Insert `ﾂｷﾂｷ`  prettier/prettier
162:1  Error: Insert `ﾂｷﾂｷ`  prettier/prettier
163:1  Error: Replace `ﾂｷﾂｷﾂｷﾂｷﾂｷﾂｷﾂｷﾂｷﾂｷﾂｷ` with `ﾂｷﾂｷﾂｷﾂｷﾂｷﾂｷﾂｷﾂｷﾂｷﾂｷﾂｷﾂｷ`  prettier/prettier
164:1  Error: Insert `ﾂｷﾂｷ`  prettier/prettier
165:9  Error: Insert `ﾂｷﾂｷ`  prettier/prettier
166:1  Error: Replace `ﾂｷﾂｷﾂｷﾂｷﾂｷﾂｷ` with `ﾂｷﾂｷﾂｷﾂｷﾂｷﾂｷﾂｷﾂｷ`  prettier/prettier
167:1  Error: Insert `ﾂｷﾂｷ`  prettier/prettier
168:7  Error: Replace `constﾂｷmessageﾂｷ=` with `ﾂｷﾂｷconstﾂｷmessageﾂｷ=竢篠ｷﾂｷﾂｷﾂｷﾂｷﾂｷﾂｷﾂｷﾂｷ`  prettier/prettier
169:7  Error: Insert `ﾂｷﾂｷ`  prettier/prettier
170:5  Error: Insert `ﾂｷﾂｷ`  prettier/prettier
171:1  Error: Replace `ﾂｷﾂｷ},ﾂｷ[clinicId,ﾂｷmapApiToLocal]` with `ﾂｷﾂｷﾂｷﾂｷ},竢篠ｷﾂｷﾂｷﾂｷ[clinicId,ﾂｷmapApiToLocal]竢篠ｷﾂｷ`  prettier/prettier
174:36  Error: Insert `竢篠ｷﾂｷﾂｷﾂｷ`  prettier/prettier
175:5  Error: Insert `ﾂｷﾂｷ`  prettier/prettier
176:1  Error: Insert `ﾂｷﾂｷ`  prettier/prettier
177:7  Error: Insert `ﾂｷﾂｷ`  prettier/prettier
178:5  Error: Insert `ﾂｷﾂｷ`  prettier/prettier
180:1  Error: Replace `ﾂｷﾂｷﾂｷﾂｷ` with `ﾂｷﾂｷﾂｷﾂｷﾂｷﾂｷ`  prettier/prettier
181:1  Error: Insert `ﾂｷﾂｷ`  prettier/prettier
182:1  Error: Insert `ﾂｷﾂｷ`  prettier/prettier
183:1  Error: Insert `ﾂｷﾂｷ`  prettier/prettier
184:9  Error: Insert `ﾂｷﾂｷ`  prettier/prettier
185:7  Error: Insert `ﾂｷﾂｷ`  prettier/prettier
187:1  Error: Insert `ﾂｷﾂｷ`  prettier/prettier
188:9  Error: Insert `ﾂｷﾂｷ`  prettier/prettier
189:9  Error: Insert `ﾂｷﾂｷ`  prettier/prettier
190:1  Error: Insert `ﾂｷﾂｷ`  prettier/prettier
191:9  Error: Insert `ﾂｷﾂｷ`  prettier/prettier
192:1  Error: Insert `ﾂｷﾂｷ`  prettier/prettier
193:9  Error: Insert `ﾂｷﾂｷ`  prettier/prettier
194:1  Error: Replace `ﾂｷﾂｷﾂｷﾂｷﾂｷﾂｷﾂｷﾂｷﾂｷﾂｷ` with `ﾂｷﾂｷﾂｷﾂｷﾂｷﾂｷﾂｷﾂｷﾂｷﾂｷﾂｷﾂｷ`  prettier/prettier
195:1  Error: Insert `ﾂｷﾂｷ`  prettier/prettier
196:11  Error: Insert `ﾂｷﾂｷ`  prettier/prettier
197:1  Error: Replace `ﾂｷﾂｷﾂｷﾂｷﾂｷﾂｷﾂｷﾂｷﾂｷﾂｷtotal_patients:` with `ﾂｷﾂｷﾂｷﾂｷﾂｷﾂｷﾂｷﾂｷﾂｷﾂｷﾂｷﾂｷtotal_patients:竢篠ｷﾂｷﾂｷﾂｷﾂｷﾂｷﾂｷﾂｷﾂｷﾂｷﾂｷﾂｷﾂｷ`  prettier/prettier
198:11  Error: Insert `ﾂｷﾂｷ`  prettier/prettier
199:1  Error: Replace `ﾂｷﾂｷﾂｷﾂｷﾂｷﾂｷﾂｷﾂｷﾂｷﾂｷ` with `ﾂｷﾂｷﾂｷﾂｷﾂｷﾂｷﾂｷﾂｷﾂｷﾂｷﾂｷﾂｷ`  prettier/prettier
200:1  Error: Insert `ﾂｷﾂｷ`  prettier/prettier
201:11  Error: Insert `ﾂｷﾂｷ`  prettier/prettier
202:1  Error: Replace `ﾂｷﾂｷﾂｷﾂｷﾂｷﾂｷﾂｷﾂｷﾂｷﾂｷ` with `ﾂｷﾂｷﾂｷﾂｷﾂｷﾂｷﾂｷﾂｷﾂｷﾂｷﾂｷﾂｷ`  prettier/prettier
203:9  Error: Insert `ﾂｷﾂｷ`  prettier/prettier
204:1  Error: Insert `ﾂｷﾂｷ`  prettier/prettier
206:1  Error: Replace `ﾂｷﾂｷﾂｷﾂｷﾂｷﾂｷ` with `ﾂｷﾂｷﾂｷﾂｷﾂｷﾂｷﾂｷﾂｷ`  prettier/prettier
207:1  Error: Insert `ﾂｷﾂｷ`  prettier/prettier
208:9  Error: Insert `ﾂｷﾂｷ`  prettier/prettier
209:1  Error: Replace `ﾂｷﾂｷﾂｷﾂｷﾂｷﾂｷ` with `ﾂｷﾂｷﾂｷﾂｷﾂｷﾂｷﾂｷﾂｷ`  prettier/prettier
211:1  Error: Replace `ﾂｷﾂｷﾂｷﾂｷﾂｷﾂｷconstﾂｷresult:ﾂｷApiResponse<DailyReportApiResponse>ﾂｷ=` with `ﾂｷﾂｷﾂｷﾂｷﾂｷﾂｷﾂｷﾂｷconstﾂｷresult:ﾂｷApiResponse<DailyReportApiResponse>ﾂｷ=竢篠ｷﾂｷﾂｷﾂｷﾂｷﾂｷﾂｷﾂｷﾂｷ`  prettier/prettier
213:7  Error: Insert `ﾂｷﾂｷ`  prettier/prettier
214:1  Error: Insert `ﾂｷﾂｷ`  prettier/prettier
215:1  Error: Insert `ﾂｷﾂｷ`  prettier/prettier
216:11  Error: Replace `prev.map(reportﾂｷ=>ﾂｷ(report.idﾂｷ===ﾂｷidﾂｷ?ﾂｷ{ﾂｷ...report,ﾂｷ...updatedReportﾂｷ}ﾂｷ:ﾂｷreport)` with `ﾂｷﾂｷprev.map(reportﾂｷ=>竢篠ｷﾂｷﾂｷﾂｷﾂｷﾂｷﾂｷﾂｷﾂｷﾂｷﾂｷﾂｷﾂｷﾂｷreport.idﾂｷ===ﾂｷidﾂｷ?ﾂｷ{ﾂｷ...report,ﾂｷ...updatedReportﾂｷ}ﾂｷ:ﾂｷreport竢篠ｷﾂｷﾂｷﾂｷﾂｷﾂｷﾂｷﾂｷﾂｷﾂｷﾂｷﾂｷ`  prettier/prettier
217:1  Error: Insert `ﾂｷﾂｷ`  prettier/prettier
218:7  Error: Insert `ﾂｷﾂｷ`  prettier/prettier
219:1  Error: Insert `ﾂｷﾂｷ`  prettier/prettier
220:1  Error: Replace `ﾂｷﾂｷﾂｷﾂｷﾂｷﾂｷconstﾂｷmessageﾂｷ=` with `ﾂｷﾂｷﾂｷﾂｷﾂｷﾂｷﾂｷﾂｷconstﾂｷmessageﾂｷ=竢篠ｷﾂｷﾂｷﾂｷﾂｷﾂｷﾂｷﾂｷﾂｷ`  prettier/prettier
221:7  Error: Insert `ﾂｷﾂｷ`  prettier/prettier
222:5  Error: Insert `ﾂｷﾂｷ`  prettier/prettier
223:1  Error: Replace `ﾂｷﾂｷ},ﾂｷ[clinicId,ﾂｷreports,ﾂｷmapApiToLocal]` with `ﾂｷﾂｷﾂｷﾂｷ},竢篠ｷﾂｷﾂｷﾂｷ[clinicId,ﾂｷreports,ﾂｷmapApiToLocal]竢篠ｷﾂｷ`  prettier/prettier
240:22  Error: Insert `竢篠ｷﾂｷﾂｷﾂｷﾂｷﾂｷﾂｷ`  prettier/prettier
246:36  Error: Insert `竢篠ｷﾂｷﾂｷﾂｷ`  prettier/prettier
247:5  Error: Insert `ﾂｷﾂｷ`  prettier/prettier
248:1  Error: Insert `ﾂｷﾂｷ`  prettier/prettier
249:7  Error: Insert `ﾂｷﾂｷ`  prettier/prettier
250:1  Error: Insert `ﾂｷﾂｷ`  prettier/prettier
251:7  Error: Insert `ﾂｷﾂｷ`  prettier/prettier
252:1  Error: Replace `ﾂｷﾂｷﾂｷﾂｷﾂｷﾂｷﾂｷﾂｷ` with `ﾂｷﾂｷﾂｷﾂｷﾂｷﾂｷﾂｷﾂｷﾂｷﾂｷ`  prettier/prettier
253:7  Error: Insert `ﾂｷﾂｷ`  prettier/prettier
254:1  Error: Replace `ﾂｷﾂｷﾂｷﾂｷ` with `ﾂｷﾂｷﾂｷﾂｷﾂｷﾂｷ`  prettier/prettier
255:1  Error: Replace `ﾂｷﾂｷ},ﾂｷ[validateForm,ﾂｷisOnline,ﾂｷcreateReport,ﾂｷformState]` with `ﾂｷﾂｷﾂｷﾂｷ},竢篠ｷﾂｷﾂｷﾂｷ[validateForm,ﾂｷisOnline,ﾂｷcreateReport,ﾂｷformState]竢篠ｷﾂｷ`  prettier/prettier
263:38  Error: Insert `竢篠ｷﾂｷﾂｷﾂｷ`  prettier/prettier
264:1  Error: Insert `ﾂｷﾂｷ`  prettier/prettier
265:3  Error: Replace `},ﾂｷ[reports]` with `ﾂｷﾂｷ},竢篠ｷﾂｷﾂｷﾂｷ[reports]竢篠ｷﾂｷ`  prettier/prettier
275:26  Error: Insert `竢篠ｷﾂｷﾂｷﾂｷﾂｷﾂｷﾂｷﾂｷﾂｷﾂｷﾂｷ`  prettier/prettier

./src/hooks/useDashboard.ts
49:7  Warning: Unexpected console statement.  no-console
82:6  Warning: React Hook useEffect has a missing dependency: 'clinicId'. Either include it or remove the dependency array.  react-hooks/exhaustive-deps
98:11  Warning: Unexpected console statement.  no-console
101:7  Warning: Unexpected console statement.  no-console

./src/hooks/useMasterData.ts
62:9  Warning: The 'items' logical expression could make the dependencies of useMemo Hook (at line 76) change on every render. To fix this, wrap the initialization of 'items' in its own useMemo() Hook.  react-hooks/exhaustive-deps
153:7  Warning: Unexpected console statement.  no-console

./src/hooks/useMultiStore.ts
57:7  Warning: Unexpected console statement.  no-console
64:16  Error: Replace `(prev)` with `prev`  prettier/prettier
74:16  Error: Replace `(prev)` with `prev`  prettier/prettier
86:16  Error: Replace `(prev)` with `prev`  prettier/prettier
108:12  Error: Replace `(c)` with `c`  prettier/prettier

./src/hooks/useOnboarding.ts
39:16  Error: Replace `(prev)` with `prev`  prettier/prettier
47:20  Error: Replace `(prev)ﾂｷ=>ﾂｷ({ﾂｷ...prev,ﾂｷerror:ﾂｷ'隱崎ｨｼ縺悟ｿ・ｦ√〒縺・,ﾂｷstatus:ﾂｷnull` with `prevﾂｷ=>ﾂｷ({竢篠ｷﾂｷﾂｷﾂｷﾂｷﾂｷﾂｷﾂｷﾂｷﾂｷﾂｷﾂｷ...prev,竢篠ｷﾂｷﾂｷﾂｷﾂｷﾂｷﾂｷﾂｷﾂｷﾂｷﾂｷﾂｷerror:ﾂｷ'隱崎ｨｼ縺悟ｿ・ｦ√〒縺・,竢篠ｷﾂｷﾂｷﾂｷﾂｷﾂｷﾂｷﾂｷﾂｷﾂｷﾂｷﾂｷstatus:ﾂｷnull,竢篠ｷﾂｷﾂｷﾂｷﾂｷﾂｷﾂｷﾂｷﾂｷ`  prettier/prettier
56:18  Error: Replace `(prev)` with `prev`  prettier/prettier
58:18  Error: Replace `(prev)ﾂｷ=>ﾂｷ({ﾂｷ...prev,ﾂｷerror:ﾂｷjson.errorﾂｷ||ﾂｷ'繧ｨ繝ｩ繝ｼ縺檎匱逕溘＠縺ｾ縺励◆'` with `prevﾂｷ=>ﾂｷ({竢篠ｷﾂｷﾂｷﾂｷﾂｷﾂｷﾂｷﾂｷﾂｷﾂｷ...prev,竢篠ｷﾂｷﾂｷﾂｷﾂｷﾂｷﾂｷﾂｷﾂｷﾂｷerror:ﾂｷjson.errorﾂｷ||ﾂｷ'繧ｨ繝ｩ繝ｼ縺檎匱逕溘＠縺ｾ縺励◆',竢篠ｷﾂｷﾂｷﾂｷﾂｷﾂｷﾂｷ`  prettier/prettier
61:7  Warning: Unexpected console statement.  no-console
62:16  Error: Replace `(prev)` with `prev`  prettier/prettier
67:15  Error: Replace `((prev)` with `(prev`  prettier/prettier
72:37  Error: Insert `竢篠ｷﾂｷﾂｷﾂｷ`  prettier/prettier
73:1  Error: Insert `ﾂｷﾂｷ`  prettier/prettier
74:7  Error: Insert `ﾂｷﾂｷ`  prettier/prettier
75:1  Error: Insert `ﾂｷﾂｷ`  prettier/prettier
76:9  Error: Insert `ﾂｷﾂｷ`  prettier/prettier
77:1  Error: Insert `ﾂｷﾂｷ`  prettier/prettier
78:9  Error: Insert `ﾂｷﾂｷ`  prettier/prettier
79:7  Error: Insert `ﾂｷﾂｷ`  prettier/prettier
81:1  Error: Insert `ﾂｷﾂｷ`  prettier/prettier
83:1  Error: Insert `ﾂｷﾂｷ`  prettier/prettier
84:9  Error: Replace `setState((prev)` with `ﾂｷﾂｷsetState(prev`  prettier/prettier
85:11  Error: Insert `ﾂｷﾂｷ`  prettier/prettier
86:1  Error: Replace `ﾂｷﾂｷﾂｷﾂｷﾂｷﾂｷﾂｷﾂｷﾂｷﾂｷstatus:ﾂｷprev.statusﾂｷ?ﾂｷ{ﾂｷ...prev.status,ﾂｷcurrent_step:ﾂｷjson.data!.next_stepﾂｷ}` with `ﾂｷﾂｷﾂｷﾂｷﾂｷﾂｷﾂｷﾂｷﾂｷﾂｷﾂｷﾂｷstatus:ﾂｷprev.status竢篠ｷﾂｷﾂｷﾂｷﾂｷﾂｷﾂｷﾂｷﾂｷﾂｷﾂｷﾂｷﾂｷﾂｷ?ﾂｷ{ﾂｷ...prev.status,ﾂｷcurrent_step:ﾂｷjson.data!.next_stepﾂｷ}竢篠ｷﾂｷﾂｷﾂｷﾂｷﾂｷﾂｷﾂｷﾂｷﾂｷﾂｷﾂｷﾂｷ`  prettier/prettier
87:9  Error: Insert `ﾂｷﾂｷ`  prettier/prettier
88:1  Error: Replace `ﾂｷﾂｷﾂｷﾂｷﾂｷﾂｷ` with `ﾂｷﾂｷﾂｷﾂｷﾂｷﾂｷﾂｷﾂｷ`  prettier/prettier
90:1  Error: Insert `ﾂｷﾂｷ`  prettier/prettier
91:1  Error: Replace `ﾂｷﾂｷﾂｷﾂｷ` with `ﾂｷﾂｷﾂｷﾂｷﾂｷﾂｷ`  prettier/prettier
92:1  Error: Insert `ﾂｷﾂｷ`  prettier/prettier
92:7  Warning: Unexpected console statement.  no-console
93:1  Error: Replace `ﾂｷﾂｷﾂｷﾂｷﾂｷﾂｷ` with `ﾂｷﾂｷﾂｷﾂｷﾂｷﾂｷﾂｷﾂｷ`  prettier/prettier
94:1  Error: Insert `ﾂｷﾂｷ`  prettier/prettier
95:9  Error: Replace `error:ﾂｷerrﾂｷinstanceofﾂｷErrorﾂｷ?ﾂｷerr.message` with `ﾂｷﾂｷerror:竢篠ｷﾂｷﾂｷﾂｷﾂｷﾂｷﾂｷﾂｷﾂｷﾂｷﾂｷﾂｷerrﾂｷinstanceofﾂｷError竢篠ｷﾂｷﾂｷﾂｷﾂｷﾂｷﾂｷﾂｷﾂｷﾂｷﾂｷﾂｷﾂｷﾂｷ?ﾂｷerr.message竢篠ｷﾂｷﾂｷﾂｷﾂｷﾂｷﾂｷﾂｷﾂｷﾂｷﾂｷﾂｷﾂｷ`  prettier/prettier
96:1  Error: Insert `ﾂｷﾂｷ`  prettier/prettier
97:5  Error: Insert `ﾂｷﾂｷ`  prettier/prettier
98:1  Error: Replace `ﾂｷﾂｷ},ﾂｷ[]` with `ﾂｷﾂｷﾂｷﾂｷ},竢篠ｷﾂｷﾂｷﾂｷ[]竢篠ｷﾂｷ`  prettier/prettier
101:36  Error: Insert `竢篠ｷﾂｷﾂｷﾂｷ`  prettier/prettier
102:5  Error: Insert `ﾂｷﾂｷ`  prettier/prettier
103:1  Error: Replace `ﾂｷﾂｷﾂｷﾂｷﾂｷﾂｷ` with `ﾂｷﾂｷﾂｷﾂｷﾂｷﾂｷﾂｷﾂｷ`  prettier/prettier
104:9  Error: Insert `ﾂｷﾂｷ`  prettier/prettier
105:1  Error: Replace `ﾂｷﾂｷﾂｷﾂｷﾂｷﾂｷﾂｷﾂｷ` with `ﾂｷﾂｷﾂｷﾂｷﾂｷﾂｷﾂｷﾂｷﾂｷﾂｷ`  prettier/prettier
106:9  Error: Insert `ﾂｷﾂｷ`  prettier/prettier
107:1  Error: Replace `ﾂｷﾂｷﾂｷﾂｷﾂｷﾂｷﾂｷﾂｷ` with `ﾂｷﾂｷﾂｷﾂｷﾂｷﾂｷﾂｷﾂｷﾂｷﾂｷ`  prettier/prettier
108:7  Error: Insert `ﾂｷﾂｷ`  prettier/prettier
110:1  Error: Replace `ﾂｷﾂｷﾂｷﾂｷﾂｷﾂｷ` with `ﾂｷﾂｷﾂｷﾂｷﾂｷﾂｷﾂｷﾂｷ`  prettier/prettier
112:7  Error: Insert `ﾂｷﾂｷ`  prettier/prettier
113:1  Error: Replace `ﾂｷﾂｷﾂｷﾂｷﾂｷﾂｷﾂｷﾂｷsetState((prev)` with `ﾂｷﾂｷﾂｷﾂｷﾂｷﾂｷﾂｷﾂｷﾂｷﾂｷsetState(prev`  prettier/prettier
114:1  Error: Replace `ﾂｷﾂｷﾂｷﾂｷﾂｷﾂｷﾂｷﾂｷﾂｷﾂｷ` with `ﾂｷﾂｷﾂｷﾂｷﾂｷﾂｷﾂｷﾂｷﾂｷﾂｷﾂｷﾂｷ`  prettier/prettier
115:1  Error: Insert `ﾂｷﾂｷ`  prettier/prettier
116:13  Error: Insert `ﾂｷﾂｷ`  prettier/prettier
117:1  Error: Insert `ﾂｷﾂｷ`  prettier/prettier
118:17  Error: Insert `ﾂｷﾂｷ`  prettier/prettier
119:1  Error: Insert `ﾂｷﾂｷ`  prettier/prettier
120:15  Error: Insert `ﾂｷﾂｷ`  prettier/prettier
121:1  Error: Insert `ﾂｷﾂｷ`  prettier/prettier
122:9  Error: Insert `ﾂｷﾂｷ`  prettier/prettier
123:1  Error: Insert `ﾂｷﾂｷ`  prettier/prettier
125:7  Error: Insert `ﾂｷﾂｷ`  prettier/prettier
126:1  Error: Insert `ﾂｷﾂｷ`  prettier/prettier
127:7  Error: Insert `ﾂｷﾂｷ`  prettier/prettier
127:7  Warning: Unexpected console statement.  no-console
128:7  Error: Insert `ﾂｷﾂｷ`  prettier/prettier
129:1  Error: Insert `ﾂｷﾂｷ`  prettier/prettier
130:1  Error: Replace `ﾂｷﾂｷﾂｷﾂｷﾂｷﾂｷﾂｷﾂｷerror:` with `ﾂｷﾂｷﾂｷﾂｷﾂｷﾂｷﾂｷﾂｷﾂｷﾂｷerror:竢篠ｷﾂｷﾂｷﾂｷﾂｷﾂｷﾂｷﾂｷﾂｷﾂｷﾂｷ`  prettier/prettier
131:7  Error: Insert `ﾂｷﾂｷ`  prettier/prettier
132:1  Error: Replace `ﾂｷﾂｷﾂｷﾂｷ` with `ﾂｷﾂｷﾂｷﾂｷﾂｷﾂｷ`  prettier/prettier
133:1  Error: Replace `ﾂｷﾂｷ},ﾂｷ[]` with `ﾂｷﾂｷﾂｷﾂｷ},竢篠ｷﾂｷﾂｷﾂｷ[]竢篠ｷﾂｷ`  prettier/prettier
136:35  Error: Insert `竢篠ｷﾂｷﾂｷﾂｷ`  prettier/prettier
137:1  Error: Insert `ﾂｷﾂｷ`  prettier/prettier
138:7  Error: Insert `ﾂｷﾂｷ`  prettier/prettier
139:1  Error: Insert `ﾂｷﾂｷ`  prettier/prettier
140:9  Error: Insert `ﾂｷﾂｷ`  prettier/prettier
141:1  Error: Replace `ﾂｷﾂｷﾂｷﾂｷﾂｷﾂｷﾂｷﾂｷ` with `ﾂｷﾂｷﾂｷﾂｷﾂｷﾂｷﾂｷﾂｷﾂｷﾂｷ`  prettier/prettier
142:1  Error: Insert `ﾂｷﾂｷ`  prettier/prettier
143:1  Error: Replace `ﾂｷﾂｷﾂｷﾂｷﾂｷﾂｷ` with `ﾂｷﾂｷﾂｷﾂｷﾂｷﾂｷﾂｷﾂｷ`  prettier/prettier
145:1  Error: Insert `ﾂｷﾂｷ`  prettier/prettier
147:1  Error: Replace `ﾂｷﾂｷﾂｷﾂｷﾂｷﾂｷ` with `ﾂｷﾂｷﾂｷﾂｷﾂｷﾂｷﾂｷﾂｷ`  prettier/prettier
148:9  Error: Replace `setState((prev)` with `ﾂｷﾂｷsetState(prev`  prettier/prettier
149:1  Error: Insert `ﾂｷﾂｷ`  prettier/prettier
150:1  Error: Replace `ﾂｷﾂｷﾂｷﾂｷﾂｷﾂｷﾂｷﾂｷﾂｷﾂｷstatus:ﾂｷprev.statusﾂｷ?ﾂｷ{ﾂｷ...prev.status,ﾂｷcurrent_step:ﾂｷjson.data!.next_stepﾂｷ}` with `ﾂｷﾂｷﾂｷﾂｷﾂｷﾂｷﾂｷﾂｷﾂｷﾂｷﾂｷﾂｷstatus:ﾂｷprev.status竢篠ｷﾂｷﾂｷﾂｷﾂｷﾂｷﾂｷﾂｷﾂｷﾂｷﾂｷﾂｷﾂｷﾂｷ?ﾂｷ{ﾂｷ...prev.status,ﾂｷcurrent_step:ﾂｷjson.data!.next_stepﾂｷ}竢篠ｷﾂｷﾂｷﾂｷﾂｷﾂｷﾂｷﾂｷﾂｷﾂｷﾂｷﾂｷﾂｷ`  prettier/prettier
151:9  Error: Insert `ﾂｷﾂｷ`  prettier/prettier
152:1  Error: Replace `ﾂｷﾂｷﾂｷﾂｷﾂｷﾂｷ` with `ﾂｷﾂｷﾂｷﾂｷﾂｷﾂｷﾂｷﾂｷ`  prettier/prettier
154:1  Error: Insert `ﾂｷﾂｷ`  prettier/prettier
155:1  Error: Replace `ﾂｷﾂｷﾂｷﾂｷ` with `ﾂｷﾂｷﾂｷﾂｷﾂｷﾂｷ`  prettier/prettier
156:1  Error: Insert `ﾂｷﾂｷ`  prettier/prettier
156:7  Warning: Unexpected console statement.  no-console
157:1  Error: Replace `ﾂｷﾂｷﾂｷﾂｷﾂｷﾂｷ` with `ﾂｷﾂｷﾂｷﾂｷﾂｷﾂｷﾂｷﾂｷ`  prettier/prettier
158:1  Error: Insert `ﾂｷﾂｷ`  prettier/prettier
159:9  Error: Replace `error:` with `ﾂｷﾂｷerror:竢篠ｷﾂｷﾂｷﾂｷﾂｷﾂｷﾂｷﾂｷﾂｷﾂｷﾂｷ`  prettier/prettier
160:7  Error: Insert `ﾂｷﾂｷ`  prettier/prettier
161:1  Error: Replace `ﾂｷﾂｷﾂｷﾂｷ` with `ﾂｷﾂｷﾂｷﾂｷﾂｷﾂｷ`  prettier/prettier
162:1  Error: Replace `ﾂｷﾂｷ},ﾂｷ[]` with `ﾂｷﾂｷﾂｷﾂｷ},竢篠ｷﾂｷﾂｷﾂｷ[]竢篠ｷﾂｷ`  prettier/prettier
165:34  Error: Insert `竢篠ｷﾂｷﾂｷﾂｷ`  prettier/prettier
166:5  Error: Insert `ﾂｷﾂｷ`  prettier/prettier
167:1  Error: Insert `ﾂｷﾂｷ`  prettier/prettier
168:9  Error: Insert `ﾂｷﾂｷ`  prettier/prettier
169:1  Error: Insert `ﾂｷﾂｷ`  prettier/prettier
170:9  Error: Insert `ﾂｷﾂｷ`  prettier/prettier
171:1  Error: Insert `ﾂｷﾂｷ`  prettier/prettier
172:7  Error: Insert `ﾂｷﾂｷ`  prettier/prettier
174:1  Error: Insert `ﾂｷﾂｷ`  prettier/prettier
176:7  Error: Insert `ﾂｷﾂｷ`  prettier/prettier
177:1  Error: Replace `ﾂｷﾂｷﾂｷﾂｷﾂｷﾂｷﾂｷﾂｷsetState((prev)` with `ﾂｷﾂｷﾂｷﾂｷﾂｷﾂｷﾂｷﾂｷﾂｷﾂｷsetState(prev`  prettier/prettier
178:1  Error: Insert `ﾂｷﾂｷ`  prettier/prettier
179:11  Error: Replace `status:ﾂｷprev.statusﾂｷ?ﾂｷ{ﾂｷ...prev.status,ﾂｷcurrent_step:ﾂｷ'completed',ﾂｷcompleted:ﾂｷtrueﾂｷ}` with `ﾂｷﾂｷstatus:ﾂｷprev.status竢篠ｷﾂｷﾂｷﾂｷﾂｷﾂｷﾂｷﾂｷﾂｷﾂｷﾂｷﾂｷﾂｷﾂｷ?ﾂｷ{ﾂｷ...prev.status,ﾂｷcurrent_step:ﾂｷ'completed',ﾂｷcompleted:ﾂｷtrueﾂｷ}竢篠ｷﾂｷﾂｷﾂｷﾂｷﾂｷﾂｷﾂｷﾂｷﾂｷﾂｷﾂｷﾂｷ`  prettier/prettier
180:1  Error: Insert `ﾂｷﾂｷ`  prettier/prettier
181:7  Error: Insert `ﾂｷﾂｷ`  prettier/prettier
183:1  Error: Replace `ﾂｷﾂｷﾂｷﾂｷﾂｷﾂｷ` with `ﾂｷﾂｷﾂｷﾂｷﾂｷﾂｷﾂｷﾂｷ`  prettier/prettier
184:1  Error: Insert `ﾂｷﾂｷ`  prettier/prettier
185:1  Error: Insert `ﾂｷﾂｷ`  prettier/prettier
185:7  Warning: Unexpected console statement.  no-console
186:1  Error: Insert `ﾂｷﾂｷ`  prettier/prettier
187:9  Error: Insert `ﾂｷﾂｷ`  prettier/prettier
188:9  Error: Replace `error:` with `ﾂｷﾂｷerror:竢篠ｷﾂｷﾂｷﾂｷﾂｷﾂｷﾂｷﾂｷﾂｷﾂｷﾂｷ`  prettier/prettier
189:7  Error: Insert `ﾂｷﾂｷ`  prettier/prettier
190:1  Error: Insert `ﾂｷﾂｷ`  prettier/prettier
191:3  Error: Replace `},ﾂｷ[]` with `ﾂｷﾂｷ},竢篠ｷﾂｷﾂｷﾂｷ[]竢篠ｷﾂｷ`  prettier/prettier
195:14  Error: Replace `(prev)` with `prev`  prettier/prettier

./src/hooks/usePatientAnalysis.ts
167:11  Warning: Unexpected console statement.  no-console

./src/hooks/usePatientsList.ts
106:7  Warning: Unexpected console statement.  no-console
121:16  Error: Replace `'\u30af\u30ea\u30cb\u30c3\u30af\u60c5\u5831\u304c\u898b\u3064\u304b\u308a\u307e\u305b\u3093'` with `竢篠ｷﾂｷﾂｷﾂｷﾂｷﾂｷﾂｷﾂｷ'\u30af\u30ea\u30cb\u30c3\u30af\u60c5\u5831\u304c\u898b\u3064\u304b\u308a\u307e\u305b\u3093'竢篠ｷﾂｷﾂｷﾂｷﾂｷﾂｷ`  prettier/prettier

./src/hooks/useQualityAssurance.ts
37:7  Warning: Unexpected console statement.  no-console
221:1  Error: 'react' import is duplicated.  no-duplicate-imports

./src/hooks/useReservationFormData.ts
33:27  Error: Replace `menuJson?.errorﾂｷ||ﾂｷ'繝｡繝九Η繝ｼ繝・・繧ｿ縺ｮ蜿門ｾ励↓螟ｱ謨励＠縺ｾ縺励◆'` with `竢篠ｷﾂｷﾂｷﾂｷﾂｷﾂｷﾂｷﾂｷﾂｷﾂｷﾂｷﾂｷmenuJson?.errorﾂｷ||ﾂｷ'繝｡繝九Η繝ｼ繝・・繧ｿ縺ｮ蜿門ｾ励↓螟ｱ謨励＠縺ｾ縺励◆'竢篠ｷﾂｷﾂｷﾂｷﾂｷﾂｷﾂｷﾂｷﾂｷﾂｷ`  prettier/prettier
36:27  Error: Replace `resJson?.errorﾂｷ||ﾂｷ'繝ｪ繧ｽ繝ｼ繧ｹ繝・・繧ｿ縺ｮ蜿門ｾ励↓螟ｱ謨励＠縺ｾ縺励◆'` with `竢篠ｷﾂｷﾂｷﾂｷﾂｷﾂｷﾂｷﾂｷﾂｷﾂｷﾂｷﾂｷresJson?.errorﾂｷ||ﾂｷ'繝ｪ繧ｽ繝ｼ繧ｹ繝・・繧ｿ縺ｮ蜿門ｾ励↓螟ｱ謨励＠縺ｾ縺励◆'竢篠ｷﾂｷﾂｷﾂｷﾂｷﾂｷﾂｷﾂｷﾂｷﾂｷ`  prettier/prettier

./src/hooks/useReservations.ts
35:69  Error: Insert `竢篠ｷﾂｷﾂｷﾂｷﾂｷﾂｷﾂｷﾂｷﾂｷﾂｷ`  prettier/prettier
36:11  Error: Insert `ﾂｷﾂｷ`  prettier/prettier
37:1  Error: Insert `ﾂｷﾂｷ`  prettier/prettier
38:1  Error: Replace `ﾂｷﾂｷﾂｷﾂｷﾂｷﾂｷﾂｷﾂｷﾂｷﾂｷ` with `ﾂｷﾂｷﾂｷﾂｷﾂｷﾂｷﾂｷﾂｷﾂｷﾂｷﾂｷﾂｷ`  prettier/prettier
39:1  Error: Insert `ﾂｷﾂｷ`  prettier/prettier
40:1  Error: Replace `ﾂｷﾂｷﾂｷﾂｷﾂｷﾂｷﾂｷﾂｷﾂｷﾂｷ` with `ﾂｷﾂｷﾂｷﾂｷﾂｷﾂｷﾂｷﾂｷﾂｷﾂｷﾂｷﾂｷ`  prettier/prettier
41:9  Error: Replace `})` with `ﾂｷﾂｷ})竢篠ｷﾂｷﾂｷﾂｷﾂｷﾂｷﾂｷﾂｷ`  prettier/prettier

./src/hooks/useRevenue.ts
114:31  Error: Insert `竢篠ｷﾂｷﾂｷﾂｷﾂｷﾂｷﾂｷﾂｷﾂｷﾂｷﾂｷ`  prettier/prettier
120:11  Warning: Unexpected console statement.  no-console

./src/hooks/useSessionManagement.ts
14:3  Error: 'getGeolocationFromIP' is defined but never used.  @typescript-eslint/no-unused-vars
68:6  Warning: React Hook useEffect has a missing dependency: 'initializeSession'. Either include it or remove the dependency array.  react-hooks/exhaustive-deps
75:7  Warning: Unexpected console statement.  no-console
85:6  Warning: React Hook useEffect has missing dependencies: 'handleLogin' and 'handleLogout'. Either include them or remove the dependency array.  react-hooks/exhaustive-deps
102:9  Warning: Unexpected console statement.  no-console
113:7  Warning: Unexpected console statement.  no-console
158:7  Warning: Unexpected console statement.  no-console
188:7  Warning: Unexpected console statement.  no-console
225:7  Warning: Unexpected console statement.  no-console
240:7  Warning: Unexpected console statement.  no-console
259:9  Warning: Unexpected console statement.  no-console
262:7  Warning: Unexpected console statement.  no-console
274:7  Warning: Unexpected console statement.  no-console
306:5  Warning: Unexpected console statement.  no-console

./src/hooks/useStaffAnalysis.ts
57:62  Error: Replace `ﾂｷhour:ﾂｷi,ﾂｷcount:ﾂｷ0` with `竢篠ｷﾂｷﾂｷﾂｷhour:ﾂｷi,竢篠ｷﾂｷﾂｷﾂｷcount:ﾂｷ0,竢篠ｷ`  prettier/prettier
96:34  Error: Replace `ﾂｷjson?.errorﾂｷ||` with `竢篠ｷﾂｷﾂｷﾂｷﾂｷﾂｷﾂｷﾂｷﾂｷﾂｷﾂｷﾂｷjson?.errorﾂｷ||竢篠ｷﾂｷﾂｷﾂｷﾂｷﾂｷﾂｷﾂｷﾂｷﾂｷﾂｷ`  prettier/prettier
120:15  Error: Replace `ﾂｷerrorﾂｷinstanceofﾂｷErrorﾂｷ?ﾂｷerror.message` with `竢篠ｷﾂｷﾂｷﾂｷﾂｷﾂｷﾂｷﾂｷﾂｷﾂｷerrorﾂｷinstanceofﾂｷError竢篠ｷﾂｷﾂｷﾂｷﾂｷﾂｷﾂｷﾂｷﾂｷﾂｷﾂｷﾂｷ?ﾂｷerror.message竢篠ｷﾂｷﾂｷﾂｷﾂｷﾂｷﾂｷﾂｷﾂｷﾂｷﾂｷ`  prettier/prettier

./src/hooks/useSystemSettings.ts
75:9  Warning: Unexpected console statement.  no-console
118:9  Warning: Unexpected console statement.  no-console
167:9  Warning: Unexpected console statement.  no-console
201:7  Warning: Unexpected console statement.  no-console
253:9  Warning: Unexpected console statement.  no-console
277:58  Error: Delete `竢篠ｷﾂｷﾂｷﾂｷﾂｷﾂｷﾂｷﾂｷﾂｷ`  prettier/prettier
289:9  Warning: Unexpected console statement.  no-console
312:58  Error: Delete `竢篠ｷﾂｷﾂｷﾂｷﾂｷﾂｷﾂｷﾂｷﾂｷ`  prettier/prettier
324:9  Warning: Unexpected console statement.  no-console

./src/hooks/useSystemSettingsV2.ts
52:7  Warning: Unexpected console statement.  no-console
61:7  Warning: Unexpected console statement.  no-console
70:7  Warning: Unexpected console statement.  no-console
94:7  Error: Unnecessary try/catch wrapper.  no-useless-catch
106:7  Error: Unnecessary try/catch wrapper.  no-useless-catch
117:7  Error: Unnecessary try/catch wrapper.  no-useless-catch

./src/hooks/useTableManager.ts
129:9  Warning: Unexpected console statement.  no-console
134:5  Warning: React Hook useCallback has a missing dependency: 'pagination'. Either include it or remove the dependency array. You can also do a functional update 'setPagination(p => ...)' if you only need 'pagination' in the 'setPagination' call.  react-hooks/exhaustive-deps
329:6  Warning: React Hook useEffect has a missing dependency: 'fetchTableData'. Either include it or remove the dependency array.  react-hooks/exhaustive-deps

./src/hooks/useUserProfile.ts
24:39  Error: Replace `ﾂｷRecord<string,ﾂｷunknown>ﾂｷ|ﾂｷnull` with `竢篠ｷﾂｷﾂｷﾂｷ|ﾂｷRecord<string,ﾂｷunknown>竢篠ｷﾂｷﾂｷﾂｷ|ﾂｷnull竢篠ｷﾂｷﾂｷ`  prettier/prettier
25:41  Error: Replace `ﾂｷRecord<string,ﾂｷunknown>ﾂｷ|ﾂｷnull` with `竢篠ｷﾂｷﾂｷﾂｷ|ﾂｷRecord<string,ﾂｷunknown>竢篠ｷﾂｷﾂｷﾂｷ|ﾂｷnull竢篠ｷﾂｷﾂｷ`  prettier/prettier
37:39  Error: Replace `ﾂｷRecord<string,ﾂｷunknown>ﾂｷ|ﾂｷnull` with `竢篠ｷﾂｷﾂｷﾂｷ|ﾂｷRecord<string,ﾂｷunknown>竢篠ｷﾂｷﾂｷﾂｷ|ﾂｷnull竢篠ｷﾂｷﾂｷ`  prettier/prettier
38:41  Error: Replace `ﾂｷRecord<string,ﾂｷunknown>ﾂｷ|ﾂｷnull` with `竢篠ｷﾂｷﾂｷﾂｷ|ﾂｷRecord<string,ﾂｷunknown>竢篠ｷﾂｷﾂｷﾂｷ|ﾂｷnull竢篠ｷﾂｷﾂｷ`  prettier/prettier
175:34  Error: Replace `竢篠ｷﾂｷﾂｷﾂｷﾂｷﾂｷﾂｷﾂｷﾂｷﾂｷﾂｷﾂｷ()ﾂｷ=>ﾂｷresolve(null),竢篠ｷﾂｷﾂｷﾂｷﾂｷﾂｷﾂｷﾂｷﾂｷﾂｷﾂｷﾂｷSESSION_FETCH_TIMEOUT_MS竢篠ｷﾂｷﾂｷﾂｷﾂｷﾂｷﾂｷﾂｷﾂｷﾂｷ` with `()ﾂｷ=>ﾂｷresolve(null),ﾂｷSESSION_FETCH_TIMEOUT_MS`  prettier/prettier
195:9  Warning: Unexpected console statement.  no-console
240:9  Warning: Unexpected console statement.  no-console
278:6  Warning: React Hook useEffect has a missing dependency: 'profile'. Either include it or remove the dependency array.  react-hooks/exhaustive-deps

./src/legacy/Reservation/api.ts
17:41  Error: Replace `startDate:ﾂｷDateﾂｷ|ﾂｷnull,ﾂｷendDate:ﾂｷDateﾂｷ|ﾂｷnull` with `竢篠ｷﾂｷstartDate:ﾂｷDateﾂｷ|ﾂｷnull,竢篠ｷﾂｷendDate:ﾂｷDateﾂｷ|ﾂｷnull竢餐  prettier/prettier
25:50  Error: Delete `ﾂｷ`  prettier/prettier
33:41  Error: Replace `appointment:ﾂｷOmit<Appointment,ﾂｷ'id'>` with `竢篠ｷﾂｷappointment:ﾂｷOmit<Appointment,ﾂｷ'id'>竢餐  prettier/prettier
35:1  Error: Delete `ﾂｷﾂｷ`  prettier/prettier
40:1  Error: Delete `ﾂｷﾂｷ`  prettier/prettier

./src/legacy/Reservation/App.tsx
11:9  Error: Replace `ﾂｷAPPOINTMENTSﾂｷasﾂｷMOCK_APPOINTMENTS,ﾂｷPENDING_APPOINTMENTS,ﾂｷNOTIFICATIONSﾂｷ` with `竢篠ｷﾂｷAPPOINTMENTSﾂｷasﾂｷMOCK_APPOINTMENTS,竢篠ｷﾂｷPENDING_APPOINTMENTS,竢篠ｷﾂｷNOTIFICATIONS,竢餐  prettier/prettier
18:56  Error: Insert `竢篠ｷﾂｷﾂｷ`  prettier/prettier
19:1  Error: Delete `ﾂｷﾂｷ`  prettier/prettier
23:1  Error: Delete `ﾂｷﾂｷ`  prettier/prettier
25:10  Error: Delete `ﾂｷ`  prettier/prettier
26:18  Error: Delete `ﾂｷ`  prettier/prettier
27:13  Error: Delete `ﾂｷ`  prettier/prettier
28:11  Error: Delete `ﾂｷ`  prettier/prettier
29:22  Error: Delete `ﾂｷ`  prettier/prettier
30:20  Error: Delete `ﾂｷ`  prettier/prettier
31:23  Error: Delete `ﾂｷ`  prettier/prettier
32:20  Error: Replace `ﾂｷ` with `,`  prettier/prettier
35:62  Error: Insert `竢篠ｷﾂｷﾂｷﾂｷ|ﾂｷ`  prettier/prettier
36:1  Error: Insert `ﾂｷﾂｷﾂｷﾂｷ`  prettier/prettier
37:1  Error: Replace `ﾂｷﾂｷﾂｷﾂｷ` with `ﾂｷﾂｷﾂｷﾂｷﾂｷﾂｷﾂｷﾂｷ`  prettier/prettier
38:1  Error: Insert `ﾂｷﾂｷﾂｷﾂｷ`  prettier/prettier
39:5  Error: Insert `ﾂｷﾂｷﾂｷﾂｷ`  prettier/prettier
40:3  Error: Replace `}ﾂｷ|ﾂｷundefined` with `ﾂｷﾂｷﾂｷﾂｷ}竢篠ｷﾂｷﾂｷﾂｷ|ﾂｷundefined竢篠ｷﾂｷ`  prettier/prettier
47:32  Error: Replace `resourceId:ﾂｷstring,ﾂｷhour:ﾂｷnumber,ﾂｷminute:ﾂｷnumber` with `竢篠ｷﾂｷﾂｷﾂｷresourceId:ﾂｷstring,竢篠ｷﾂｷﾂｷﾂｷhour:ﾂｷnumber,竢篠ｷﾂｷﾂｷﾂｷminute:ﾂｷnumber竢篠ｷﾂｷ`  prettier/prettier
48:1  Error: Delete `ﾂｷ`  prettier/prettier
49:1  Error: Delete `ﾂｷ`  prettier/prettier
50:5  Error: Delete `ﾂｷ`  prettier/prettier
51:5  Error: Delete `ﾂｷ`  prettier/prettier
53:1  Error: Delete `ﾂｷ`  prettier/prettier
54:7  Error: Delete `ﾂｷ`  prettier/prettier
55:1  Error: Delete `ﾂｷ`  prettier/prettier
56:7  Error: Delete `ﾂｷ`  prettier/prettier
57:1  Error: Replace `ﾂｷﾂｷﾂｷﾂｷﾂｷﾂｷﾂｷdate:ﾂｷdateStr` with `ﾂｷﾂｷﾂｷﾂｷﾂｷﾂｷdate:ﾂｷdateStr,`  prettier/prettier
58:1  Error: Delete `ﾂｷ`  prettier/prettier
59:1  Error: Delete `ﾂｷ`  prettier/prettier
73:1  Error: Delete `ﾂｷﾂｷ`  prettier/prettier
75:1  Error: Delete `ﾂｷﾂｷ`  prettier/prettier
76:5  Error: Delete `ﾂｷﾂｷ`  prettier/prettier
77:1  Error: Replace `ﾂｷﾂｷﾂｷﾂｷﾂｷﾂｷﾂｷﾂｷﾂｷﾂｷ` with `ﾂｷﾂｷﾂｷﾂｷﾂｷﾂｷ`  prettier/prettier
78:1  Error: Delete `ﾂｷﾂｷﾂｷﾂｷ`  prettier/prettier
79:1  Error: Replace `ﾂｷﾂｷﾂｷﾂｷﾂｷﾂｷﾂｷﾂｷﾂｷﾂｷcolor:ﾂｷ'red'` with `ﾂｷﾂｷﾂｷﾂｷﾂｷﾂｷcolor:ﾂｷ'red',`  prettier/prettier
80:1  Error: Delete `ﾂｷﾂｷ`  prettier/prettier
85:14  Error: Replace `<divﾂｷclassName="flexﾂｷjustify-centerﾂｷitems-centerﾂｷh-fullﾂｷtext-red-500">繧ｨ繝ｩ繝ｼ:ﾂｷ{error}</div>` with `(竢篠ｷﾂｷﾂｷﾂｷﾂｷﾂｷﾂｷﾂｷ<divﾂｷclassName='flexﾂｷjustify-centerﾂｷitems-centerﾂｷh-fullﾂｷtext-red-500'>竢篠ｷﾂｷﾂｷﾂｷﾂｷﾂｷﾂｷﾂｷﾂｷﾂｷ繧ｨ繝ｩ繝ｼ:ﾂｷ{error}竢篠ｷﾂｷﾂｷﾂｷﾂｷﾂｷﾂｷﾂｷ</div>竢篠ｷﾂｷﾂｷﾂｷﾂｷﾂｷ)`  prettier/prettier
91:21  Error: Delete `ﾂｷ`  prettier/prettier
92:40  Error: Delete `ﾂｷ`  prettier/prettier
93:56  Error: Delete `ﾂｷ`  prettier/prettier
100:27  Error: Delete `ﾂｷ`  prettier/prettier
101:40  Error: Delete `ﾂｷ`  prettier/prettier
102:46  Error: Delete `ﾂｷ`  prettier/prettier
107:27  Error: Delete `ﾂｷ`  prettier/prettier
110:1  Error: Replace `ﾂｷﾂｷﾂｷﾂｷﾂｷﾂｷﾂｷﾂｷﾂｷﾂｷﾂｷﾂｷﾂｷﾂｷﾂｷﾂｷ` with `ﾂｷﾂｷﾂｷﾂｷﾂｷﾂｷﾂｷﾂｷﾂｷﾂｷﾂｷﾂｷﾂｷﾂｷ`  prettier/prettier
111:1  Error: Delete `ﾂｷﾂｷ`  prettier/prettier
123:20  Error: Replace `"min-h-screenﾂｷbg-gray-100ﾂｷflexﾂｷflex-col"` with `'min-h-screenﾂｷbg-gray-100ﾂｷflexﾂｷflex-col'`  prettier/prettier
124:14  Error: Delete `ﾂｷ`  prettier/prettier
128:22  Error: Replace `"flex-growﾂｷflexﾂｷflex-colﾂｷh-[calc(100vh-64px)]"` with `'flex-growﾂｷflexﾂｷflex-colﾂｷh-[calc(100vh-64px)]'`  prettier/prettier
129:20  Error: Delete `ﾂｷ`  prettier/prettier
130:36  Error: Delete `ﾂｷ`  prettier/prettier
136:25  Error: Replace `"flex-growﾂｷoverflow-hiddenﾂｷbg-gray-100ﾂｷrelative">竢篠ｷﾂｷﾂｷﾂｷﾂｷﾂｷﾂｷﾂｷﾂｷﾂｷ` with `'flex-growﾂｷoverflow-hiddenﾂｷbg-gray-100ﾂｷrelative'>`  prettier/prettier
143:28  Error: Replace `"absoluteﾂｷinset-0ﾂｷbg-white/60ﾂｷbackdrop-blur-[1px]ﾂｷz-50ﾂｷflexﾂｷitems-centerﾂｷjustify-centerﾂｷanimate-inﾂｷfade-inﾂｷduration-200"` with `'absoluteﾂｷinset-0ﾂｷbg-white/60ﾂｷbackdrop-blur-[1px]ﾂｷz-50ﾂｷflexﾂｷitems-centerﾂｷjustify-centerﾂｷanimate-inﾂｷfade-inﾂｷduration-200'`  prettier/prettier
144:30  Error: Replace `"bg-whiteﾂｷp-4ﾂｷrounded-fullﾂｷshadow-lg"` with `'bg-whiteﾂｷp-4ﾂｷrounded-fullﾂｷshadow-lg'`  prettier/prettier
145:36  Error: Replace `"w-8ﾂｷh-8ﾂｷtext-sky-600ﾂｷanimate-spin"` with `'w-8ﾂｷh-8ﾂｷtext-sky-600ﾂｷanimate-spin'`  prettier/prettier
149:1  Error: Delete `ﾂｷﾂｷﾂｷﾂｷﾂｷﾂｷﾂｷﾂｷﾂｷﾂｷ`  prettier/prettier
152:31  Error: Delete `ﾂｷ`  prettier/prettier
153:48  Error: Delete `ﾂｷ`  prettier/prettier
161:1  Error: Replace `ﾂｷﾂｷﾂｷﾂｷﾂｷﾂｷﾂｷﾂｷﾂｷﾂｷﾂｷﾂｷﾂｷﾂｷ<UnconfirmedReservationsModalﾂｷ` with `ﾂｷﾂｷﾂｷﾂｷﾂｷﾂｷﾂｷﾂｷﾂｷﾂｷﾂｷﾂｷ<UnconfirmedReservationsModal`  prettier/prettier
162:1  Error: Delete `ﾂｷﾂｷ`  prettier/prettier
163:15  Error: Delete `ﾂｷﾂｷ`  prettier/prettier
164:1  Error: Replace `ﾂｷﾂｷﾂｷﾂｷﾂｷﾂｷﾂｷﾂｷﾂｷﾂｷﾂｷﾂｷﾂｷﾂｷﾂｷﾂｷ` with `ﾂｷﾂｷﾂｷﾂｷﾂｷﾂｷﾂｷﾂｷﾂｷﾂｷﾂｷﾂｷﾂｷﾂｷ`  prettier/prettier
165:1  Error: Delete `ﾂｷﾂｷ`  prettier/prettier
170:13  Error: Replace `ﾂｷﾂｷ<NotificationsModalﾂｷ` with `<NotificationsModal`  prettier/prettier
171:1  Error: Replace `ﾂｷﾂｷﾂｷﾂｷﾂｷﾂｷﾂｷﾂｷﾂｷﾂｷﾂｷﾂｷﾂｷﾂｷﾂｷﾂｷ` with `ﾂｷﾂｷﾂｷﾂｷﾂｷﾂｷﾂｷﾂｷﾂｷﾂｷﾂｷﾂｷﾂｷﾂｷ`  prettier/prettier
172:1  Error: Delete `ﾂｷﾂｷ`  prettier/prettier
173:1  Error: Replace `ﾂｷﾂｷﾂｷﾂｷﾂｷﾂｷﾂｷﾂｷﾂｷﾂｷﾂｷﾂｷﾂｷﾂｷ` with `ﾂｷﾂｷﾂｷﾂｷﾂｷﾂｷﾂｷﾂｷﾂｷﾂｷﾂｷﾂｷ`  prettier/prettier
174:13  Error: Delete `竢餐  prettier/prettier
182:20  Error: Insert `竢餐  prettier/prettier

./src/legacy/Reservation/components/AppointmentBlock.tsx
13:52  Error: Replace `ﾂｷappointment,ﾂｷpixelsPerHour,ﾂｷstartHourOfGrid,ﾂｷonClickﾂｷ` with `竢篠ｷﾂｷappointment,竢篠ｷﾂｷpixelsPerHour,竢篠ｷﾂｷstartHourOfGrid,竢篠ｷﾂｷonClick,竢餐  prettier/prettier
14:29  Error: Insert `竢篠ｷﾂｷﾂｷ`  prettier/prettier
15:26  Error: Replace `ﾂｷ(appointment.endHourﾂｷ*ﾂｷ60ﾂｷ+ﾂｷappointment.endMinute)ﾂｷ-` with `竢篠ｷﾂｷﾂｷﾂｷappointment.endHourﾂｷ*ﾂｷ60ﾂｷ+竢篠ｷﾂｷﾂｷﾂｷappointment.endMinuteﾂｷ-竢篠ｷﾂｷﾂｷ`  prettier/prettier
16:1  Error: Delete `ﾂｷﾂｷ`  prettier/prettier
30:28  Error: Replace `'application/json',` with `竢篠ｷﾂｷﾂｷﾂｷﾂｷﾂｷ'application/json',竢篠ｷﾂｷﾂｷﾂｷﾂｷ`  prettier/prettier
32:49  Error: Insert `,`  prettier/prettier
33:1  Error: Replace `ﾂｷﾂｷﾂｷﾂｷ})` with `ﾂｷﾂｷﾂｷﾂｷﾂｷﾂｷ})竢篠ｷﾂｷﾂｷﾂｷ`  prettier/prettier
39:5  Error: Visible, non-interactive elements with click handlers must have at least one keyboard listener.  jsx-a11y/click-events-have-key-events
39:5  Error: Avoid non-native interactive elements. If using native HTML is not possible, add an appropriate role and support for tabbing, mouse, keyboard, and touch inputs to an interactive content element.  jsx-a11y/no-static-element-interactions
42:16  Error: Replace `(e)` with `e`  prettier/prettier
54:22  Error: Replace `"flexﾂｷitems-centerﾂｷgap-1ﾂｷfont-monoﾂｷopacity-90ﾂｷtext-[10px]ﾂｷwhitespace-nowrapﾂｷpointer-events-none"` with `'flexﾂｷitems-centerﾂｷgap-1ﾂｷfont-monoﾂｷopacity-90ﾂｷtext-[10px]ﾂｷwhitespace-nowrapﾂｷpointer-events-none'`  prettier/prettier
55:30  Error: Replace `<divﾂｷclassName="bg-white/30ﾂｷp-0.5ﾂｷrounded-sm"><MessageCircleﾂｷsize={8}ﾂｷ/></div>` with `(竢篠ｷﾂｷﾂｷﾂｷﾂｷﾂｷﾂｷﾂｷﾂｷﾂｷ<divﾂｷclassName='bg-white/30ﾂｷp-0.5ﾂｷrounded-sm'>竢篠ｷﾂｷﾂｷﾂｷﾂｷﾂｷﾂｷﾂｷﾂｷﾂｷﾂｷﾂｷ<MessageCircleﾂｷsize={8}ﾂｷ/>竢篠ｷﾂｷﾂｷﾂｷﾂｷﾂｷﾂｷﾂｷﾂｷﾂｷ</div>竢篠ｷﾂｷﾂｷﾂｷﾂｷﾂｷﾂｷﾂｷ)`  prettier/prettier
58:22  Error: Replace `"font-boldﾂｷtruncateﾂｷtext-[11px]ﾂｷmt-0.5ﾂｷpointer-events-none"` with `'font-boldﾂｷtruncateﾂｷtext-[11px]ﾂｷmt-0.5ﾂｷpointer-events-none'`  prettier/prettier
62:24  Error: Replace `"mt-1ﾂｷinline-flexﾂｷpointer-events-none"` with `'mt-1ﾂｷinline-flexﾂｷpointer-events-none'`  prettier/prettier
63:27  Error: Replace `"bg-rose-600/80ﾂｷtext-whiteﾂｷpx-1.5ﾂｷpy-0.5ﾂｷrounded-fullﾂｷtext-[9px]ﾂｷfont-boldﾂｷtruncate"` with `'bg-rose-600/80ﾂｷtext-whiteﾂｷpx-1.5ﾂｷpy-0.5ﾂｷrounded-fullﾂｷtext-[9px]ﾂｷfont-boldﾂｷtruncate'`  prettier/prettier
70:3  Error: Insert `竢餐  prettier/prettier

./src/legacy/Reservation/components/AppointmentDetail.tsx
15:53  Error: Replace `ﾂｷappointment,ﾂｷonClose,ﾂｷonUpdateﾂｷ` with `竢篠ｷﾂｷappointment,竢篠ｷﾂｷonClose,竢篠ｷﾂｷonUpdate,竢餐  prettier/prettier
23:63  Warning: Unexpected any. Specify a different type.  @typescript-eslint/no-explicit-any
25:7  Error: Delete `ﾂｷﾂｷ`  prettier/prettier
26:1  Error: Delete `ﾂｷﾂｷﾂｷﾂｷﾂｷﾂｷﾂｷﾂｷ`  prettier/prettier
27:1  Error: Delete `ﾂｷﾂｷ`  prettier/prettier
28:7  Error: Delete `ﾂｷﾂｷ`  prettier/prettier
30:1  Error: Replace `ﾂｷﾂｷﾂｷﾂｷﾂｷﾂｷﾂｷﾂｷ` with `ﾂｷﾂｷﾂｷﾂｷﾂｷﾂｷ`  prettier/prettier
31:9  Error: Delete `ﾂｷﾂｷﾂｷﾂｷ`  prettier/prettier
32:1  Error: Replace `ﾂｷﾂｷﾂｷﾂｷﾂｷﾂｷﾂｷﾂｷﾂｷﾂｷﾂｷﾂｷconstﾂｷcurrentDurationﾂｷ=ﾂｷcalculateDuration(prev.startHour,ﾂｷprev.startMinute,ﾂｷprev.endHour,ﾂｷprev.endMinute);` with `ﾂｷﾂｷﾂｷﾂｷﾂｷﾂｷﾂｷﾂｷconstﾂｷcurrentDurationﾂｷ=ﾂｷcalculateDuration(竢篠ｷﾂｷﾂｷﾂｷﾂｷﾂｷﾂｷﾂｷﾂｷﾂｷprev.startHour,竢篠ｷﾂｷﾂｷﾂｷﾂｷﾂｷﾂｷﾂｷﾂｷﾂｷprev.startMinute,竢篠ｷﾂｷﾂｷﾂｷﾂｷﾂｷﾂｷﾂｷﾂｷﾂｷprev.endHour,竢篠ｷﾂｷﾂｷﾂｷﾂｷﾂｷﾂｷﾂｷﾂｷﾂｷprev.endMinute`  prettier/prettier
33:1  Error: Replace `ﾂｷﾂｷﾂｷﾂｷﾂｷﾂｷﾂｷﾂｷﾂｷﾂｷﾂｷﾂｷconstﾂｷresﾂｷ=ﾂｷcalculateEndTime(updated.startHour,ﾂｷupdated.startMinute,ﾂｷcurrentDuration);` with `ﾂｷﾂｷﾂｷﾂｷﾂｷﾂｷﾂｷﾂｷ);竢篠ｷﾂｷﾂｷﾂｷﾂｷﾂｷﾂｷﾂｷconstﾂｷresﾂｷ=ﾂｷcalculateEndTime(竢篠ｷﾂｷﾂｷﾂｷﾂｷﾂｷﾂｷﾂｷﾂｷﾂｷupdated.startHour,竢篠ｷﾂｷﾂｷﾂｷﾂｷﾂｷﾂｷﾂｷﾂｷﾂｷupdated.startMinute,竢篠ｷﾂｷﾂｷﾂｷﾂｷﾂｷﾂｷﾂｷﾂｷﾂｷcurrentDuration`  prettier/prettier
34:9  Error: Insert `);竢篠ｷﾂｷﾂｷﾂｷ`  prettier/prettier
35:1  Error: Delete `ﾂｷﾂｷﾂｷﾂｷ`  prettier/prettier
36:1  Error: Delete `竢篠ｷﾂｷ`  prettier/prettier
38:9  Error: Delete `ﾂｷﾂｷﾂｷﾂｷ`  prettier/prettier
39:1  Error: Delete `ﾂｷﾂｷﾂｷﾂｷ`  prettier/prettier
40:1  Error: Replace `ﾂｷﾂｷﾂｷﾂｷﾂｷﾂｷﾂｷﾂｷﾂｷﾂｷﾂｷﾂｷ` with `ﾂｷﾂｷﾂｷﾂｷﾂｷﾂｷﾂｷﾂｷ`  prettier/prettier
41:1  Error: Delete `ﾂｷﾂｷﾂｷﾂｷﾂｷﾂｷﾂｷﾂｷﾂｷﾂｷﾂｷﾂｷ`  prettier/prettier
42:1  Error: Delete `ﾂｷﾂｷﾂｷﾂｷ`  prettier/prettier
43:1  Error: Replace `ﾂｷﾂｷﾂｷﾂｷﾂｷﾂｷﾂｷﾂｷﾂｷﾂｷﾂｷﾂｷ` with `ﾂｷﾂｷﾂｷﾂｷﾂｷﾂｷﾂｷﾂｷ`  prettier/prettier
44:1  Error: Replace `ﾂｷﾂｷﾂｷﾂｷﾂｷﾂｷﾂｷﾂｷﾂｷﾂｷﾂｷﾂｷ` with `ﾂｷﾂｷﾂｷﾂｷﾂｷﾂｷﾂｷﾂｷ`  prettier/prettier
45:1  Error: Delete `ﾂｷﾂｷﾂｷﾂｷﾂｷﾂｷﾂｷﾂｷﾂｷﾂｷﾂｷﾂｷ`  prettier/prettier
46:1  Error: Replace `ﾂｷﾂｷﾂｷﾂｷﾂｷﾂｷﾂｷﾂｷﾂｷﾂｷﾂｷﾂｷconstﾂｷresﾂｷ=ﾂｷcalculateEndTime(updated.startHour,ﾂｷupdated.startMinute,ﾂｷnewDuration);` with `ﾂｷﾂｷﾂｷﾂｷﾂｷﾂｷﾂｷﾂｷconstﾂｷresﾂｷ=ﾂｷcalculateEndTime(竢篠ｷﾂｷﾂｷﾂｷﾂｷﾂｷﾂｷﾂｷﾂｷﾂｷupdated.startHour,竢篠ｷﾂｷﾂｷﾂｷﾂｷﾂｷﾂｷﾂｷﾂｷﾂｷupdated.startMinute,竢篠ｷﾂｷﾂｷﾂｷﾂｷﾂｷﾂｷﾂｷﾂｷﾂｷnewDuration`  prettier/prettier
47:1  Error: Replace `ﾂｷﾂｷﾂｷﾂｷ` with `ﾂｷﾂｷﾂｷﾂｷﾂｷﾂｷﾂｷﾂｷ);竢餐  prettier/prettier
48:1  Error: Replace `ﾂｷﾂｷﾂｷﾂｷﾂｷﾂｷﾂｷﾂｷﾂｷﾂｷﾂｷﾂｷ` with `ﾂｷﾂｷﾂｷﾂｷﾂｷﾂｷﾂｷﾂｷ`  prettier/prettier
49:7  Error: Delete `ﾂｷﾂｷ`  prettier/prettier
50:1  Error: Delete `ﾂｷﾂｷﾂｷﾂｷﾂｷﾂｷﾂｷﾂｷ`  prettier/prettier
51:1  Error: Delete `ﾂｷﾂｷ`  prettier/prettier
52:1  Error: Replace `ﾂｷﾂｷﾂｷﾂｷﾂｷﾂｷﾂｷﾂｷﾂｷﾂｷﾂｷﾂｷ` with `ﾂｷﾂｷﾂｷﾂｷﾂｷﾂｷﾂｷﾂｷ`  prettier/prettier
53:1  Error: Delete `ﾂｷﾂｷﾂｷﾂｷ`  prettier/prettier
54:9  Error: Replace `ﾂｷﾂｷﾂｷﾂｷendMinute:ﾂｷnewEndMinute` with `endMinute:ﾂｷnewEndMinute,`  prettier/prettier
55:1  Error: Delete `ﾂｷﾂｷ`  prettier/prettier
61:7  Error: Replace `ﾂｷﾂｷconstﾂｷ{ﾂｷendHour,ﾂｷendMinuteﾂｷ}ﾂｷ=ﾂｷcalculateEndTime(prev.startHour,ﾂｷprev.startMinute,ﾂｷnewDuration` with `constﾂｷ{ﾂｷendHour,ﾂｷendMinuteﾂｷ}ﾂｷ=ﾂｷcalculateEndTime(竢篠ｷﾂｷﾂｷﾂｷﾂｷﾂｷﾂｷﾂｷprev.startHour,竢篠ｷﾂｷﾂｷﾂｷﾂｷﾂｷﾂｷﾂｷprev.startMinute,竢篠ｷﾂｷﾂｷﾂｷﾂｷﾂｷﾂｷﾂｷnewDuration竢篠ｷﾂｷﾂｷﾂｷﾂｷﾂｷ`  prettier/prettier
62:1  Error: Delete `ﾂｷﾂｷ`  prettier/prettier
67:18  Error: Replace `ﾂｷ(formData.lastNameﾂｷ&&ﾂｷformData.firstName)` with `竢篠ｷﾂｷﾂｷﾂｷﾂｷﾂｷformData.lastNameﾂｷ&&ﾂｷformData.firstName`  prettier/prettier
70:1  Error: Delete `ﾂｷﾂｷﾂｷﾂｷ`  prettier/prettier
81:20  Error: Replace `"fixedﾂｷinset-0ﾂｷz-[60]ﾂｷflexﾂｷitems-centerﾂｷjustify-centerﾂｷp-4"` with `'fixedﾂｷinset-0ﾂｷz-[60]ﾂｷflexﾂｷitems-centerﾂｷjustify-centerﾂｷp-4'`  prettier/prettier
82:7  Error: Visible, non-interactive elements with click handlers must have at least one keyboard listener.  jsx-a11y/click-events-have-key-events
82:7  Error: Avoid non-native interactive elements. If using native HTML is not possible, add an appropriate role and support for tabbing, mouse, keyboard, and touch inputs to an interactive content element.  jsx-a11y/no-static-element-interactions
82:11  Error: Delete `ﾂｷ`  prettier/prettier
83:19  Error: Replace `"absoluteﾂｷinset-0ﾂｷbg-black/50ﾂｷbackdrop-blur-smﾂｷtransition-opacity"ﾂｷ` with `'absoluteﾂｷinset-0ﾂｷbg-black/50ﾂｷbackdrop-blur-smﾂｷtransition-opacity'`  prettier/prettier
87:22  Error: Replace `"relativeﾂｷbg-whiteﾂｷrounded-xlﾂｷshadow-2xlﾂｷw-fullﾂｷmax-w-lgﾂｷoverflow-hiddenﾂｷflexﾂｷflex-colﾂｷmax-h-[90vh]ﾂｷanimate-inﾂｷfade-inﾂｷzoom-inﾂｷduration-200"` with `'relativeﾂｷbg-whiteﾂｷrounded-xlﾂｷshadow-2xlﾂｷw-fullﾂｷmax-w-lgﾂｷoverflow-hiddenﾂｷflexﾂｷflex-colﾂｷmax-h-[90vh]ﾂｷanimate-inﾂｷfade-inﾂｷzoom-inﾂｷduration-200'`  prettier/prettier
88:9  Error: Delete `竢篠ｷﾂｷﾂｷﾂｷﾂｷﾂｷﾂｷﾂｷ`  prettier/prettier
90:24  Error: Replace `"flexﾂｷitems-centerﾂｷjustify-betweenﾂｷpx-6ﾂｷpy-4ﾂｷborder-bﾂｷborder-gray-100ﾂｷbg-gray-50/50"` with `'flexﾂｷitems-centerﾂｷjustify-betweenﾂｷpx-6ﾂｷpy-4ﾂｷborder-bﾂｷborder-gray-100ﾂｷbg-gray-50/50'`  prettier/prettier
91:25  Error: Replace `"text-lgﾂｷfont-boldﾂｷtext-gray-800"` with `'text-lgﾂｷfont-boldﾂｷtext-gray-800'`  prettier/prettier
94:26  Error: Replace `"flexﾂｷitems-centerﾂｷgap-2"` with `'flexﾂｷitems-centerﾂｷgap-2'`  prettier/prettier
96:15  Error: Replace `ﾂｷﾂｷ<buttonﾂｷclassName="p-2ﾂｷtext-gray-400ﾂｷhover:text-rose-500ﾂｷhover:bg-rose-50ﾂｷrounded-fullﾂｷtransition-colors"ﾂｷtitle="蜑企勁"` with `<button竢篠ｷﾂｷﾂｷﾂｷﾂｷﾂｷﾂｷﾂｷﾂｷﾂｷﾂｷﾂｷﾂｷﾂｷﾂｷﾂｷclassName='p-2ﾂｷtext-gray-400ﾂｷhover:text-rose-500ﾂｷhover:bg-rose-50ﾂｷrounded-fullﾂｷtransition-colors'竢篠ｷﾂｷﾂｷﾂｷﾂｷﾂｷﾂｷﾂｷﾂｷﾂｷﾂｷﾂｷﾂｷﾂｷﾂｷﾂｷtitle='蜑企勁'竢篠ｷﾂｷﾂｷﾂｷﾂｷﾂｷﾂｷﾂｷﾂｷﾂｷﾂｷﾂｷﾂｷﾂｷ`  prettier/prettier
97:35  Error: Replace `"w-5ﾂｷh-5"` with `'w-5ﾂｷh-5'`  prettier/prettier
98:15  Error: Delete `ﾂｷﾂｷ`  prettier/prettier
100:20  Error: Delete `ﾂｷ`  prettier/prettier
101:1  Error: Delete `ﾂｷﾂｷ`  prettier/prettier
102:1  Error: Replace `ﾂｷﾂｷﾂｷﾂｷﾂｷﾂｷﾂｷﾂｷﾂｷﾂｷﾂｷﾂｷﾂｷﾂｷﾂｷﾂｷclassName="p-2ﾂｷtext-gray-400ﾂｷhover:text-gray-600ﾂｷhover:bg-gray-100ﾂｷrounded-fullﾂｷtransition-colors"` with `ﾂｷﾂｷﾂｷﾂｷﾂｷﾂｷﾂｷﾂｷﾂｷﾂｷﾂｷﾂｷﾂｷﾂｷclassName='p-2ﾂｷtext-gray-400ﾂｷhover:text-gray-600ﾂｷhover:bg-gray-100ﾂｷrounded-fullﾂｷtransition-colors'`  prettier/prettier
104:28  Error: Replace `"w-6ﾂｷh-6"` with `'w-6ﾂｷh-6'`  prettier/prettier
110:24  Error: Replace `"p-4ﾂｷsm:p-6ﾂｷoverflow-y-auto"` with `'p-4ﾂｷsm:p-6ﾂｷoverflow-y-auto'`  prettier/prettier
111:11  Error: Delete `ﾂｷﾂｷ`  prettier/prettier
112:1  Error: Replace `ﾂｷﾂｷﾂｷﾂｷﾂｷﾂｷﾂｷﾂｷﾂｷﾂｷﾂｷﾂｷﾂｷﾂｷﾂｷﾂｷ<AppointmentEditFormﾂｷ` with `ﾂｷﾂｷﾂｷﾂｷﾂｷﾂｷﾂｷﾂｷﾂｷﾂｷﾂｷﾂｷ<AppointmentEditForm`  prettier/prettier
113:1  Error: Replace `ﾂｷﾂｷﾂｷﾂｷﾂｷﾂｷﾂｷﾂｷﾂｷﾂｷﾂｷﾂｷﾂｷﾂｷﾂｷﾂｷﾂｷﾂｷﾂｷﾂｷformData={formData}ﾂｷ` with `ﾂｷﾂｷﾂｷﾂｷﾂｷﾂｷﾂｷﾂｷﾂｷﾂｷﾂｷﾂｷﾂｷﾂｷformData={formData}`  prettier/prettier
114:1  Error: Replace `ﾂｷﾂｷﾂｷﾂｷﾂｷﾂｷﾂｷﾂｷﾂｷﾂｷﾂｷﾂｷﾂｷﾂｷﾂｷﾂｷﾂｷﾂｷﾂｷﾂｷonChange={handleInputChange}ﾂｷ` with `ﾂｷﾂｷﾂｷﾂｷﾂｷﾂｷﾂｷﾂｷﾂｷﾂｷﾂｷﾂｷﾂｷﾂｷonChange={handleInputChange}`  prettier/prettier
115:1  Error: Replace `ﾂｷﾂｷﾂｷﾂｷﾂｷﾂｷﾂｷﾂｷﾂｷﾂｷﾂｷﾂｷﾂｷﾂｷﾂｷﾂｷﾂｷﾂｷﾂｷﾂｷonDurationChange={handleDurationChange}ﾂｷ` with `ﾂｷﾂｷﾂｷﾂｷﾂｷﾂｷﾂｷﾂｷﾂｷﾂｷﾂｷﾂｷﾂｷﾂｷonDurationChange={handleDurationChange}`  prettier/prettier
116:13  Error: Delete `ﾂｷﾂｷﾂｷﾂｷ`  prettier/prettier
117:1  Error: Delete `ﾂｷﾂｷ`  prettier/prettier
118:13  Error: Replace `ﾂｷﾂｷﾂｷﾂｷ<AppointmentSummaryﾂｷ` with `<AppointmentSummary`  prettier/prettier
119:1  Error: Replace `ﾂｷﾂｷﾂｷﾂｷﾂｷﾂｷﾂｷﾂｷﾂｷﾂｷﾂｷﾂｷﾂｷﾂｷﾂｷﾂｷﾂｷﾂｷﾂｷﾂｷappointment={appointment}ﾂｷ` with `ﾂｷﾂｷﾂｷﾂｷﾂｷﾂｷﾂｷﾂｷﾂｷﾂｷﾂｷﾂｷﾂｷﾂｷappointment={appointment}`  prettier/prettier
120:1  Error: Replace `ﾂｷﾂｷﾂｷﾂｷﾂｷﾂｷﾂｷﾂｷﾂｷﾂｷﾂｷﾂｷﾂｷﾂｷﾂｷﾂｷﾂｷﾂｷﾂｷﾂｷonEdit={()ﾂｷ=>ﾂｷsetIsEditing(true)}ﾂｷ` with `ﾂｷﾂｷﾂｷﾂｷﾂｷﾂｷﾂｷﾂｷﾂｷﾂｷﾂｷﾂｷﾂｷﾂｷonEdit={()ﾂｷ=>ﾂｷsetIsEditing(true)}`  prettier/prettier
121:1  Error: Delete `ﾂｷﾂｷﾂｷﾂｷ`  prettier/prettier
122:11  Error: Delete `ﾂｷﾂｷ`  prettier/prettier
124:1  Error: Delete `ﾂｷﾂｷﾂｷﾂｷﾂｷﾂｷﾂｷﾂｷ`  prettier/prettier
126:24  Error: Replace `"bg-gray-50ﾂｷpx-6ﾂｷpy-4ﾂｷborder-tﾂｷborder-gray-200ﾂｷflexﾂｷjustify-betweenﾂｷitems-center"` with `'bg-gray-50ﾂｷpx-6ﾂｷpy-4ﾂｷborder-tﾂｷborder-gray-200ﾂｷflexﾂｷjustify-betweenﾂｷitems-center'`  prettier/prettier
127:1  Error: Delete `ﾂｷﾂｷﾂｷ`  prettier/prettier
128:1  Error: Replace `ﾂｷﾂｷﾂｷﾂｷﾂｷﾂｷﾂｷﾂｷﾂｷﾂｷﾂｷﾂｷﾂｷﾂｷﾂｷﾂｷﾂｷ<divﾂｷclassName="flexﾂｷjustify-endﾂｷgap-3ﾂｷw-full"` with `ﾂｷﾂｷﾂｷﾂｷﾂｷﾂｷﾂｷﾂｷﾂｷﾂｷﾂｷﾂｷ<divﾂｷclassName='flexﾂｷjustify-endﾂｷgap-3ﾂｷw-full'`  prettier/prettier
129:1  Error: Replace `ﾂｷﾂｷﾂｷﾂｷﾂｷﾂｷﾂｷﾂｷﾂｷﾂｷﾂｷﾂｷﾂｷﾂｷﾂｷﾂｷﾂｷﾂｷﾂｷﾂｷﾂｷ<buttonﾂｷ` with `ﾂｷﾂｷﾂｷﾂｷﾂｷﾂｷﾂｷﾂｷﾂｷﾂｷﾂｷﾂｷﾂｷﾂｷ<button`  prettier/prettier
130:1  Error: Replace `ﾂｷﾂｷﾂｷﾂｷﾂｷﾂｷﾂｷﾂｷﾂｷﾂｷﾂｷﾂｷﾂｷﾂｷﾂｷﾂｷﾂｷﾂｷﾂｷﾂｷﾂｷﾂｷﾂｷﾂｷ` with `ﾂｷﾂｷﾂｷﾂｷﾂｷﾂｷﾂｷﾂｷﾂｷﾂｷﾂｷﾂｷﾂｷﾂｷﾂｷﾂｷ`  prettier/prettier
131:17  Error: Replace `ﾂｷﾂｷﾂｷﾂｷﾂｷﾂｷﾂｷﾂｷclassName="px-4ﾂｷpy-2ﾂｷbg-whiteﾂｷborderﾂｷborder-gray-300ﾂｷrounded-mdﾂｷtext-smﾂｷfont-boldﾂｷtext-gray-600ﾂｷshadow-smﾂｷhover:bg-gray-100ﾂｷflexﾂｷitems-centerﾂｷgap-1"` with `className='px-4ﾂｷpy-2ﾂｷbg-whiteﾂｷborderﾂｷborder-gray-300ﾂｷrounded-mdﾂｷtext-smﾂｷfont-boldﾂｷtext-gray-600ﾂｷshadow-smﾂｷhover:bg-gray-100ﾂｷflexﾂｷitems-centerﾂｷgap-1'`  prettier/prettier
132:1  Error: Delete `ﾂｷﾂｷﾂｷﾂｷﾂｷﾂｷﾂｷ`  prettier/prettier
133:1  Error: Replace `ﾂｷﾂｷﾂｷﾂｷﾂｷﾂｷﾂｷﾂｷﾂｷﾂｷﾂｷﾂｷﾂｷﾂｷﾂｷﾂｷﾂｷﾂｷﾂｷﾂｷﾂｷﾂｷﾂｷﾂｷ<UndoﾂｷclassName="w-4ﾂｷh-4"ﾂｷ/>ﾂｷ<spanﾂｷclassName="hiddenﾂｷsm:inline"` with `ﾂｷﾂｷﾂｷﾂｷﾂｷﾂｷﾂｷﾂｷﾂｷﾂｷﾂｷﾂｷﾂｷﾂｷﾂｷﾂｷ<UndoﾂｷclassName='w-4ﾂｷh-4'ﾂｷ/>{'ﾂｷ'}竢篠ｷﾂｷﾂｷﾂｷﾂｷﾂｷﾂｷﾂｷﾂｷﾂｷﾂｷﾂｷﾂｷﾂｷﾂｷﾂｷ<spanﾂｷclassName='hiddenﾂｷsm:inline'`  prettier/prettier
134:1  Error: Replace `ﾂｷﾂｷﾂｷﾂｷﾂｷﾂｷﾂｷﾂｷﾂｷﾂｷﾂｷﾂｷﾂｷﾂｷﾂｷﾂｷﾂｷﾂｷﾂｷﾂｷﾂｷ` with `ﾂｷﾂｷﾂｷﾂｷﾂｷﾂｷﾂｷﾂｷﾂｷﾂｷﾂｷﾂｷﾂｷﾂｷ`  prettier/prettier
135:1  Error: Replace `ﾂｷﾂｷﾂｷﾂｷﾂｷﾂｷﾂｷﾂｷﾂｷﾂｷﾂｷﾂｷﾂｷﾂｷﾂｷﾂｷﾂｷﾂｷﾂｷﾂｷﾂｷ<buttonﾂｷ` with `ﾂｷﾂｷﾂｷﾂｷﾂｷﾂｷﾂｷﾂｷﾂｷﾂｷﾂｷﾂｷﾂｷﾂｷ<button`  prettier/prettier
136:1  Error: Delete `ﾂｷﾂｷﾂｷﾂｷﾂｷﾂｷﾂｷﾂｷ`  prettier/prettier
137:17  Error: Replace `ﾂｷﾂｷﾂｷﾂｷﾂｷﾂｷﾂｷﾂｷclassName="px-4ﾂｷpy-2ﾂｷbg-sky-600ﾂｷborderﾂｷborder-transparentﾂｷrounded-mdﾂｷtext-smﾂｷfont-boldﾂｷtext-whiteﾂｷshadow-smﾂｷhover:bg-sky-700ﾂｷflexﾂｷitems-centerﾂｷgap-1"` with `className='px-4ﾂｷpy-2ﾂｷbg-sky-600ﾂｷborderﾂｷborder-transparentﾂｷrounded-mdﾂｷtext-smﾂｷfont-boldﾂｷtext-whiteﾂｷshadow-smﾂｷhover:bg-sky-700ﾂｷflexﾂｷitems-centerﾂｷgap-1'`  prettier/prettier
138:1  Error: Replace `ﾂｷﾂｷﾂｷﾂｷﾂｷﾂｷﾂｷﾂｷﾂｷﾂｷﾂｷﾂｷﾂｷﾂｷﾂｷﾂｷﾂｷﾂｷﾂｷﾂｷﾂｷ` with `ﾂｷﾂｷﾂｷﾂｷﾂｷﾂｷﾂｷﾂｷﾂｷﾂｷﾂｷﾂｷﾂｷﾂｷ`  prettier/prettier
139:1  Error: Replace `ﾂｷﾂｷﾂｷﾂｷﾂｷﾂｷﾂｷﾂｷﾂｷﾂｷﾂｷﾂｷﾂｷﾂｷﾂｷﾂｷﾂｷﾂｷﾂｷﾂｷﾂｷﾂｷﾂｷﾂｷ<CheckﾂｷclassName="w-4ﾂｷh-4"` with `ﾂｷﾂｷﾂｷﾂｷﾂｷﾂｷﾂｷﾂｷﾂｷﾂｷﾂｷﾂｷﾂｷﾂｷﾂｷﾂｷ<CheckﾂｷclassName='w-4ﾂｷh-4'`  prettier/prettier
140:1  Error: Replace `ﾂｷﾂｷﾂｷﾂｷﾂｷﾂｷﾂｷﾂｷﾂｷﾂｷﾂｷﾂｷﾂｷﾂｷﾂｷﾂｷﾂｷﾂｷﾂｷﾂｷﾂｷ` with `ﾂｷﾂｷﾂｷﾂｷﾂｷﾂｷﾂｷﾂｷﾂｷﾂｷﾂｷﾂｷﾂｷﾂｷ`  prettier/prettier
141:1  Error: Delete `ﾂｷﾂｷﾂｷﾂｷﾂｷ`  prettier/prettier
142:11  Error: Delete `ﾂｷﾂｷﾂｷ`  prettier/prettier
143:1  Error: Replace `ﾂｷﾂｷﾂｷﾂｷﾂｷﾂｷﾂｷﾂｷﾂｷﾂｷﾂｷﾂｷﾂｷﾂｷﾂｷﾂｷ` with `ﾂｷﾂｷﾂｷﾂｷﾂｷﾂｷﾂｷﾂｷﾂｷﾂｷﾂｷﾂｷ`  prettier/prettier
144:1  Error: Replace `ﾂｷﾂｷﾂｷﾂｷﾂｷﾂｷﾂｷﾂｷﾂｷﾂｷﾂｷﾂｷﾂｷﾂｷﾂｷﾂｷ<buttonﾂｷclassName="text-xsﾂｷfont-boldﾂｷtext-sky-600ﾂｷhover:underline"` with `ﾂｷﾂｷﾂｷﾂｷﾂｷﾂｷﾂｷﾂｷﾂｷﾂｷﾂｷﾂｷﾂｷﾂｷ<buttonﾂｷclassName='text-xsﾂｷfont-boldﾂｷtext-sky-600ﾂｷhover:underline'`  prettier/prettier
145:1  Error: Replace `ﾂｷﾂｷﾂｷﾂｷﾂｷﾂｷﾂｷﾂｷﾂｷﾂｷﾂｷﾂｷﾂｷﾂｷﾂｷﾂｷﾂｷﾂｷﾂｷﾂｷ` with `ﾂｷﾂｷﾂｷﾂｷﾂｷﾂｷﾂｷﾂｷﾂｷﾂｷﾂｷﾂｷﾂｷﾂｷﾂｷﾂｷ`  prettier/prettier
146:1  Error: Delete `ﾂｷﾂｷ`  prettier/prettier
147:15  Error: Replace `ﾂｷﾂｷ<divﾂｷclassName="flexﾂｷgap-2"` with `<divﾂｷclassName='flexﾂｷgap-2'`  prettier/prettier
148:1  Error: Replace `ﾂｷﾂｷﾂｷﾂｷﾂｷﾂｷﾂｷﾂｷﾂｷﾂｷﾂｷﾂｷﾂｷﾂｷﾂｷﾂｷﾂｷﾂｷﾂｷﾂｷ<buttonﾂｷ` with `ﾂｷﾂｷﾂｷﾂｷﾂｷﾂｷﾂｷﾂｷﾂｷﾂｷﾂｷﾂｷﾂｷﾂｷﾂｷﾂｷ<button`  prettier/prettier
149:1  Error: Delete `ﾂｷﾂｷﾂｷﾂｷﾂｷﾂｷ`  prettier/prettier
150:1  Error: Replace `ﾂｷﾂｷﾂｷﾂｷﾂｷﾂｷﾂｷﾂｷﾂｷﾂｷﾂｷﾂｷﾂｷﾂｷﾂｷﾂｷﾂｷﾂｷﾂｷﾂｷﾂｷﾂｷﾂｷﾂｷclassName="px-4ﾂｷpy-2ﾂｷbg-whiteﾂｷborderﾂｷborder-gray-300ﾂｷrounded-mdﾂｷtext-smﾂｷfont-mediumﾂｷtext-gray-700ﾂｷshadow-smﾂｷhover:bg-gray-50ﾂｷflexﾂｷitems-centerﾂｷgap-1"` with `ﾂｷﾂｷﾂｷﾂｷﾂｷﾂｷﾂｷﾂｷﾂｷﾂｷﾂｷﾂｷﾂｷﾂｷﾂｷﾂｷﾂｷﾂｷclassName='px-4ﾂｷpy-2ﾂｷbg-whiteﾂｷborderﾂｷborder-gray-300ﾂｷrounded-mdﾂｷtext-smﾂｷfont-mediumﾂｷtext-gray-700ﾂｷshadow-smﾂｷhover:bg-gray-50ﾂｷflexﾂｷitems-centerﾂｷgap-1'`  prettier/prettier
151:1  Error: Delete `ﾂｷﾂｷﾂｷﾂｷ`  prettier/prettier
152:1  Error: Replace `ﾂｷﾂｷﾂｷﾂｷﾂｷﾂｷﾂｷﾂｷﾂｷﾂｷﾂｷﾂｷﾂｷﾂｷﾂｷﾂｷﾂｷﾂｷﾂｷﾂｷﾂｷﾂｷﾂｷﾂｷ<EditﾂｷclassName="w-4ﾂｷh-4"` with `ﾂｷﾂｷﾂｷﾂｷﾂｷﾂｷﾂｷﾂｷﾂｷﾂｷﾂｷﾂｷﾂｷﾂｷﾂｷﾂｷﾂｷﾂｷ<EditﾂｷclassName='w-4ﾂｷh-4'`  prettier/prettier
153:1  Error: Replace `ﾂｷﾂｷﾂｷﾂｷﾂｷﾂｷﾂｷﾂｷﾂｷﾂｷﾂｷﾂｷﾂｷﾂｷﾂｷﾂｷﾂｷﾂｷﾂｷﾂｷ` with `ﾂｷﾂｷﾂｷﾂｷﾂｷﾂｷﾂｷﾂｷﾂｷﾂｷﾂｷﾂｷﾂｷﾂｷﾂｷﾂｷ`  prettier/prettier
154:17  Error: Replace `ﾂｷﾂｷﾂｷﾂｷ<buttonﾂｷ` with `<button`  prettier/prettier
155:1  Error: Delete `ﾂｷﾂｷﾂｷﾂｷﾂｷﾂｷ`  prettier/prettier
156:19  Error: Replace `ﾂｷﾂｷﾂｷﾂｷﾂｷﾂｷclassName="px-4ﾂｷpy-2ﾂｷbg-gray-600ﾂｷborderﾂｷborder-transparentﾂｷrounded-mdﾂｷtext-smﾂｷfont-boldﾂｷtext-whiteﾂｷshadow-smﾂｷhover:bg-gray-700"` with `className='px-4ﾂｷpy-2ﾂｷbg-gray-600ﾂｷborderﾂｷborder-transparentﾂｷrounded-mdﾂｷtext-smﾂｷfont-boldﾂｷtext-whiteﾂｷshadow-smﾂｷhover:bg-gray-700'`  prettier/prettier
157:1  Error: Replace `ﾂｷﾂｷﾂｷﾂｷﾂｷﾂｷﾂｷﾂｷﾂｷﾂｷﾂｷﾂｷﾂｷﾂｷﾂｷﾂｷﾂｷﾂｷﾂｷﾂｷ` with `ﾂｷﾂｷﾂｷﾂｷﾂｷﾂｷﾂｷﾂｷﾂｷﾂｷﾂｷﾂｷﾂｷﾂｷﾂｷﾂｷ`  prettier/prettier
158:1  Error: Delete `ﾂｷﾂｷﾂｷﾂｷﾂｷﾂｷ`  prettier/prettier
159:1  Error: Replace `ﾂｷﾂｷﾂｷﾂｷﾂｷﾂｷﾂｷﾂｷﾂｷﾂｷﾂｷﾂｷﾂｷﾂｷﾂｷﾂｷﾂｷﾂｷﾂｷﾂｷ` with `ﾂｷﾂｷﾂｷﾂｷﾂｷﾂｷﾂｷﾂｷﾂｷﾂｷﾂｷﾂｷﾂｷﾂｷﾂｷﾂｷ`  prettier/prettier
160:1  Error: Delete `ﾂｷﾂｷ`  prettier/prettier
161:13  Error: Delete `ﾂｷﾂｷﾂｷﾂｷ`  prettier/prettier
162:1  Error: Delete `ﾂｷﾂｷﾂｷ`  prettier/prettier
167:3  Error: Insert `竢餐  prettier/prettier

./src/legacy/Reservation/components/AppointmentEditForm.tsx
8:47  Warning: Unexpected any. Specify a different type.  @typescript-eslint/no-explicit-any
12:55  Error: Replace `ﾂｷformData,ﾂｷonChange,ﾂｷonDurationChangeﾂｷ` with `竢篠ｷﾂｷformData,竢篠ｷﾂｷonChange,竢篠ｷﾂｷonDurationChange,竢餐  prettier/prettier
16:1  Error: Delete `ﾂｷﾂｷ`  prettier/prettier
17:45  Error: Replace `formData.startHour,ﾂｷformData.startMinute,ﾂｷformData.endHour,ﾂｷformData.endMinute` with `竢篠ｷﾂｷﾂｷﾂｷformData.startHour,竢篠ｷﾂｷﾂｷﾂｷformData.startMinute,竢篠ｷﾂｷﾂｷﾂｷformData.endHour,竢篠ｷﾂｷﾂｷﾂｷformData.endMinute竢篠ｷﾂｷ`  prettier/prettier
19:38  Error: Replace `e:ﾂｷReact.ChangeEvent<HTMLSelectElement>` with `竢篠ｷﾂｷﾂｷﾂｷe:ﾂｷReact.ChangeEvent<HTMLSelectElement>竢篠ｷﾂｷ`  prettier/prettier
22:1  Error: Replace `ﾂｷﾂｷﾂｷﾂｷﾂｷﾂｷﾂｷﾂｷ` with `ﾂｷﾂｷﾂｷﾂｷﾂｷﾂｷ`  prettier/prettier
24:1  Error: Delete `ﾂｷﾂｷ`  prettier/prettier
25:1  Error: Replace `ﾂｷﾂｷﾂｷﾂｷﾂｷﾂｷﾂｷﾂｷconstﾂｷ{ﾂｷendHour,ﾂｷendMinuteﾂｷ}ﾂｷ=ﾂｷcalculateEndTime(formData.startHour,ﾂｷformData.startMinute,ﾂｷnewDuration` with `ﾂｷﾂｷﾂｷﾂｷﾂｷﾂｷconstﾂｷ{ﾂｷendHour,ﾂｷendMinuteﾂｷ}ﾂｷ=ﾂｷcalculateEndTime(竢篠ｷﾂｷﾂｷﾂｷﾂｷﾂｷﾂｷﾂｷformData.startHour,竢篠ｷﾂｷﾂｷﾂｷﾂｷﾂｷﾂｷﾂｷformData.startMinute,竢篠ｷﾂｷﾂｷﾂｷﾂｷﾂｷﾂｷﾂｷnewDuration竢篠ｷﾂｷﾂｷﾂｷﾂｷﾂｷ`  prettier/prettier
26:1  Error: Delete `ﾂｷﾂｷ`  prettier/prettier
27:1  Error: Replace `ﾂｷﾂｷﾂｷﾂｷﾂｷﾂｷﾂｷﾂｷ` with `ﾂｷﾂｷﾂｷﾂｷﾂｷﾂｷ`  prettier/prettier
32:20  Error: Replace `"space-y-4ﾂｷsm:space-y-5"` with `'space-y-4ﾂｷsm:space-y-5'`  prettier/prettier
33:7  Error: Delete `ﾂｷﾂｷ`  prettier/prettier
34:1  Error: Replace `ﾂｷﾂｷﾂｷﾂｷﾂｷﾂｷﾂｷﾂｷ` with `ﾂｷﾂｷﾂｷﾂｷﾂｷﾂｷ`  prettier/prettier
35:1  Error: Replace `ﾂｷﾂｷﾂｷﾂｷﾂｷﾂｷﾂｷﾂｷﾂｷﾂｷﾂｷﾂｷ<labelﾂｷclassName="blockﾂｷtext-xsﾂｷfont-boldﾂｷtext-gray-500ﾂｷuppercaseﾂｷmb-1">縺雁錐蜑港 with `ﾂｷﾂｷﾂｷﾂｷﾂｷﾂｷﾂｷﾂｷ<labelﾂｷclassName='blockﾂｷtext-xsﾂｷfont-boldﾂｷtext-gray-500ﾂｷuppercaseﾂｷmb-1'>竢篠ｷﾂｷﾂｷﾂｷﾂｷﾂｷﾂｷﾂｷﾂｷﾂｷ縺雁錐蜑坂庶ﾂｷﾂｷﾂｷﾂｷﾂｷﾂｷﾂｷﾂｷ`  prettier/prettier
35:13  Error: A form label must be associated with a control.  jsx-a11y/label-has-associated-control
36:1  Error: Replace `ﾂｷﾂｷﾂｷﾂｷﾂｷﾂｷﾂｷﾂｷﾂｷﾂｷﾂｷﾂｷ<divﾂｷclassName="gridﾂｷgrid-cols-2ﾂｷgap-3"` with `ﾂｷﾂｷﾂｷﾂｷﾂｷﾂｷﾂｷﾂｷ<divﾂｷclassName='gridﾂｷgrid-cols-2ﾂｷgap-3'`  prettier/prettier
37:1  Error: Replace `ﾂｷﾂｷﾂｷﾂｷﾂｷﾂｷﾂｷﾂｷﾂｷﾂｷﾂｷﾂｷﾂｷﾂｷﾂｷﾂｷ` with `ﾂｷﾂｷﾂｷﾂｷﾂｷﾂｷﾂｷﾂｷﾂｷﾂｷ`  prettier/prettier
38:1  Error: Replace `ﾂｷﾂｷﾂｷﾂｷﾂｷﾂｷﾂｷﾂｷﾂｷﾂｷﾂｷﾂｷﾂｷﾂｷﾂｷﾂｷﾂｷﾂｷﾂｷﾂｷtype="text"` with `ﾂｷﾂｷﾂｷﾂｷﾂｷﾂｷﾂｷﾂｷﾂｷﾂｷﾂｷﾂｷtype='text'`  prettier/prettier
39:13  Error: Delete `ﾂｷﾂｷﾂｷﾂｷﾂｷﾂｷﾂｷﾂｷ`  prettier/prettier
40:1  Error: Replace `ﾂｷﾂｷﾂｷﾂｷﾂｷﾂｷﾂｷﾂｷﾂｷﾂｷﾂｷﾂｷﾂｷﾂｷﾂｷﾂｷﾂｷﾂｷﾂｷﾂｷonChange={(e)` with `ﾂｷﾂｷﾂｷﾂｷﾂｷﾂｷﾂｷﾂｷﾂｷﾂｷﾂｷﾂｷonChange={e`  prettier/prettier
41:13  Error: Replace `ﾂｷﾂｷﾂｷﾂｷﾂｷﾂｷﾂｷﾂｷclassName="blockﾂｷw-fullﾂｷtext-smﾂｷborder-gray-300ﾂｷrounded-mdﾂｷborderﾂｷp-2ﾂｷfocus:ring-2ﾂｷfocus:ring-sky-500ﾂｷfocus:outline-none"` with `className='blockﾂｷw-fullﾂｷtext-smﾂｷborder-gray-300ﾂｷrounded-mdﾂｷborderﾂｷp-2ﾂｷfocus:ring-2ﾂｷfocus:ring-sky-500ﾂｷfocus:outline-none'`  prettier/prettier
42:1  Error: Replace `ﾂｷﾂｷﾂｷﾂｷﾂｷﾂｷﾂｷﾂｷﾂｷﾂｷﾂｷﾂｷﾂｷﾂｷﾂｷﾂｷﾂｷﾂｷﾂｷﾂｷplaceholder="蟋・` with `ﾂｷﾂｷﾂｷﾂｷﾂｷﾂｷﾂｷﾂｷﾂｷﾂｷﾂｷﾂｷplaceholder='蟋・`  prettier/prettier
43:1  Error: Replace `ﾂｷﾂｷﾂｷﾂｷﾂｷﾂｷﾂｷﾂｷﾂｷﾂｷﾂｷﾂｷﾂｷﾂｷﾂｷﾂｷ` with `ﾂｷﾂｷﾂｷﾂｷﾂｷﾂｷﾂｷﾂｷﾂｷﾂｷ`  prettier/prettier
44:1  Error: Delete `ﾂｷﾂｷﾂｷﾂｷﾂｷﾂｷ`  prettier/prettier
45:13  Error: Replace `ﾂｷﾂｷﾂｷﾂｷﾂｷﾂｷﾂｷﾂｷtype="text"` with `type='text'`  prettier/prettier
46:1  Error: Delete `ﾂｷﾂｷﾂｷﾂｷﾂｷﾂｷﾂｷﾂｷ`  prettier/prettier
47:1  Error: Replace `ﾂｷﾂｷﾂｷﾂｷﾂｷﾂｷﾂｷﾂｷﾂｷﾂｷﾂｷﾂｷﾂｷﾂｷﾂｷﾂｷﾂｷﾂｷﾂｷﾂｷonChange={(e)` with `ﾂｷﾂｷﾂｷﾂｷﾂｷﾂｷﾂｷﾂｷﾂｷﾂｷﾂｷﾂｷonChange={e`  prettier/prettier
48:13  Error: Replace `ﾂｷﾂｷﾂｷﾂｷﾂｷﾂｷﾂｷﾂｷclassName="blockﾂｷw-fullﾂｷtext-smﾂｷborder-gray-300ﾂｷrounded-mdﾂｷborderﾂｷp-2ﾂｷfocus:ring-2ﾂｷfocus:ring-sky-500ﾂｷfocus:outline-none"` with `className='blockﾂｷw-fullﾂｷtext-smﾂｷborder-gray-300ﾂｷrounded-mdﾂｷborderﾂｷp-2ﾂｷfocus:ring-2ﾂｷfocus:ring-sky-500ﾂｷfocus:outline-none'`  prettier/prettier
49:1  Error: Replace `ﾂｷﾂｷﾂｷﾂｷﾂｷﾂｷﾂｷﾂｷﾂｷﾂｷﾂｷﾂｷﾂｷﾂｷﾂｷﾂｷﾂｷﾂｷﾂｷﾂｷplaceholder="蜷・` with `ﾂｷﾂｷﾂｷﾂｷﾂｷﾂｷﾂｷﾂｷﾂｷﾂｷﾂｷﾂｷplaceholder='蜷・`  prettier/prettier
50:1  Error: Replace `ﾂｷﾂｷﾂｷﾂｷﾂｷﾂｷﾂｷﾂｷﾂｷﾂｷﾂｷﾂｷﾂｷﾂｷﾂｷﾂｷ` with `ﾂｷﾂｷﾂｷﾂｷﾂｷﾂｷﾂｷﾂｷﾂｷﾂｷ`  prettier/prettier
51:1  Error: Delete `ﾂｷﾂｷﾂｷﾂｷ`  prettier/prettier
52:7  Error: Delete `ﾂｷﾂｷ`  prettier/prettier
54:1  Error: Delete `ﾂｷﾂｷ`  prettier/prettier
55:7  Error: Replace `ﾂｷﾂｷ<divﾂｷclassName="gridﾂｷgrid-cols-1ﾂｷsm:grid-cols-2ﾂｷgap-4"` with `<divﾂｷclassName='gridﾂｷgrid-cols-1ﾂｷsm:grid-cols-2ﾂｷgap-4'`  prettier/prettier
56:1  Error: Replace `ﾂｷﾂｷﾂｷﾂｷﾂｷﾂｷﾂｷﾂｷﾂｷﾂｷﾂｷﾂｷﾂｷﾂｷﾂｷﾂｷ` with `ﾂｷﾂｷﾂｷﾂｷﾂｷﾂｷﾂｷﾂｷ`  prettier/prettier
57:1  Error: Replace `ﾂｷﾂｷﾂｷﾂｷﾂｷﾂｷﾂｷﾂｷﾂｷﾂｷﾂｷﾂｷﾂｷﾂｷﾂｷﾂｷﾂｷﾂｷﾂｷﾂｷ<labelﾂｷclassName="blockﾂｷtext-xsﾂｷfont-boldﾂｷtext-gray-500ﾂｷuppercaseﾂｷmb-1">譚･蠎玲律</label>` with `ﾂｷﾂｷﾂｷﾂｷﾂｷﾂｷﾂｷﾂｷﾂｷﾂｷ<labelﾂｷclassName='blockﾂｷtext-xsﾂｷfont-boldﾂｷtext-gray-500ﾂｷuppercaseﾂｷmb-1'>竢篠ｷﾂｷﾂｷﾂｷﾂｷﾂｷﾂｷﾂｷﾂｷﾂｷﾂｷﾂｷ譚･蠎玲律`  prettier/prettier
57:21  Error: A form label must be associated with a control.  jsx-a11y/label-has-associated-control
58:11  Error: Replace `ﾂｷﾂｷﾂｷﾂｷﾂｷﾂｷﾂｷﾂｷﾂｷﾂｷ<inputﾂｷ` with `</label>竢篠ｷﾂｷﾂｷﾂｷﾂｷﾂｷﾂｷﾂｷﾂｷﾂｷ<input`  prettier/prettier
59:1  Error: Replace `ﾂｷﾂｷﾂｷﾂｷﾂｷﾂｷﾂｷﾂｷﾂｷﾂｷﾂｷﾂｷﾂｷﾂｷﾂｷﾂｷﾂｷﾂｷﾂｷﾂｷtype="date"` with `ﾂｷﾂｷﾂｷﾂｷﾂｷﾂｷﾂｷﾂｷﾂｷﾂｷﾂｷﾂｷtype='date'`  prettier/prettier
60:1  Error: Delete `ﾂｷﾂｷﾂｷﾂｷﾂｷﾂｷﾂｷﾂｷ`  prettier/prettier
61:1  Error: Replace `ﾂｷﾂｷﾂｷﾂｷﾂｷﾂｷﾂｷﾂｷﾂｷﾂｷﾂｷﾂｷﾂｷﾂｷﾂｷﾂｷﾂｷﾂｷﾂｷﾂｷonChange={(e)` with `ﾂｷﾂｷﾂｷﾂｷﾂｷﾂｷﾂｷﾂｷﾂｷﾂｷﾂｷﾂｷonChange={e`  prettier/prettier
62:13  Error: Replace `ﾂｷﾂｷﾂｷﾂｷﾂｷﾂｷﾂｷﾂｷclassName="blockﾂｷw-fullﾂｷtext-smﾂｷborder-gray-300ﾂｷrounded-mdﾂｷborderﾂｷp-2ﾂｷfocus:ring-2ﾂｷfocus:ring-sky-500ﾂｷfocus:outline-none"` with `className='blockﾂｷw-fullﾂｷtext-smﾂｷborder-gray-300ﾂｷrounded-mdﾂｷborderﾂｷp-2ﾂｷfocus:ring-2ﾂｷfocus:ring-sky-500ﾂｷfocus:outline-none'`  prettier/prettier
63:1  Error: Replace `ﾂｷﾂｷﾂｷﾂｷﾂｷﾂｷﾂｷﾂｷﾂｷﾂｷﾂｷﾂｷﾂｷﾂｷﾂｷﾂｷﾂｷﾂｷﾂｷﾂｷ` with `ﾂｷﾂｷﾂｷﾂｷﾂｷﾂｷﾂｷﾂｷﾂｷﾂｷ`  prettier/prettier
64:1  Error: Replace `ﾂｷﾂｷﾂｷﾂｷﾂｷﾂｷﾂｷﾂｷﾂｷﾂｷﾂｷﾂｷﾂｷﾂｷﾂｷﾂｷ` with `ﾂｷﾂｷﾂｷﾂｷﾂｷﾂｷﾂｷﾂｷ`  prettier/prettier
65:1  Error: Replace `ﾂｷﾂｷﾂｷﾂｷﾂｷﾂｷﾂｷﾂｷﾂｷﾂｷﾂｷﾂｷﾂｷﾂｷﾂｷﾂｷ` with `ﾂｷﾂｷﾂｷﾂｷﾂｷﾂｷﾂｷﾂｷ`  prettier/prettier
66:1  Error: Replace `ﾂｷﾂｷﾂｷﾂｷﾂｷﾂｷﾂｷﾂｷﾂｷﾂｷﾂｷﾂｷﾂｷﾂｷﾂｷﾂｷﾂｷﾂｷﾂｷﾂｷ<labelﾂｷclassName="blockﾂｷtext-xsﾂｷfont-boldﾂｷtext-gray-500ﾂｷuppercaseﾂｷmb-1">髢句ｧ区凾髢・/label>` with `ﾂｷﾂｷﾂｷﾂｷﾂｷﾂｷﾂｷﾂｷﾂｷﾂｷ<labelﾂｷclassName='blockﾂｷtext-xsﾂｷfont-boldﾂｷtext-gray-500ﾂｷuppercaseﾂｷmb-1'>竢篠ｷﾂｷﾂｷﾂｷﾂｷﾂｷﾂｷﾂｷﾂｷﾂｷﾂｷﾂｷ髢句ｧ区凾髢伝  prettier/prettier
66:21  Error: A form label must be associated with a control.  jsx-a11y/label-has-associated-control
67:11  Error: Replace `ﾂｷﾂｷﾂｷﾂｷﾂｷﾂｷﾂｷﾂｷﾂｷﾂｷ<divﾂｷclassName="flexﾂｷitems-centerﾂｷgap-1"` with `</label>竢篠ｷﾂｷﾂｷﾂｷﾂｷﾂｷﾂｷﾂｷﾂｷﾂｷ<divﾂｷclassName='flexﾂｷitems-centerﾂｷgap-1'`  prettier/prettier
68:1  Error: Replace `ﾂｷﾂｷﾂｷﾂｷﾂｷﾂｷﾂｷﾂｷﾂｷﾂｷﾂｷﾂｷﾂｷﾂｷﾂｷﾂｷﾂｷﾂｷﾂｷﾂｷ` with `ﾂｷﾂｷﾂｷﾂｷﾂｷﾂｷﾂｷﾂｷﾂｷﾂｷﾂｷﾂｷ`  prettier/prettier
69:1  Error: Delete `ﾂｷﾂｷﾂｷﾂｷﾂｷﾂｷﾂｷﾂｷﾂｷﾂｷ`  prettier/prettier
70:1  Error: Replace `ﾂｷﾂｷﾂｷﾂｷﾂｷﾂｷﾂｷﾂｷﾂｷﾂｷﾂｷﾂｷﾂｷﾂｷﾂｷﾂｷﾂｷﾂｷﾂｷﾂｷﾂｷﾂｷﾂｷﾂｷonChange={(e)` with `ﾂｷﾂｷﾂｷﾂｷﾂｷﾂｷﾂｷﾂｷﾂｷﾂｷﾂｷﾂｷﾂｷﾂｷonChange={e`  prettier/prettier
71:1  Error: Replace `ﾂｷﾂｷﾂｷﾂｷﾂｷﾂｷﾂｷﾂｷﾂｷﾂｷﾂｷﾂｷﾂｷﾂｷﾂｷﾂｷﾂｷﾂｷﾂｷﾂｷﾂｷﾂｷﾂｷﾂｷclassName="w-fullﾂｷtext-smﾂｷborder-gray-300ﾂｷrounded-mdﾂｷborderﾂｷp-2ﾂｷfocus:ring-2ﾂｷfocus:ring-sky-500ﾂｷfocus:outline-none"` with `ﾂｷﾂｷﾂｷﾂｷﾂｷﾂｷﾂｷﾂｷﾂｷﾂｷﾂｷﾂｷﾂｷﾂｷclassName='w-fullﾂｷtext-smﾂｷborder-gray-300ﾂｷrounded-mdﾂｷborderﾂｷp-2ﾂｷfocus:ring-2ﾂｷfocus:ring-sky-500ﾂｷfocus:outline-none'`  prettier/prettier
72:1  Error: Delete `ﾂｷﾂｷﾂｷﾂｷﾂｷﾂｷﾂｷﾂｷ`  prettier/prettier
73:1  Error: Replace `ﾂｷﾂｷﾂｷﾂｷﾂｷﾂｷﾂｷﾂｷﾂｷﾂｷﾂｷﾂｷﾂｷﾂｷﾂｷﾂｷﾂｷﾂｷﾂｷﾂｷﾂｷﾂｷﾂｷﾂｷ` with `ﾂｷﾂｷﾂｷﾂｷﾂｷﾂｷﾂｷﾂｷﾂｷﾂｷﾂｷﾂｷﾂｷﾂｷ`  prettier/prettier
74:1  Error: Replace `ﾂｷﾂｷﾂｷﾂｷﾂｷﾂｷﾂｷﾂｷﾂｷﾂｷﾂｷﾂｷﾂｷﾂｷﾂｷﾂｷﾂｷﾂｷﾂｷﾂｷﾂｷﾂｷﾂｷﾂｷﾂｷﾂｷﾂｷﾂｷ<optionﾂｷkey={h}ﾂｷvalue={h}>{String(h).padStart(2,ﾂｷ'0')}</option>` with `ﾂｷﾂｷﾂｷﾂｷﾂｷﾂｷﾂｷﾂｷﾂｷﾂｷﾂｷﾂｷﾂｷﾂｷﾂｷﾂｷ<optionﾂｷkey={h}ﾂｷvalue={h}>竢篠ｷﾂｷﾂｷﾂｷﾂｷﾂｷﾂｷﾂｷﾂｷﾂｷﾂｷﾂｷﾂｷﾂｷﾂｷﾂｷﾂｷﾂｷ{String(h).padStart(2,ﾂｷ'0')}`  prettier/prettier
75:17  Error: Replace `ﾂｷﾂｷﾂｷﾂｷﾂｷﾂｷﾂｷﾂｷ))}竢篠ｷﾂｷﾂｷﾂｷﾂｷﾂｷﾂｷﾂｷ` with `</option>竢篠ｷﾂｷﾂｷﾂｷﾂｷﾂｷﾂｷﾂｷﾂｷﾂｷﾂｷﾂｷﾂｷﾂｷ))}竢餐  prettier/prettier
77:1  Error: Replace `ﾂｷﾂｷﾂｷﾂｷﾂｷﾂｷﾂｷﾂｷﾂｷﾂｷﾂｷﾂｷﾂｷﾂｷﾂｷﾂｷﾂｷﾂｷﾂｷﾂｷ<spanﾂｷclassName="text-gray-400ﾂｷfont-bold"` with `ﾂｷﾂｷﾂｷﾂｷﾂｷﾂｷﾂｷﾂｷﾂｷﾂｷﾂｷﾂｷ<spanﾂｷclassName='text-gray-400ﾂｷfont-bold'`  prettier/prettier
78:1  Error: Replace `ﾂｷﾂｷﾂｷﾂｷﾂｷﾂｷﾂｷﾂｷﾂｷﾂｷﾂｷﾂｷﾂｷﾂｷﾂｷﾂｷﾂｷﾂｷﾂｷﾂｷ` with `ﾂｷﾂｷﾂｷﾂｷﾂｷﾂｷﾂｷﾂｷﾂｷﾂｷﾂｷﾂｷ`  prettier/prettier
79:1  Error: Replace `ﾂｷﾂｷﾂｷﾂｷﾂｷﾂｷﾂｷﾂｷﾂｷﾂｷﾂｷﾂｷﾂｷﾂｷﾂｷﾂｷﾂｷﾂｷﾂｷﾂｷﾂｷﾂｷﾂｷﾂｷ` with `ﾂｷﾂｷﾂｷﾂｷﾂｷﾂｷﾂｷﾂｷﾂｷﾂｷﾂｷﾂｷﾂｷﾂｷ`  prettier/prettier
80:1  Error: Replace `ﾂｷﾂｷﾂｷﾂｷﾂｷﾂｷﾂｷﾂｷﾂｷﾂｷﾂｷﾂｷﾂｷﾂｷﾂｷﾂｷﾂｷﾂｷﾂｷﾂｷﾂｷﾂｷﾂｷﾂｷonChange={(e)` with `ﾂｷﾂｷﾂｷﾂｷﾂｷﾂｷﾂｷﾂｷﾂｷﾂｷﾂｷﾂｷﾂｷﾂｷonChange={e`  prettier/prettier
81:15  Error: Replace `ﾂｷﾂｷﾂｷﾂｷﾂｷﾂｷﾂｷﾂｷﾂｷﾂｷclassName="w-fullﾂｷtext-smﾂｷborder-gray-300ﾂｷrounded-mdﾂｷborderﾂｷp-2ﾂｷfocus:ring-2ﾂｷfocus:ring-sky-500ﾂｷfocus:outline-none"` with `className='w-fullﾂｷtext-smﾂｷborder-gray-300ﾂｷrounded-mdﾂｷborderﾂｷp-2ﾂｷfocus:ring-2ﾂｷfocus:ring-sky-500ﾂｷfocus:outline-none'`  prettier/prettier
82:13  Error: Delete `ﾂｷﾂｷﾂｷﾂｷﾂｷﾂｷﾂｷﾂｷ`  prettier/prettier
83:1  Error: Replace `ﾂｷﾂｷﾂｷﾂｷﾂｷﾂｷﾂｷﾂｷﾂｷﾂｷﾂｷﾂｷﾂｷﾂｷﾂｷﾂｷﾂｷﾂｷﾂｷﾂｷﾂｷﾂｷﾂｷﾂｷ` with `ﾂｷﾂｷﾂｷﾂｷﾂｷﾂｷﾂｷﾂｷﾂｷﾂｷﾂｷﾂｷﾂｷﾂｷ`  prettier/prettier
84:1  Error: Replace `ﾂｷﾂｷﾂｷﾂｷﾂｷﾂｷﾂｷﾂｷﾂｷﾂｷﾂｷﾂｷﾂｷﾂｷﾂｷﾂｷﾂｷﾂｷﾂｷﾂｷﾂｷﾂｷﾂｷﾂｷﾂｷﾂｷﾂｷﾂｷ<optionﾂｷkey={m}ﾂｷvalue={m}>{String(m).padStart(2,ﾂｷ'0')}</option>` with `ﾂｷﾂｷﾂｷﾂｷﾂｷﾂｷﾂｷﾂｷﾂｷﾂｷﾂｷﾂｷﾂｷﾂｷﾂｷﾂｷ<optionﾂｷkey={m}ﾂｷvalue={m}>竢篠ｷﾂｷﾂｷﾂｷﾂｷﾂｷﾂｷﾂｷﾂｷﾂｷﾂｷﾂｷﾂｷﾂｷﾂｷﾂｷﾂｷﾂｷ{String(m).padStart(2,ﾂｷ'0')}`  prettier/prettier
85:17  Error: Insert `</option>竢篠ｷﾂｷﾂｷﾂｷﾂｷﾂｷ`  prettier/prettier
86:1  Error: Delete `ﾂｷﾂｷﾂｷﾂｷﾂｷﾂｷﾂｷﾂｷ`  prettier/prettier
87:11  Error: Delete `ﾂｷﾂｷﾂｷﾂｷﾂｷﾂｷﾂｷﾂｷﾂｷﾂｷ`  prettier/prettier
88:1  Error: Replace `ﾂｷﾂｷﾂｷﾂｷﾂｷﾂｷﾂｷﾂｷﾂｷﾂｷﾂｷﾂｷﾂｷﾂｷﾂｷﾂｷ` with `ﾂｷﾂｷﾂｷﾂｷﾂｷﾂｷﾂｷﾂｷ`  prettier/prettier
89:1  Error: Delete `ﾂｷﾂｷ`  prettier/prettier
91:7  Error: Delete `ﾂｷﾂｷ`  prettier/prettier
92:1  Error: Delete `ﾂｷﾂｷ`  prettier/prettier
93:9  Error: Replace `ﾂｷﾂｷﾂｷﾂｷ<labelﾂｷclassName="blockﾂｷtext-xsﾂｷfont-boldﾂｷtext-gray-500ﾂｷuppercaseﾂｷmb-1">諡・ｽ薙せ繧ｿ繝・ヵ` with `<labelﾂｷclassName='blockﾂｷtext-xsﾂｷfont-boldﾂｷtext-gray-500ﾂｷuppercaseﾂｷmb-1'>竢篠ｷﾂｷﾂｷﾂｷﾂｷﾂｷﾂｷﾂｷﾂｷﾂｷ諡・ｽ薙せ繧ｿ繝・ヵ竢篠ｷﾂｷﾂｷﾂｷﾂｷﾂｷﾂｷﾂｷ`  prettier/prettier
93:13  Error: A form label must be associated with a control.  jsx-a11y/label-has-associated-control
94:1  Error: Replace `ﾂｷﾂｷﾂｷﾂｷﾂｷﾂｷﾂｷﾂｷﾂｷﾂｷﾂｷﾂｷ` with `ﾂｷﾂｷﾂｷﾂｷﾂｷﾂｷﾂｷﾂｷ`  prettier/prettier
95:1  Error: Delete `ﾂｷﾂｷﾂｷﾂｷﾂｷﾂｷ`  prettier/prettier
96:1  Error: Replace `ﾂｷﾂｷﾂｷﾂｷﾂｷﾂｷﾂｷﾂｷﾂｷﾂｷﾂｷﾂｷﾂｷﾂｷﾂｷﾂｷonChange={(e)` with `ﾂｷﾂｷﾂｷﾂｷﾂｷﾂｷﾂｷﾂｷﾂｷﾂｷonChange={e`  prettier/prettier
97:11  Error: Replace `ﾂｷﾂｷﾂｷﾂｷﾂｷﾂｷclassName="blockﾂｷw-fullﾂｷtext-smﾂｷborder-gray-300ﾂｷrounded-mdﾂｷborderﾂｷp-2ﾂｷfocus:ring-2ﾂｷfocus:ring-sky-500ﾂｷfocus:outline-none"` with `className='blockﾂｷw-fullﾂｷtext-smﾂｷborder-gray-300ﾂｷrounded-mdﾂｷborderﾂｷp-2ﾂｷfocus:ring-2ﾂｷfocus:ring-sky-500ﾂｷfocus:outline-none'`  prettier/prettier
98:1  Error: Delete `ﾂｷﾂｷﾂｷﾂｷ`  prettier/prettier
99:1  Error: Delete `ﾂｷﾂｷﾂｷﾂｷﾂｷﾂｷ`  prettier/prettier
100:1  Error: Replace `ﾂｷﾂｷﾂｷﾂｷﾂｷﾂｷﾂｷﾂｷﾂｷﾂｷﾂｷﾂｷﾂｷﾂｷﾂｷﾂｷﾂｷﾂｷﾂｷﾂｷ<optionﾂｷkey={r.id}ﾂｷvalue={r.id}>{r.name}ﾂｷ{r.capacityﾂｷ?ﾂｷ`(${r.capacity})`ﾂｷ:ﾂｷ''}` with `ﾂｷﾂｷﾂｷﾂｷﾂｷﾂｷﾂｷﾂｷﾂｷﾂｷﾂｷﾂｷ<optionﾂｷkey={r.id}ﾂｷvalue={r.id}>竢篠ｷﾂｷﾂｷﾂｷﾂｷﾂｷﾂｷﾂｷﾂｷﾂｷﾂｷﾂｷﾂｷﾂｷ{r.name}ﾂｷ{r.capacityﾂｷ?ﾂｷ`(${r.capacity})`ﾂｷ:ﾂｷ''}竢篠ｷﾂｷﾂｷﾂｷﾂｷﾂｷﾂｷﾂｷﾂｷﾂｷﾂｷﾂｷ`  prettier/prettier
101:11  Error: Delete `ﾂｷﾂｷﾂｷﾂｷﾂｷﾂｷ`  prettier/prettier
102:1  Error: Replace `ﾂｷﾂｷﾂｷﾂｷﾂｷﾂｷﾂｷﾂｷﾂｷﾂｷﾂｷﾂｷ` with `ﾂｷﾂｷﾂｷﾂｷﾂｷﾂｷﾂｷﾂｷ`  prettier/prettier
103:1  Error: Delete `ﾂｷﾂｷ`  prettier/prettier
105:7  Error: Delete `ﾂｷﾂｷ`  prettier/prettier
106:1  Error: Replace `ﾂｷﾂｷﾂｷﾂｷﾂｷﾂｷﾂｷﾂｷ<divﾂｷclassName="gridﾂｷgrid-cols-1ﾂｷsm:grid-cols-2ﾂｷgap-4"` with `ﾂｷﾂｷﾂｷﾂｷﾂｷﾂｷ<divﾂｷclassName='gridﾂｷgrid-cols-1ﾂｷsm:grid-cols-2ﾂｷgap-4'`  prettier/prettier
107:1  Error: Delete `ﾂｷﾂｷﾂｷﾂｷ`  prettier/prettier
108:11  Error: Replace `ﾂｷﾂｷﾂｷﾂｷﾂｷﾂｷ<labelﾂｷclassName="blockﾂｷtext-xsﾂｷfont-boldﾂｷtext-gray-500ﾂｷuppercaseﾂｷmb-1">繝｡繝九Η繝ｼ` with `<labelﾂｷclassName='blockﾂｷtext-xsﾂｷfont-boldﾂｷtext-gray-500ﾂｷuppercaseﾂｷmb-1'>竢篠ｷﾂｷﾂｷﾂｷﾂｷﾂｷﾂｷﾂｷﾂｷﾂｷﾂｷﾂｷ繝｡繝九Η繝ｼ竢篠ｷﾂｷﾂｷﾂｷﾂｷﾂｷﾂｷﾂｷﾂｷﾂｷ`  prettier/prettier
108:17  Error: A form label must be associated with a control.  jsx-a11y/label-has-associated-control
109:1  Error: Replace `ﾂｷﾂｷﾂｷﾂｷﾂｷﾂｷﾂｷﾂｷﾂｷﾂｷﾂｷﾂｷﾂｷﾂｷﾂｷﾂｷ` with `ﾂｷﾂｷﾂｷﾂｷﾂｷﾂｷﾂｷﾂｷﾂｷﾂｷ`  prettier/prettier
110:1  Error: Delete `ﾂｷﾂｷﾂｷﾂｷﾂｷﾂｷﾂｷﾂｷ`  prettier/prettier
111:1  Error: Replace `ﾂｷﾂｷﾂｷﾂｷﾂｷﾂｷﾂｷﾂｷﾂｷﾂｷﾂｷﾂｷﾂｷﾂｷﾂｷﾂｷﾂｷﾂｷﾂｷﾂｷonChange={(e)` with `ﾂｷﾂｷﾂｷﾂｷﾂｷﾂｷﾂｷﾂｷﾂｷﾂｷﾂｷﾂｷonChange={e`  prettier/prettier
112:13  Error: Replace `ﾂｷﾂｷﾂｷﾂｷﾂｷﾂｷﾂｷﾂｷclassName="blockﾂｷw-fullﾂｷtext-smﾂｷborder-gray-300ﾂｷrounded-mdﾂｷborderﾂｷp-2ﾂｷfocus:ring-2ﾂｷfocus:ring-sky-500ﾂｷfocus:outline-none"` with `className='blockﾂｷw-fullﾂｷtext-smﾂｷborder-gray-300ﾂｷrounded-mdﾂｷborderﾂｷp-2ﾂｷfocus:ring-2ﾂｷfocus:ring-sky-500ﾂｷfocus:outline-none'`  prettier/prettier
113:1  Error: Replace `ﾂｷﾂｷﾂｷﾂｷﾂｷﾂｷﾂｷﾂｷﾂｷﾂｷﾂｷﾂｷﾂｷﾂｷﾂｷﾂｷ` with `ﾂｷﾂｷﾂｷﾂｷﾂｷﾂｷﾂｷﾂｷﾂｷﾂｷ`  prettier/prettier
114:1  Error: Delete `ﾂｷﾂｷﾂｷﾂｷﾂｷﾂｷﾂｷﾂｷ`  prettier/prettier
115:1  Error: Replace `ﾂｷﾂｷﾂｷﾂｷﾂｷﾂｷﾂｷﾂｷﾂｷﾂｷﾂｷﾂｷﾂｷﾂｷﾂｷﾂｷﾂｷﾂｷﾂｷﾂｷﾂｷﾂｷﾂｷﾂｷ<optionﾂｷkey={m.id}ﾂｷvalue={m.id}>{m.name}</option>` with `ﾂｷﾂｷﾂｷﾂｷﾂｷﾂｷﾂｷﾂｷﾂｷﾂｷﾂｷﾂｷﾂｷﾂｷ<optionﾂｷkey={m.id}ﾂｷvalue={m.id}>竢篠ｷﾂｷﾂｷﾂｷﾂｷﾂｷﾂｷﾂｷﾂｷﾂｷﾂｷﾂｷﾂｷﾂｷﾂｷﾂｷ{m.name}`  prettier/prettier
116:15  Error: Replace `ﾂｷﾂｷﾂｷﾂｷﾂｷﾂｷ))}竢篠ｷﾂｷﾂｷﾂｷﾂｷﾂｷ` with `</option>竢篠ｷﾂｷﾂｷﾂｷﾂｷﾂｷﾂｷﾂｷﾂｷﾂｷﾂｷﾂｷ))}竢餐  prettier/prettier
118:1  Error: Delete `ﾂｷﾂｷﾂｷﾂｷ`  prettier/prettier
119:9  Error: Delete `ﾂｷﾂｷﾂｷﾂｷ`  prettier/prettier
120:1  Error: Replace `ﾂｷﾂｷﾂｷﾂｷﾂｷﾂｷﾂｷﾂｷﾂｷﾂｷﾂｷﾂｷﾂｷﾂｷﾂｷﾂｷ<labelﾂｷclassName="blockﾂｷtext-xsﾂｷfont-boldﾂｷtext-gray-500ﾂｷuppercaseﾂｷmb-1">繧ｪ繝励す繝ｧ繝ｳ` with `ﾂｷﾂｷﾂｷﾂｷﾂｷﾂｷﾂｷﾂｷﾂｷﾂｷ<labelﾂｷclassName='blockﾂｷtext-xsﾂｷfont-boldﾂｷtext-gray-500ﾂｷuppercaseﾂｷmb-1'>竢篠ｷﾂｷﾂｷﾂｷﾂｷﾂｷﾂｷﾂｷﾂｷﾂｷﾂｷﾂｷ繧ｪ繝励す繝ｧ繝ｳ竢篠ｷﾂｷﾂｷﾂｷﾂｷﾂｷﾂｷﾂｷﾂｷﾂｷ`  prettier/prettier
120:17  Error: A form label must be associated with a control.  jsx-a11y/label-has-associated-control
121:1  Error: Replace `ﾂｷﾂｷﾂｷﾂｷﾂｷﾂｷﾂｷﾂｷﾂｷﾂｷﾂｷﾂｷﾂｷﾂｷﾂｷﾂｷ` with `ﾂｷﾂｷﾂｷﾂｷﾂｷﾂｷﾂｷﾂｷﾂｷﾂｷ`  prettier/prettier
122:1  Error: Delete `ﾂｷﾂｷﾂｷﾂｷﾂｷﾂｷﾂｷﾂｷ`  prettier/prettier
123:1  Error: Replace `ﾂｷﾂｷﾂｷﾂｷﾂｷﾂｷﾂｷﾂｷﾂｷﾂｷﾂｷﾂｷﾂｷﾂｷﾂｷﾂｷﾂｷﾂｷﾂｷﾂｷonChange={(e)` with `ﾂｷﾂｷﾂｷﾂｷﾂｷﾂｷﾂｷﾂｷﾂｷﾂｷﾂｷﾂｷonChange={e`  prettier/prettier
124:13  Error: Replace `ﾂｷﾂｷﾂｷﾂｷﾂｷﾂｷﾂｷﾂｷclassName="blockﾂｷw-fullﾂｷtext-smﾂｷborder-gray-300ﾂｷrounded-mdﾂｷborderﾂｷp-2ﾂｷfocus:ring-2ﾂｷfocus:ring-sky-500ﾂｷfocus:outline-none"` with `className='blockﾂｷw-fullﾂｷtext-smﾂｷborder-gray-300ﾂｷrounded-mdﾂｷborderﾂｷp-2ﾂｷfocus:ring-2ﾂｷfocus:ring-sky-500ﾂｷfocus:outline-none'`  prettier/prettier
125:1  Error: Delete `ﾂｷﾂｷﾂｷﾂｷﾂｷﾂｷ`  prettier/prettier
126:1  Error: Replace `ﾂｷﾂｷﾂｷﾂｷﾂｷﾂｷﾂｷﾂｷﾂｷﾂｷﾂｷﾂｷﾂｷﾂｷﾂｷﾂｷﾂｷﾂｷﾂｷﾂｷ` with `ﾂｷﾂｷﾂｷﾂｷﾂｷﾂｷﾂｷﾂｷﾂｷﾂｷﾂｷﾂｷ`  prettier/prettier
127:1  Error: Replace `ﾂｷﾂｷﾂｷﾂｷﾂｷﾂｷﾂｷﾂｷﾂｷﾂｷﾂｷﾂｷﾂｷﾂｷﾂｷﾂｷﾂｷﾂｷﾂｷﾂｷﾂｷﾂｷﾂｷﾂｷ<optionﾂｷkey={o.id}ﾂｷvalue={o.id}>{o.name}</option>` with `ﾂｷﾂｷﾂｷﾂｷﾂｷﾂｷﾂｷﾂｷﾂｷﾂｷﾂｷﾂｷﾂｷﾂｷ<optionﾂｷkey={o.id}ﾂｷvalue={o.id}>竢篠ｷﾂｷﾂｷﾂｷﾂｷﾂｷﾂｷﾂｷﾂｷﾂｷﾂｷﾂｷﾂｷﾂｷﾂｷﾂｷ{o.name}`  prettier/prettier
128:15  Error: Replace `ﾂｷﾂｷﾂｷﾂｷﾂｷﾂｷ))}竢篠ｷﾂｷﾂｷﾂｷﾂｷﾂｷ` with `</option>竢篠ｷﾂｷﾂｷﾂｷﾂｷﾂｷﾂｷﾂｷﾂｷﾂｷﾂｷﾂｷ))}竢餐  prettier/prettier
130:1  Error: Replace `ﾂｷﾂｷﾂｷﾂｷﾂｷﾂｷﾂｷﾂｷﾂｷﾂｷﾂｷﾂｷ` with `ﾂｷﾂｷﾂｷﾂｷﾂｷﾂｷﾂｷﾂｷ`  prettier/prettier
131:1  Error: Replace `ﾂｷﾂｷﾂｷﾂｷﾂｷﾂｷﾂｷﾂｷ` with `ﾂｷﾂｷﾂｷﾂｷﾂｷﾂｷ`  prettier/prettier
132:1  Error: Delete `ﾂｷﾂｷﾂｷﾂｷﾂｷﾂｷﾂｷﾂｷ`  prettier/prettier
133:1  Error: Delete `ﾂｷﾂｷ`  prettier/prettier
134:7  Error: Replace `ﾂｷﾂｷ<divﾂｷclassName="bg-gray-50ﾂｷp-3ﾂｷrounded-mdﾂｷborderﾂｷborder-gray-200ﾂｷflexﾂｷflex-colﾂｷgap-2"` with `<divﾂｷclassName='bg-gray-50ﾂｷp-3ﾂｷrounded-mdﾂｷborderﾂｷborder-gray-200ﾂｷflexﾂｷflex-colﾂｷgap-2'`  prettier/prettier
135:1  Error: Replace `ﾂｷﾂｷﾂｷﾂｷﾂｷﾂｷﾂｷﾂｷﾂｷﾂｷﾂｷﾂｷ<divﾂｷclassName="flexﾂｷjustify-betweenﾂｷitems-center"` with `ﾂｷﾂｷﾂｷﾂｷﾂｷﾂｷﾂｷﾂｷ<divﾂｷclassName='flexﾂｷjustify-betweenﾂｷitems-center'`  prettier/prettier
136:1  Error: Replace `ﾂｷﾂｷﾂｷﾂｷﾂｷﾂｷﾂｷﾂｷﾂｷﾂｷﾂｷﾂｷﾂｷﾂｷﾂｷﾂｷ<divﾂｷclassName="flexﾂｷitems-centerﾂｷgap-3"` with `ﾂｷﾂｷﾂｷﾂｷﾂｷﾂｷﾂｷﾂｷﾂｷﾂｷ<divﾂｷclassName='flexﾂｷitems-centerﾂｷgap-3'`  prettier/prettier
137:13  Error: Replace `ﾂｷﾂｷﾂｷﾂｷﾂｷﾂｷﾂｷﾂｷ<labelﾂｷclassName="text-xsﾂｷfont-boldﾂｷtext-gray-500ﾂｷuppercase">謇隕∵凾髢・/label>` with `<labelﾂｷclassName='text-xsﾂｷfont-boldﾂｷtext-gray-500ﾂｷuppercase'>竢篠ｷﾂｷﾂｷﾂｷﾂｷﾂｷﾂｷﾂｷﾂｷﾂｷﾂｷﾂｷﾂｷﾂｷ謇隕∵凾髢伝  prettier/prettier
137:21  Error: A form label must be associated with a control.  jsx-a11y/label-has-associated-control
138:10  Error: Replace `ﾂｷﾂｷﾂｷﾂｷﾂｷﾂｷﾂｷﾂｷﾂｷﾂｷﾂｷ<divﾂｷclassName="relative"` with `ﾂｷﾂｷﾂｷ</label>竢篠ｷﾂｷﾂｷﾂｷﾂｷﾂｷﾂｷﾂｷﾂｷﾂｷﾂｷﾂｷ<divﾂｷclassName='relative'`  prettier/prettier
139:1  Error: Replace `ﾂｷﾂｷﾂｷﾂｷﾂｷﾂｷﾂｷﾂｷﾂｷﾂｷﾂｷﾂｷﾂｷﾂｷﾂｷﾂｷﾂｷﾂｷﾂｷﾂｷﾂｷﾂｷﾂｷﾂｷ` with `ﾂｷﾂｷﾂｷﾂｷﾂｷﾂｷﾂｷﾂｷﾂｷﾂｷﾂｷﾂｷﾂｷﾂｷ`  prettier/prettier
140:1  Error: Replace `ﾂｷﾂｷﾂｷﾂｷﾂｷﾂｷﾂｷﾂｷﾂｷﾂｷﾂｷﾂｷﾂｷﾂｷﾂｷﾂｷﾂｷﾂｷﾂｷﾂｷﾂｷﾂｷﾂｷﾂｷﾂｷﾂｷﾂｷﾂｷ` with `ﾂｷﾂｷﾂｷﾂｷﾂｷﾂｷﾂｷﾂｷﾂｷﾂｷﾂｷﾂｷﾂｷﾂｷﾂｷﾂｷ`  prettier/prettier
141:1  Error: Replace `ﾂｷﾂｷﾂｷﾂｷﾂｷﾂｷﾂｷﾂｷﾂｷﾂｷﾂｷﾂｷﾂｷﾂｷﾂｷﾂｷﾂｷﾂｷﾂｷﾂｷﾂｷﾂｷﾂｷﾂｷﾂｷﾂｷﾂｷﾂｷ` with `ﾂｷﾂｷﾂｷﾂｷﾂｷﾂｷﾂｷﾂｷﾂｷﾂｷﾂｷﾂｷﾂｷﾂｷﾂｷﾂｷ`  prettier/prettier
142:1  Error: Replace `ﾂｷﾂｷﾂｷﾂｷﾂｷﾂｷﾂｷﾂｷﾂｷﾂｷﾂｷﾂｷﾂｷﾂｷﾂｷﾂｷﾂｷﾂｷﾂｷﾂｷﾂｷﾂｷﾂｷﾂｷﾂｷﾂｷﾂｷﾂｷclassName="appearance-noneﾂｷpl-3ﾂｷpr-8ﾂｷpy-1.5ﾂｷtext-smﾂｷborder-gray-300ﾂｷroundedﾂｷborderﾂｷbg-whiteﾂｷtext-gray-900ﾂｷfocus:ring-2ﾂｷfocus:ring-sky-500ﾂｷfocus:outline-noneﾂｷfont-medium"` with `ﾂｷﾂｷﾂｷﾂｷﾂｷﾂｷﾂｷﾂｷﾂｷﾂｷﾂｷﾂｷﾂｷﾂｷﾂｷﾂｷclassName='appearance-noneﾂｷpl-3ﾂｷpr-8ﾂｷpy-1.5ﾂｷtext-smﾂｷborder-gray-300ﾂｷroundedﾂｷborderﾂｷbg-whiteﾂｷtext-gray-900ﾂｷfocus:ring-2ﾂｷfocus:ring-sky-500ﾂｷfocus:outline-noneﾂｷfont-medium'`  prettier/prettier
143:1  Error: Delete `ﾂｷﾂｷﾂｷﾂｷﾂｷﾂｷﾂｷﾂｷﾂｷﾂｷ`  prettier/prettier
144:1  Error: Delete `ﾂｷﾂｷﾂｷﾂｷﾂｷﾂｷﾂｷﾂｷﾂｷﾂｷﾂｷﾂｷ`  prettier/prettier
145:1  Error: Replace `ﾂｷﾂｷﾂｷﾂｷﾂｷﾂｷﾂｷﾂｷﾂｷﾂｷﾂｷﾂｷﾂｷﾂｷﾂｷﾂｷﾂｷﾂｷﾂｷﾂｷﾂｷﾂｷﾂｷﾂｷﾂｷﾂｷﾂｷﾂｷﾂｷﾂｷﾂｷﾂｷ<optionﾂｷkey={d}ﾂｷvalue={d}>{d}蛻・/option>` with `ﾂｷﾂｷﾂｷﾂｷﾂｷﾂｷﾂｷﾂｷﾂｷﾂｷﾂｷﾂｷﾂｷﾂｷﾂｷﾂｷﾂｷﾂｷ<optionﾂｷkey={d}ﾂｷvalue={d}>`  prettier/prettier
146:21  Error: Replace `ﾂｷﾂｷﾂｷﾂｷﾂｷﾂｷﾂｷﾂｷ))}` with `{d}蛻・庶ﾂｷﾂｷﾂｷﾂｷﾂｷﾂｷﾂｷﾂｷﾂｷﾂｷﾂｷﾂｷﾂｷﾂｷﾂｷﾂｷﾂｷﾂｷ</option>`  prettier/prettier
147:17  Error: Insert `))}竢篠ｷﾂｷﾂｷﾂｷﾂｷﾂｷ`  prettier/prettier
148:1  Error: Replace `ﾂｷﾂｷﾂｷﾂｷﾂｷﾂｷﾂｷﾂｷﾂｷﾂｷﾂｷﾂｷﾂｷﾂｷﾂｷﾂｷﾂｷﾂｷﾂｷﾂｷﾂｷﾂｷﾂｷﾂｷ<divﾂｷclassName="pointer-events-noneﾂｷabsoluteﾂｷinset-y-0ﾂｷright-0ﾂｷflexﾂｷitems-centerﾂｷpx-2ﾂｷtext-gray-700"` with `ﾂｷﾂｷﾂｷﾂｷﾂｷﾂｷﾂｷﾂｷﾂｷﾂｷﾂｷﾂｷﾂｷﾂｷ<divﾂｷclassName='pointer-events-noneﾂｷabsoluteﾂｷinset-y-0ﾂｷright-0ﾂｷflexﾂｷitems-centerﾂｷpx-2ﾂｷtext-gray-700'`  prettier/prettier
149:17  Error: Replace `ﾂｷﾂｷﾂｷﾂｷﾂｷﾂｷﾂｷﾂｷﾂｷﾂｷﾂｷﾂｷ<svgﾂｷclassName="fill-currentﾂｷh-4ﾂｷw-4"ﾂｷxmlns="http://www.w3.org/2000/svg"ﾂｷviewBox="0ﾂｷ0ﾂｷ20ﾂｷ20"><pathﾂｷd="M9.293ﾂｷ12.95l.707.707L15.657ﾂｷ8l-1.414-1.414L10ﾂｷ10.828ﾂｷ5.757ﾂｷ6.586ﾂｷ4.343ﾂｷ8z"/></svg>` with `<svg竢篠ｷﾂｷﾂｷﾂｷﾂｷﾂｷﾂｷﾂｷﾂｷﾂｷﾂｷﾂｷﾂｷﾂｷﾂｷﾂｷﾂｷﾂｷclassName='fill-currentﾂｷh-4ﾂｷw-4'竢篠ｷﾂｷﾂｷﾂｷﾂｷﾂｷﾂｷﾂｷﾂｷﾂｷﾂｷﾂｷﾂｷﾂｷﾂｷﾂｷﾂｷﾂｷxmlns='http://www.w3.org/2000/svg'竢篠ｷﾂｷﾂｷﾂｷﾂｷﾂｷﾂｷﾂｷﾂｷﾂｷﾂｷﾂｷﾂｷﾂｷﾂｷﾂｷﾂｷﾂｷviewBox='0ﾂｷ0ﾂｷ20ﾂｷ20'竢篠ｷﾂｷﾂｷﾂｷﾂｷﾂｷﾂｷﾂｷﾂｷﾂｷﾂｷﾂｷﾂｷﾂｷﾂｷﾂｷ>竢篠ｷﾂｷﾂｷﾂｷﾂｷﾂｷﾂｷﾂｷﾂｷﾂｷﾂｷﾂｷﾂｷﾂｷﾂｷﾂｷﾂｷﾂｷ<pathﾂｷd='M9.293ﾂｷ12.95l.707.707L15.657ﾂｷ8l-1.414-1.414L10ﾂｷ10.828ﾂｷ5.757ﾂｷ6.586ﾂｷ4.343ﾂｷ8z'ﾂｷ/>`  prettier/prettier
150:1  Error: Replace `ﾂｷﾂｷﾂｷﾂｷﾂｷﾂｷﾂｷﾂｷﾂｷﾂｷﾂｷﾂｷﾂｷﾂｷﾂｷﾂｷﾂｷﾂｷﾂｷﾂｷﾂｷﾂｷﾂｷﾂｷ</div` with `ﾂｷﾂｷﾂｷﾂｷﾂｷﾂｷﾂｷﾂｷﾂｷﾂｷﾂｷﾂｷﾂｷﾂｷﾂｷﾂｷ</svg`  prettier/prettier
151:1  Error: Delete `ﾂｷﾂｷﾂｷﾂｷﾂｷﾂｷ`  prettier/prettier
152:1  Error: Replace `ﾂｷﾂｷﾂｷﾂｷﾂｷﾂｷﾂｷﾂｷﾂｷﾂｷﾂｷﾂｷﾂｷﾂｷﾂｷﾂｷ` with `ﾂｷﾂｷﾂｷﾂｷﾂｷﾂｷﾂｷﾂｷﾂｷﾂｷﾂｷﾂｷ`  prettier/prettier
153:11  Error: Replace `ﾂｷﾂｷﾂｷﾂｷﾂｷﾂｷ` with `</div>`  prettier/prettier
154:1  Error: Replace `ﾂｷﾂｷﾂｷﾂｷﾂｷﾂｷﾂｷﾂｷﾂｷﾂｷﾂｷﾂｷﾂｷﾂｷﾂｷﾂｷ<divﾂｷclassName="text-gray-700ﾂｷflexﾂｷitems-centerﾂｷgap-2"` with `竢篠ｷﾂｷﾂｷﾂｷﾂｷﾂｷﾂｷﾂｷﾂｷﾂｷ<divﾂｷclassName='text-gray-700ﾂｷflexﾂｷitems-centerﾂｷgap-2'`  prettier/prettier
155:1  Error: Replace `ﾂｷﾂｷﾂｷﾂｷﾂｷﾂｷﾂｷﾂｷﾂｷﾂｷﾂｷﾂｷﾂｷﾂｷﾂｷﾂｷﾂｷﾂｷﾂｷﾂｷ<spanﾂｷclassName="text-xsﾂｷfont-boldﾂｷtext-gray-500ﾂｷuppercase">邨ゆｺ・凾髢・/span>` with `ﾂｷﾂｷﾂｷﾂｷﾂｷﾂｷﾂｷﾂｷﾂｷﾂｷﾂｷﾂｷ<spanﾂｷclassName='text-xsﾂｷfont-boldﾂｷtext-gray-500ﾂｷuppercase'>竢篠ｷﾂｷﾂｷﾂｷﾂｷﾂｷﾂｷﾂｷﾂｷﾂｷﾂｷﾂｷﾂｷﾂｷ邨ゆｺ・凾髢伝  prettier/prettier
156:13  Error: Replace `ﾂｷﾂｷﾂｷﾂｷﾂｷﾂｷﾂｷﾂｷ<spanﾂｷclassName="font-monoﾂｷfont-boldﾂｷtext-xlﾂｷtext-gray-800ﾂｷbg-whiteﾂｷpx-2ﾂｷpy-0.5ﾂｷroundedﾂｷborderﾂｷborder-gray-300"` with `</span>竢篠ｷﾂｷﾂｷﾂｷﾂｷﾂｷﾂｷﾂｷﾂｷﾂｷﾂｷﾂｷ<spanﾂｷclassName='font-monoﾂｷfont-boldﾂｷtext-xlﾂｷtext-gray-800ﾂｷbg-whiteﾂｷpx-2ﾂｷpy-0.5ﾂｷroundedﾂｷborderﾂｷborder-gray-300'`  prettier/prettier
157:1  Error: Replace `ﾂｷﾂｷﾂｷﾂｷﾂｷﾂｷﾂｷﾂｷﾂｷﾂｷﾂｷﾂｷﾂｷﾂｷﾂｷﾂｷﾂｷﾂｷﾂｷﾂｷﾂｷﾂｷﾂｷﾂｷ{String(formData.endHour).padStart(2,ﾂｷ'0')}:` with `ﾂｷﾂｷﾂｷﾂｷﾂｷﾂｷﾂｷﾂｷﾂｷﾂｷﾂｷﾂｷﾂｷﾂｷ{String(formData.endHour).padStart(2,ﾂｷ'0')}:竢篠ｷﾂｷﾂｷﾂｷﾂｷﾂｷﾂｷﾂｷﾂｷﾂｷﾂｷﾂｷﾂｷﾂｷ`  prettier/prettier
158:13  Error: Delete `ﾂｷﾂｷﾂｷﾂｷﾂｷﾂｷﾂｷﾂｷ`  prettier/prettier
159:1  Error: Replace `ﾂｷﾂｷﾂｷﾂｷﾂｷﾂｷﾂｷﾂｷﾂｷﾂｷﾂｷﾂｷﾂｷﾂｷﾂｷﾂｷ` with `ﾂｷﾂｷﾂｷﾂｷﾂｷﾂｷﾂｷﾂｷﾂｷﾂｷ`  prettier/prettier
160:1  Error: Delete `ﾂｷﾂｷﾂｷﾂｷ`  prettier/prettier
161:1  Error: Replace `ﾂｷﾂｷﾂｷﾂｷﾂｷﾂｷﾂｷﾂｷ` with `ﾂｷﾂｷﾂｷﾂｷﾂｷﾂｷ`  prettier/prettier
163:1  Error: Delete `ﾂｷﾂｷ`  prettier/prettier
164:7  Error: Delete `ﾂｷﾂｷ`  prettier/prettier
165:1  Error: Replace `ﾂｷﾂｷﾂｷﾂｷﾂｷﾂｷﾂｷﾂｷﾂｷﾂｷﾂｷﾂｷ<labelﾂｷclassName="blockﾂｷtext-xsﾂｷfont-boldﾂｷtext-gray-500ﾂｷuppercaseﾂｷmb-1">繝｡繝｢` with `ﾂｷﾂｷﾂｷﾂｷﾂｷﾂｷﾂｷﾂｷ<labelﾂｷclassName='blockﾂｷtext-xsﾂｷfont-boldﾂｷtext-gray-500ﾂｷuppercaseﾂｷmb-1'>竢篠ｷﾂｷﾂｷﾂｷﾂｷﾂｷﾂｷﾂｷﾂｷﾂｷ繝｡繝｢竢篠ｷﾂｷﾂｷﾂｷﾂｷﾂｷﾂｷﾂｷ`  prettier/prettier
165:13  Error: A form label must be associated with a control.  jsx-a11y/label-has-associated-control
166:1  Error: Delete `ﾂｷﾂｷﾂｷﾂｷ`  prettier/prettier
167:1  Error: Replace `ﾂｷﾂｷﾂｷﾂｷﾂｷﾂｷﾂｷﾂｷﾂｷﾂｷﾂｷﾂｷﾂｷﾂｷﾂｷﾂｷ` with `ﾂｷﾂｷﾂｷﾂｷﾂｷﾂｷﾂｷﾂｷﾂｷﾂｷ`  prettier/prettier
168:1  Error: Replace `ﾂｷﾂｷﾂｷﾂｷﾂｷﾂｷﾂｷﾂｷﾂｷﾂｷﾂｷﾂｷﾂｷﾂｷﾂｷﾂｷonChange={(e)` with `ﾂｷﾂｷﾂｷﾂｷﾂｷﾂｷﾂｷﾂｷﾂｷﾂｷonChange={e`  prettier/prettier
169:1  Error: Replace `ﾂｷﾂｷﾂｷﾂｷﾂｷﾂｷﾂｷﾂｷﾂｷﾂｷﾂｷﾂｷﾂｷﾂｷﾂｷﾂｷclassName="blockﾂｷw-fullﾂｷtext-smﾂｷborder-gray-300ﾂｷrounded-mdﾂｷborderﾂｷp-2ﾂｷfocus:ring-2ﾂｷfocus:ring-sky-500ﾂｷfocus:outline-noneﾂｷh-24"` with `ﾂｷﾂｷﾂｷﾂｷﾂｷﾂｷﾂｷﾂｷﾂｷﾂｷclassName='blockﾂｷw-fullﾂｷtext-smﾂｷborder-gray-300ﾂｷrounded-mdﾂｷborderﾂｷp-2ﾂｷfocus:ring-2ﾂｷfocus:ring-sky-500ﾂｷfocus:outline-noneﾂｷh-24'`  prettier/prettier
170:1  Error: Delete `ﾂｷﾂｷﾂｷﾂｷ`  prettier/prettier
171:7  Error: Delete `ﾂｷﾂｷ`  prettier/prettier
172:1  Error: Delete `ﾂｷﾂｷﾂｷﾂｷﾂｷﾂｷﾂｷﾂｷ`  prettier/prettier
173:1  Error: Delete `ﾂｷﾂｷ`  prettier/prettier
174:1  Error: Delete `ﾂｷﾂｷ`  prettier/prettier
175:9  Error: Replace `ﾂｷﾂｷﾂｷﾂｷ<labelﾂｷclassName="blockﾂｷtext-xsﾂｷfont-boldﾂｷtext-gray-500ﾂｷuppercaseﾂｷmb-1">繧ｫ繝ｩ繝ｼ` with `<labelﾂｷclassName='blockﾂｷtext-xsﾂｷfont-boldﾂｷtext-gray-500ﾂｷuppercaseﾂｷmb-1'>竢篠ｷﾂｷﾂｷﾂｷﾂｷﾂｷﾂｷﾂｷﾂｷﾂｷ繧ｫ繝ｩ繝ｼ竢篠ｷﾂｷﾂｷﾂｷﾂｷﾂｷﾂｷﾂｷ`  prettier/prettier
175:13  Error: A form label must be associated with a control.  jsx-a11y/label-has-associated-control
176:1  Error: Replace `ﾂｷﾂｷﾂｷﾂｷﾂｷﾂｷﾂｷﾂｷﾂｷﾂｷﾂｷﾂｷ<divﾂｷclassName="flexﾂｷgap-2"` with `ﾂｷﾂｷﾂｷﾂｷﾂｷﾂｷﾂｷﾂｷ<divﾂｷclassName='flexﾂｷgap-2'`  prettier/prettier
177:1  Error: Replace `ﾂｷﾂｷﾂｷﾂｷﾂｷﾂｷﾂｷﾂｷﾂｷﾂｷﾂｷﾂｷﾂｷﾂｷﾂｷﾂｷ` with `ﾂｷﾂｷﾂｷﾂｷﾂｷﾂｷﾂｷﾂｷﾂｷﾂｷ`  prettier/prettier
178:13  Error: Delete `ﾂｷﾂｷﾂｷﾂｷ`  prettier/prettier
179:1  Error: Delete `ﾂｷﾂｷﾂｷﾂｷﾂｷﾂｷ`  prettier/prettier
180:1  Error: Replace `ﾂｷﾂｷﾂｷﾂｷﾂｷﾂｷﾂｷﾂｷﾂｷﾂｷﾂｷﾂｷﾂｷﾂｷﾂｷﾂｷﾂｷﾂｷﾂｷﾂｷtype="button"` with `ﾂｷﾂｷﾂｷﾂｷﾂｷﾂｷﾂｷﾂｷﾂｷﾂｷﾂｷﾂｷﾂｷﾂｷtype='button'`  prettier/prettier
181:1  Error: Delete `ﾂｷﾂｷﾂｷﾂｷﾂｷﾂｷ`  prettier/prettier
182:1  Error: Replace `ﾂｷﾂｷﾂｷﾂｷﾂｷﾂｷﾂｷﾂｷﾂｷﾂｷﾂｷﾂｷﾂｷﾂｷﾂｷﾂｷﾂｷﾂｷﾂｷﾂｷ` with `ﾂｷﾂｷﾂｷﾂｷﾂｷﾂｷﾂｷﾂｷﾂｷﾂｷﾂｷﾂｷﾂｷﾂｷ`  prettier/prettier
183:15  Error: Replace `ﾂｷﾂｷﾂｷﾂｷﾂｷﾂｷstyle={{ﾂｷbackgroundColor:ﾂｷcolorﾂｷ===ﾂｷ'red'ﾂｷ?ﾂｷ'#fb7185'ﾂｷ:ﾂｷcolorﾂｷ===ﾂｷ'pink'ﾂｷ?ﾂｷ'#f9a8d4'ﾂｷ:ﾂｷcolorﾂｷ===ﾂｷ'blue'ﾂｷ?ﾂｷ'#38bdf8'ﾂｷ:ﾂｷcolorﾂｷ===ﾂｷ'orange'ﾂｷ?ﾂｷ'#fb923c'ﾂｷ:ﾂｷ'#4f46e5'ﾂｷ}}` with `style={{竢篠ｷﾂｷﾂｷﾂｷﾂｷﾂｷﾂｷﾂｷﾂｷﾂｷﾂｷﾂｷﾂｷﾂｷﾂｷﾂｷbackgroundColor:竢篠ｷﾂｷﾂｷﾂｷﾂｷﾂｷﾂｷﾂｷﾂｷﾂｷﾂｷﾂｷﾂｷﾂｷﾂｷﾂｷﾂｷﾂｷcolorﾂｷ===ﾂｷ'red'竢篠ｷﾂｷﾂｷﾂｷﾂｷﾂｷﾂｷﾂｷﾂｷﾂｷﾂｷﾂｷﾂｷﾂｷﾂｷﾂｷﾂｷﾂｷﾂｷﾂｷ?ﾂｷ'#fb7185'竢篠ｷﾂｷﾂｷﾂｷﾂｷﾂｷﾂｷﾂｷﾂｷﾂｷﾂｷﾂｷﾂｷﾂｷﾂｷﾂｷﾂｷﾂｷﾂｷﾂｷ:ﾂｷcolorﾂｷ===ﾂｷ'pink'竢篠ｷﾂｷﾂｷﾂｷﾂｷﾂｷﾂｷﾂｷﾂｷﾂｷﾂｷﾂｷﾂｷﾂｷﾂｷﾂｷﾂｷﾂｷﾂｷﾂｷﾂｷﾂｷ?ﾂｷ'#f9a8d4'竢篠ｷﾂｷﾂｷﾂｷﾂｷﾂｷﾂｷﾂｷﾂｷﾂｷﾂｷﾂｷﾂｷﾂｷﾂｷﾂｷﾂｷﾂｷﾂｷﾂｷﾂｷﾂｷ:ﾂｷcolorﾂｷ===ﾂｷ'blue'竢篠ｷﾂｷﾂｷﾂｷﾂｷﾂｷﾂｷﾂｷﾂｷﾂｷﾂｷﾂｷﾂｷﾂｷﾂｷﾂｷﾂｷﾂｷﾂｷﾂｷﾂｷﾂｷﾂｷﾂｷ?ﾂｷ'#38bdf8'竢篠ｷﾂｷﾂｷﾂｷﾂｷﾂｷﾂｷﾂｷﾂｷﾂｷﾂｷﾂｷﾂｷﾂｷﾂｷﾂｷﾂｷﾂｷﾂｷﾂｷﾂｷﾂｷﾂｷﾂｷ:ﾂｷcolorﾂｷ===ﾂｷ'orange'竢篠ｷﾂｷﾂｷﾂｷﾂｷﾂｷﾂｷﾂｷﾂｷﾂｷﾂｷﾂｷﾂｷﾂｷﾂｷﾂｷﾂｷﾂｷﾂｷﾂｷﾂｷﾂｷﾂｷﾂｷﾂｷﾂｷ?ﾂｷ'#fb923c'竢篠ｷﾂｷﾂｷﾂｷﾂｷﾂｷﾂｷﾂｷﾂｷﾂｷﾂｷﾂｷﾂｷﾂｷﾂｷﾂｷﾂｷﾂｷﾂｷﾂｷﾂｷﾂｷﾂｷﾂｷﾂｷﾂｷ:ﾂｷ'#4f46e5',`  prettier/prettier
184:13  Error: Replace `ﾂｷﾂｷﾂｷﾂｷ/>竢篠ｷﾂｷﾂｷﾂｷﾂｷﾂｷ` with `ﾂｷﾂｷ}}竢篠ｷﾂｷﾂｷﾂｷﾂｷﾂｷﾂｷﾂｷﾂｷﾂｷﾂｷﾂｷ/>竢餐  prettier/prettier
186:9  Error: Delete `ﾂｷﾂｷﾂｷﾂｷ`  prettier/prettier
187:1  Error: Delete `ﾂｷﾂｷ`  prettier/prettier
190:3  Error: Insert `竢餐  prettier/prettier

./src/legacy/Reservation/components/AppointmentForm.tsx
5:9  Error: Replace `ﾂｷcalculateEndTime,ﾂｷtimeToMinutes,ﾂｷhasTimeConflictﾂｷ` with `竢篠ｷﾂｷcalculateEndTime,竢篠ｷﾂｷtimeToMinutes,竢篠ｷﾂｷhasTimeConflict,竢餐  prettier/prettier
19:51  Error: Replace `ﾂｷonSuccess,ﾂｷonCancel,ﾂｷinitialData,ﾂｷappointmentsﾂｷ` with `竢篠ｷﾂｷonSuccess,竢篠ｷﾂｷonCancel,竢篠ｷﾂｷinitialData,竢篠ｷﾂｷappointments,竢餐  prettier/prettier
21:1  Error: Delete `ﾂｷﾂｷ`  prettier/prettier
44:1  Error: Delete `ﾂｷﾂｷﾂｷﾂｷ`  prettier/prettier
46:1  Error: Delete `ﾂｷﾂｷﾂｷﾂｷ`  prettier/prettier
47:53  Error: Replace `formData.startHour,ﾂｷformData.startMinute,ﾂｷduration);` with `竢篠ｷﾂｷﾂｷﾂｷﾂｷﾂｷformData.startHour,竢篠ｷﾂｷﾂｷﾂｷﾂｷﾂｷformData.startMinute,竢篠ｷﾂｷﾂｷﾂｷﾂｷﾂｷduration`  prettier/prettier
48:5  Error: Insert `);竢餐  prettier/prettier
50:7  Error: Replace `formData.startHour,ﾂｷformData.startMinute,ﾂｷformData.menuId,ﾂｷformData.optionId]);竢餐 with `竢篠ｷﾂｷﾂｷﾂｷformData.startHour,竢篠ｷﾂｷﾂｷﾂｷformData.startMinute,竢篠ｷﾂｷﾂｷﾂｷformData.menuId,竢篠ｷﾂｷﾂｷﾂｷformData.optionId,竢篠ｷﾂｷ]);`  prettier/prettier
55:1  Error: Delete `ﾂｷﾂｷﾂｷﾂｷ`  prettier/prettier
57:40  Error: Replace `formData.startHour,ﾂｷformData.startMinute` with `竢篠ｷﾂｷﾂｷﾂｷﾂｷﾂｷformData.startHour,竢篠ｷﾂｷﾂｷﾂｷﾂｷﾂｷformData.startMinute竢篠ｷﾂｷﾂｷﾂｷ`  prettier/prettier
61:1  Error: Delete `ﾂｷﾂｷ`  prettier/prettier
62:7  Error: Delete `ﾂｷﾂｷ`  prettier/prettier
63:7  Error: Delete `ﾂｷﾂｷ`  prettier/prettier
64:1  Error: Replace `ﾂｷﾂｷﾂｷﾂｷﾂｷﾂｷﾂｷﾂｷ` with `ﾂｷﾂｷﾂｷﾂｷﾂｷﾂｷ`  prettier/prettier
66:1  Error: Delete `ﾂｷﾂｷ`  prettier/prettier
67:1  Error: Delete `ﾂｷﾂｷ`  prettier/prettier
69:7  Error: Delete `ﾂｷﾂｷ`  prettier/prettier
73:7  Error: Delete `ﾂｷﾂｷ`  prettier/prettier
74:1  Error: Replace `ﾂｷﾂｷﾂｷﾂｷﾂｷﾂｷﾂｷﾂｷ` with `ﾂｷﾂｷﾂｷﾂｷﾂｷﾂｷ`  prettier/prettier
80:1  Error: Delete `ﾂｷﾂｷﾂｷﾂｷﾂｷﾂｷ`  prettier/prettier
88:14  Error: 'err' is defined but never used.  @typescript-eslint/no-unused-vars
95:52  Warning: Unexpected any. Specify a different type.  @typescript-eslint/no-explicit-any
100:20  Error: Replace `"max-w-2xlﾂｷmx-autoﾂｷp-4ﾂｷsm:p-6ﾂｷbg-whiteﾂｷshadow-lgﾂｷrounded-lgﾂｷborderﾂｷborder-gray-200ﾂｷmt-4ﾂｷsm:mt-8ﾂｷanimate-inﾂｷfade-inﾂｷslide-in-from-bottom-4ﾂｷduration-300"` with `'max-w-2xlﾂｷmx-autoﾂｷp-4ﾂｷsm:p-6ﾂｷbg-whiteﾂｷshadow-lgﾂｷrounded-lgﾂｷborderﾂｷborder-gray-200ﾂｷmt-4ﾂｷsm:mt-8ﾂｷanimate-inﾂｷfade-inﾂｷslide-in-from-bottom-4ﾂｷduration-300'`  prettier/prettier
101:21  Error: Replace `"text-xlﾂｷfont-boldﾂｷtext-gray-800ﾂｷmb-6ﾂｷpb-2ﾂｷborder-bﾂｷborder-gray-200">譁ｰ隕丈ｺ育ｴ・匳骭ｲ</h2>` with `'text-xlﾂｷfont-boldﾂｷtext-gray-800ﾂｷmb-6ﾂｷpb-2ﾂｷborder-bﾂｷborder-gray-200'>竢篠ｷﾂｷﾂｷﾂｷﾂｷﾂｷﾂｷﾂｷ譁ｰ隕丈ｺ育ｴ・匳骭ｲ`  prettier/prettier
102:7  Error: Insert `</h2>竢餐  prettier/prettier
103:47  Error: Replace `"space-y-6"` with `'space-y-6'`  prettier/prettier
104:1  Error: Replace `ﾂｷﾂｷﾂｷﾂｷﾂｷﾂｷﾂｷﾂｷ竢篠ｷﾂｷﾂｷﾂｷﾂｷﾂｷﾂｷﾂｷ` with `ﾂｷﾂｷﾂｷﾂｷﾂｷﾂｷﾂｷﾂｷ`  prettier/prettier
107:11  Error: A form label must be associated with a control.  jsx-a11y/label-has-associated-control
107:28  Error: Replace `"blockﾂｷtext-smﾂｷfont-mediumﾂｷtext-gray-700ﾂｷmb-1">縺雁錐蜑港 with `'blockﾂｷtext-smﾂｷfont-mediumﾂｷtext-gray-700ﾂｷmb-1'>竢篠ｷﾂｷﾂｷﾂｷﾂｷﾂｷﾂｷﾂｷﾂｷﾂｷﾂｷﾂｷ縺雁錐蜑坂庶ﾂｷﾂｷﾂｷﾂｷﾂｷﾂｷﾂｷﾂｷﾂｷﾂｷ`  prettier/prettier
108:26  Error: Replace `"gridﾂｷgrid-cols-1ﾂｷsm:grid-cols-2ﾂｷgap-4"` with `'gridﾂｷgrid-cols-1ﾂｷsm:grid-cols-2ﾂｷgap-4'`  prettier/prettier
109:13  Error: Delete `ﾂｷ`  prettier/prettier
110:1  Error: Delete `ﾂｷﾂｷ`  prettier/prettier
111:1  Error: Replace `ﾂｷﾂｷﾂｷﾂｷﾂｷﾂｷﾂｷﾂｷﾂｷﾂｷﾂｷﾂｷﾂｷﾂｷﾂｷﾂｷﾂｷﾂｷﾂｷﾂｷtype="text"` with `ﾂｷﾂｷﾂｷﾂｷﾂｷﾂｷﾂｷﾂｷﾂｷﾂｷﾂｷﾂｷﾂｷﾂｷﾂｷﾂｷtype='text'`  prettier/prettier
112:1  Error: Delete `ﾂｷﾂｷﾂｷﾂｷ`  prettier/prettier
113:17  Error: Delete `ﾂｷﾂｷﾂｷﾂｷ`  prettier/prettier
114:17  Error: Replace `ﾂｷﾂｷﾂｷﾂｷonChange={(e)` with `onChange={e`  prettier/prettier
115:17  Error: Replace `ﾂｷﾂｷﾂｷﾂｷclassName="blockﾂｷw-fullﾂｷshadow-smﾂｷfocus:ring-sky-500ﾂｷfocus:border-sky-500ﾂｷsm:text-smﾂｷborder-gray-300ﾂｷrounded-mdﾂｷborderﾂｷp-2"` with `className='blockﾂｷw-fullﾂｷshadow-smﾂｷfocus:ring-sky-500ﾂｷfocus:border-sky-500ﾂｷsm:text-smﾂｷborder-gray-300ﾂｷrounded-mdﾂｷborderﾂｷp-2'`  prettier/prettier
116:1  Error: Replace `ﾂｷﾂｷﾂｷﾂｷﾂｷﾂｷﾂｷﾂｷﾂｷﾂｷﾂｷﾂｷﾂｷﾂｷﾂｷﾂｷﾂｷﾂｷﾂｷﾂｷplaceholder="蟋督ｷ(萓・ﾂｷ螻ｱ逕ｰ)"` with `ﾂｷﾂｷﾂｷﾂｷﾂｷﾂｷﾂｷﾂｷﾂｷﾂｷﾂｷﾂｷﾂｷﾂｷﾂｷﾂｷplaceholder='蟋督ｷ(萓・ﾂｷ螻ｱ逕ｰ)'`  prettier/prettier
117:1  Error: Delete `ﾂｷﾂｷ`  prettier/prettier
118:13  Error: Delete `ﾂｷ`  prettier/prettier
119:1  Error: Delete `ﾂｷ`  prettier/prettier
120:15  Error: Delete `ﾂｷﾂｷ`  prettier/prettier
121:17  Error: Replace `ﾂｷﾂｷﾂｷﾂｷtype="text"` with `type='text'`  prettier/prettier
122:17  Error: Delete `ﾂｷﾂｷﾂｷﾂｷ`  prettier/prettier
123:1  Error: Delete `ﾂｷﾂｷﾂｷﾂｷ`  prettier/prettier
124:1  Error: Replace `ﾂｷﾂｷﾂｷﾂｷﾂｷﾂｷﾂｷﾂｷﾂｷﾂｷﾂｷﾂｷﾂｷﾂｷﾂｷﾂｷﾂｷﾂｷﾂｷﾂｷonChange={(e)` with `ﾂｷﾂｷﾂｷﾂｷﾂｷﾂｷﾂｷﾂｷﾂｷﾂｷﾂｷﾂｷﾂｷﾂｷﾂｷﾂｷonChange={e`  prettier/prettier
125:17  Error: Replace `ﾂｷﾂｷﾂｷﾂｷclassName="blockﾂｷw-fullﾂｷshadow-smﾂｷfocus:ring-sky-500ﾂｷfocus:border-sky-500ﾂｷsm:text-smﾂｷborder-gray-300ﾂｷrounded-mdﾂｷborderﾂｷp-2"` with `className='blockﾂｷw-fullﾂｷshadow-smﾂｷfocus:ring-sky-500ﾂｷfocus:border-sky-500ﾂｷsm:text-smﾂｷborder-gray-300ﾂｷrounded-mdﾂｷborderﾂｷp-2'`  prettier/prettier
126:1  Error: Replace `ﾂｷﾂｷﾂｷﾂｷﾂｷﾂｷﾂｷﾂｷﾂｷﾂｷﾂｷﾂｷﾂｷﾂｷﾂｷﾂｷﾂｷﾂｷﾂｷﾂｷplaceholder="蜷債ｷ(萓・ﾂｷ螟ｪ驛・"` with `ﾂｷﾂｷﾂｷﾂｷﾂｷﾂｷﾂｷﾂｷﾂｷﾂｷﾂｷﾂｷﾂｷﾂｷﾂｷﾂｷplaceholder='蜷債ｷ(萓・ﾂｷ螟ｪ驛・'`  prettier/prettier
127:15  Error: Delete `ﾂｷﾂｷ`  prettier/prettier
128:1  Error: Delete `ﾂｷ`  prettier/prettier
134:11  Error: Replace `ﾂｷﾂｷﾂｷ<labelﾂｷclassName="blockﾂｷtext-smﾂｷfont-mediumﾂｷtext-gray-700ﾂｷmb-1">譚･蠎玲律` with `<labelﾂｷclassName='blockﾂｷtext-smﾂｷfont-mediumﾂｷtext-gray-700ﾂｷmb-1'>竢篠ｷﾂｷﾂｷﾂｷﾂｷﾂｷﾂｷﾂｷﾂｷﾂｷﾂｷﾂｷ譚･蠎玲律竢篠ｷﾂｷﾂｷﾂｷﾂｷﾂｷﾂｷﾂｷﾂｷﾂｷ`  prettier/prettier
134:14  Error: A form label must be associated with a control.  jsx-a11y/label-has-associated-control
135:11  Error: Replace `ﾂｷﾂｷﾂｷ<inputﾂｷ` with `<input`  prettier/prettier
136:1  Error: Replace `ﾂｷﾂｷﾂｷﾂｷﾂｷﾂｷﾂｷﾂｷﾂｷﾂｷﾂｷﾂｷﾂｷﾂｷﾂｷﾂｷtype="date"` with `ﾂｷﾂｷﾂｷﾂｷﾂｷﾂｷﾂｷﾂｷﾂｷﾂｷﾂｷﾂｷtype='date'`  prettier/prettier
137:1  Error: Delete `ﾂｷﾂｷﾂｷﾂｷ`  prettier/prettier
138:13  Error: Delete `ﾂｷﾂｷﾂｷﾂｷ`  prettier/prettier
139:13  Error: Replace `ﾂｷﾂｷﾂｷﾂｷonChange={(e)` with `onChange={e`  prettier/prettier
140:13  Error: Replace `ﾂｷﾂｷﾂｷﾂｷclassName="blockﾂｷw-fullﾂｷshadow-smﾂｷfocus:ring-sky-500ﾂｷfocus:border-sky-500ﾂｷsm:text-smﾂｷborder-gray-300ﾂｷrounded-mdﾂｷborderﾂｷp-2"` with `className='blockﾂｷw-fullﾂｷshadow-smﾂｷfocus:ring-sky-500ﾂｷfocus:border-sky-500ﾂｷsm:text-smﾂｷborder-gray-300ﾂｷrounded-mdﾂｷborderﾂｷp-2'`  prettier/prettier
141:1  Error: Replace `ﾂｷﾂｷﾂｷﾂｷﾂｷﾂｷﾂｷﾂｷﾂｷﾂｷﾂｷﾂｷﾂｷ` with `ﾂｷﾂｷﾂｷﾂｷﾂｷﾂｷﾂｷﾂｷﾂｷﾂｷ`  prettier/prettier
146:11  Error: A form label must be associated with a control.  jsx-a11y/label-has-associated-control
146:28  Error: Replace `"blockﾂｷtext-smﾂｷfont-mediumﾂｷtext-gray-700">諡・ｽ薙・險ｭ蛯兪 with `'blockﾂｷtext-smﾂｷfont-mediumﾂｷtext-gray-700'>竢篠ｷﾂｷﾂｷﾂｷﾂｷﾂｷﾂｷﾂｷﾂｷﾂｷﾂｷﾂｷ諡・ｽ薙・險ｭ蛯吮庶ﾂｷﾂｷﾂｷﾂｷﾂｷﾂｷﾂｷﾂｷﾂｷﾂｷ`  prettier/prettier
149:23  Error: Replace `(e)` with `e`  prettier/prettier
150:23  Error: Replace `"mt-1ﾂｷblockﾂｷw-fullﾂｷpl-3ﾂｷpr-10ﾂｷpy-2ﾂｷtext-baseﾂｷborder-gray-300ﾂｷfocus:outline-noneﾂｷfocus:ring-sky-500ﾂｷfocus:border-sky-500ﾂｷsm:text-smﾂｷrounded-mdﾂｷborder"` with `'mt-1ﾂｷblockﾂｷw-fullﾂｷpl-3ﾂｷpr-10ﾂｷpy-2ﾂｷtext-baseﾂｷborder-gray-300ﾂｷfocus:outline-noneﾂｷfocus:ring-sky-500ﾂｷfocus:border-sky-500ﾂｷsm:text-smﾂｷrounded-mdﾂｷborder'`  prettier/prettier
153:47  Error: Replace `{r.name}ﾂｷ{r.capacityﾂｷ?ﾂｷ`(${r.capacity})`ﾂｷ:ﾂｷ''}` with `竢篠ｷﾂｷﾂｷﾂｷﾂｷﾂｷﾂｷﾂｷﾂｷﾂｷﾂｷﾂｷﾂｷﾂｷﾂｷﾂｷ{r.name}ﾂｷ{r.capacityﾂｷ?ﾂｷ`(${r.capacity})`ﾂｷ:ﾂｷ''}竢篠ｷﾂｷﾂｷﾂｷﾂｷﾂｷﾂｷﾂｷﾂｷﾂｷﾂｷﾂｷﾂｷﾂｷ`  prettier/prettier
159:24  Error: Replace `"gridﾂｷgrid-cols-1ﾂｷmd:grid-cols-2ﾂｷgap-4"` with `'gridﾂｷgrid-cols-1ﾂｷmd:grid-cols-2ﾂｷgap-4'`  prettier/prettier
160:1  Error: Delete `ﾂｷﾂｷ`  prettier/prettier
161:1  Error: Replace `ﾂｷﾂｷﾂｷﾂｷﾂｷﾂｷﾂｷﾂｷﾂｷﾂｷﾂｷﾂｷﾂｷﾂｷﾂｷﾂｷ<labelﾂｷclassName="blockﾂｷtext-smﾂｷfont-mediumﾂｷtext-gray-700">繝｡繝九Η繝ｼ` with `ﾂｷﾂｷﾂｷﾂｷﾂｷﾂｷﾂｷﾂｷﾂｷﾂｷﾂｷﾂｷ<labelﾂｷclassName='blockﾂｷtext-smﾂｷfont-mediumﾂｷtext-gray-700'>竢篠ｷﾂｷﾂｷﾂｷﾂｷﾂｷﾂｷﾂｷﾂｷﾂｷﾂｷﾂｷﾂｷﾂｷ繝｡繝九Η繝ｼ竢篠ｷﾂｷﾂｷﾂｷﾂｷﾂｷﾂｷﾂｷﾂｷﾂｷﾂｷﾂｷ`  prettier/prettier
161:17  Error: A form label must be associated with a control.  jsx-a11y/label-has-associated-control
162:1  Error: Replace `ﾂｷﾂｷﾂｷﾂｷﾂｷﾂｷﾂｷﾂｷﾂｷﾂｷﾂｷﾂｷﾂｷﾂｷﾂｷﾂｷ` with `ﾂｷﾂｷﾂｷﾂｷﾂｷﾂｷﾂｷﾂｷﾂｷﾂｷﾂｷﾂｷ`  prettier/prettier
163:1  Error: Delete `ﾂｷﾂｷﾂｷﾂｷﾂｷﾂｷ`  prettier/prettier
164:1  Error: Replace `ﾂｷﾂｷﾂｷﾂｷﾂｷﾂｷﾂｷﾂｷﾂｷﾂｷﾂｷﾂｷﾂｷﾂｷﾂｷﾂｷﾂｷﾂｷﾂｷﾂｷonChange={(e)` with `ﾂｷﾂｷﾂｷﾂｷﾂｷﾂｷﾂｷﾂｷﾂｷﾂｷﾂｷﾂｷﾂｷﾂｷonChange={e`  prettier/prettier
165:1  Error: Replace `ﾂｷﾂｷﾂｷﾂｷﾂｷﾂｷﾂｷﾂｷﾂｷﾂｷﾂｷﾂｷﾂｷﾂｷﾂｷﾂｷﾂｷﾂｷﾂｷﾂｷclassName="mt-1ﾂｷblockﾂｷw-fullﾂｷpl-3ﾂｷpr-10ﾂｷpy-2ﾂｷtext-baseﾂｷborder-gray-300ﾂｷfocus:outline-noneﾂｷfocus:ring-sky-500ﾂｷfocus:border-sky-500ﾂｷsm:text-smﾂｷrounded-mdﾂｷborder"` with `ﾂｷﾂｷﾂｷﾂｷﾂｷﾂｷﾂｷﾂｷﾂｷﾂｷﾂｷﾂｷﾂｷﾂｷclassName='mt-1ﾂｷblockﾂｷw-fullﾂｷpl-3ﾂｷpr-10ﾂｷpy-2ﾂｷtext-baseﾂｷborder-gray-300ﾂｷfocus:outline-noneﾂｷfocus:ring-sky-500ﾂｷfocus:border-sky-500ﾂｷsm:text-smﾂｷrounded-mdﾂｷborder'`  prettier/prettier
166:1  Error: Delete `ﾂｷﾂｷﾂｷﾂｷ`  prettier/prettier
167:1  Error: Delete `ﾂｷﾂｷﾂｷﾂｷﾂｷﾂｷ`  prettier/prettier
168:1  Error: Replace `ﾂｷﾂｷﾂｷﾂｷﾂｷﾂｷﾂｷﾂｷﾂｷﾂｷﾂｷﾂｷﾂｷﾂｷﾂｷﾂｷﾂｷﾂｷﾂｷﾂｷﾂｷﾂｷﾂｷﾂｷ<optionﾂｷkey={m.id}ﾂｷvalue={m.id}>{m.name}ﾂｷ({m.duration}蛻・` with `ﾂｷﾂｷﾂｷﾂｷﾂｷﾂｷﾂｷﾂｷﾂｷﾂｷﾂｷﾂｷﾂｷﾂｷﾂｷﾂｷ<optionﾂｷkey={m.id}ﾂｷvalue={m.id}>竢篠ｷﾂｷﾂｷﾂｷﾂｷﾂｷﾂｷﾂｷﾂｷﾂｷﾂｷﾂｷﾂｷﾂｷﾂｷﾂｷﾂｷﾂｷ{m.name}ﾂｷ({m.duration}蛻・竢篠ｷﾂｷﾂｷﾂｷﾂｷﾂｷﾂｷﾂｷﾂｷﾂｷﾂｷﾂｷﾂｷﾂｷﾂｷﾂｷ`  prettier/prettier
169:15  Error: Delete `ﾂｷﾂｷﾂｷﾂｷﾂｷﾂｷ`  prettier/prettier
170:1  Error: Replace `ﾂｷﾂｷﾂｷﾂｷﾂｷﾂｷﾂｷﾂｷﾂｷﾂｷﾂｷﾂｷﾂｷﾂｷﾂｷﾂｷ` with `ﾂｷﾂｷﾂｷﾂｷﾂｷﾂｷﾂｷﾂｷﾂｷﾂｷﾂｷﾂｷ`  prettier/prettier
171:11  Error: Delete `ﾂｷﾂｷ`  prettier/prettier
172:1  Error: Delete `ﾂｷﾂｷ`  prettier/prettier
173:13  Error: Replace `ﾂｷﾂｷﾂｷﾂｷ<labelﾂｷclassName="blockﾂｷtext-smﾂｷfont-mediumﾂｷtext-gray-700">繧ｪ繝励す繝ｧ繝ｳ` with `<labelﾂｷclassName='blockﾂｷtext-smﾂｷfont-mediumﾂｷtext-gray-700'>竢篠ｷﾂｷﾂｷﾂｷﾂｷﾂｷﾂｷﾂｷﾂｷﾂｷﾂｷﾂｷﾂｷﾂｷ繧ｪ繝励す繝ｧ繝ｳ竢篠ｷﾂｷﾂｷﾂｷﾂｷﾂｷﾂｷﾂｷﾂｷﾂｷﾂｷﾂｷ`  prettier/prettier
173:17  Error: A form label must be associated with a control.  jsx-a11y/label-has-associated-control
174:13  Error: Delete `ﾂｷﾂｷﾂｷﾂｷ`  prettier/prettier
175:1  Error: Replace `ﾂｷﾂｷﾂｷﾂｷﾂｷﾂｷﾂｷﾂｷﾂｷﾂｷﾂｷﾂｷﾂｷﾂｷﾂｷﾂｷﾂｷﾂｷﾂｷﾂｷ` with `ﾂｷﾂｷﾂｷﾂｷﾂｷﾂｷﾂｷﾂｷﾂｷﾂｷﾂｷﾂｷﾂｷﾂｷ`  prettier/prettier
176:15  Error: Replace `ﾂｷﾂｷﾂｷﾂｷﾂｷﾂｷonChange={(e)` with `onChange={e`  prettier/prettier
177:15  Error: Replace `ﾂｷﾂｷﾂｷﾂｷﾂｷﾂｷclassName="mt-1ﾂｷblockﾂｷw-fullﾂｷpl-3ﾂｷpr-10ﾂｷpy-2ﾂｷtext-baseﾂｷborder-gray-300ﾂｷfocus:outline-noneﾂｷfocus:ring-sky-500ﾂｷfocus:border-sky-500ﾂｷsm:text-smﾂｷrounded-mdﾂｷborder"` with `className='mt-1ﾂｷblockﾂｷw-fullﾂｷpl-3ﾂｷpr-10ﾂｷpy-2ﾂｷtext-baseﾂｷborder-gray-300ﾂｷfocus:outline-noneﾂｷfocus:ring-sky-500ﾂｷfocus:border-sky-500ﾂｷsm:text-smﾂｷrounded-mdﾂｷborder'`  prettier/prettier
178:1  Error: Replace `ﾂｷﾂｷﾂｷﾂｷﾂｷﾂｷﾂｷﾂｷﾂｷﾂｷﾂｷﾂｷﾂｷﾂｷﾂｷﾂｷ` with `ﾂｷﾂｷﾂｷﾂｷﾂｷﾂｷﾂｷﾂｷﾂｷﾂｷﾂｷﾂｷ`  prettier/prettier
179:1  Error: Delete `ﾂｷﾂｷﾂｷﾂｷﾂｷﾂｷ`  prettier/prettier
180:1  Error: Replace `ﾂｷﾂｷﾂｷﾂｷﾂｷﾂｷﾂｷﾂｷﾂｷﾂｷﾂｷﾂｷﾂｷﾂｷﾂｷﾂｷﾂｷﾂｷﾂｷﾂｷﾂｷﾂｷﾂｷﾂｷ<optionﾂｷkey={o.id}ﾂｷvalue={o.id}>{o.name}` with `ﾂｷﾂｷﾂｷﾂｷﾂｷﾂｷﾂｷﾂｷﾂｷﾂｷﾂｷﾂｷﾂｷﾂｷﾂｷﾂｷ<optionﾂｷkey={o.id}ﾂｷvalue={o.id}>竢篠ｷﾂｷﾂｷﾂｷﾂｷﾂｷﾂｷﾂｷﾂｷﾂｷﾂｷﾂｷﾂｷﾂｷﾂｷﾂｷﾂｷﾂｷ{o.name}竢篠ｷﾂｷﾂｷﾂｷﾂｷﾂｷﾂｷﾂｷﾂｷﾂｷﾂｷﾂｷﾂｷﾂｷﾂｷﾂｷ`  prettier/prettier
181:1  Error: Delete `ﾂｷﾂｷﾂｷﾂｷﾂｷﾂｷ`  prettier/prettier
182:13  Error: Delete `ﾂｷﾂｷﾂｷﾂｷ`  prettier/prettier
183:1  Error: Delete `ﾂｷﾂｷ`  prettier/prettier
187:24  Error: Replace `"gridﾂｷgrid-cols-1ﾂｷsm:grid-cols-2ﾂｷgap-4"` with `'gridﾂｷgrid-cols-1ﾂｷsm:grid-cols-2ﾂｷgap-4'`  prettier/prettier
189:13  Error: A form label must be associated with a control.  jsx-a11y/label-has-associated-control
189:30  Error: Replace `"blockﾂｷtext-smﾂｷfont-mediumﾂｷtext-gray-700">髢句ｧ区凾髢伝 with `'blockﾂｷtext-smﾂｷfont-mediumﾂｷtext-gray-700'>竢篠ｷﾂｷﾂｷﾂｷﾂｷﾂｷﾂｷﾂｷﾂｷﾂｷﾂｷﾂｷﾂｷﾂｷ髢句ｧ区凾髢凪庶ﾂｷﾂｷﾂｷﾂｷﾂｷﾂｷﾂｷﾂｷﾂｷﾂｷﾂｷﾂｷ`  prettier/prettier
190:28  Error: Replace `"flexﾂｷgap-2ﾂｷitems-centerﾂｷmt-1"` with `'flexﾂｷgap-2ﾂｷitems-centerﾂｷmt-1'`  prettier/prettier
192:22  Error: Replace `"number"` with `'number'`  prettier/prettier
193:21  Error: Replace `"9"` with `'9'`  prettier/prettier
194:21  Error: Replace `"23"` with `'23'`  prettier/prettier
196:27  Error: Replace `(e)ﾂｷ=>ﾂｷhandleInputChange('startHour',ﾂｷparseInt(e.target.value))` with `eﾂｷ=>竢篠ｷﾂｷﾂｷﾂｷﾂｷﾂｷﾂｷﾂｷﾂｷﾂｷﾂｷﾂｷﾂｷﾂｷﾂｷﾂｷﾂｷﾂｷhandleInputChange('startHour',ﾂｷparseInt(e.target.value))竢篠ｷﾂｷﾂｷﾂｷﾂｷﾂｷﾂｷﾂｷﾂｷﾂｷﾂｷﾂｷﾂｷﾂｷﾂｷﾂｷ`  prettier/prettier
197:27  Error: Replace `"blockﾂｷw-20ﾂｷshadow-smﾂｷfocus:ring-sky-500ﾂｷfocus:border-sky-500ﾂｷsm:text-smﾂｷborder-gray-300ﾂｷrounded-mdﾂｷborderﾂｷp-2"` with `'blockﾂｷw-20ﾂｷshadow-smﾂｷfocus:ring-sky-500ﾂｷfocus:border-sky-500ﾂｷsm:text-smﾂｷborder-gray-300ﾂｷrounded-mdﾂｷborderﾂｷp-2'`  prettier/prettier
201:22  Error: Replace `"number"` with `'number'`  prettier/prettier
202:21  Error: Replace `"0"` with `'0'`  prettier/prettier
203:21  Error: Replace `"59"` with `'59'`  prettier/prettier
204:22  Error: Replace `"5"` with `'5'`  prettier/prettier
206:27  Error: Replace `(e)ﾂｷ=>ﾂｷhandleInputChange('startMinute',ﾂｷparseInt(e.target.value))` with `eﾂｷ=>竢篠ｷﾂｷﾂｷﾂｷﾂｷﾂｷﾂｷﾂｷﾂｷﾂｷﾂｷﾂｷﾂｷﾂｷﾂｷﾂｷﾂｷﾂｷhandleInputChange('startMinute',ﾂｷparseInt(e.target.value))竢篠ｷﾂｷﾂｷﾂｷﾂｷﾂｷﾂｷﾂｷﾂｷﾂｷﾂｷﾂｷﾂｷﾂｷﾂｷﾂｷ`  prettier/prettier
207:27  Error: Replace `"blockﾂｷw-20ﾂｷshadow-smﾂｷfocus:ring-sky-500ﾂｷfocus:border-sky-500ﾂｷsm:text-smﾂｷborder-gray-300ﾂｷrounded-mdﾂｷborderﾂｷp-2"` with `'blockﾂｷw-20ﾂｷshadow-smﾂｷfocus:ring-sky-500ﾂｷfocus:border-sky-500ﾂｷsm:text-smﾂｷborder-gray-300ﾂｷrounded-mdﾂｷborderﾂｷp-2'`  prettier/prettier
212:13  Error: A form label must be associated with a control.  jsx-a11y/label-has-associated-control
212:30  Error: Replace `"blockﾂｷtext-smﾂｷfont-mediumﾂｷtext-gray-700"` with `'blockﾂｷtext-smﾂｷfont-mediumﾂｷtext-gray-700'`  prettier/prettier
213:15  Error: Replace `ﾂｷﾂｷ邨ゆｺ・凾髢督ｷ` with `邨ゆｺ・凾髢伝  prettier/prettier
214:1  Error: Replace `ﾂｷﾂｷﾂｷﾂｷﾂｷﾂｷﾂｷﾂｷﾂｷﾂｷﾂｷﾂｷﾂｷﾂｷﾂｷﾂｷ<spanﾂｷclassName="text-xsﾂｷfont-normalﾂｷtext-gray-500ﾂｷml-2">(閾ｪ蜍戊ｨ育ｮ・` with `ﾂｷﾂｷﾂｷﾂｷﾂｷﾂｷﾂｷﾂｷﾂｷﾂｷﾂｷﾂｷﾂｷﾂｷ<spanﾂｷclassName='text-xsﾂｷfont-normalﾂｷtext-gray-500ﾂｷml-2'>竢篠ｷﾂｷﾂｷﾂｷﾂｷﾂｷﾂｷﾂｷﾂｷﾂｷﾂｷﾂｷﾂｷﾂｷﾂｷﾂｷ(閾ｪ蜍戊ｨ育ｮ・竢篠ｷﾂｷﾂｷﾂｷﾂｷﾂｷﾂｷﾂｷﾂｷﾂｷﾂｷﾂｷﾂｷﾂｷ`  prettier/prettier
216:28  Error: Replace `"flexﾂｷgap-2ﾂｷitems-centerﾂｷmt-1"` with `'flexﾂｷgap-2ﾂｷitems-centerﾂｷmt-1'`  prettier/prettier
218:22  Error: Replace `"number"` with `'number'`  prettier/prettier
221:27  Error: Replace `"blockﾂｷw-20ﾂｷbg-gray-100ﾂｷshadow-smﾂｷsm:text-smﾂｷborder-gray-300ﾂｷrounded-mdﾂｷborderﾂｷp-2ﾂｷtext-gray-600"` with `'blockﾂｷw-20ﾂｷbg-gray-100ﾂｷshadow-smﾂｷsm:text-smﾂｷborder-gray-300ﾂｷrounded-mdﾂｷborderﾂｷp-2ﾂｷtext-gray-600'`  prettier/prettier
225:22  Error: Replace `"number"` with `'number'`  prettier/prettier
228:27  Error: Replace `"blockﾂｷw-20ﾂｷbg-gray-100ﾂｷshadow-smﾂｷsm:text-smﾂｷborder-gray-300ﾂｷrounded-mdﾂｷborderﾂｷp-2ﾂｷtext-gray-600"` with `'blockﾂｷw-20ﾂｷbg-gray-100ﾂｷshadow-smﾂｷsm:text-smﾂｷborder-gray-300ﾂｷrounded-mdﾂｷborderﾂｷp-2ﾂｷtext-gray-600'`  prettier/prettier
236:11  Error: A form label must be associated with a control.  jsx-a11y/label-has-associated-control
236:28  Error: Replace `"blockﾂｷtext-smﾂｷfont-mediumﾂｷtext-gray-700">繧ｫ繝ｩ繝ｼ繝ｩ繝吶Ν` with `'blockﾂｷtext-smﾂｷfont-mediumﾂｷtext-gray-700'>竢篠ｷﾂｷﾂｷﾂｷﾂｷﾂｷﾂｷﾂｷﾂｷﾂｷﾂｷﾂｷ繧ｫ繝ｩ繝ｼ繝ｩ繝吶Ν竢篠ｷﾂｷﾂｷﾂｷﾂｷﾂｷﾂｷﾂｷﾂｷﾂｷ`  prettier/prettier
237:26  Error: Replace `"mt-2ﾂｷflexﾂｷgap-3ﾂｷflex-wrap"` with `'mt-2ﾂｷflexﾂｷgap-3ﾂｷflex-wrap'`  prettier/prettier
238:73  Error: Insert `竢篠ｷﾂｷﾂｷﾂｷﾂｷﾂｷﾂｷﾂｷﾂｷﾂｷﾂｷﾂｷﾂｷﾂｷ`  prettier/prettier
239:1  Error: Insert `ﾂｷﾂｷ`  prettier/prettier
240:17  Error: Insert `ﾂｷﾂｷ`  prettier/prettier
241:17  Error: Replace `type="button"` with `ﾂｷﾂｷtype='button'`  prettier/prettier
242:1  Error: Insert `ﾂｷﾂｷ`  prettier/prettier
243:17  Error: Insert `ﾂｷﾂｷ`  prettier/prettier
244:17  Error: Replace `style={{ﾂｷbackgroundColor:ﾂｷcolorﾂｷ===ﾂｷ'red'ﾂｷ?ﾂｷ'#fb7185'ﾂｷ:ﾂｷcolorﾂｷ===ﾂｷ'pink'ﾂｷ?ﾂｷ'#f9a8d4'ﾂｷ:ﾂｷcolorﾂｷ===ﾂｷ'blue'ﾂｷ?ﾂｷ'#38bdf8'ﾂｷ:ﾂｷcolorﾂｷ===ﾂｷ'orange'ﾂｷ?ﾂｷ'#fb923c'ﾂｷ:ﾂｷ'#4f46e5'` with `ﾂｷﾂｷstyle={{竢篠ｷﾂｷﾂｷﾂｷﾂｷﾂｷﾂｷﾂｷﾂｷﾂｷﾂｷﾂｷﾂｷﾂｷﾂｷﾂｷﾂｷﾂｷﾂｷﾂｷbackgroundColor:竢篠ｷﾂｷﾂｷﾂｷﾂｷﾂｷﾂｷﾂｷﾂｷﾂｷﾂｷﾂｷﾂｷﾂｷﾂｷﾂｷﾂｷﾂｷﾂｷﾂｷﾂｷﾂｷcolorﾂｷ===ﾂｷ'red'竢篠ｷﾂｷﾂｷﾂｷﾂｷﾂｷﾂｷﾂｷﾂｷﾂｷﾂｷﾂｷﾂｷﾂｷﾂｷﾂｷﾂｷﾂｷﾂｷﾂｷﾂｷﾂｷﾂｷﾂｷ?ﾂｷ'#fb7185'竢篠ｷﾂｷﾂｷﾂｷﾂｷﾂｷﾂｷﾂｷﾂｷﾂｷﾂｷﾂｷﾂｷﾂｷﾂｷﾂｷﾂｷﾂｷﾂｷﾂｷﾂｷﾂｷﾂｷﾂｷ:ﾂｷcolorﾂｷ===ﾂｷ'pink'竢篠ｷﾂｷﾂｷﾂｷﾂｷﾂｷﾂｷﾂｷﾂｷﾂｷﾂｷﾂｷﾂｷﾂｷﾂｷﾂｷﾂｷﾂｷﾂｷﾂｷﾂｷﾂｷﾂｷﾂｷﾂｷﾂｷ?ﾂｷ'#f9a8d4'竢篠ｷﾂｷﾂｷﾂｷﾂｷﾂｷﾂｷﾂｷﾂｷﾂｷﾂｷﾂｷﾂｷﾂｷﾂｷﾂｷﾂｷﾂｷﾂｷﾂｷﾂｷﾂｷﾂｷﾂｷﾂｷﾂｷ:ﾂｷcolorﾂｷ===ﾂｷ'blue'竢篠ｷﾂｷﾂｷﾂｷﾂｷﾂｷﾂｷﾂｷﾂｷﾂｷﾂｷﾂｷﾂｷﾂｷﾂｷﾂｷﾂｷﾂｷﾂｷﾂｷﾂｷﾂｷﾂｷﾂｷﾂｷﾂｷﾂｷﾂｷ?ﾂｷ'#38bdf8'竢篠ｷﾂｷﾂｷﾂｷﾂｷﾂｷﾂｷﾂｷﾂｷﾂｷﾂｷﾂｷﾂｷﾂｷﾂｷﾂｷﾂｷﾂｷﾂｷﾂｷﾂｷﾂｷﾂｷﾂｷﾂｷﾂｷﾂｷﾂｷ:ﾂｷcolorﾂｷ===ﾂｷ'orange'竢篠ｷﾂｷﾂｷﾂｷﾂｷﾂｷﾂｷﾂｷﾂｷﾂｷﾂｷﾂｷﾂｷﾂｷﾂｷﾂｷﾂｷﾂｷﾂｷﾂｷﾂｷﾂｷﾂｷﾂｷﾂｷﾂｷﾂｷﾂｷﾂｷﾂｷ?ﾂｷ'#fb923c'竢篠ｷﾂｷﾂｷﾂｷﾂｷﾂｷﾂｷﾂｷﾂｷﾂｷﾂｷﾂｷﾂｷﾂｷﾂｷﾂｷﾂｷﾂｷﾂｷﾂｷﾂｷﾂｷﾂｷﾂｷﾂｷﾂｷﾂｷﾂｷﾂｷﾂｷ:ﾂｷ'#4f46e5',竢篠ｷﾂｷﾂｷﾂｷﾂｷﾂｷﾂｷﾂｷﾂｷﾂｷﾂｷﾂｷﾂｷﾂｷﾂｷﾂｷﾂｷ`  prettier/prettier
245:1  Error: Insert `ﾂｷﾂｷ`  prettier/prettier
246:13  Error: Replace `)` with `ﾂｷﾂｷ)竢篠ｷﾂｷﾂｷﾂｷﾂｷﾂｷﾂｷﾂｷﾂｷﾂｷﾂｷﾂｷ`  prettier/prettier
251:24  Error: Replace `"flexﾂｷjustify-endﾂｷgap-3ﾂｷpt-4ﾂｷborder-tﾂｷborder-gray-200"` with `'flexﾂｷjustify-endﾂｷgap-3ﾂｷpt-4ﾂｷborder-tﾂｷborder-gray-200'`  prettier/prettier
253:18  Error: Replace `"button"` with `'button'`  prettier/prettier
255:23  Error: Replace `"bg-whiteﾂｷpy-2ﾂｷpx-4ﾂｷborderﾂｷborder-gray-300ﾂｷrounded-mdﾂｷshadow-smﾂｷtext-smﾂｷfont-mediumﾂｷtext-gray-700ﾂｷhover:bg-gray-50ﾂｷfocus:outline-noneﾂｷfocus:ring-2ﾂｷfocus:ring-offset-2ﾂｷfocus:ring-sky-500"` with `'bg-whiteﾂｷpy-2ﾂｷpx-4ﾂｷborderﾂｷborder-gray-300ﾂｷrounded-mdﾂｷshadow-smﾂｷtext-smﾂｷfont-mediumﾂｷtext-gray-700ﾂｷhover:bg-gray-50ﾂｷfocus:outline-noneﾂｷfocus:ring-2ﾂｷfocus:ring-offset-2ﾂｷfocus:ring-sky-500'`  prettier/prettier
260:18  Error: Replace `"submit"` with `'submit'`  prettier/prettier
262:23  Error: Replace `"inline-flexﾂｷjustify-centerﾂｷpy-2ﾂｷpx-4ﾂｷborderﾂｷborder-transparentﾂｷshadow-smﾂｷtext-smﾂｷfont-mediumﾂｷrounded-mdﾂｷtext-whiteﾂｷbg-sky-600ﾂｷhover:bg-sky-700ﾂｷfocus:outline-noneﾂｷfocus:ring-2ﾂｷfocus:ring-offset-2ﾂｷfocus:ring-sky-500ﾂｷdisabled:opacity-50"` with `'inline-flexﾂｷjustify-centerﾂｷpy-2ﾂｷpx-4ﾂｷborderﾂｷborder-transparentﾂｷshadow-smﾂｷtext-smﾂｷfont-mediumﾂｷrounded-mdﾂｷtext-whiteﾂｷbg-sky-600ﾂｷhover:bg-sky-700ﾂｷfocus:outline-noneﾂｷfocus:ring-2ﾂｷfocus:ring-offset-2ﾂｷfocus:ring-sky-500ﾂｷdisabled:opacity-50'`  prettier/prettier
270:3  Error: Insert `竢餐  prettier/prettier

./src/legacy/Reservation/components/AppointmentList.tsx
14:51  Error: Replace `ﾂｷappointments,ﾂｷonSelectﾂｷ` with `竢篠ｷﾂｷappointments,竢篠ｷﾂｷonSelect,竢餐  prettier/prettier
24:32  Error: Replace `prevﾂｷ===ﾂｷ'asc'ﾂｷ?ﾂｷ'desc'ﾂｷ:ﾂｷ'asc'` with `(prevﾂｷ===ﾂｷ'asc'ﾂｷ?ﾂｷ'desc'ﾂｷ:ﾂｷ'asc')`  prettier/prettier
38:11  Error: Unexpected lexical declaration in case block.  no-case-declarations
39:11  Error: Unexpected lexical declaration in case block.  no-case-declarations
43:11  Error: Unexpected lexical declaration in case block.  no-case-declarations
44:11  Error: Unexpected lexical declaration in case block.  no-case-declarations
48:11  Error: Unexpected lexical declaration in case block.  no-case-declarations
49:11  Error: Unexpected lexical declaration in case block.  no-case-declarations
63:29  Error: Replace `ﾂｷreturnﾂｷ<ArrowUpDownﾂｷclassName="w-4ﾂｷh-4ﾂｷtext-gray-300ﾂｷopacity-0ﾂｷgroup-hover:opacity-50ﾂｷtransition-opacity"ﾂｷ/>` with `竢篠ｷﾂｷﾂｷﾂｷﾂｷﾂｷreturnﾂｷ(竢篠ｷﾂｷﾂｷﾂｷﾂｷﾂｷﾂｷﾂｷ<ArrowUpDownﾂｷclassName='w-4ﾂｷh-4ﾂｷtext-gray-300ﾂｷopacity-0ﾂｷgroup-hover:opacity-50ﾂｷtransition-opacity'ﾂｷ/>竢篠ｷﾂｷﾂｷﾂｷﾂｷﾂｷ)`  prettier/prettier
64:36  Error: Insert `?ﾂｷ(`  prettier/prettier
65:6  Error: Replace `ﾂｷ?ﾂｷ<ChevronUpﾂｷclassName="w-4ﾂｷh-4ﾂｷtext-sky-600"ﾂｷ/>ﾂｷ` with `ﾂｷ<ChevronUpﾂｷclassName='w-4ﾂｷh-4ﾂｷtext-sky-600'ﾂｷ/>`  prettier/prettier
66:5  Error: Replace `ﾂｷﾂｷ:ﾂｷ<ChevronDownﾂｷclassName="w-4ﾂｷh-4ﾂｷtext-sky-600"ﾂｷ/>` with `)ﾂｷ:ﾂｷ(竢篠ｷﾂｷﾂｷﾂｷﾂｷﾂｷ<ChevronDownﾂｷclassName='w-4ﾂｷh-4ﾂｷtext-sky-600'ﾂｷ/>竢篠ｷﾂｷﾂｷﾂｷ)`  prettier/prettier
69:25  Error: Replace `field:ﾂｷSortField,ﾂｷlabel:ﾂｷstring,ﾂｷclassName:ﾂｷstringﾂｷ=ﾂｷ""` with `竢篠ｷﾂｷﾂｷﾂｷfield:ﾂｷSortField,竢篠ｷﾂｷﾂｷﾂｷlabel:ﾂｷstring,竢篠ｷﾂｷﾂｷﾂｷclassName:ﾂｷstringﾂｷ=ﾂｷ''竢篠ｷﾂｷ`  prettier/prettier
70:8  Error: Delete `ﾂｷ`  prettier/prettier
71:13  Error: Replace `"col"ﾂｷ` with `'col'`  prettier/prettier
75:22  Error: Replace `"flexﾂｷitems-centerﾂｷgap-1"` with `'flexﾂｷitems-centerﾂｷgap-1'`  prettier/prettier
83:20  Error: Replace `"p-4ﾂｷsm:p-6ﾂｷoverflow-y-autoﾂｷh-full"` with `'p-4ﾂｷsm:p-6ﾂｷoverflow-y-autoﾂｷh-full'`  prettier/prettier
84:22  Error: Replace `"bg-whiteﾂｷshadowﾂｷrounded-lgﾂｷborderﾂｷborder-gray-200ﾂｷoverflow-hidden"` with `'bg-whiteﾂｷshadowﾂｷrounded-lgﾂｷborderﾂｷborder-gray-200ﾂｷoverflow-hidden'`  prettier/prettier
85:24  Error: Replace `"overflow-x-auto"` with `'overflow-x-auto'`  prettier/prettier
86:28  Error: Replace `"min-w-fullﾂｷdivide-yﾂｷdivide-gray-200"` with `'min-w-fullﾂｷdivide-yﾂｷdivide-gray-200'`  prettier/prettier
87:30  Error: Replace `"bg-gray-50ﾂｷborder-bﾂｷborder-gray-200"` with `'bg-gray-50ﾂｷborder-bﾂｷborder-gray-200'`  prettier/prettier
93:27  Error: Replace `"col"ﾂｷclassName="relativeﾂｷpx-6ﾂｷpy-3"` with `'col'ﾂｷclassName='relativeﾂｷpx-6ﾂｷpy-3'`  prettier/prettier
94:35  Error: Replace `"sr-only"` with `'sr-only'`  prettier/prettier
98:30  Error: Replace `"bg-whiteﾂｷdivide-yﾂｷdivide-gray-200"` with `'bg-whiteﾂｷdivide-yﾂｷdivide-gray-200'`  prettier/prettier
99:39  Error: Replace `(appt)` with `appt`  prettier/prettier
100:20  Error: Delete `ﾂｷ`  prettier/prettier
101:32  Error: Delete `ﾂｷ`  prettier/prettier
102:29  Error: Replace `"hover:bg-sky-50ﾂｷcursor-pointerﾂｷtransition-colorsﾂｷgroup"` with `'hover:bg-sky-50ﾂｷcursor-pointerﾂｷtransition-colorsﾂｷgroup'`  prettier/prettier
105:33  Error: Replace `"px-6ﾂｷpy-4ﾂｷwhitespace-nowrapﾂｷtext-smﾂｷtext-gray-900ﾂｷfont-mono"` with `'px-6ﾂｷpy-4ﾂｷwhitespace-nowrapﾂｷtext-smﾂｷtext-gray-900ﾂｷfont-mono'`  prettier/prettier
106:63  Error: Replace `{String(appt.startMinute).padStart(2,ﾂｷ'0')}ﾂｷ` with `竢篠ｷﾂｷﾂｷﾂｷﾂｷﾂｷﾂｷﾂｷﾂｷﾂｷﾂｷﾂｷﾂｷﾂｷﾂｷﾂｷﾂｷﾂｷﾂｷﾂｷ{String(appt.startMinute).padStart(2,ﾂｷ'0')}`  prettier/prettier
107:37  Error: Replace `"text-gray-400ﾂｷmx-1"` with `'text-gray-400ﾂｷmx-1'`  prettier/prettier
108:61  Error: Insert `竢篠ｷﾂｷﾂｷﾂｷﾂｷﾂｷﾂｷﾂｷﾂｷﾂｷﾂｷﾂｷﾂｷﾂｷﾂｷﾂｷﾂｷﾂｷﾂｷﾂｷ`  prettier/prettier
110:33  Error: Replace `"px-6ﾂｷpy-4ﾂｷwhitespace-nowrapﾂｷtext-smﾂｷtext-gray-600ﾂｷfont-medium"` with `'px-6ﾂｷpy-4ﾂｷwhitespace-nowrapﾂｷtext-smﾂｷtext-gray-600ﾂｷfont-medium'`  prettier/prettier
113:33  Error: Replace `"px-6ﾂｷpy-4ﾂｷwhitespace-nowrapﾂｷtext-smﾂｷfont-boldﾂｷtext-gray-800"` with `'px-6ﾂｷpy-4ﾂｷwhitespace-nowrapﾂｷtext-smﾂｷfont-boldﾂｷtext-gray-800'`  prettier/prettier
115:39  Error: Replace `<spanﾂｷclassName="ml-2ﾂｷfont-normalﾂｷtext-xsﾂｷtext-gray-400">({appt.subTitle})</span>` with `(竢篠ｷﾂｷﾂｷﾂｷﾂｷﾂｷﾂｷﾂｷﾂｷﾂｷﾂｷﾂｷﾂｷﾂｷﾂｷﾂｷﾂｷﾂｷﾂｷﾂｷﾂｷﾂｷ<spanﾂｷclassName='ml-2ﾂｷfont-normalﾂｷtext-xsﾂｷtext-gray-400'>竢篠ｷﾂｷﾂｷﾂｷﾂｷﾂｷﾂｷﾂｷﾂｷﾂｷﾂｷﾂｷﾂｷﾂｷﾂｷﾂｷﾂｷﾂｷﾂｷﾂｷﾂｷﾂｷﾂｷﾂｷ({appt.subTitle})竢篠ｷﾂｷﾂｷﾂｷﾂｷﾂｷﾂｷﾂｷﾂｷﾂｷﾂｷﾂｷﾂｷﾂｷﾂｷﾂｷﾂｷﾂｷﾂｷﾂｷﾂｷﾂｷ</span>竢篠ｷﾂｷﾂｷﾂｷﾂｷﾂｷﾂｷﾂｷﾂｷﾂｷﾂｷﾂｷﾂｷﾂｷﾂｷﾂｷﾂｷﾂｷﾂｷﾂｷ)`  prettier/prettier
117:33  Error: Replace `"px-6ﾂｷpy-4ﾂｷwhitespace-nowrapﾂｷtext-smﾂｷtext-gray-500"` with `'px-6ﾂｷpy-4ﾂｷwhitespace-nowrapﾂｷtext-smﾂｷtext-gray-500'`  prettier/prettier
118:21  Error: Replace `ﾂｷ<spanﾂｷclassName={`inline-flexﾂｷitems-centerﾂｷpx-2.5ﾂｷpy-0.5ﾂｷrounded-fullﾂｷtext-xsﾂｷfont-boldﾂｷ${COLORS[appt.color].replace('text-white',ﾂｷ'text-gray-800').replace('bg-',ﾂｷ'bg-opacity-20ﾂｷbg-')}`}` with `<span竢篠ｷﾂｷﾂｷﾂｷﾂｷﾂｷﾂｷﾂｷﾂｷﾂｷﾂｷﾂｷﾂｷﾂｷﾂｷﾂｷﾂｷﾂｷﾂｷﾂｷﾂｷﾂｷclassName={`inline-flexﾂｷitems-centerﾂｷpx-2.5ﾂｷpy-0.5ﾂｷrounded-fullﾂｷtext-xsﾂｷfont-boldﾂｷ${COLORS[appt.color].replace('text-white',ﾂｷ'text-gray-800').replace('bg-',ﾂｷ'bg-opacity-20ﾂｷbg-')}`}竢篠ｷﾂｷﾂｷﾂｷﾂｷﾂｷﾂｷﾂｷﾂｷﾂｷﾂｷﾂｷﾂｷﾂｷﾂｷﾂｷﾂｷﾂｷﾂｷﾂｷ`  prettier/prettier
119:1  Error: Replace `ﾂｷﾂｷﾂｷﾂｷﾂｷﾂｷﾂｷﾂｷﾂｷﾂｷﾂｷﾂｷﾂｷﾂｷﾂｷﾂｷﾂｷﾂｷﾂｷﾂｷﾂｷﾂｷﾂｷ{appt.typeﾂｷ===ﾂｷ'normal'ﾂｷ?ﾂｷ'莠育ｴ・ﾂｷ:ﾂｷappt.typeﾂｷ===ﾂｷ'holiday'ﾂｷ?ﾂｷ'莨代∩'` with `ﾂｷﾂｷﾂｷﾂｷﾂｷﾂｷﾂｷﾂｷﾂｷﾂｷﾂｷﾂｷﾂｷﾂｷﾂｷﾂｷﾂｷﾂｷﾂｷﾂｷﾂｷﾂｷ{appt.typeﾂｷ===ﾂｷ'normal'竢篠ｷﾂｷﾂｷﾂｷﾂｷﾂｷﾂｷﾂｷﾂｷﾂｷﾂｷﾂｷﾂｷﾂｷﾂｷﾂｷﾂｷﾂｷﾂｷﾂｷﾂｷﾂｷﾂｷﾂｷ?ﾂｷ'莠育ｴ・竢篠ｷﾂｷﾂｷﾂｷﾂｷﾂｷﾂｷﾂｷﾂｷﾂｷﾂｷﾂｷﾂｷﾂｷﾂｷﾂｷﾂｷﾂｷﾂｷﾂｷﾂｷﾂｷﾂｷﾂｷ:ﾂｷappt.typeﾂｷ===ﾂｷ'holiday'竢篠ｷﾂｷﾂｷﾂｷﾂｷﾂｷﾂｷﾂｷﾂｷﾂｷﾂｷﾂｷﾂｷﾂｷﾂｷﾂｷﾂｷﾂｷﾂｷﾂｷﾂｷﾂｷﾂｷﾂｷﾂｷﾂｷ?ﾂｷ'莨代∩'竢篠ｷﾂｷﾂｷﾂｷﾂｷﾂｷﾂｷﾂｷﾂｷﾂｷﾂｷﾂｷﾂｷﾂｷﾂｷﾂｷﾂｷﾂｷﾂｷﾂｷﾂｷﾂｷﾂｷﾂｷﾂｷ`  prettier/prettier
120:1  Error: Delete `ﾂｷ`  prettier/prettier
122:33  Error: Replace `"px-6ﾂｷpy-4ﾂｷwhitespace-nowrapﾂｷtext-rightﾂｷtext-smﾂｷfont-medium"` with `'px-6ﾂｷpy-4ﾂｷwhitespace-nowrapﾂｷtext-rightﾂｷtext-smﾂｷfont-medium'`  prettier/prettier
123:43  Error: Replace `"w-5ﾂｷh-5ﾂｷtext-gray-300ﾂｷgroup-hover:text-sky-500ﾂｷtransition-colors"` with `'w-5ﾂｷh-5ﾂｷtext-gray-300ﾂｷgroup-hover:text-sky-500ﾂｷtransition-colors'`  prettier/prettier
129:1  Error: Replace `ﾂｷﾂｷﾂｷﾂｷﾂｷﾂｷﾂｷﾂｷﾂｷﾂｷﾂｷﾂｷﾂｷﾂｷﾂｷﾂｷﾂｷﾂｷﾂｷﾂｷ<tdﾂｷcolSpan={5}ﾂｷclassName="px-6ﾂｷpy-10ﾂｷtext-centerﾂｷtext-gray-500">` with `ﾂｷﾂｷﾂｷﾂｷﾂｷﾂｷﾂｷﾂｷﾂｷﾂｷﾂｷﾂｷﾂｷﾂｷﾂｷﾂｷﾂｷﾂｷ<td竢篠ｷﾂｷﾂｷﾂｷﾂｷﾂｷﾂｷﾂｷﾂｷﾂｷﾂｷﾂｷﾂｷﾂｷﾂｷﾂｷﾂｷﾂｷﾂｷﾂｷcolSpan={5}竢篠ｷﾂｷﾂｷﾂｷﾂｷﾂｷﾂｷﾂｷﾂｷﾂｷﾂｷﾂｷﾂｷﾂｷﾂｷﾂｷﾂｷﾂｷﾂｷﾂｷclassName='px-6ﾂｷpy-10ﾂｷtext-centerﾂｷtext-gray-500'`  prettier/prettier
130:18  Error: Insert `ﾂｷ>竢篠ｷﾂｷﾂｷﾂｷﾂｷﾂｷﾂｷﾂｷﾂｷﾂｷﾂｷﾂｷﾂｷ`  prettier/prettier
131:1  Error: Delete `ﾂｷﾂｷ`  prettier/prettier
140:3  Error: Insert `竢餐  prettier/prettier

./src/legacy/Reservation/components/AppointmentSummary.tsx
12:54  Error: Replace `ﾂｷappointment,ﾂｷonEdit,ﾂｷclassNameﾂｷ=ﾂｷ''ﾂｷ` with `竢篠ｷﾂｷappointment,竢篠ｷﾂｷonEdit,竢篠ｷﾂｷclassNameﾂｷ=ﾂｷ'',竢餐  prettier/prettier
13:23  Error: Insert `竢篠ｷﾂｷﾂｷ`  prettier/prettier
14:19  Error: Insert `竢篠ｷﾂｷﾂｷ`  prettier/prettier
16:1  Error: Delete `ﾂｷﾂｷ`  prettier/prettier
17:56  Error: Replace `'border-',ﾂｷ'border-l-4ﾂｷborder-');` with `竢篠ｷﾂｷﾂｷﾂｷ'border-',竢篠ｷﾂｷﾂｷﾂｷ'border-l-4ﾂｷborder-'`  prettier/prettier
18:3  Error: Insert `);竢餐  prettier/prettier
19:19  Error: Replace `ﾂｷ(appointment.lastNameﾂｷ&&ﾂｷappointment.firstName)ﾂｷ` with `竢篠ｷﾂｷﾂｷﾂｷappointment.lastNameﾂｷ&&ﾂｷappointment.firstName`  prettier/prettier
20:1  Error: Insert `ﾂｷﾂｷ`  prettier/prettier
21:1  Error: Insert `ﾂｷﾂｷ`  prettier/prettier
31:7  Error: Delete `ﾂｷﾂｷ`  prettier/prettier
32:7  Error: Replace `ﾂｷﾂｷ<divﾂｷclassName={`p-5ﾂｷrounded-lgﾂｷbg-gray-50ﾂｷborderﾂｷborder-gray-200ﾂｷ${colorClass}ﾂｷrelativeﾂｷgroupﾂｷtransition-allﾂｷhover:shadow-sm`}>` with `<div竢篠ｷﾂｷﾂｷﾂｷﾂｷﾂｷﾂｷﾂｷclassName={`p-5ﾂｷrounded-lgﾂｷbg-gray-50ﾂｷborderﾂｷborder-gray-200ﾂｷ${colorClass}ﾂｷrelativeﾂｷgroupﾂｷtransition-allﾂｷhover:shadow-sm`}`  prettier/prettier
33:5  Error: Insert `ﾂｷﾂｷ>竢餐  prettier/prettier
34:11  Error: Replace `ﾂｷﾂｷﾂｷﾂｷﾂｷﾂｷ<buttonﾂｷ` with `<button`  prettier/prettier
35:13  Error: Delete `ﾂｷﾂｷﾂｷﾂｷﾂｷﾂｷﾂｷﾂｷ`  prettier/prettier
36:13  Error: Replace `ﾂｷﾂｷﾂｷﾂｷﾂｷﾂｷﾂｷﾂｷclassName="absoluteﾂｷtop-4ﾂｷright-4ﾂｷp-2ﾂｷbg-white/80ﾂｷhover:bg-whiteﾂｷtext-gray-500ﾂｷhover:text-sky-600ﾂｷrounded-fullﾂｷshadow-smﾂｷopacity-0ﾂｷgroup-hover:opacity-100ﾂｷtransition-all"` with `className='absoluteﾂｷtop-4ﾂｷright-4ﾂｷp-2ﾂｷbg-white/80ﾂｷhover:bg-whiteﾂｷtext-gray-500ﾂｷhover:text-sky-600ﾂｷrounded-fullﾂｷshadow-smﾂｷopacity-0ﾂｷgroup-hover:opacity-100ﾂｷtransition-all'`  prettier/prettier
37:1  Error: Replace `ﾂｷﾂｷﾂｷﾂｷﾂｷﾂｷﾂｷﾂｷﾂｷﾂｷﾂｷﾂｷﾂｷﾂｷﾂｷﾂｷﾂｷﾂｷﾂｷﾂｷtitle="邱ｨ髮・☆繧・` with `ﾂｷﾂｷﾂｷﾂｷﾂｷﾂｷﾂｷﾂｷﾂｷﾂｷﾂｷﾂｷtitle='邱ｨ髮・☆繧・`  prettier/prettier
38:1  Error: Replace `ﾂｷﾂｷﾂｷﾂｷﾂｷﾂｷﾂｷﾂｷﾂｷﾂｷﾂｷﾂｷﾂｷﾂｷﾂｷﾂｷ` with `ﾂｷﾂｷﾂｷﾂｷﾂｷﾂｷﾂｷﾂｷﾂｷﾂｷ`  prettier/prettier
39:1  Error: Replace `ﾂｷﾂｷﾂｷﾂｷﾂｷﾂｷﾂｷﾂｷﾂｷﾂｷﾂｷﾂｷﾂｷﾂｷﾂｷﾂｷﾂｷﾂｷﾂｷﾂｷ<EditﾂｷclassName="w-4ﾂｷh-4"` with `ﾂｷﾂｷﾂｷﾂｷﾂｷﾂｷﾂｷﾂｷﾂｷﾂｷﾂｷﾂｷ<EditﾂｷclassName='w-4ﾂｷh-4'`  prettier/prettier
40:1  Error: Replace `ﾂｷﾂｷﾂｷﾂｷﾂｷﾂｷﾂｷﾂｷﾂｷﾂｷﾂｷﾂｷﾂｷﾂｷﾂｷﾂｷ` with `ﾂｷﾂｷﾂｷﾂｷﾂｷﾂｷﾂｷﾂｷﾂｷﾂｷ`  prettier/prettier
41:1  Error: Delete `ﾂｷﾂｷﾂｷﾂｷ`  prettier/prettier
43:9  Error: Replace `ﾂｷﾂｷﾂｷﾂｷ<divﾂｷclassName="flexﾂｷjustify-betweenﾂｷitems-startﾂｷmb-3"` with `<divﾂｷclassName='flexﾂｷjustify-betweenﾂｷitems-startﾂｷmb-3'`  prettier/prettier
44:11  Error: Delete `ﾂｷﾂｷﾂｷﾂｷﾂｷﾂｷ`  prettier/prettier
45:1  Error: Replace `ﾂｷﾂｷﾂｷﾂｷﾂｷﾂｷﾂｷﾂｷﾂｷﾂｷﾂｷﾂｷﾂｷﾂｷﾂｷﾂｷﾂｷﾂｷﾂｷﾂｷ<spanﾂｷclassName="text-xsﾂｷfont-boldﾂｷtext-gray-500ﾂｷuppercaseﾂｷtracking-wide">莠育ｴИD:ﾂｷ{appointment.id}</span>` with `ﾂｷﾂｷﾂｷﾂｷﾂｷﾂｷﾂｷﾂｷﾂｷﾂｷﾂｷﾂｷ<spanﾂｷclassName='text-xsﾂｷfont-boldﾂｷtext-gray-500ﾂｷuppercaseﾂｷtracking-wide'>竢篠ｷﾂｷﾂｷﾂｷﾂｷﾂｷﾂｷﾂｷﾂｷﾂｷﾂｷﾂｷﾂｷﾂｷ莠育ｴИD:ﾂｷ{appointment.id}`  prettier/prettier
46:1  Error: Replace `ﾂｷﾂｷﾂｷﾂｷﾂｷﾂｷﾂｷﾂｷﾂｷﾂｷﾂｷﾂｷﾂｷﾂｷﾂｷﾂｷﾂｷﾂｷﾂｷﾂｷ<h1ﾂｷclassName="text-xlﾂｷsm:text-2xlﾂｷfont-boldﾂｷtext-gray-900ﾂｷmt-1ﾂｷleading-tightﾂｷflexﾂｷitems-centerﾂｷgap-2ﾂｷflex-wrap"` with `ﾂｷﾂｷﾂｷﾂｷﾂｷﾂｷﾂｷﾂｷﾂｷﾂｷﾂｷﾂｷ</span>竢篠ｷﾂｷﾂｷﾂｷﾂｷﾂｷﾂｷﾂｷﾂｷﾂｷﾂｷﾂｷ<h1ﾂｷclassName='text-xlﾂｷsm:text-2xlﾂｷfont-boldﾂｷtext-gray-900ﾂｷmt-1ﾂｷleading-tightﾂｷflexﾂｷitems-centerﾂｷgap-2ﾂｷflex-wrap'`  prettier/prettier
47:1  Error: Delete `ﾂｷﾂｷﾂｷﾂｷﾂｷﾂｷﾂｷﾂｷﾂｷﾂｷ`  prettier/prettier
48:1  Error: Replace `ﾂｷﾂｷﾂｷﾂｷﾂｷﾂｷﾂｷﾂｷﾂｷﾂｷﾂｷﾂｷﾂｷﾂｷﾂｷﾂｷﾂｷﾂｷﾂｷﾂｷﾂｷﾂｷﾂｷﾂｷ{appointment.lastNameﾂｷ&&ﾂｷ<spanﾂｷclassName="text-smﾂｷfont-normalﾂｷtext-gray-500ﾂｷml-1">讒・/span>}` with `ﾂｷﾂｷﾂｷﾂｷﾂｷﾂｷﾂｷﾂｷﾂｷﾂｷﾂｷﾂｷﾂｷﾂｷ{appointment.lastNameﾂｷ&&ﾂｷ(竢篠ｷﾂｷﾂｷﾂｷﾂｷﾂｷﾂｷﾂｷﾂｷﾂｷﾂｷﾂｷﾂｷﾂｷﾂｷﾂｷ<spanﾂｷclassName='text-smﾂｷfont-normalﾂｷtext-gray-500ﾂｷml-1'>竢篠ｷﾂｷﾂｷﾂｷﾂｷﾂｷﾂｷﾂｷﾂｷﾂｷﾂｷﾂｷﾂｷﾂｷﾂｷﾂｷﾂｷﾂｷ讒倪庶ﾂｷﾂｷﾂｷﾂｷﾂｷﾂｷﾂｷﾂｷﾂｷﾂｷﾂｷﾂｷﾂｷﾂｷﾂｷﾂｷ</span>`  prettier/prettier
49:15  Error: Insert `)}竢篠ｷﾂｷﾂｷﾂｷﾂｷﾂｷ`  prettier/prettier
50:11  Error: Delete `ﾂｷﾂｷﾂｷﾂｷﾂｷﾂｷ`  prettier/prettier
51:1  Error: Replace `ﾂｷﾂｷﾂｷﾂｷﾂｷﾂｷﾂｷﾂｷﾂｷﾂｷﾂｷﾂｷﾂｷﾂｷﾂｷﾂｷ` with `ﾂｷﾂｷﾂｷﾂｷﾂｷﾂｷﾂｷﾂｷﾂｷﾂｷ`  prettier/prettier
52:13  Error: Replace `ﾂｷﾂｷﾂｷﾂｷﾂｷﾂｷﾂｷﾂｷ<spanﾂｷclassName="bg-white/80ﾂｷborderﾂｷborder-gray-200ﾂｷtext-gray-700ﾂｷtext-xsﾂｷpx-2ﾂｷpy-1ﾂｷroundedﾂｷfont-mediumﾂｷwhitespace-nowrap"` with `<spanﾂｷclassName='bg-white/80ﾂｷborderﾂｷborder-gray-200ﾂｷtext-gray-700ﾂｷtext-xsﾂｷpx-2ﾂｷpy-1ﾂｷroundedﾂｷfont-mediumﾂｷwhitespace-nowrap'`  prettier/prettier
53:1  Error: Replace `ﾂｷﾂｷﾂｷﾂｷﾂｷﾂｷﾂｷﾂｷﾂｷﾂｷﾂｷﾂｷﾂｷﾂｷﾂｷﾂｷﾂｷﾂｷﾂｷﾂｷﾂｷﾂｷﾂｷﾂｷ` with `ﾂｷﾂｷﾂｷﾂｷﾂｷﾂｷﾂｷﾂｷﾂｷﾂｷﾂｷﾂｷﾂｷﾂｷ`  prettier/prettier
54:13  Error: Delete `ﾂｷﾂｷﾂｷﾂｷﾂｷﾂｷﾂｷﾂｷ`  prettier/prettier
55:1  Error: Replace `ﾂｷﾂｷﾂｷﾂｷﾂｷﾂｷﾂｷﾂｷﾂｷﾂｷﾂｷﾂｷﾂｷﾂｷﾂｷﾂｷ` with `ﾂｷﾂｷﾂｷﾂｷﾂｷﾂｷﾂｷﾂｷﾂｷﾂｷ`  prettier/prettier
56:1  Error: Delete `ﾂｷﾂｷﾂｷﾂｷ`  prettier/prettier
58:9  Error: Replace `ﾂｷﾂｷﾂｷﾂｷ<divﾂｷclassName="space-y-4ﾂｷmt-5"` with `<divﾂｷclassName='space-y-4ﾂｷmt-5'`  prettier/prettier
59:11  Error: Replace `ﾂｷﾂｷﾂｷﾂｷﾂｷﾂｷ<divﾂｷclassName="flexﾂｷitems-startﾂｷgap-3"` with `<divﾂｷclassName='flexﾂｷitems-startﾂｷgap-3'`  prettier/prettier
60:1  Error: Replace `ﾂｷﾂｷﾂｷﾂｷﾂｷﾂｷﾂｷﾂｷﾂｷﾂｷﾂｷﾂｷﾂｷﾂｷﾂｷﾂｷﾂｷﾂｷﾂｷﾂｷ<divﾂｷclassName="w-6ﾂｷmt-0.5ﾂｷtext-gray-400"><CalendarﾂｷclassName="w-5ﾂｷh-5"ﾂｷ/></div>` with `ﾂｷﾂｷﾂｷﾂｷﾂｷﾂｷﾂｷﾂｷﾂｷﾂｷﾂｷﾂｷ<divﾂｷclassName='w-6ﾂｷmt-0.5ﾂｷtext-gray-400'>竢篠ｷﾂｷﾂｷﾂｷﾂｷﾂｷﾂｷﾂｷﾂｷﾂｷﾂｷﾂｷﾂｷﾂｷ<CalendarﾂｷclassName='w-5ﾂｷh-5'ﾂｷ/>`  prettier/prettier
61:1  Error: Replace `ﾂｷﾂｷﾂｷﾂｷﾂｷﾂｷﾂｷﾂｷﾂｷﾂｷﾂｷﾂｷﾂｷﾂｷﾂｷﾂｷﾂｷﾂｷﾂｷﾂｷ<` with `ﾂｷﾂｷﾂｷﾂｷﾂｷﾂｷﾂｷﾂｷﾂｷﾂｷﾂｷﾂｷ</`  prettier/prettier
62:13  Error: Replace `ﾂｷﾂｷﾂｷﾂｷﾂｷﾂｷﾂｷﾂｷﾂｷﾂｷﾂｷﾂｷ<divﾂｷclassName="text-xsﾂｷfont-boldﾂｷtext-gray-500ﾂｷuppercase">譚･蠎玲律譎・/div>` with `<div>竢篠ｷﾂｷﾂｷﾂｷﾂｷﾂｷﾂｷﾂｷﾂｷﾂｷﾂｷﾂｷﾂｷﾂｷ<divﾂｷclassName='text-xsﾂｷfont-boldﾂｷtext-gray-500ﾂｷuppercase'>竢篠ｷﾂｷﾂｷﾂｷﾂｷﾂｷﾂｷﾂｷﾂｷﾂｷﾂｷﾂｷﾂｷﾂｷﾂｷﾂｷ譚･蠎玲律譎Ａ  prettier/prettier
63:11  Error: Replace `ﾂｷﾂｷﾂｷﾂｷﾂｷﾂｷﾂｷﾂｷﾂｷﾂｷﾂｷﾂｷﾂｷﾂｷ<divﾂｷclassName="font-monoﾂｷtext-baseﾂｷsm:text-lgﾂｷfont-mediumﾂｷtext-gray-800ﾂｷflexﾂｷitems-centerﾂｷgap-2ﾂｷflex-wrap"` with `ﾂｷﾂｷﾂｷﾂｷ</div>竢篠ｷﾂｷﾂｷﾂｷﾂｷﾂｷﾂｷﾂｷﾂｷﾂｷﾂｷﾂｷﾂｷﾂｷ<divﾂｷclassName='font-monoﾂｷtext-baseﾂｷsm:text-lgﾂｷfont-mediumﾂｷtext-gray-800ﾂｷflexﾂｷitems-centerﾂｷgap-2ﾂｷflex-wrap'`  prettier/prettier
64:1  Error: Delete `ﾂｷﾂｷﾂｷﾂｷﾂｷﾂｷﾂｷﾂｷﾂｷﾂｷﾂｷﾂｷ`  prettier/prettier
65:1  Error: Replace `ﾂｷﾂｷﾂｷﾂｷﾂｷﾂｷﾂｷﾂｷﾂｷﾂｷﾂｷﾂｷﾂｷﾂｷﾂｷﾂｷﾂｷﾂｷﾂｷﾂｷﾂｷﾂｷﾂｷﾂｷﾂｷﾂｷﾂｷﾂｷ<spanﾂｷclassName="text-gray-300ﾂｷhiddenﾂｷsm:inline"` with `ﾂｷﾂｷﾂｷﾂｷﾂｷﾂｷﾂｷﾂｷﾂｷﾂｷﾂｷﾂｷﾂｷﾂｷﾂｷﾂｷ<spanﾂｷclassName='text-gray-300ﾂｷhiddenﾂｷsm:inline'`  prettier/prettier
66:1  Error: Replace `ﾂｷﾂｷﾂｷﾂｷﾂｷﾂｷﾂｷﾂｷﾂｷﾂｷﾂｷﾂｷﾂｷﾂｷﾂｷﾂｷﾂｷﾂｷﾂｷﾂｷﾂｷﾂｷﾂｷﾂｷﾂｷﾂｷﾂｷﾂｷ<spanﾂｷclassName="blockﾂｷsm:inline"` with `ﾂｷﾂｷﾂｷﾂｷﾂｷﾂｷﾂｷﾂｷﾂｷﾂｷﾂｷﾂｷﾂｷﾂｷﾂｷﾂｷ<spanﾂｷclassName='blockﾂｷsm:inline'`  prettier/prettier
67:1  Error: Replace `ﾂｷﾂｷﾂｷﾂｷﾂｷﾂｷﾂｷﾂｷﾂｷﾂｷﾂｷﾂｷﾂｷﾂｷﾂｷﾂｷﾂｷﾂｷﾂｷﾂｷﾂｷﾂｷﾂｷﾂｷﾂｷﾂｷﾂｷﾂｷ{String(appointment.startHour).padStart(2,ﾂｷ'0')}:{String(appointment.startMinute).padStart(2,ﾂｷ'0')}ﾂｷ` with `ﾂｷﾂｷﾂｷﾂｷﾂｷﾂｷﾂｷﾂｷﾂｷﾂｷﾂｷﾂｷﾂｷﾂｷﾂｷﾂｷﾂｷﾂｷ{String(appointment.startHour).padStart(2,ﾂｷ'0')}:竢篠ｷﾂｷﾂｷﾂｷﾂｷﾂｷﾂｷﾂｷﾂｷﾂｷﾂｷﾂｷﾂｷﾂｷﾂｷﾂｷﾂｷﾂｷ{String(appointment.startMinute).padStart(2,ﾂｷ'0')}`  prettier/prettier
68:1  Error: Replace `ﾂｷﾂｷﾂｷﾂｷﾂｷﾂｷﾂｷﾂｷﾂｷﾂｷﾂｷﾂｷﾂｷﾂｷﾂｷﾂｷﾂｷﾂｷﾂｷﾂｷﾂｷﾂｷﾂｷﾂｷﾂｷﾂｷﾂｷﾂｷ<spanﾂｷclassName="text-gray-400ﾂｷmx-1"` with `ﾂｷﾂｷﾂｷﾂｷﾂｷﾂｷﾂｷﾂｷﾂｷﾂｷﾂｷﾂｷﾂｷﾂｷﾂｷﾂｷﾂｷﾂｷ<spanﾂｷclassName='text-gray-400ﾂｷmx-1'`  prettier/prettier
69:1  Error: Replace `ﾂｷﾂｷﾂｷﾂｷﾂｷﾂｷﾂｷﾂｷﾂｷﾂｷﾂｷﾂｷﾂｷﾂｷﾂｷﾂｷﾂｷﾂｷﾂｷﾂｷﾂｷﾂｷﾂｷﾂｷﾂｷﾂｷﾂｷﾂｷ{String(appointment.endHour).padStart(2,ﾂｷ'0')}:` with `ﾂｷﾂｷﾂｷﾂｷﾂｷﾂｷﾂｷﾂｷﾂｷﾂｷﾂｷﾂｷﾂｷﾂｷﾂｷﾂｷﾂｷﾂｷ{String(appointment.endHour).padStart(2,ﾂｷ'0')}:竢篠ｷﾂｷﾂｷﾂｷﾂｷﾂｷﾂｷﾂｷﾂｷﾂｷﾂｷﾂｷﾂｷﾂｷﾂｷﾂｷﾂｷﾂｷ`  prettier/prettier
70:17  Error: Delete `ﾂｷﾂｷﾂｷﾂｷﾂｷﾂｷﾂｷﾂｷﾂｷﾂｷﾂｷﾂｷ`  prettier/prettier
71:1  Error: Replace `ﾂｷﾂｷﾂｷﾂｷﾂｷﾂｷﾂｷﾂｷﾂｷﾂｷﾂｷﾂｷﾂｷﾂｷﾂｷﾂｷﾂｷﾂｷﾂｷﾂｷﾂｷﾂｷﾂｷﾂｷ` with `ﾂｷﾂｷﾂｷﾂｷﾂｷﾂｷﾂｷﾂｷﾂｷﾂｷﾂｷﾂｷﾂｷﾂｷ`  prettier/prettier
72:1  Error: Replace `ﾂｷﾂｷﾂｷﾂｷﾂｷﾂｷﾂｷﾂｷﾂｷﾂｷﾂｷﾂｷﾂｷﾂｷﾂｷﾂｷﾂｷﾂｷﾂｷﾂｷ` with `ﾂｷﾂｷﾂｷﾂｷﾂｷﾂｷﾂｷﾂｷﾂｷﾂｷﾂｷﾂｷ`  prettier/prettier
73:1  Error: Replace `ﾂｷﾂｷﾂｷﾂｷﾂｷﾂｷﾂｷﾂｷﾂｷﾂｷﾂｷﾂｷﾂｷﾂｷﾂｷﾂｷ` with `ﾂｷﾂｷﾂｷﾂｷﾂｷﾂｷﾂｷﾂｷﾂｷﾂｷ`  prettier/prettier
74:1  Error: Delete `ﾂｷﾂｷﾂｷﾂｷﾂｷﾂｷﾂｷﾂｷﾂｷﾂｷﾂｷﾂｷﾂｷﾂｷﾂｷﾂｷ`  prettier/prettier
75:1  Error: Replace `ﾂｷﾂｷﾂｷﾂｷﾂｷﾂｷﾂｷﾂｷﾂｷﾂｷﾂｷﾂｷﾂｷﾂｷﾂｷﾂｷ<divﾂｷclassName="flexﾂｷitems-startﾂｷgap-3"` with `ﾂｷﾂｷﾂｷﾂｷﾂｷﾂｷﾂｷﾂｷﾂｷﾂｷ<divﾂｷclassName='flexﾂｷitems-startﾂｷgap-3'`  prettier/prettier
76:1  Error: Replace `ﾂｷﾂｷﾂｷﾂｷﾂｷﾂｷﾂｷﾂｷﾂｷﾂｷﾂｷﾂｷﾂｷﾂｷﾂｷﾂｷﾂｷﾂｷﾂｷﾂｷ<divﾂｷclassName="w-6ﾂｷmt-0.5ﾂｷtext-gray-400"><UserﾂｷclassName="w-5ﾂｷh-5"ﾂｷ/></div>` with `ﾂｷﾂｷﾂｷﾂｷﾂｷﾂｷﾂｷﾂｷﾂｷﾂｷﾂｷﾂｷ<divﾂｷclassName='w-6ﾂｷmt-0.5ﾂｷtext-gray-400'>竢篠ｷﾂｷﾂｷﾂｷﾂｷﾂｷﾂｷﾂｷﾂｷﾂｷﾂｷﾂｷﾂｷﾂｷ<UserﾂｷclassName='w-5ﾂｷh-5'ﾂｷ/>`  prettier/prettier
77:1  Error: Replace `ﾂｷﾂｷﾂｷﾂｷﾂｷﾂｷﾂｷﾂｷﾂｷﾂｷﾂｷﾂｷﾂｷﾂｷﾂｷﾂｷﾂｷﾂｷﾂｷﾂｷ<` with `ﾂｷﾂｷﾂｷﾂｷﾂｷﾂｷﾂｷﾂｷﾂｷﾂｷﾂｷﾂｷ</`  prettier/prettier
78:11  Error: Replace `ﾂｷﾂｷﾂｷﾂｷﾂｷﾂｷﾂｷﾂｷﾂｷﾂｷﾂｷﾂｷﾂｷﾂｷ<divﾂｷclassName="text-xsﾂｷfont-boldﾂｷtext-gray-500ﾂｷuppercase">諡・ｽ薙せ繧ｿ繝・ヵ</div>` with `ﾂｷﾂｷ<div>竢篠ｷﾂｷﾂｷﾂｷﾂｷﾂｷﾂｷﾂｷﾂｷﾂｷﾂｷﾂｷﾂｷﾂｷ<divﾂｷclassName='text-xsﾂｷfont-boldﾂｷtext-gray-500ﾂｷuppercase'>竢篠ｷﾂｷﾂｷﾂｷﾂｷﾂｷﾂｷﾂｷﾂｷﾂｷﾂｷﾂｷﾂｷﾂｷﾂｷﾂｷ諡・ｽ薙せ繧ｿ繝・ヵ`  prettier/prettier
79:14  Error: Replace `ﾂｷﾂｷﾂｷﾂｷﾂｷﾂｷﾂｷﾂｷﾂｷﾂｷﾂｷ<divﾂｷclassName="text-gray-900ﾂｷfont-medium"` with `ﾂｷ</div>竢篠ｷﾂｷﾂｷﾂｷﾂｷﾂｷﾂｷﾂｷﾂｷﾂｷﾂｷﾂｷﾂｷﾂｷ<divﾂｷclassName='text-gray-900ﾂｷfont-medium'`  prettier/prettier
80:1  Error: Replace `ﾂｷﾂｷﾂｷﾂｷﾂｷﾂｷﾂｷﾂｷﾂｷﾂｷﾂｷﾂｷﾂｷﾂｷﾂｷﾂｷﾂｷﾂｷﾂｷﾂｷ` with `ﾂｷﾂｷﾂｷﾂｷﾂｷﾂｷﾂｷﾂｷﾂｷﾂｷﾂｷﾂｷ`  prettier/prettier
81:1  Error: Replace `ﾂｷﾂｷﾂｷﾂｷﾂｷﾂｷﾂｷﾂｷﾂｷﾂｷﾂｷﾂｷﾂｷﾂｷﾂｷﾂｷ` with `ﾂｷﾂｷﾂｷﾂｷﾂｷﾂｷﾂｷﾂｷﾂｷﾂｷ`  prettier/prettier
83:1  Error: Replace `ﾂｷﾂｷﾂｷﾂｷﾂｷﾂｷﾂｷﾂｷﾂｷﾂｷﾂｷﾂｷﾂｷﾂｷﾂｷﾂｷ<divﾂｷclassName="flexﾂｷitems-startﾂｷgap-3"` with `ﾂｷﾂｷﾂｷﾂｷﾂｷﾂｷﾂｷﾂｷﾂｷﾂｷ<divﾂｷclassName='flexﾂｷitems-startﾂｷgap-3'`  prettier/prettier
84:1  Error: Replace `ﾂｷﾂｷﾂｷﾂｷﾂｷﾂｷﾂｷﾂｷﾂｷﾂｷﾂｷﾂｷﾂｷﾂｷﾂｷﾂｷﾂｷﾂｷﾂｷﾂｷ<divﾂｷclassName="w-6ﾂｷmt-0.5ﾂｷtext-gray-400"><ScissorsﾂｷclassName="w-5ﾂｷh-5"ﾂｷ/></div` with `ﾂｷﾂｷﾂｷﾂｷﾂｷﾂｷﾂｷﾂｷﾂｷﾂｷﾂｷﾂｷ<divﾂｷclassName='w-6ﾂｷmt-0.5ﾂｷtext-gray-400'>竢篠ｷﾂｷﾂｷﾂｷﾂｷﾂｷﾂｷﾂｷﾂｷﾂｷﾂｷﾂｷﾂｷﾂｷ<ScissorsﾂｷclassName='w-5ﾂｷh-5'ﾂｷ/`  prettier/prettier
85:13  Error: Replace `ﾂｷﾂｷﾂｷﾂｷﾂｷﾂｷﾂｷﾂｷ<` with `</`  prettier/prettier
86:11  Error: Replace `ﾂｷﾂｷﾂｷﾂｷﾂｷﾂｷﾂｷﾂｷﾂｷﾂｷﾂｷﾂｷﾂｷﾂｷ<divﾂｷclassName="text-xsﾂｷfont-boldﾂｷtext-gray-500ﾂｷuppercase">繝｡繝九Η繝ｼ蜀・ｮｹ</div>` with `ﾂｷﾂｷ<div>竢篠ｷﾂｷﾂｷﾂｷﾂｷﾂｷﾂｷﾂｷﾂｷﾂｷﾂｷﾂｷﾂｷﾂｷ<divﾂｷclassName='text-xsﾂｷfont-boldﾂｷtext-gray-500ﾂｷuppercase'>竢篠ｷﾂｷﾂｷﾂｷﾂｷﾂｷﾂｷﾂｷﾂｷﾂｷﾂｷﾂｷﾂｷﾂｷﾂｷﾂｷ繝｡繝九Η繝ｼ蜀・ｮｹ`  prettier/prettier
87:15  Error: Replace `ﾂｷﾂｷﾂｷﾂｷﾂｷﾂｷﾂｷﾂｷﾂｷﾂｷ<divﾂｷclassName="text-gray-900ﾂｷfont-medium"` with `</div>竢篠ｷﾂｷﾂｷﾂｷﾂｷﾂｷﾂｷﾂｷﾂｷﾂｷﾂｷﾂｷﾂｷﾂｷ<divﾂｷclassName='text-gray-900ﾂｷfont-medium'`  prettier/prettier
88:1  Error: Replace `ﾂｷﾂｷﾂｷﾂｷﾂｷﾂｷﾂｷﾂｷﾂｷﾂｷﾂｷﾂｷﾂｷﾂｷﾂｷﾂｷﾂｷﾂｷﾂｷﾂｷﾂｷﾂｷﾂｷﾂｷ` with `ﾂｷﾂｷﾂｷﾂｷﾂｷﾂｷﾂｷﾂｷﾂｷﾂｷﾂｷﾂｷﾂｷﾂｷ`  prettier/prettier
89:17  Error: Replace `ﾂｷﾂｷﾂｷﾂｷﾂｷﾂｷﾂｷﾂｷﾂｷﾂｷﾂｷﾂｷ<divﾂｷclassName="text-smﾂｷtext-gray-600ﾂｷmt-1ﾂｷbg-whiteﾂｷinline-blockﾂｷpx-2ﾂｷpy-0.5ﾂｷroundedﾂｷborderﾂｷborder-gray-200"` with `<divﾂｷclassName='text-smﾂｷtext-gray-600ﾂｷmt-1ﾂｷbg-whiteﾂｷinline-blockﾂｷpx-2ﾂｷpy-0.5ﾂｷroundedﾂｷborderﾂｷborder-gray-200'`  prettier/prettier
90:19  Error: Delete `ﾂｷﾂｷﾂｷﾂｷﾂｷﾂｷﾂｷﾂｷﾂｷﾂｷﾂｷﾂｷﾂｷﾂｷ`  prettier/prettier
91:1  Error: Replace `ﾂｷﾂｷﾂｷﾂｷﾂｷﾂｷﾂｷﾂｷﾂｷﾂｷﾂｷﾂｷﾂｷﾂｷﾂｷﾂｷﾂｷﾂｷﾂｷﾂｷﾂｷﾂｷﾂｷﾂｷﾂｷﾂｷﾂｷﾂｷ` with `ﾂｷﾂｷﾂｷﾂｷﾂｷﾂｷﾂｷﾂｷﾂｷﾂｷﾂｷﾂｷﾂｷﾂｷﾂｷﾂｷ`  prettier/prettier
92:1  Error: Replace `ﾂｷﾂｷﾂｷﾂｷﾂｷﾂｷﾂｷﾂｷﾂｷﾂｷﾂｷﾂｷﾂｷﾂｷﾂｷﾂｷﾂｷﾂｷﾂｷﾂｷﾂｷﾂｷﾂｷﾂｷ` with `ﾂｷﾂｷﾂｷﾂｷﾂｷﾂｷﾂｷﾂｷﾂｷﾂｷﾂｷﾂｷﾂｷﾂｷ`  prettier/prettier
93:1  Error: Delete `ﾂｷﾂｷﾂｷﾂｷﾂｷﾂｷﾂｷﾂｷ`  prettier/prettier
94:11  Error: Delete `ﾂｷﾂｷﾂｷﾂｷﾂｷﾂｷ`  prettier/prettier
95:1  Error: Replace `ﾂｷﾂｷﾂｷﾂｷﾂｷﾂｷﾂｷﾂｷﾂｷﾂｷﾂｷﾂｷ` with `ﾂｷﾂｷﾂｷﾂｷﾂｷﾂｷﾂｷﾂｷ`  prettier/prettier
96:1  Error: Delete `ﾂｷﾂｷ`  prettier/prettier
98:7  Error: Delete `ﾂｷﾂｷ`  prettier/prettier
99:1  Error: Delete `ﾂｷﾂｷ`  prettier/prettier
100:9  Error: Replace `ﾂｷﾂｷﾂｷﾂｷ<divﾂｷclassName="flexﾂｷitems-centerﾂｷjustify-betweenﾂｷmb-2"` with `<divﾂｷclassName='flexﾂｷitems-centerﾂｷjustify-betweenﾂｷmb-2'`  prettier/prettier
101:11  Error: Replace `ﾂｷﾂｷﾂｷﾂｷﾂｷﾂｷ<h3ﾂｷclassName="text-smﾂｷfont-boldﾂｷtext-gray-700ﾂｷflexﾂｷitems-centerﾂｷgap-2"` with `<h3ﾂｷclassName='text-smﾂｷfont-boldﾂｷtext-gray-700ﾂｷflexﾂｷitems-centerﾂｷgap-2'`  prettier/prettier
102:1  Error: Replace `ﾂｷﾂｷﾂｷﾂｷﾂｷﾂｷﾂｷﾂｷﾂｷﾂｷﾂｷﾂｷﾂｷﾂｷﾂｷﾂｷﾂｷﾂｷﾂｷﾂｷ<MessageCircleﾂｷclassName="w-4ﾂｷh-4ﾂｷtext-gray-400"` with `ﾂｷﾂｷﾂｷﾂｷﾂｷﾂｷﾂｷﾂｷﾂｷﾂｷﾂｷﾂｷ<MessageCircleﾂｷclassName='w-4ﾂｷh-4ﾂｷtext-gray-400'`  prettier/prettier
103:1  Error: Replace `ﾂｷﾂｷﾂｷﾂｷﾂｷﾂｷﾂｷﾂｷﾂｷﾂｷﾂｷﾂｷﾂｷﾂｷﾂｷﾂｷﾂｷﾂｷﾂｷﾂｷ` with `ﾂｷﾂｷﾂｷﾂｷﾂｷﾂｷﾂｷﾂｷﾂｷﾂｷﾂｷﾂｷ`  prettier/prettier
104:1  Error: Replace `ﾂｷﾂｷﾂｷﾂｷﾂｷﾂｷﾂｷﾂｷﾂｷﾂｷﾂｷﾂｷﾂｷﾂｷﾂｷﾂｷ` with `ﾂｷﾂｷﾂｷﾂｷﾂｷﾂｷﾂｷﾂｷﾂｷﾂｷ`  prettier/prettier
105:1  Error: Delete `ﾂｷﾂｷﾂｷﾂｷ`  prettier/prettier
107:1  Error: Replace `ﾂｷﾂｷﾂｷﾂｷﾂｷﾂｷﾂｷﾂｷﾂｷﾂｷﾂｷﾂｷ<divﾂｷ` with `ﾂｷﾂｷﾂｷﾂｷﾂｷﾂｷﾂｷﾂｷ<div`  prettier/prettier
107:13  Error: Visible, non-interactive elements with click handlers must have at least one keyboard listener.  jsx-a11y/click-events-have-key-events
107:13  Error: Avoid non-native interactive elements. If using native HTML is not possible, add an appropriate role and support for tabbing, mouse, keyboard, and touch inputs to an interactive content element.  jsx-a11y/no-static-element-interactions
108:1  Error: Delete `ﾂｷﾂｷﾂｷﾂｷﾂｷﾂｷ`  prettier/prettier
109:11  Error: Delete `ﾂｷﾂｷﾂｷﾂｷﾂｷﾂｷ`  prettier/prettier
110:9  Error: Delete `ﾂｷﾂｷﾂｷﾂｷ`  prettier/prettier
111:1  Error: Replace `ﾂｷﾂｷﾂｷﾂｷﾂｷﾂｷﾂｷﾂｷﾂｷﾂｷﾂｷﾂｷﾂｷﾂｷﾂｷﾂｷ{appointment.memoﾂｷ||ﾂｷ<spanﾂｷclassName="text-gray-400ﾂｷitalic">繝｡繝｢縺ｯ縺ゅｊ縺ｾ縺帙ｓ縲・/span>}` with `ﾂｷﾂｷﾂｷﾂｷﾂｷﾂｷﾂｷﾂｷﾂｷﾂｷ{appointment.memoﾂｷ||ﾂｷ(竢篠ｷﾂｷﾂｷﾂｷﾂｷﾂｷﾂｷﾂｷﾂｷﾂｷﾂｷﾂｷ<spanﾂｷclassName='text-gray-400ﾂｷitalic'>繝｡繝｢縺ｯ縺ゅｊ縺ｾ縺帙ｓ縲・/span>`  prettier/prettier
112:7  Error: Replace `ﾂｷﾂｷﾂｷﾂｷﾂｷﾂｷﾂｷﾂｷﾂｷﾂｷ{onEditﾂｷ&&ﾂｷ<divﾂｷclassName="absoluteﾂｷbottom-2ﾂｷright-2ﾂｷtext-yellow-600/50ﾂｷtext-xsﾂｷopacity-0ﾂｷgroup-hover:opacity-100">繧ｯ繝ｪ繝・け縺励※邱ｨ髮・/div>}` with `ﾂｷﾂｷﾂｷﾂｷ)}竢篠ｷﾂｷﾂｷﾂｷﾂｷﾂｷﾂｷﾂｷﾂｷﾂｷ{onEditﾂｷ&&ﾂｷ(竢篠ｷﾂｷﾂｷﾂｷﾂｷﾂｷﾂｷﾂｷﾂｷﾂｷﾂｷﾂｷ<divﾂｷclassName='absoluteﾂｷbottom-2ﾂｷright-2ﾂｷtext-yellow-600/50ﾂｷtext-xsﾂｷopacity-0ﾂｷgroup-hover:opacity-100'>竢篠ｷﾂｷﾂｷﾂｷﾂｷﾂｷﾂｷﾂｷﾂｷﾂｷﾂｷﾂｷﾂｷﾂｷ繧ｯ繝ｪ繝・け縺励※邱ｨ髮・庶ﾂｷﾂｷﾂｷﾂｷﾂｷﾂｷﾂｷﾂｷﾂｷﾂｷﾂｷﾂｷ</div>`  prettier/prettier
113:10  Error: Insert `ﾂｷ)}竢篠ｷﾂｷﾂｷﾂｷﾂｷ`  prettier/prettier
114:1  Error: Delete `ﾂｷﾂｷ`  prettier/prettier
117:3  Error: Insert `竢餐  prettier/prettier

./src/legacy/Reservation/components/CalendarPopup.tsx
10:49  Error: Replace `ﾂｷselectedDate,ﾂｷonSelectDate,ﾂｷonCloseﾂｷ` with `竢篠ｷﾂｷselectedDate,竢篠ｷﾂｷonSelectDate,竢篠ｷﾂｷonClose,竢餐  prettier/prettier
41:1  Error: Delete `ﾂｷﾂｷﾂｷﾂｷ`  prettier/prettier
44:51  Error: Replace `"h-8ﾂｷw-8"` with `'h-8ﾂｷw-8'`  prettier/prettier
50:25  Error: Delete `ﾂｷ`  prettier/prettier
54:1  Error: Delete `ﾂｷﾂｷﾂｷﾂｷﾂｷﾂｷ`  prettier/prettier
55:22  Error: Delete `ﾂｷ`  prettier/prettier
65:15  Error: Replace `isSelectedﾂｷ竢篠ｷﾂｷﾂｷﾂｷﾂｷﾂｷﾂｷﾂｷﾂｷﾂｷﾂｷﾂｷﾂｷﾂｷ?ﾂｷ'bg-sky-600ﾂｷtext-white'ﾂｷ竢篠ｷﾂｷﾂｷﾂｷﾂｷﾂｷﾂｷﾂｷﾂｷﾂｷﾂｷﾂｷﾂｷﾂｷ:ﾂｷisTodayﾂｷ竢餐 with `竢篠ｷﾂｷﾂｷﾂｷﾂｷﾂｷﾂｷﾂｷﾂｷﾂｷﾂｷﾂｷﾂｷﾂｷisSelected竢篠ｷﾂｷﾂｷﾂｷﾂｷﾂｷﾂｷﾂｷﾂｷﾂｷﾂｷﾂｷﾂｷﾂｷﾂｷﾂｷ?ﾂｷ'bg-sky-600ﾂｷtext-white'竢篠ｷﾂｷﾂｷﾂｷﾂｷﾂｷﾂｷﾂｷﾂｷﾂｷﾂｷﾂｷﾂｷﾂｷﾂｷﾂｷ:ﾂｷisToday竢篠ｷﾂｷ`  prettier/prettier
69:1  Error: Insert `ﾂｷﾂｷ`  prettier/prettier
81:20  Error: Replace `"bg-whiteﾂｷp-4ﾂｷrounded-lgﾂｷshadow-xlﾂｷborderﾂｷborder-gray-200ﾂｷw-72ﾂｷselect-none"` with `'bg-whiteﾂｷp-4ﾂｷrounded-lgﾂｷshadow-xlﾂｷborderﾂｷborder-gray-200ﾂｷw-72ﾂｷselect-none'`  prettier/prettier
83:22  Error: Replace `"flexﾂｷitems-centerﾂｷjustify-betweenﾂｷmb-4"` with `'flexﾂｷitems-centerﾂｷjustify-betweenﾂｷmb-4'`  prettier/prettier
84:16  Error: Delete `ﾂｷ`  prettier/prettier
86:21  Error: Replace `"p-1ﾂｷhover:bg-gray-100ﾂｷroundedﾂｷtext-gray-600"` with `'p-1ﾂｷhover:bg-gray-100ﾂｷroundedﾂｷtext-gray-600'`  prettier/prettier
88:34  Error: Replace `"w-5ﾂｷh-5"` with `'w-5ﾂｷh-5'`  prettier/prettier
90:25  Error: Replace `"font-boldﾂｷtext-gray-800"` with `'font-boldﾂｷtext-gray-800'`  prettier/prettier
93:16  Error: Delete `ﾂｷ`  prettier/prettier
95:21  Error: Replace `"p-1ﾂｷhover:bg-gray-100ﾂｷroundedﾂｷtext-gray-600"` with `'p-1ﾂｷhover:bg-gray-100ﾂｷroundedﾂｷtext-gray-600'`  prettier/prettier
97:35  Error: Replace `"w-5ﾂｷh-5"` with `'w-5ﾂｷh-5'`  prettier/prettier
102:22  Error: Replace `"gridﾂｷgrid-cols-7ﾂｷmb-2"` with `'gridﾂｷgrid-cols-7ﾂｷmb-2'`  prettier/prettier
104:15  Error: Delete `ﾂｷ`  prettier/prettier
105:22  Error: Delete `ﾂｷ`  prettier/prettier
114:22  Error: Replace `"gridﾂｷgrid-cols-7ﾂｷgap-y-1ﾂｷjustify-items-center"` with `'gridﾂｷgrid-cols-7ﾂｷgap-y-1ﾂｷjustify-items-center'`  prettier/prettier
119:3  Error: Insert `竢餐  prettier/prettier

./src/legacy/Reservation/components/ControlBar.tsx
2:9  Error: Replace `ﾂｷRefreshCw,ﾂｷCalendarﾂｷasﾂｷCalendarIcon,ﾂｷLayoutList,ﾂｷCalendarDays,ﾂｷPlusCircleﾂｷ` with `竢篠ｷﾂｷRefreshCw,竢篠ｷﾂｷCalendarﾂｷasﾂｷCalendarIcon,竢篠ｷﾂｷLayoutList,竢篠ｷﾂｷCalendarDays,竢篠ｷﾂｷPlusCircle,竢餐  prettier/prettier
14:46  Error: Delete `ﾂｷ`  prettier/prettier
15:15  Error: Delete `ﾂｷ`  prettier/prettier
16:16  Error: Delete `ﾂｷ`  prettier/prettier
17:15  Error: Delete `ﾂｷ`  prettier/prettier
19:12  Error: Insert `,`  prettier/prettier
27:11  Error: Replace `calendarRef.currentﾂｷ&&ﾂｷ!calendarRef.current.contains(event.targetﾂｷasﾂｷNode)` with `竢篠ｷﾂｷﾂｷﾂｷﾂｷﾂｷﾂｷﾂｷcalendarRef.currentﾂｷ&&竢篠ｷﾂｷﾂｷﾂｷﾂｷﾂｷﾂｷﾂｷ!calendarRef.current.contains(event.targetﾂｷasﾂｷNode)竢篠ｷﾂｷﾂｷﾂｷﾂｷﾂｷ`  prettier/prettier
60:26  Error: Replace `"bg-sky-600ﾂｷtext-whiteﾂｷshadow-inner"` with `'bg-sky-600ﾂｷtext-whiteﾂｷshadow-inner'`  prettier/prettier
61:28  Error: Replace `"bg-whiteﾂｷtext-gray-600ﾂｷhover:bg-gray-50"` with `'bg-whiteﾂｷtext-gray-600ﾂｷhover:bg-gray-50'`  prettier/prettier
64:20  Error: Replace `"bg-whiteﾂｷflexﾂｷflex-colﾂｷborder-bﾂｷborder-gray-200ﾂｷrelativeﾂｷz-40"` with `'bg-whiteﾂｷflexﾂｷflex-colﾂｷborder-bﾂｷborder-gray-200ﾂｷrelativeﾂｷz-40'`  prettier/prettier
65:7  Error: Delete `竢篠ｷﾂｷﾂｷﾂｷﾂｷﾂｷ`  prettier/prettier
67:22  Error: Replace `"p-2ﾂｷsm:p-3ﾂｷflexﾂｷflex-colﾂｷsm:flex-rowﾂｷitems-centerﾂｷgap-2ﾂｷsm:gap-3ﾂｷjustify-between"` with `'p-2ﾂｷsm:p-3ﾂｷflexﾂｷflex-colﾂｷsm:flex-rowﾂｷitems-centerﾂｷgap-2ﾂｷsm:gap-3ﾂｷjustify-between'`  prettier/prettier
69:24  Error: Replace `"flexﾂｷitems-centerﾂｷw-fullﾂｷsm:w-autoﾂｷjustify-center"` with `'flexﾂｷitems-centerﾂｷw-fullﾂｷsm:w-autoﾂｷjustify-center'`  prettier/prettier
70:18  Error: Delete `ﾂｷ`  prettier/prettier
72:23  Error: Replace `"bg-gray-500ﾂｷhover:bg-gray-600ﾂｷtext-whiteﾂｷpx-3ﾂｷsm:px-4ﾂｷpy-1.5ﾂｷrounded-lﾂｷtext-smﾂｷfont-boldﾂｷtransition-colors"` with `'bg-gray-500ﾂｷhover:bg-gray-600ﾂｷtext-whiteﾂｷpx-3ﾂｷsm:px-4ﾂｷpy-1.5ﾂｷrounded-lﾂｷtext-smﾂｷfont-boldﾂｷtransition-colors'`  prettier/prettier
76:1  Error: Delete `ﾂｷﾂｷﾂｷﾂｷﾂｷﾂｷﾂｷﾂｷﾂｷﾂｷ`  prettier/prettier
78:26  Error: Replace `"relativeﾂｷflex-growﾂｷsm:flex-grow-0"` with `'relativeﾂｷflex-growﾂｷsm:flex-grow-0'`  prettier/prettier
79:20  Error: Delete `ﾂｷ`  prettier/prettier
81:25  Error: Replace `"bg-whiteﾂｷborder-yﾂｷborder-gray-300ﾂｷpx-2ﾂｷsm:px-4ﾂｷpy-1.5ﾂｷtext-smﾂｷfont-boldﾂｷflexﾂｷitems-centerﾂｷjustify-centerﾂｷgap-2ﾂｷw-fullﾂｷsm:min-w-[180px]ﾂｷtext-gray-800ﾂｷhover:bg-gray-50ﾂｷtransition-colors"` with `'bg-whiteﾂｷborder-yﾂｷborder-gray-300ﾂｷpx-2ﾂｷsm:px-4ﾂｷpy-1.5ﾂｷtext-smﾂｷfont-boldﾂｷflexﾂｷitems-centerﾂｷjustify-centerﾂｷgap-2ﾂｷw-fullﾂｷsm:min-w-[180px]ﾂｷtext-gray-800ﾂｷhover:bg-gray-50ﾂｷtransition-colors'`  prettier/prettier
83:31  Error: Replace `"truncate"` with `'truncate'`  prettier/prettier
84:39  Error: Replace `"w-4ﾂｷh-4ﾂｷtext-gray-500ﾂｷshrink-0"` with `'w-4ﾂｷh-4ﾂｷtext-gray-500ﾂｷshrink-0'`  prettier/prettier
89:30  Error: Replace `"absoluteﾂｷtop-fullﾂｷleft-1/2ﾂｷ-translate-x-1/2ﾂｷmt-2ﾂｷz-50"` with `'absoluteﾂｷtop-fullﾂｷleft-1/2ﾂｷ-translate-x-1/2ﾂｷmt-2ﾂｷz-50'`  prettier/prettier
90:31  Error: Delete `ﾂｷ`  prettier/prettier
92:33  Error: Replace `(date)` with `date`  prettier/prettier
102:18  Error: Delete `ﾂｷ`  prettier/prettier
104:23  Error: Replace `"bg-gray-500ﾂｷhover:bg-gray-600ﾂｷtext-whiteﾂｷpx-3ﾂｷsm:px-4ﾂｷpy-1.5ﾂｷtext-smﾂｷfont-boldﾂｷtransition-colorsﾂｷborder-rﾂｷborder-gray-400"` with `'bg-gray-500ﾂｷhover:bg-gray-600ﾂｷtext-whiteﾂｷpx-3ﾂｷsm:px-4ﾂｷpy-1.5ﾂｷtext-smﾂｷfont-boldﾂｷtransition-colorsﾂｷborder-rﾂｷborder-gray-400'`  prettier/prettier
108:18  Error: Delete `ﾂｷ`  prettier/prettier
110:23  Error: Replace `"bg-gray-500ﾂｷhover:bg-gray-600ﾂｷtext-whiteﾂｷpx-3ﾂｷsm:px-4ﾂｷpy-1.5ﾂｷrounded-rﾂｷtext-smﾂｷfont-boldﾂｷtransition-colors"` with `'bg-gray-500ﾂｷhover:bg-gray-600ﾂｷtext-whiteﾂｷpx-3ﾂｷsm:px-4ﾂｷpy-1.5ﾂｷrounded-rﾂｷtext-smﾂｷfont-boldﾂｷtransition-colors'`  prettier/prettier
117:24  Error: Replace `"flexﾂｷitems-centerﾂｷgap-2ﾂｷw-fullﾂｷsm:w-autoﾂｷjustify-end"` with `'flexﾂｷitems-centerﾂｷgap-2ﾂｷw-fullﾂｷsm:w-autoﾂｷjustify-end'`  prettier/prettier
118:1  Error: Replace `ﾂｷﾂｷﾂｷﾂｷﾂｷﾂｷﾂｷﾂｷﾂｷﾂｷﾂｷ<buttonﾂｷ` with `ﾂｷﾂｷﾂｷﾂｷﾂｷﾂｷﾂｷﾂｷﾂｷﾂｷ<button`  prettier/prettier
119:13  Error: Delete `ﾂｷ`  prettier/prettier
120:13  Error: Replace `ﾂｷclassName="bg-teal-400ﾂｷhover:bg-teal-500ﾂｷtext-whiteﾂｷpx-4ﾂｷpy-1.5ﾂｷroundedﾂｷtext-smﾂｷfont-boldﾂｷflexﾂｷitems-centerﾂｷgap-1ﾂｷshadow-smﾂｷtransition-colorsﾂｷw-fullﾂｷsm:w-autoﾂｷjustify-center"` with `className='bg-teal-400ﾂｷhover:bg-teal-500ﾂｷtext-whiteﾂｷpx-4ﾂｷpy-1.5ﾂｷroundedﾂｷtext-smﾂｷfont-boldﾂｷflexﾂｷitems-centerﾂｷgap-1ﾂｷshadow-smﾂｷtransition-colorsﾂｷw-fullﾂｷsm:w-autoﾂｷjustify-center'`  prettier/prettier
121:1  Error: Delete `ﾂｷ`  prettier/prettier
122:34  Error: Replace `"w-4ﾂｷh-4"` with `'w-4ﾂｷh-4'`  prettier/prettier
129:22  Error: Replace `"flexﾂｷpx-2ﾂｷsm:px-4ﾂｷgap-1ﾂｷbg-gray-100ﾂｷborder-tﾂｷborder-gray-200ﾂｷpt-2ﾂｷoverflow-x-autoﾂｷno-scrollbar"` with `'flexﾂｷpx-2ﾂｷsm:px-4ﾂｷgap-1ﾂｷbg-gray-100ﾂｷborder-tﾂｷborder-gray-200ﾂｷpt-2ﾂｷoverflow-x-autoﾂｷno-scrollbar'`  prettier/prettier
134:35  Error: Replace `"w-4ﾂｷh-4"` with `'w-4ﾂｷh-4'`  prettier/prettier
141:33  Error: Replace `"w-4ﾂｷh-4"` with `'w-4ﾂｷh-4'`  prettier/prettier
148:33  Error: Replace `"w-4ﾂｷh-4"` with `'w-4ﾂｷh-4'`  prettier/prettier
154:3  Error: Insert `竢餐  prettier/prettier

./src/legacy/Reservation/components/Header.tsx
9:42  Error: Replace `ﾂｷonOpenReservations,ﾂｷonOpenNotificationsﾂｷ` with `竢篠ｷﾂｷonOpenReservations,竢篠ｷﾂｷonOpenNotifications,竢餐  prettier/prettier
11:23  Error: Replace `"bg-whiteﾂｷborder-bﾂｷborder-gray-200ﾂｷpx-3ﾂｷpy-2ﾂｷflexﾂｷitems-centerﾂｷjustify-betweenﾂｷshadow-smﾂｷstickyﾂｷtop-0ﾂｷz-50"` with `'bg-whiteﾂｷborder-bﾂｷborder-gray-200ﾂｷpx-3ﾂｷpy-2ﾂｷflexﾂｷitems-centerﾂｷjustify-betweenﾂｷshadow-smﾂｷstickyﾂｷtop-0ﾂｷz-50'`  prettier/prettier
12:22  Error: Replace `"flexﾂｷitems-centerﾂｷgap-2ﾂｷtext-sky-600ﾂｷfont-boldﾂｷtext-lgﾂｷshrink-0"` with `'flexﾂｷitems-centerﾂｷgap-2ﾂｷtext-sky-600ﾂｷfont-boldﾂｷtext-lgﾂｷshrink-0'`  prettier/prettier
13:33  Error: Replace `"w-6ﾂｷh-6"` with `'w-6ﾂｷh-6'`  prettier/prettier
14:25  Error: Replace `"hiddenﾂｷsm:inline"` with `'hiddenﾂｷsm:inline'`  prettier/prettier
17:22  Error: Replace `"flexﾂｷitems-centerﾂｷgap-2ﾂｷsm:gap-3ﾂｷoverflow-x-autoﾂｷno-scrollbar"` with `'flexﾂｷitems-centerﾂｷgap-2ﾂｷsm:gap-3ﾂｷoverflow-x-autoﾂｷno-scrollbar'`  prettier/prettier
18:16  Error: Delete `ﾂｷ`  prettier/prettier
20:21  Error: Replace `"bg-rose-400ﾂｷhover:bg-rose-500ﾂｷtext-whiteﾂｷpx-2ﾂｷsm:px-3ﾂｷpy-1.5ﾂｷroundedﾂｷtext-xsﾂｷfont-boldﾂｷflexﾂｷitems-centerﾂｷgap-1ﾂｷsm:gap-2ﾂｷshadow-smﾂｷtransition-colorsﾂｷwhitespace-nowrap"` with `'bg-rose-400ﾂｷhover:bg-rose-500ﾂｷtext-whiteﾂｷpx-2ﾂｷsm:px-3ﾂｷpy-1.5ﾂｷroundedﾂｷtext-xsﾂｷfont-boldﾂｷflexﾂｷitems-centerﾂｷgap-1ﾂｷsm:gap-2ﾂｷshadow-smﾂｷtransition-colorsﾂｷwhitespace-nowrap'`  prettier/prettier
21:17  Error: Replace `"譛ｪ遒ｺ隱阪・莠育ｴ・` with `'譛ｪ遒ｺ隱阪・莠育ｴ・`  prettier/prettier
23:27  Error: Replace `"hiddenﾂｷsm:inline"` with `'hiddenﾂｷsm:inline'`  prettier/prettier
24:27  Error: Replace `"sm:hidden"` with `'sm:hidden'`  prettier/prettier
25:31  Error: Replace `"w-4ﾂｷh-4"` with `'w-4ﾂｷh-4'`  prettier/prettier
27:16  Error: Delete `ﾂｷ`  prettier/prettier
29:21  Error: Replace `"bg-rose-400ﾂｷhover:bg-rose-500ﾂｷtext-whiteﾂｷpx-2ﾂｷsm:px-3ﾂｷpy-1.5ﾂｷroundedﾂｷtext-xsﾂｷfont-boldﾂｷflexﾂｷitems-centerﾂｷgap-1ﾂｷsm:gap-2ﾂｷshadow-smﾂｷtransition-colorsﾂｷwhitespace-nowrap"` with `'bg-rose-400ﾂｷhover:bg-rose-500ﾂｷtext-whiteﾂｷpx-2ﾂｷsm:px-3ﾂｷpy-1.5ﾂｷroundedﾂｷtext-xsﾂｷfont-boldﾂｷflexﾂｷitems-centerﾂｷgap-1ﾂｷsm:gap-2ﾂｷshadow-smﾂｷtransition-colorsﾂｷwhitespace-nowrap'`  prettier/prettier
30:17  Error: Replace `"譛ｪ遒ｺ隱阪・縺顔衍繧峨○"` with `'譛ｪ遒ｺ隱阪・縺顔衍繧峨○'`  prettier/prettier
32:27  Error: Replace `"hiddenﾂｷsm:inline"` with `'hiddenﾂｷsm:inline'`  prettier/prettier
33:27  Error: Replace `"sm:hidden"` with `'sm:hidden'`  prettier/prettier
34:31  Error: Replace `"w-4ﾂｷh-4"` with `'w-4ﾂｷh-4'`  prettier/prettier
36:24  Error: Replace `"bg-whiteﾂｷborderﾂｷborder-gray-300ﾂｷpx-2ﾂｷsm:px-3ﾂｷpy-1.5ﾂｷroundedﾂｷtext-xsﾂｷfont-boldﾂｷtext-gray-700ﾂｷshadow-smﾂｷhiddenﾂｷmd:blockﾂｷwhitespace-nowrap"` with `'bg-whiteﾂｷborderﾂｷborder-gray-300ﾂｷpx-2ﾂｷsm:px-3ﾂｷpy-1.5ﾂｷroundedﾂｷtext-xsﾂｷfont-boldﾂｷtext-gray-700ﾂｷshadow-smﾂｷhiddenﾂｷmd:blockﾂｷwhitespace-nowrap'`  prettier/prettier
42:3  Error: Insert `竢餐  prettier/prettier

./src/legacy/Reservation/components/NotificationsModal.tsx
10:54  Error: Replace `ﾂｷnotifications,ﾂｷonCloseﾂｷ` with `竢篠ｷﾂｷnotifications,竢篠ｷﾂｷonClose,竢餐  prettier/prettier
12:20  Error: Replace `"fixedﾂｷinset-0ﾂｷz-[60]ﾂｷflexﾂｷitems-centerﾂｷjustify-centerﾂｷp-4"` with `'fixedﾂｷinset-0ﾂｷz-[60]ﾂｷflexﾂｷitems-centerﾂｷjustify-centerﾂｷp-4'`  prettier/prettier
14:7  Error: Visible, non-interactive elements with click handlers must have at least one keyboard listener.  jsx-a11y/click-events-have-key-events
14:7  Error: Avoid non-native interactive elements. If using native HTML is not possible, add an appropriate role and support for tabbing, mouse, keyboard, and touch inputs to an interactive content element.  jsx-a11y/no-static-element-interactions
14:11  Error: Delete `ﾂｷ`  prettier/prettier
15:19  Error: Replace `"absoluteﾂｷinset-0ﾂｷbg-black/50ﾂｷbackdrop-blur-smﾂｷtransition-opacity"ﾂｷ` with `'absoluteﾂｷinset-0ﾂｷbg-black/50ﾂｷbackdrop-blur-smﾂｷtransition-opacity'`  prettier/prettier
20:22  Error: Replace `"relativeﾂｷbg-whiteﾂｷrounded-xlﾂｷshadow-2xlﾂｷw-fullﾂｷmax-w-lgﾂｷoverflow-hiddenﾂｷflexﾂｷflex-colﾂｷmax-h-[80vh]ﾂｷanimate-inﾂｷfade-inﾂｷzoom-inﾂｷduration-200"` with `'relativeﾂｷbg-whiteﾂｷrounded-xlﾂｷshadow-2xlﾂｷw-fullﾂｷmax-w-lgﾂｷoverflow-hiddenﾂｷflexﾂｷflex-colﾂｷmax-h-[80vh]ﾂｷanimate-inﾂｷfade-inﾂｷzoom-inﾂｷduration-200'`  prettier/prettier
21:9  Error: Delete `竢篠ｷﾂｷﾂｷﾂｷﾂｷﾂｷﾂｷﾂｷ`  prettier/prettier
23:24  Error: Replace `"flexﾂｷitems-centerﾂｷjustify-betweenﾂｷpx-6ﾂｷpy-4ﾂｷborder-bﾂｷborder-gray-100ﾂｷbg-gray-50"` with `'flexﾂｷitems-centerﾂｷjustify-betweenﾂｷpx-6ﾂｷpy-4ﾂｷborder-bﾂｷborder-gray-100ﾂｷbg-gray-50'`  prettier/prettier
24:25  Error: Replace `"text-lgﾂｷfont-boldﾂｷtext-gray-800ﾂｷflexﾂｷitems-centerﾂｷgap-2"` with `'text-lgﾂｷfont-boldﾂｷtext-gray-800ﾂｷflexﾂｷitems-centerﾂｷgap-2'`  prettier/prettier
25:13  Error: Replace `ﾂｷ<BellﾂｷclassName="w-5ﾂｷh-5ﾂｷtext-gray-500"` with `<BellﾂｷclassName='w-5ﾂｷh-5ﾂｷtext-gray-500'`  prettier/prettier
26:1  Error: Delete `ﾂｷ`  prettier/prettier
28:18  Error: Delete `ﾂｷ`  prettier/prettier
30:23  Error: Replace `"p-2ﾂｷtext-gray-400ﾂｷhover:text-gray-600ﾂｷhover:bg-gray-100ﾂｷrounded-fullﾂｷtransition-colors"` with `'p-2ﾂｷtext-gray-400ﾂｷhover:text-gray-600ﾂｷhover:bg-gray-100ﾂｷrounded-fullﾂｷtransition-colors'`  prettier/prettier
32:26  Error: Replace `"w-6ﾂｷh-6"` with `'w-6ﾂｷh-6'`  prettier/prettier
37:24  Error: Replace `"overflow-y-auto"` with `'overflow-y-auto'`  prettier/prettier
38:1  Error: Replace `ﾂｷﾂｷﾂｷﾂｷﾂｷﾂｷﾂｷﾂｷﾂｷﾂｷﾂｷﾂｷ<divﾂｷclassName="divide-yﾂｷdivide-gray-100"` with `ﾂｷﾂｷﾂｷﾂｷﾂｷﾂｷﾂｷﾂｷﾂｷﾂｷ<divﾂｷclassName='divide-yﾂｷdivide-gray-100'`  prettier/prettier
39:1  Error: Replace `ﾂｷﾂｷﾂｷﾂｷﾂｷﾂｷﾂｷﾂｷﾂｷﾂｷﾂｷﾂｷﾂｷﾂｷﾂｷﾂｷ` with `ﾂｷﾂｷﾂｷﾂｷﾂｷﾂｷﾂｷﾂｷﾂｷﾂｷﾂｷﾂｷ`  prettier/prettier
40:15  Error: Replace `ﾂｷﾂｷﾂｷﾂｷﾂｷﾂｷ<divﾂｷkey={note.id}ﾂｷclassName={`p-5ﾂｷhover:bg-gray-50ﾂｷtransition-colorsﾂｷ${!note.isReadﾂｷ?ﾂｷ'bg-sky-50/50'ﾂｷ:ﾂｷ''}`}>` with `<div竢篠ｷﾂｷﾂｷﾂｷﾂｷﾂｷﾂｷﾂｷﾂｷﾂｷﾂｷﾂｷﾂｷﾂｷﾂｷﾂｷkey={note.id}竢篠ｷﾂｷﾂｷﾂｷﾂｷﾂｷﾂｷﾂｷﾂｷﾂｷﾂｷﾂｷﾂｷﾂｷﾂｷﾂｷclassName={`p-5ﾂｷhover:bg-gray-50ﾂｷtransition-colorsﾂｷ${!note.isReadﾂｷ?ﾂｷ'bg-sky-50/50'ﾂｷ:ﾂｷ''}`}`  prettier/prettier
41:9  Error: Replace `ﾂｷﾂｷﾂｷﾂｷﾂｷﾂｷﾂｷﾂｷﾂｷﾂｷﾂｷﾂｷﾂｷﾂｷﾂｷﾂｷ<divﾂｷclassName="flexﾂｷgap-3"` with `ﾂｷﾂｷﾂｷﾂｷﾂｷﾂｷ>竢篠ｷﾂｷﾂｷﾂｷﾂｷﾂｷﾂｷﾂｷﾂｷﾂｷﾂｷﾂｷﾂｷﾂｷﾂｷﾂｷ<divﾂｷclassName='flexﾂｷgap-3'`  prettier/prettier
42:1  Error: Replace `ﾂｷﾂｷﾂｷﾂｷﾂｷﾂｷﾂｷﾂｷﾂｷﾂｷﾂｷﾂｷﾂｷﾂｷﾂｷﾂｷﾂｷﾂｷﾂｷﾂｷﾂｷﾂｷﾂｷﾂｷﾂｷﾂｷﾂｷﾂｷ<divﾂｷclassName="mt-1ﾂｷflex-shrink-0"` with `ﾂｷﾂｷﾂｷﾂｷﾂｷﾂｷﾂｷﾂｷﾂｷﾂｷﾂｷﾂｷﾂｷﾂｷﾂｷﾂｷﾂｷﾂｷ<divﾂｷclassName='mt-1ﾂｷflex-shrink-0'`  prettier/prettier
43:1  Error: Replace `ﾂｷﾂｷﾂｷﾂｷﾂｷﾂｷﾂｷﾂｷﾂｷﾂｷﾂｷﾂｷﾂｷﾂｷﾂｷﾂｷﾂｷﾂｷﾂｷﾂｷﾂｷﾂｷﾂｷﾂｷﾂｷﾂｷﾂｷﾂｷﾂｷﾂｷﾂｷﾂｷ` with `ﾂｷﾂｷﾂｷﾂｷﾂｷﾂｷﾂｷﾂｷﾂｷﾂｷﾂｷﾂｷﾂｷﾂｷﾂｷﾂｷﾂｷﾂｷﾂｷﾂｷ`  prettier/prettier
44:1  Error: Replace `ﾂｷﾂｷﾂｷﾂｷﾂｷﾂｷﾂｷﾂｷﾂｷﾂｷﾂｷﾂｷﾂｷﾂｷﾂｷﾂｷﾂｷﾂｷﾂｷﾂｷﾂｷﾂｷﾂｷﾂｷﾂｷﾂｷﾂｷﾂｷﾂｷﾂｷﾂｷﾂｷﾂｷﾂｷﾂｷﾂｷ<AlertTriangleﾂｷclassName="w-5ﾂｷh-5ﾂｷtext-red-500"` with `ﾂｷﾂｷﾂｷﾂｷﾂｷﾂｷﾂｷﾂｷﾂｷﾂｷﾂｷﾂｷﾂｷﾂｷﾂｷﾂｷﾂｷﾂｷﾂｷﾂｷﾂｷﾂｷ<AlertTriangleﾂｷclassName='w-5ﾂｷh-5ﾂｷtext-red-500'`  prettier/prettier
45:1  Error: Replace `ﾂｷﾂｷﾂｷﾂｷﾂｷﾂｷﾂｷﾂｷﾂｷﾂｷﾂｷﾂｷﾂｷﾂｷﾂｷﾂｷﾂｷﾂｷﾂｷﾂｷﾂｷﾂｷﾂｷﾂｷﾂｷﾂｷﾂｷﾂｷﾂｷﾂｷﾂｷﾂｷ` with `ﾂｷﾂｷﾂｷﾂｷﾂｷﾂｷﾂｷﾂｷﾂｷﾂｷﾂｷﾂｷﾂｷﾂｷﾂｷﾂｷﾂｷﾂｷﾂｷﾂｷ`  prettier/prettier
46:1  Error: Replace `ﾂｷﾂｷﾂｷﾂｷﾂｷﾂｷﾂｷﾂｷﾂｷﾂｷﾂｷﾂｷﾂｷﾂｷﾂｷﾂｷﾂｷﾂｷﾂｷﾂｷﾂｷﾂｷﾂｷﾂｷﾂｷﾂｷﾂｷﾂｷﾂｷﾂｷﾂｷﾂｷﾂｷﾂｷﾂｷﾂｷ<InfoﾂｷclassName="w-5ﾂｷh-5ﾂｷtext-gray-500"` with `ﾂｷﾂｷﾂｷﾂｷﾂｷﾂｷﾂｷﾂｷﾂｷﾂｷﾂｷﾂｷﾂｷﾂｷﾂｷﾂｷﾂｷﾂｷﾂｷﾂｷﾂｷﾂｷ<InfoﾂｷclassName='w-5ﾂｷh-5ﾂｷtext-gray-500'`  prettier/prettier
47:1  Error: Replace `ﾂｷﾂｷﾂｷﾂｷﾂｷﾂｷﾂｷﾂｷﾂｷﾂｷﾂｷﾂｷﾂｷﾂｷﾂｷﾂｷﾂｷﾂｷﾂｷﾂｷﾂｷﾂｷﾂｷﾂｷﾂｷﾂｷﾂｷﾂｷﾂｷﾂｷﾂｷﾂｷ` with `ﾂｷﾂｷﾂｷﾂｷﾂｷﾂｷﾂｷﾂｷﾂｷﾂｷﾂｷﾂｷﾂｷﾂｷﾂｷﾂｷﾂｷﾂｷﾂｷﾂｷ`  prettier/prettier
48:1  Error: Replace `ﾂｷﾂｷﾂｷﾂｷﾂｷﾂｷﾂｷﾂｷﾂｷﾂｷﾂｷﾂｷﾂｷﾂｷﾂｷﾂｷﾂｷﾂｷﾂｷﾂｷﾂｷﾂｷﾂｷﾂｷﾂｷﾂｷﾂｷﾂｷﾂｷﾂｷﾂｷﾂｷﾂｷﾂｷﾂｷﾂｷ<BellﾂｷclassName="w-5ﾂｷh-5ﾂｷtext-sky-500"` with `ﾂｷﾂｷﾂｷﾂｷﾂｷﾂｷﾂｷﾂｷﾂｷﾂｷﾂｷﾂｷﾂｷﾂｷﾂｷﾂｷﾂｷﾂｷﾂｷﾂｷﾂｷﾂｷ<BellﾂｷclassName='w-5ﾂｷh-5ﾂｷtext-sky-500'`  prettier/prettier
49:1  Error: Replace `ﾂｷﾂｷﾂｷﾂｷﾂｷﾂｷﾂｷﾂｷﾂｷﾂｷﾂｷﾂｷﾂｷﾂｷﾂｷﾂｷﾂｷﾂｷﾂｷﾂｷﾂｷﾂｷﾂｷﾂｷﾂｷﾂｷﾂｷﾂｷﾂｷﾂｷﾂｷﾂｷ` with `ﾂｷﾂｷﾂｷﾂｷﾂｷﾂｷﾂｷﾂｷﾂｷﾂｷﾂｷﾂｷﾂｷﾂｷﾂｷﾂｷﾂｷﾂｷﾂｷﾂｷ`  prettier/prettier
50:1  Error: Delete `ﾂｷﾂｷﾂｷﾂｷﾂｷﾂｷﾂｷﾂｷﾂｷﾂｷ`  prettier/prettier
51:19  Error: Delete `ﾂｷﾂｷﾂｷﾂｷﾂｷﾂｷﾂｷﾂｷﾂｷﾂｷ`  prettier/prettier
52:1  Error: Replace `ﾂｷﾂｷﾂｷﾂｷﾂｷﾂｷﾂｷﾂｷﾂｷﾂｷﾂｷﾂｷﾂｷﾂｷﾂｷﾂｷﾂｷﾂｷﾂｷﾂｷﾂｷﾂｷﾂｷﾂｷﾂｷﾂｷﾂｷﾂｷﾂｷﾂｷﾂｷﾂｷ<divﾂｷclassName="flexﾂｷitems-centerﾂｷgap-2ﾂｷmb-1"` with `ﾂｷﾂｷﾂｷﾂｷﾂｷﾂｷﾂｷﾂｷﾂｷﾂｷﾂｷﾂｷﾂｷﾂｷﾂｷﾂｷﾂｷﾂｷﾂｷﾂｷ<divﾂｷclassName='flexﾂｷitems-centerﾂｷgap-2ﾂｷmb-1'`  prettier/prettier
53:1  Error: Replace `ﾂｷﾂｷﾂｷﾂｷﾂｷﾂｷﾂｷﾂｷﾂｷﾂｷﾂｷﾂｷﾂｷﾂｷﾂｷﾂｷﾂｷﾂｷﾂｷﾂｷﾂｷﾂｷﾂｷﾂｷﾂｷﾂｷﾂｷﾂｷﾂｷﾂｷﾂｷﾂｷﾂｷﾂｷﾂｷﾂｷ<spanﾂｷclassName="text-xsﾂｷtext-gray-500ﾂｷfont-mono">{note.date}</span>` with `ﾂｷﾂｷﾂｷﾂｷﾂｷﾂｷﾂｷﾂｷﾂｷﾂｷﾂｷﾂｷﾂｷﾂｷﾂｷﾂｷﾂｷﾂｷﾂｷﾂｷﾂｷﾂｷ<spanﾂｷclassName='text-xsﾂｷtext-gray-500ﾂｷfont-mono'>竢篠ｷﾂｷﾂｷﾂｷﾂｷﾂｷﾂｷﾂｷﾂｷﾂｷﾂｷﾂｷﾂｷﾂｷﾂｷﾂｷﾂｷﾂｷﾂｷﾂｷﾂｷﾂｷﾂｷﾂｷ{note.date}`  prettier/prettier
54:21  Error: Replace `ﾂｷﾂｷﾂｷﾂｷﾂｷﾂｷﾂｷﾂｷﾂｷﾂｷﾂｷﾂｷﾂｷﾂｷﾂｷﾂｷ` with `ﾂｷﾂｷ</span>竢篠ｷﾂｷﾂｷﾂｷﾂｷﾂｷﾂｷﾂｷﾂｷﾂｷﾂｷﾂｷﾂｷﾂｷﾂｷﾂｷﾂｷﾂｷﾂｷﾂｷﾂｷﾂｷ`  prettier/prettier
55:1  Error: Replace `ﾂｷﾂｷﾂｷﾂｷﾂｷﾂｷﾂｷﾂｷﾂｷﾂｷﾂｷﾂｷﾂｷﾂｷﾂｷﾂｷﾂｷﾂｷﾂｷﾂｷﾂｷﾂｷﾂｷﾂｷﾂｷﾂｷﾂｷﾂｷﾂｷﾂｷﾂｷﾂｷﾂｷﾂｷﾂｷﾂｷﾂｷﾂｷﾂｷﾂｷ<spanﾂｷclassName="text-[10px]ﾂｷbg-red-500ﾂｷtext-whiteﾂｷpx-1.5ﾂｷrounded-smﾂｷfont-bold">NEW</span` with `ﾂｷﾂｷﾂｷﾂｷﾂｷﾂｷﾂｷﾂｷﾂｷﾂｷﾂｷﾂｷﾂｷﾂｷﾂｷﾂｷﾂｷﾂｷﾂｷﾂｷﾂｷﾂｷﾂｷﾂｷ<spanﾂｷclassName='text-[10px]ﾂｷbg-red-500ﾂｷtext-whiteﾂｷpx-1.5ﾂｷrounded-smﾂｷfont-bold'`  prettier/prettier
56:27  Error: Replace `ﾂｷﾂｷﾂｷﾂｷﾂｷﾂｷﾂｷﾂｷﾂｷﾂｷ)}` with `NEW竢篠ｷﾂｷﾂｷﾂｷﾂｷﾂｷﾂｷﾂｷﾂｷﾂｷﾂｷﾂｷﾂｷﾂｷﾂｷﾂｷﾂｷﾂｷﾂｷﾂｷﾂｷﾂｷﾂｷﾂｷ</span>`  prettier/prettier
57:23  Error: Insert `)}竢篠ｷﾂｷﾂｷﾂｷﾂｷﾂｷﾂｷﾂｷﾂｷﾂｷ`  prettier/prettier
58:21  Error: Replace `ﾂｷﾂｷﾂｷﾂｷﾂｷﾂｷﾂｷﾂｷﾂｷﾂｷﾂｷﾂｷ<h3ﾂｷclassName={`text-smﾂｷfont-boldﾂｷmb-1ﾂｷ${note.typeﾂｷ===ﾂｷ'alert'ﾂｷ?ﾂｷ'text-red-700'ﾂｷ:ﾂｷ'text-gray-800'}`}>` with `<h3竢篠ｷﾂｷﾂｷﾂｷﾂｷﾂｷﾂｷﾂｷﾂｷﾂｷﾂｷﾂｷﾂｷﾂｷﾂｷﾂｷﾂｷﾂｷﾂｷﾂｷﾂｷﾂｷclassName={`text-smﾂｷfont-boldﾂｷmb-1ﾂｷ${note.typeﾂｷ===ﾂｷ'alert'ﾂｷ?ﾂｷ'text-red-700'ﾂｷ:ﾂｷ'text-gray-800'}`}`  prettier/prettier
59:18  Error: Replace `ﾂｷﾂｷﾂｷﾂｷﾂｷﾂｷﾂｷﾂｷﾂｷﾂｷﾂｷﾂｷﾂｷﾂｷﾂｷﾂｷﾂｷﾂｷﾂｷ` with `ﾂｷﾂｷﾂｷ>竢篠ｷﾂｷﾂｷﾂｷﾂｷﾂｷﾂｷﾂｷﾂｷﾂｷﾂｷﾂｷﾂｷﾂｷﾂｷﾂｷﾂｷﾂｷﾂｷﾂｷﾂｷﾂｷ`  prettier/prettier
60:21  Error: Delete `ﾂｷﾂｷﾂｷﾂｷﾂｷﾂｷﾂｷﾂｷﾂｷﾂｷﾂｷﾂｷ`  prettier/prettier
61:1  Error: Replace `ﾂｷﾂｷﾂｷﾂｷﾂｷﾂｷﾂｷﾂｷﾂｷﾂｷﾂｷﾂｷﾂｷﾂｷﾂｷﾂｷﾂｷﾂｷﾂｷﾂｷﾂｷﾂｷﾂｷﾂｷﾂｷﾂｷﾂｷﾂｷﾂｷﾂｷﾂｷﾂｷ<pﾂｷclassName="text-smﾂｷtext-gray-600ﾂｷleading-relaxed"` with `ﾂｷﾂｷﾂｷﾂｷﾂｷﾂｷﾂｷﾂｷﾂｷﾂｷﾂｷﾂｷﾂｷﾂｷﾂｷﾂｷﾂｷﾂｷﾂｷﾂｷ<pﾂｷclassName='text-smﾂｷtext-gray-600ﾂｷleading-relaxed'`  prettier/prettier
62:1  Error: Replace `ﾂｷﾂｷﾂｷﾂｷﾂｷﾂｷﾂｷﾂｷﾂｷﾂｷﾂｷﾂｷﾂｷﾂｷﾂｷﾂｷﾂｷﾂｷﾂｷﾂｷﾂｷﾂｷﾂｷﾂｷﾂｷﾂｷﾂｷﾂｷﾂｷﾂｷﾂｷﾂｷﾂｷﾂｷﾂｷﾂｷ` with `ﾂｷﾂｷﾂｷﾂｷﾂｷﾂｷﾂｷﾂｷﾂｷﾂｷﾂｷﾂｷﾂｷﾂｷﾂｷﾂｷﾂｷﾂｷﾂｷﾂｷﾂｷﾂｷ`  prettier/prettier
63:1  Error: Replace `ﾂｷﾂｷﾂｷﾂｷﾂｷﾂｷﾂｷﾂｷﾂｷﾂｷﾂｷﾂｷﾂｷﾂｷﾂｷﾂｷﾂｷﾂｷﾂｷﾂｷﾂｷﾂｷﾂｷﾂｷﾂｷﾂｷﾂｷﾂｷﾂｷﾂｷﾂｷﾂｷ` with `ﾂｷﾂｷﾂｷﾂｷﾂｷﾂｷﾂｷﾂｷﾂｷﾂｷﾂｷﾂｷﾂｷﾂｷﾂｷﾂｷﾂｷﾂｷﾂｷﾂｷ`  prettier/prettier
64:1  Error: Replace `ﾂｷﾂｷﾂｷﾂｷﾂｷﾂｷﾂｷﾂｷﾂｷﾂｷﾂｷﾂｷﾂｷﾂｷﾂｷﾂｷﾂｷﾂｷﾂｷﾂｷﾂｷﾂｷﾂｷﾂｷﾂｷﾂｷﾂｷﾂｷ` with `ﾂｷﾂｷﾂｷﾂｷﾂｷﾂｷﾂｷﾂｷﾂｷﾂｷﾂｷﾂｷﾂｷﾂｷﾂｷﾂｷﾂｷﾂｷ`  prettier/prettier
65:1  Error: Delete `ﾂｷﾂｷﾂｷﾂｷﾂｷﾂｷﾂｷﾂｷ`  prettier/prettier
66:1  Error: Delete `ﾂｷﾂｷﾂｷﾂｷﾂｷﾂｷ`  prettier/prettier
67:13  Error: Delete `ﾂｷﾂｷﾂｷﾂｷ`  prettier/prettier
68:1  Error: Delete `ﾂｷﾂｷ`  prettier/prettier
72:24  Error: Replace `"bg-gray-50ﾂｷpx-6ﾂｷpy-4ﾂｷborder-tﾂｷborder-gray-200ﾂｷflexﾂｷjustify-end"` with `'bg-gray-50ﾂｷpx-6ﾂｷpy-4ﾂｷborder-tﾂｷborder-gray-200ﾂｷflexﾂｷjustify-end'`  prettier/prettier
73:18  Error: Delete `ﾂｷ`  prettier/prettier
75:23  Error: Replace `"px-4ﾂｷpy-2ﾂｷbg-gray-600ﾂｷborderﾂｷborder-transparentﾂｷrounded-mdﾂｷtext-smﾂｷfont-boldﾂｷtext-whiteﾂｷshadow-smﾂｷhover:bg-gray-700"` with `'px-4ﾂｷpy-2ﾂｷbg-gray-600ﾂｷborderﾂｷborder-transparentﾂｷrounded-mdﾂｷtext-smﾂｷfont-boldﾂｷtext-whiteﾂｷshadow-smﾂｷhover:bg-gray-700'`  prettier/prettier
83:3  Error: Insert `竢餐  prettier/prettier

./src/legacy/Reservation/components/Scheduler.tsx
2:9  Error: Replace `ﾂｷTIME_SLOTS,ﾂｷRESOURCES,ﾂｷPIXELS_PER_HOUR,ﾂｷSIDEBAR_WIDTH,ﾂｷGRID_START_HOUR,ﾂｷSNAP_MINUTES,ﾂｷCLICK_SNAP_MINUTESﾂｷ` with `竢篠ｷﾂｷTIME_SLOTS,竢篠ｷﾂｷRESOURCES,竢篠ｷﾂｷPIXELS_PER_HOUR,竢篠ｷﾂｷSIDEBAR_WIDTH,竢篠ｷﾂｷGRID_START_HOUR,竢篠ｷﾂｷSNAP_MINUTES,竢篠ｷﾂｷCLICK_SNAP_MINUTES,竢餐  prettier/prettier
5:9  Error: Replace `ﾂｷcalculateTimeFromX,ﾂｷcalculateDuration,ﾂｷcalculateEndTime,ﾂｷtimeToMinutes,ﾂｷhasTimeConflictﾂｷ` with `竢篠ｷﾂｷcalculateTimeFromX,竢篠ｷﾂｷcalculateDuration,竢篠ｷﾂｷcalculateEndTime,竢篠ｷﾂｷtimeToMinutes,竢篠ｷﾂｷhasTimeConflict,竢餐  prettier/prettier
11:23  Error: Replace `id:ﾂｷstring,ﾂｷnewResourceId:ﾂｷstring,ﾂｷnewStartHour:ﾂｷnumber,ﾂｷnewStartMinute:ﾂｷnumber` with `竢篠ｷﾂｷﾂｷﾂｷid:ﾂｷstring,竢篠ｷﾂｷﾂｷﾂｷnewResourceId:ﾂｷstring,竢篠ｷﾂｷﾂｷﾂｷnewStartHour:ﾂｷnumber,竢篠ｷﾂｷﾂｷﾂｷnewStartMinute:ﾂｷnumber竢篠ｷﾂｷ`  prettier/prettier
14:45  Error: Delete `ﾂｷ`  prettier/prettier
15:1  Error: Replace `ﾂｷﾂｷﾂｷﾂｷappointments,ﾂｷ` with `ﾂｷﾂｷappointments,`  prettier/prettier
16:3  Error: Replace `ﾂｷﾂｷonAppointmentClick,ﾂｷ` with `onAppointmentClick,`  prettier/prettier
17:1  Error: Delete `ﾂｷﾂｷ`  prettier/prettier
18:3  Error: Replace `ﾂｷﾂｷonAppointmentMoveﾂｷ` with `onAppointmentMove,`  prettier/prettier
32:1  Error: Delete `ﾂｷﾂｷ`  prettier/prettier
34:65  Error: Delete `ﾂｷ`  prettier/prettier
37:1  Error: Delete `ﾂｷﾂｷ`  prettier/prettier
38:5  Error: Replace `ﾂｷﾂｷcurrentTimePosﾂｷ=ﾂｷ(hoursFromStartﾂｷ*ﾂｷPIXELS_PER_HOUR)ﾂｷ+ﾂｷ((currentMinuteﾂｷ/ﾂｷ60)ﾂｷ*ﾂｷPIXELS_PER_HOUR)` with `currentTimePosﾂｷ=竢篠ｷﾂｷﾂｷﾂｷﾂｷﾂｷhoursFromStartﾂｷ*ﾂｷPIXELS_PER_HOURﾂｷ+ﾂｷ(currentMinuteﾂｷ/ﾂｷ60)ﾂｷ*ﾂｷPIXELS_PER_HOUR`  prettier/prettier
40:1  Error: Delete `ﾂｷﾂｷ`  prettier/prettier
46:23  Error: Replace `e:ﾂｷReact.DragEvent<HTMLDivElement>,ﾂｷtargetResourceId:ﾂｷstring` with `竢篠ｷﾂｷﾂｷﾂｷe:ﾂｷReact.DragEvent<HTMLDivElement>,竢篠ｷﾂｷﾂｷﾂｷtargetResourceId:ﾂｷstring竢篠ｷﾂｷ`  prettier/prettier
49:1  Error: Delete `ﾂｷﾂｷﾂｷﾂｷ`  prettier/prettier
51:1  Error: Delete `ﾂｷﾂｷﾂｷﾂｷ`  prettier/prettier
53:7  Error: Delete `ﾂｷﾂｷ`  prettier/prettier
54:1  Error: Delete `ﾂｷﾂｷﾂｷﾂｷﾂｷﾂｷﾂｷﾂｷ`  prettier/prettier
55:1  Error: Delete `ﾂｷﾂｷ`  prettier/prettier
56:1  Error: Replace `ﾂｷﾂｷﾂｷﾂｷﾂｷﾂｷﾂｷﾂｷ` with `ﾂｷﾂｷﾂｷﾂｷﾂｷﾂｷ`  prettier/prettier
57:7  Error: Delete `ﾂｷﾂｷ`  prettier/prettier
59:1  Error: Replace `ﾂｷﾂｷﾂｷﾂｷﾂｷﾂｷﾂｷﾂｷ` with `ﾂｷﾂｷﾂｷﾂｷﾂｷﾂｷ`  prettier/prettier
60:1  Error: Delete `ﾂｷﾂｷ`  prettier/prettier
61:1  Error: Delete `ﾂｷﾂｷﾂｷﾂｷﾂｷﾂｷﾂｷﾂｷ`  prettier/prettier
62:1  Error: Delete `ﾂｷﾂｷ`  prettier/prettier
63:1  Error: Replace `ﾂｷﾂｷﾂｷﾂｷﾂｷﾂｷﾂｷﾂｷconstﾂｷ{ﾂｷhour:ﾂｷnewStartHour,ﾂｷminute:ﾂｷnewStartMinuteﾂｷ}ﾂｷ=ﾂｷcalculateTimeFromX(x,ﾂｷSNAP_MINUTES);` with `ﾂｷﾂｷﾂｷﾂｷﾂｷﾂｷconstﾂｷ{ﾂｷhour:ﾂｷnewStartHour,ﾂｷminute:ﾂｷnewStartMinuteﾂｷ}ﾂｷ=ﾂｷcalculateTimeFromX(竢篠ｷﾂｷﾂｷﾂｷﾂｷﾂｷﾂｷﾂｷx,竢篠ｷﾂｷﾂｷﾂｷﾂｷﾂｷﾂｷﾂｷSNAP_MINUTES`  prettier/prettier
64:1  Error: Replace `ﾂｷﾂｷﾂｷﾂｷﾂｷﾂｷﾂｷﾂｷ` with `ﾂｷﾂｷﾂｷﾂｷﾂｷﾂｷ);`  prettier/prettier
65:1  Error: Replace `ﾂｷﾂｷ` with `竢餐  prettier/prettier
66:1  Error: Replace `ﾂｷﾂｷﾂｷﾂｷﾂｷﾂｷﾂｷﾂｷconstﾂｷdurationﾂｷ=ﾂｷcalculateDuration(appointmentToMove.startHour,ﾂｷappointmentToMove.startMinute,ﾂｷappointmentToMove.endHour,ﾂｷappointmentToMove.endMinute` with `ﾂｷﾂｷﾂｷﾂｷﾂｷﾂｷconstﾂｷdurationﾂｷ=ﾂｷcalculateDuration(竢篠ｷﾂｷﾂｷﾂｷﾂｷﾂｷﾂｷﾂｷappointmentToMove.startHour,竢篠ｷﾂｷﾂｷﾂｷﾂｷﾂｷﾂｷﾂｷappointmentToMove.startMinute,竢篠ｷﾂｷﾂｷﾂｷﾂｷﾂｷﾂｷﾂｷappointmentToMove.endHour,竢篠ｷﾂｷﾂｷﾂｷﾂｷﾂｷﾂｷﾂｷappointmentToMove.endMinute竢篠ｷﾂｷﾂｷﾂｷﾂｷﾂｷ`  prettier/prettier
67:1  Error: Replace `ﾂｷﾂｷﾂｷﾂｷﾂｷﾂｷﾂｷﾂｷconstﾂｷ{ﾂｷendHour,ﾂｷendMinuteﾂｷ}ﾂｷ=ﾂｷcalculateEndTime(newStartHour,ﾂｷnewStartMinute,ﾂｷduration` with `ﾂｷﾂｷﾂｷﾂｷﾂｷﾂｷconstﾂｷ{ﾂｷendHour,ﾂｷendMinuteﾂｷ}ﾂｷ=ﾂｷcalculateEndTime(竢篠ｷﾂｷﾂｷﾂｷﾂｷﾂｷﾂｷﾂｷnewStartHour,竢篠ｷﾂｷﾂｷﾂｷﾂｷﾂｷﾂｷﾂｷnewStartMinute,竢篠ｷﾂｷﾂｷﾂｷﾂｷﾂｷﾂｷﾂｷduration竢篠ｷﾂｷﾂｷﾂｷﾂｷﾂｷ`  prettier/prettier
69:1  Error: Replace `ﾂｷﾂｷﾂｷﾂｷﾂｷﾂｷﾂｷﾂｷ` with `ﾂｷﾂｷﾂｷﾂｷﾂｷﾂｷ`  prettier/prettier
70:1  Error: Delete `ﾂｷﾂｷ`  prettier/prettier
72:7  Error: Delete `ﾂｷﾂｷ`  prettier/prettier
73:1  Error: Replace `ﾂｷﾂｷﾂｷﾂｷﾂｷﾂｷﾂｷﾂｷ` with `ﾂｷﾂｷﾂｷﾂｷﾂｷﾂｷ`  prettier/prettier
74:9  Error: Delete `ﾂｷﾂｷﾂｷﾂｷ`  prettier/prettier
75:1  Error: Replace `ﾂｷﾂｷﾂｷﾂｷﾂｷﾂｷﾂｷﾂｷﾂｷﾂｷﾂｷﾂｷ` with `ﾂｷﾂｷﾂｷﾂｷﾂｷﾂｷﾂｷﾂｷ`  prettier/prettier
76:1  Error: Delete `ﾂｷﾂｷﾂｷﾂｷ`  prettier/prettier
77:1  Error: Replace `ﾂｷﾂｷﾂｷﾂｷﾂｷﾂｷﾂｷﾂｷﾂｷﾂｷﾂｷﾂｷ` with `ﾂｷﾂｷﾂｷﾂｷﾂｷﾂｷﾂｷﾂｷ`  prettier/prettier
79:1  Error: Delete `ﾂｷﾂｷﾂｷﾂｷ`  prettier/prettier
80:9  Error: Delete `ﾂｷﾂｷﾂｷﾂｷ`  prettier/prettier
82:1  Error: Replace `ﾂｷﾂｷﾂｷﾂｷﾂｷﾂｷﾂｷﾂｷﾂｷﾂｷﾂｷﾂｷ` with `ﾂｷﾂｷﾂｷﾂｷﾂｷﾂｷﾂｷﾂｷ`  prettier/prettier
83:7  Error: Delete `ﾂｷﾂｷ`  prettier/prettier
85:1  Error: Delete `ﾂｷﾂｷ`  prettier/prettier
86:1  Error: Replace `ﾂｷﾂｷﾂｷﾂｷﾂｷﾂｷﾂｷﾂｷﾂｷﾂｷﾂｷﾂｷ` with `ﾂｷﾂｷﾂｷﾂｷﾂｷﾂｷﾂｷﾂｷ`  prettier/prettier
87:1  Error: Delete `ﾂｷﾂｷﾂｷﾂｷ`  prettier/prettier
88:7  Error: Delete `ﾂｷﾂｷ`  prettier/prettier
89:1  Error: Delete `ﾂｷﾂｷﾂｷﾂｷﾂｷﾂｷﾂｷﾂｷ`  prettier/prettier
90:1  Error: Replace `ﾂｷﾂｷﾂｷﾂｷﾂｷﾂｷﾂｷﾂｷonAppointmentMove(id,ﾂｷtargetResourceId,ﾂｷnewStartHour,ﾂｷnewStartMinute);竢餐 with `ﾂｷﾂｷﾂｷﾂｷﾂｷﾂｷonAppointmentMove(id,ﾂｷtargetResourceId,ﾂｷnewStartHour,ﾂｷnewStartMinute);`  prettier/prettier
93:7  Error: Replace `ﾂｷﾂｷconsole.error("Failedﾂｷtoﾂｷparseﾂｷdragﾂｷdata"` with `console.error('Failedﾂｷtoﾂｷparseﾂｷdragﾂｷdata'`  prettier/prettier
93:9  Warning: Unexpected console statement.  no-console
97:28  Error: Replace `e:ﾂｷReact.MouseEvent<HTMLDivElement>,ﾂｷresourceId:ﾂｷstring` with `竢篠ｷﾂｷﾂｷﾂｷe:ﾂｷReact.MouseEvent<HTMLDivElement>,竢篠ｷﾂｷﾂｷﾂｷresourceId:ﾂｷstring竢篠ｷﾂｷ`  prettier/prettier
100:1  Error: Delete `ﾂｷﾂｷﾂｷﾂｷ`  prettier/prettier
103:1  Error: Delete `ﾂｷﾂｷﾂｷﾂｷ`  prettier/prettier
108:20  Error: Replace `"bg-whiteﾂｷm-4ﾂｷshadowﾂｷborderﾂｷborder-gray-300ﾂｷroundedﾂｷoverflow-hiddenﾂｷflexﾂｷflex-colﾂｷh-full"` with `'bg-whiteﾂｷm-4ﾂｷshadowﾂｷborderﾂｷborder-gray-300ﾂｷroundedﾂｷoverflow-hiddenﾂｷflexﾂｷflex-colﾂｷh-full'`  prettier/prettier
110:22  Error: Replace `"flexﾂｷborder-bﾂｷborder-gray-300ﾂｷbg-slate-700ﾂｷtext-whiteﾂｷz-20ﾂｷstickyﾂｷtop-0"` with `'flexﾂｷborder-bﾂｷborder-gray-300ﾂｷbg-slate-700ﾂｷtext-whiteﾂｷz-20ﾂｷstickyﾂｷtop-0'`  prettier/prettier
111:13  Error: Delete `ﾂｷ`  prettier/prettier
112:1  Error: Replace `ﾂｷﾂｷﾂｷﾂｷﾂｷﾂｷﾂｷﾂｷﾂｷﾂｷﾂｷﾂｷclassName="flex-shrink-0ﾂｷborder-rﾂｷborder-slate-500ﾂｷbg-slate-700"ﾂｷ` with `ﾂｷﾂｷﾂｷﾂｷﾂｷﾂｷﾂｷﾂｷﾂｷﾂｷclassName='flex-shrink-0ﾂｷborder-rﾂｷborder-slate-500ﾂｷbg-slate-700'`  prettier/prettier
113:1  Error: Delete `ﾂｷﾂｷ`  prettier/prettier
115:1  Error: Delete `ﾂｷﾂｷﾂｷﾂｷﾂｷﾂｷﾂｷﾂｷ`  prettier/prettier
116:24  Error: Replace `"flex-growﾂｷoverflow-hiddenﾂｷrelative"` with `'flex-growﾂｷoverflow-hiddenﾂｷrelative'`  prettier/prettier
117:26  Error: Replace `"flex"` with `'flex'`  prettier/prettier
118:29  Error: Replace `(slot)` with `slot`  prettier/prettier
121:27  Error: Replace `"flex-shrink-0ﾂｷflexﾂｷitems-centerﾂｷjustify-centerﾂｷborder-rﾂｷborder-slate-600ﾂｷtext-smﾂｷfont-bold"` with `'flex-shrink-0ﾂｷflexﾂｷitems-centerﾂｷjustify-centerﾂｷborder-rﾂｷborder-slate-600ﾂｷtext-smﾂｷfont-bold'`  prettier/prettier
132:22  Error: Replace `"flex-growﾂｷoverflow-y-autoﾂｷoverflow-x-autoﾂｷtimeline-scrollﾂｷbg-gray-50ﾂｷrelative"` with `'flex-growﾂｷoverflow-y-autoﾂｷoverflow-x-autoﾂｷtimeline-scrollﾂｷbg-gray-50ﾂｷrelative'`  prettier/prettier
133:13  Error: Replace `ﾂｷstyle={{ﾂｷwidth:ﾂｷ`${SIDEBAR_WIDTHﾂｷ+ﾂｷTIME_SLOTS.lengthﾂｷ*ﾂｷPIXELS_PER_HOUR}px`ﾂｷ}}>` with `竢篠ｷﾂｷﾂｷﾂｷﾂｷﾂｷﾂｷﾂｷﾂｷﾂｷstyle={{竢篠ｷﾂｷﾂｷﾂｷﾂｷﾂｷﾂｷﾂｷﾂｷﾂｷﾂｷﾂｷwidth:ﾂｷ`${SIDEBAR_WIDTHﾂｷ+ﾂｷTIME_SLOTS.lengthﾂｷ*ﾂｷPIXELS_PER_HOUR}px`,竢篠ｷﾂｷﾂｷﾂｷﾂｷﾂｷﾂｷﾂｷﾂｷﾂｷ}}`  prettier/prettier
134:9  Error: Replace `ﾂｷﾂｷ` with `>`  prettier/prettier
135:25  Error: Replace `((resource)` with `(resource`  prettier/prettier
137:15  Error: Delete `ﾂｷﾂｷ`  prettier/prettier
138:11  Error: Replace `ﾂｷﾂｷﾂｷﾂｷﾂｷﾂｷﾂｷﾂｷﾂｷﾂｷ<divﾂｷkey="sep"ﾂｷclassName="h-1ﾂｷbg-sky-200ﾂｷborder-yﾂｷborder-sky-300ﾂｷw-fullﾂｷstickyﾂｷleft-0ﾂｷz-30"ﾂｷstyle={{ﾂｷwidth:ﾂｷ`${SIDEBAR_WIDTHﾂｷ+ﾂｷTIME_SLOTS.lengthﾂｷ*ﾂｷPIXELS_PER_HOUR}px`}}` with `ﾂｷﾂｷﾂｷﾂｷﾂｷﾂｷ<div竢篠ｷﾂｷﾂｷﾂｷﾂｷﾂｷﾂｷﾂｷﾂｷﾂｷﾂｷﾂｷﾂｷﾂｷﾂｷﾂｷﾂｷﾂｷkey='sep'竢篠ｷﾂｷﾂｷﾂｷﾂｷﾂｷﾂｷﾂｷﾂｷﾂｷﾂｷﾂｷﾂｷﾂｷﾂｷﾂｷﾂｷﾂｷclassName='h-1ﾂｷbg-sky-200ﾂｷborder-yﾂｷborder-sky-300ﾂｷw-fullﾂｷstickyﾂｷleft-0ﾂｷz-30'竢篠ｷﾂｷﾂｷﾂｷﾂｷﾂｷﾂｷﾂｷﾂｷﾂｷﾂｷﾂｷﾂｷﾂｷﾂｷﾂｷﾂｷﾂｷstyle={{竢篠ｷﾂｷﾂｷﾂｷﾂｷﾂｷﾂｷﾂｷﾂｷﾂｷﾂｷﾂｷﾂｷﾂｷﾂｷﾂｷﾂｷﾂｷﾂｷﾂｷwidth:ﾂｷ`${SIDEBAR_WIDTHﾂｷ+ﾂｷTIME_SLOTS.lengthﾂｷ*ﾂｷPIXELS_PER_HOUR}px`,竢篠ｷﾂｷﾂｷﾂｷﾂｷﾂｷﾂｷﾂｷﾂｷﾂｷﾂｷﾂｷﾂｷﾂｷﾂｷﾂｷﾂｷﾂｷ}}竢篠ｷﾂｷﾂｷﾂｷﾂｷﾂｷﾂｷﾂｷﾂｷﾂｷﾂｷﾂｷﾂｷﾂｷﾂｷﾂｷ`  prettier/prettier
139:15  Error: Replace `ﾂｷﾂｷ)` with `);`  prettier/prettier
142:55  Error: Replace `aﾂｷ=>ﾂｷa.resourceIdﾂｷ===ﾂｷresource.id` with `竢篠ｷﾂｷﾂｷﾂｷﾂｷﾂｷﾂｷﾂｷﾂｷﾂｷﾂｷﾂｷﾂｷﾂｷaﾂｷ=>ﾂｷa.resourceIdﾂｷ===ﾂｷresource.id竢篠ｷﾂｷﾂｷﾂｷﾂｷﾂｷﾂｷﾂｷﾂｷﾂｷﾂｷﾂｷ`  prettier/prettier
146:19  Error: Replace `ﾂｷkey={resource.id}ﾂｷclassName="flexﾂｷrelativeﾂｷh-20ﾂｷborder-bﾂｷborder-gray-300ﾂｷhover:bg-gray-50ﾂｷtransition-colorsﾂｷgroup">` with `竢篠ｷﾂｷﾂｷﾂｷﾂｷﾂｷﾂｷﾂｷﾂｷﾂｷﾂｷﾂｷﾂｷﾂｷﾂｷﾂｷkey={resource.id}竢篠ｷﾂｷﾂｷﾂｷﾂｷﾂｷﾂｷﾂｷﾂｷﾂｷﾂｷﾂｷﾂｷﾂｷﾂｷﾂｷclassName='flexﾂｷrelativeﾂｷh-20ﾂｷborder-bﾂｷborder-gray-300ﾂｷhover:bg-gray-50ﾂｷtransition-colorsﾂｷgroup'`  prettier/prettier
147:15  Error: Replace `ﾂｷﾂｷ` with `>`  prettier/prettier
149:21  Error: Delete `ﾂｷ`  prettier/prettier
153:34  Error: Replace `"font-boldﾂｷflexﾂｷitems-centerﾂｷgap-1"` with `'font-boldﾂｷflexﾂｷitems-centerﾂｷgap-1'`  prettier/prettier
155:43  Error: Replace `<spanﾂｷclassName="text-xsﾂｷfont-normal">({resource.capacity})</span>` with `(竢篠ｷﾂｷﾂｷﾂｷﾂｷﾂｷﾂｷﾂｷﾂｷﾂｷﾂｷﾂｷﾂｷﾂｷﾂｷﾂｷﾂｷﾂｷﾂｷﾂｷﾂｷﾂｷ<spanﾂｷclassName='text-xsﾂｷfont-normal'>竢篠ｷﾂｷﾂｷﾂｷﾂｷﾂｷﾂｷﾂｷﾂｷﾂｷﾂｷﾂｷﾂｷﾂｷﾂｷﾂｷﾂｷﾂｷﾂｷﾂｷﾂｷﾂｷﾂｷﾂｷ({resource.capacity})竢篠ｷﾂｷﾂｷﾂｷﾂｷﾂｷﾂｷﾂｷﾂｷﾂｷﾂｷﾂｷﾂｷﾂｷﾂｷﾂｷﾂｷﾂｷﾂｷﾂｷﾂｷﾂｷ</span>竢篠ｷﾂｷﾂｷﾂｷﾂｷﾂｷﾂｷﾂｷﾂｷﾂｷﾂｷﾂｷﾂｷﾂｷﾂｷﾂｷﾂｷﾂｷﾂｷﾂｷ)`  prettier/prettier
158:36  Error: Replace `"text-[10px]ﾂｷtext-gray-300ﾂｷmt-1">{resource.subLabel}` with `'text-[10px]ﾂｷtext-gray-300ﾂｷmt-1'>竢篠ｷﾂｷﾂｷﾂｷﾂｷﾂｷﾂｷﾂｷﾂｷﾂｷﾂｷﾂｷﾂｷﾂｷﾂｷﾂｷﾂｷﾂｷﾂｷﾂｷﾂｷﾂｷ{resource.subLabel}竢篠ｷﾂｷﾂｷﾂｷﾂｷﾂｷﾂｷﾂｷﾂｷﾂｷﾂｷﾂｷﾂｷﾂｷﾂｷﾂｷﾂｷﾂｷﾂｷﾂｷ`  prettier/prettier
161:1  Error: Replace `ﾂｷﾂｷﾂｷﾂｷﾂｷﾂｷﾂｷﾂｷﾂｷﾂｷﾂｷﾂｷﾂｷﾂｷﾂｷﾂｷﾂｷﾂｷﾂｷﾂｷﾂｷ<divﾂｷclassName="text-[9px]ﾂｷtext-gray-400ﾂｷmt-0.5">09:00-23:00` with `ﾂｷﾂｷﾂｷﾂｷﾂｷﾂｷﾂｷﾂｷﾂｷﾂｷﾂｷﾂｷﾂｷﾂｷﾂｷﾂｷﾂｷﾂｷﾂｷﾂｷ<divﾂｷclassName='text-[9px]ﾂｷtext-gray-400ﾂｷmt-0.5'>竢篠ｷﾂｷﾂｷﾂｷﾂｷﾂｷﾂｷﾂｷﾂｷﾂｷﾂｷﾂｷﾂｷﾂｷﾂｷﾂｷﾂｷﾂｷﾂｷﾂｷﾂｷﾂｷ09:00-23:00竢篠ｷﾂｷﾂｷﾂｷﾂｷﾂｷﾂｷﾂｷﾂｷﾂｷﾂｷﾂｷﾂｷﾂｷﾂｷﾂｷﾂｷﾂｷﾂｷﾂｷ`  prettier/prettier
166:17  Error: Visible, non-interactive elements with click handlers must have at least one keyboard listener.  jsx-a11y/click-events-have-key-events
166:17  Error: Avoid non-native interactive elements. If using native HTML is not possible, add an appropriate role and support for tabbing, mouse, keyboard, and touch inputs to an interactive content element.  jsx-a11y/no-static-element-interactions
166:21  Error: Delete `ﾂｷ`  prettier/prettier
167:1  Error: Replace `ﾂｷﾂｷﾂｷﾂｷﾂｷﾂｷﾂｷﾂｷﾂｷﾂｷﾂｷﾂｷﾂｷﾂｷﾂｷﾂｷﾂｷﾂｷﾂｷﾂｷclassName="relativeﾂｷflexﾂｷbg-whiteﾂｷcursor-pointerﾂｷtransition-colors"` with `ﾂｷﾂｷﾂｷﾂｷﾂｷﾂｷﾂｷﾂｷﾂｷﾂｷﾂｷﾂｷﾂｷﾂｷﾂｷﾂｷﾂｷﾂｷclassName='relativeﾂｷflexﾂｷbg-whiteﾂｷcursor-pointerﾂｷtransition-colors'`  prettier/prettier
168:1  Error: Delete `ﾂｷﾂｷ`  prettier/prettier
169:19  Error: Replace `ﾂｷﾂｷonDrop={(e)` with `onDrop={e`  prettier/prettier
170:19  Error: Replace `ﾂｷﾂｷonClick={(e)` with `onClick={e`  prettier/prettier
173:35  Error: Replace `(slot)` with `slot`  prettier/prettier
176:33  Error: Replace `"flex-shrink-0ﾂｷborder-rﾂｷborder-gray-200ﾂｷh-fullﾂｷrelativeﾂｷpointer-events-none"` with `'flex-shrink-0ﾂｷborder-rﾂｷborder-gray-200ﾂｷh-fullﾂｷrelativeﾂｷpointer-events-none'`  prettier/prettier
179:23  Error: Replace `ﾂｷﾂｷ<divﾂｷclassName="absoluteﾂｷleft-1/2ﾂｷtop-0ﾂｷbottom-0ﾂｷborder-rﾂｷborder-gray-100ﾂｷw-0"` with `<divﾂｷclassName='absoluteﾂｷleft-1/2ﾂｷtop-0ﾂｷbottom-0ﾂｷborder-rﾂｷborder-gray-100ﾂｷw-0'`  prettier/prettier
184:34  Error: Replace `"absoluteﾂｷtop-0ﾂｷbottom-0ﾂｷleft-0ﾂｷright-0"` with `'absoluteﾂｷtop-0ﾂｷbottom-0ﾂｷleft-0ﾂｷright-0'`  prettier/prettier
186:40  Error: Delete `ﾂｷ`  prettier/prettier
187:38  Error: Delete `ﾂｷ`  prettier/prettier
188:43  Error: Delete `ﾂｷ`  prettier/prettier
198:21  Error: Replace `ﾂｷﾂｷ<divﾂｷ` with `<div`  prettier/prettier
199:1  Error: Replace `ﾂｷﾂｷﾂｷﾂｷﾂｷﾂｷﾂｷﾂｷﾂｷﾂｷﾂｷﾂｷﾂｷﾂｷﾂｷﾂｷﾂｷﾂｷﾂｷﾂｷﾂｷﾂｷﾂｷﾂｷclassName="absoluteﾂｷtop-0ﾂｷbottom-0ﾂｷz-20ﾂｷpointer-events-noneﾂｷborder-l-2ﾂｷborder-red-500ﾂｷopacity-60"` with `ﾂｷﾂｷﾂｷﾂｷﾂｷﾂｷﾂｷﾂｷﾂｷﾂｷﾂｷﾂｷﾂｷﾂｷﾂｷﾂｷﾂｷﾂｷﾂｷﾂｷﾂｷﾂｷclassName='absoluteﾂｷtop-0ﾂｷbottom-0ﾂｷz-20ﾂｷpointer-events-noneﾂｷborder-l-2ﾂｷborder-red-500ﾂｷopacity-60'`  prettier/prettier
200:1  Error: Replace `ﾂｷﾂｷﾂｷﾂｷﾂｷﾂｷﾂｷﾂｷﾂｷﾂｷﾂｷﾂｷﾂｷﾂｷﾂｷﾂｷﾂｷﾂｷﾂｷﾂｷﾂｷﾂｷﾂｷﾂｷ` with `ﾂｷﾂｷﾂｷﾂｷﾂｷﾂｷﾂｷﾂｷﾂｷﾂｷﾂｷﾂｷﾂｷﾂｷﾂｷﾂｷﾂｷﾂｷﾂｷﾂｷﾂｷﾂｷ`  prettier/prettier
201:21  Error: Delete `ﾂｷﾂｷ`  prettier/prettier
202:1  Error: Replace `ﾂｷﾂｷﾂｷﾂｷﾂｷﾂｷﾂｷﾂｷﾂｷﾂｷﾂｷﾂｷﾂｷﾂｷﾂｷﾂｷﾂｷﾂｷﾂｷﾂｷﾂｷﾂｷﾂｷﾂｷﾂｷ<divﾂｷclassName="absoluteﾂｷ-top-1ﾂｷ-left-[5px]ﾂｷw-2ﾂｷh-2ﾂｷbg-red-500ﾂｷrounded-fullﾂｷshadow-sm"` with `ﾂｷﾂｷﾂｷﾂｷﾂｷﾂｷﾂｷﾂｷﾂｷﾂｷﾂｷﾂｷﾂｷﾂｷﾂｷﾂｷﾂｷﾂｷﾂｷﾂｷﾂｷﾂｷ<divﾂｷclassName='absoluteﾂｷ-top-1ﾂｷ-left-[5px]ﾂｷw-2ﾂｷh-2ﾂｷbg-red-500ﾂｷrounded-fullﾂｷshadow-sm'`  prettier/prettier
203:1  Error: Delete `ﾂｷﾂｷ`  prettier/prettier
213:3  Error: Insert `竢餐  prettier/prettier

./src/legacy/Reservation/components/UnconfirmedReservationsModal.tsx
12:64  Error: Replace `ﾂｷappointments:ﾂｷinitialAppointments,ﾂｷonClose,ﾂｷonConfirmﾂｷ` with `竢篠ｷﾂｷappointments:ﾂｷinitialAppointments,竢篠ｷﾂｷonClose,竢篠ｷﾂｷonConfirm,竢餐  prettier/prettier
21:42  Error: Insert `竢篠ｷﾂｷﾂｷ`  prettier/prettier
22:39  Error: Insert `竢篠ｷﾂｷﾂｷ`  prettier/prettier
25:20  Error: Replace `"fixedﾂｷinset-0ﾂｷz-[60]ﾂｷflexﾂｷitems-centerﾂｷjustify-centerﾂｷp-4"` with `'fixedﾂｷinset-0ﾂｷz-[60]ﾂｷflexﾂｷitems-centerﾂｷjustify-centerﾂｷp-4'`  prettier/prettier
27:7  Error: Visible, non-interactive elements with click handlers must have at least one keyboard listener.  jsx-a11y/click-events-have-key-events
27:7  Error: Avoid non-native interactive elements. If using native HTML is not possible, add an appropriate role and support for tabbing, mouse, keyboard, and touch inputs to an interactive content element.  jsx-a11y/no-static-element-interactions
27:11  Error: Delete `ﾂｷ`  prettier/prettier
28:19  Error: Replace `"absoluteﾂｷinset-0ﾂｷbg-black/50ﾂｷbackdrop-blur-smﾂｷtransition-opacity"ﾂｷ` with `'absoluteﾂｷinset-0ﾂｷbg-black/50ﾂｷbackdrop-blur-smﾂｷtransition-opacity'`  prettier/prettier
33:22  Error: Replace `"relativeﾂｷbg-whiteﾂｷrounded-xlﾂｷshadow-2xlﾂｷw-fullﾂｷmax-w-2xlﾂｷoverflow-hiddenﾂｷflexﾂｷflex-colﾂｷmax-h-[80vh]ﾂｷanimate-inﾂｷfade-inﾂｷzoom-inﾂｷduration-200"` with `'relativeﾂｷbg-whiteﾂｷrounded-xlﾂｷshadow-2xlﾂｷw-fullﾂｷmax-w-2xlﾂｷoverflow-hiddenﾂｷflexﾂｷflex-colﾂｷmax-h-[80vh]ﾂｷanimate-inﾂｷfade-inﾂｷzoom-inﾂｷduration-200'`  prettier/prettier
34:9  Error: Delete `竢篠ｷﾂｷﾂｷﾂｷﾂｷﾂｷﾂｷﾂｷ`  prettier/prettier
36:24  Error: Replace `"flexﾂｷitems-centerﾂｷjustify-betweenﾂｷpx-6ﾂｷpy-4ﾂｷborder-bﾂｷborder-gray-100ﾂｷbg-rose-50"` with `'flexﾂｷitems-centerﾂｷjustify-betweenﾂｷpx-6ﾂｷpy-4ﾂｷborder-bﾂｷborder-gray-100ﾂｷbg-rose-50'`  prettier/prettier
37:25  Error: Replace `"text-lgﾂｷfont-boldﾂｷtext-rose-800ﾂｷflexﾂｷitems-centerﾂｷgap-2"` with `'text-lgﾂｷfont-boldﾂｷtext-rose-800ﾂｷflexﾂｷitems-centerﾂｷgap-2'`  prettier/prettier
38:13  Error: Replace `ﾂｷ<CalendarﾂｷclassName="w-5ﾂｷh-5"` with `<CalendarﾂｷclassName='w-5ﾂｷh-5'`  prettier/prettier
39:1  Error: Delete `ﾂｷ`  prettier/prettier
41:18  Error: Delete `ﾂｷ`  prettier/prettier
43:23  Error: Replace `"p-2ﾂｷtext-gray-400ﾂｷhover:text-gray-600ﾂｷhover:bg-gray-100ﾂｷrounded-fullﾂｷtransition-colors"` with `'p-2ﾂｷtext-gray-400ﾂｷhover:text-gray-600ﾂｷhover:bg-gray-100ﾂｷrounded-fullﾂｷtransition-colors'`  prettier/prettier
45:26  Error: Replace `"w-6ﾂｷh-6"` with `'w-6ﾂｷh-6'`  prettier/prettier
50:24  Error: Replace `"p-0ﾂｷoverflow-y-autoﾂｷbg-gray-50"` with `'p-0ﾂｷoverflow-y-autoﾂｷbg-gray-50'`  prettier/prettier
52:28  Error: Replace `"p-10ﾂｷtext-centerﾂｷtext-gray-500"` with `'p-10ﾂｷtext-centerﾂｷtext-gray-500'`  prettier/prettier
56:28  Error: Replace `"divide-yﾂｷdivide-gray-200"` with `'divide-yﾂｷdivide-gray-200'`  prettier/prettier
57:1  Error: Delete `ﾂｷﾂｷ`  prettier/prettier
58:17  Error: Replace `ﾂｷﾂｷ<divﾂｷkey={appt.id}ﾂｷclassName="bg-whiteﾂｷp-4ﾂｷsm:p-5ﾂｷhover:bg-gray-50ﾂｷtransition-colors">` with `<div竢篠ｷﾂｷﾂｷﾂｷﾂｷﾂｷﾂｷﾂｷﾂｷﾂｷﾂｷﾂｷﾂｷﾂｷﾂｷﾂｷﾂｷﾂｷkey={appt.id}竢篠ｷﾂｷﾂｷﾂｷﾂｷﾂｷﾂｷﾂｷﾂｷﾂｷﾂｷﾂｷﾂｷﾂｷﾂｷﾂｷﾂｷﾂｷclassName='bg-whiteﾂｷp-4ﾂｷsm:p-5ﾂｷhover:bg-gray-50ﾂｷtransition-colors'`  prettier/prettier
59:17  Error: Replace `ﾂｷﾂｷﾂｷﾂｷ<divﾂｷclassName="flexﾂｷflex-colﾂｷsm:flex-rowﾂｷjustify-betweenﾂｷitems-startﾂｷgap-4"` with `>竢篠ｷﾂｷﾂｷﾂｷﾂｷﾂｷﾂｷﾂｷﾂｷﾂｷﾂｷﾂｷﾂｷﾂｷﾂｷﾂｷﾂｷﾂｷ<divﾂｷclassName='flexﾂｷflex-colﾂｷsm:flex-rowﾂｷjustify-betweenﾂｷitems-startﾂｷgap-4'`  prettier/prettier
60:1  Error: Replace `ﾂｷﾂｷﾂｷﾂｷﾂｷﾂｷﾂｷﾂｷﾂｷﾂｷﾂｷﾂｷﾂｷﾂｷﾂｷﾂｷﾂｷﾂｷﾂｷﾂｷﾂｷﾂｷﾂｷﾂｷ<divﾂｷclassName="space-y-2ﾂｷw-full"` with `ﾂｷﾂｷﾂｷﾂｷﾂｷﾂｷﾂｷﾂｷﾂｷﾂｷﾂｷﾂｷﾂｷﾂｷﾂｷﾂｷﾂｷﾂｷﾂｷﾂｷ<divﾂｷclassName='space-y-2ﾂｷw-full'`  prettier/prettier
61:1  Error: Replace `ﾂｷﾂｷﾂｷﾂｷﾂｷﾂｷﾂｷﾂｷﾂｷﾂｷﾂｷﾂｷﾂｷﾂｷﾂｷﾂｷﾂｷﾂｷﾂｷﾂｷﾂｷﾂｷﾂｷﾂｷﾂｷﾂｷﾂｷﾂｷﾂｷ<divﾂｷclassName="flexﾂｷitems-centerﾂｷgap-2"` with `ﾂｷﾂｷﾂｷﾂｷﾂｷﾂｷﾂｷﾂｷﾂｷﾂｷﾂｷﾂｷﾂｷﾂｷﾂｷﾂｷﾂｷﾂｷﾂｷﾂｷﾂｷﾂｷ<divﾂｷclassName='flexﾂｷitems-centerﾂｷgap-2'`  prettier/prettier
62:1  Error: Replace `ﾂｷﾂｷﾂｷﾂｷﾂｷﾂｷﾂｷﾂｷﾂｷﾂｷﾂｷﾂｷﾂｷﾂｷﾂｷﾂｷﾂｷﾂｷﾂｷﾂｷﾂｷﾂｷﾂｷﾂｷﾂｷﾂｷﾂｷﾂｷﾂｷﾂｷﾂｷﾂｷ<spanﾂｷclassName="bg-rose-100ﾂｷtext-rose-600ﾂｷtext-xsﾂｷpx-2ﾂｷpy-0.5ﾂｷroundedﾂｷfont-bold">WEB莠育ｴ・/span>` with `ﾂｷﾂｷﾂｷﾂｷﾂｷﾂｷﾂｷﾂｷﾂｷﾂｷﾂｷﾂｷﾂｷﾂｷﾂｷﾂｷﾂｷﾂｷﾂｷﾂｷﾂｷﾂｷﾂｷﾂｷ<spanﾂｷclassName='bg-rose-100ﾂｷtext-rose-600ﾂｷtext-xsﾂｷpx-2ﾂｷpy-0.5ﾂｷroundedﾂｷfont-bold'>竢篠ｷﾂｷﾂｷﾂｷﾂｷﾂｷﾂｷﾂｷﾂｷﾂｷﾂｷﾂｷﾂｷﾂｷﾂｷﾂｷﾂｷﾂｷﾂｷﾂｷﾂｷﾂｷﾂｷﾂｷﾂｷﾂｷWEB莠育ｴЯ  prettier/prettier
63:23  Error: Replace `ﾂｷﾂｷﾂｷﾂｷﾂｷﾂｷﾂｷﾂｷﾂｷﾂｷ<spanﾂｷclassName="text-smﾂｷtext-gray-500">{appt.date}</span>` with `ﾂｷﾂｷ</span>竢篠ｷﾂｷﾂｷﾂｷﾂｷﾂｷﾂｷﾂｷﾂｷﾂｷﾂｷﾂｷﾂｷﾂｷﾂｷﾂｷﾂｷﾂｷﾂｷﾂｷﾂｷﾂｷﾂｷﾂｷ<spanﾂｷclassName='text-smﾂｷtext-gray-500'>竢篠ｷﾂｷﾂｷﾂｷﾂｷﾂｷﾂｷﾂｷﾂｷﾂｷﾂｷﾂｷﾂｷﾂｷﾂｷﾂｷﾂｷﾂｷﾂｷﾂｷﾂｷﾂｷﾂｷﾂｷﾂｷﾂｷ{appt.date}`  prettier/prettier
64:25  Error: Replace `ﾂｷﾂｷﾂｷﾂｷﾂｷ</div>竢篠ｷﾂｷﾂｷﾂｷﾂｷﾂｷﾂｷﾂｷﾂｷﾂｷﾂｷﾂｷﾂｷﾂｷﾂｷﾂｷﾂｷﾂｷﾂｷﾂｷﾂｷﾂｷﾂｷﾂｷﾂｷﾂｷﾂｷﾂｷﾂｷ<h3ﾂｷclassName="text-lgﾂｷfont-boldﾂｷtext-gray-800ﾂｷflexﾂｷitems-centerﾂｷgap-2"` with `</span>竢篠ｷﾂｷﾂｷﾂｷﾂｷﾂｷﾂｷﾂｷﾂｷﾂｷﾂｷﾂｷﾂｷﾂｷﾂｷﾂｷﾂｷﾂｷﾂｷﾂｷﾂｷﾂｷ</div>竢篠ｷﾂｷﾂｷﾂｷﾂｷﾂｷﾂｷﾂｷﾂｷﾂｷﾂｷﾂｷﾂｷﾂｷﾂｷﾂｷﾂｷﾂｷﾂｷﾂｷﾂｷﾂｷ<h3ﾂｷclassName='text-lgﾂｷfont-boldﾂｷtext-gray-800ﾂｷflexﾂｷitems-centerﾂｷgap-2'`  prettier/prettier
66:1  Error: Replace `ﾂｷﾂｷﾂｷﾂｷﾂｷﾂｷﾂｷﾂｷﾂｷﾂｷﾂｷﾂｷﾂｷﾂｷﾂｷﾂｷﾂｷﾂｷﾂｷﾂｷﾂｷﾂｷﾂｷﾂｷﾂｷﾂｷﾂｷﾂｷﾂｷﾂｷﾂｷﾂｷ` with `ﾂｷﾂｷﾂｷﾂｷﾂｷﾂｷﾂｷﾂｷﾂｷﾂｷﾂｷﾂｷﾂｷﾂｷﾂｷﾂｷﾂｷﾂｷﾂｷﾂｷﾂｷﾂｷﾂｷﾂｷ`  prettier/prettier
67:23  Error: Delete `ﾂｷﾂｷﾂｷﾂｷﾂｷﾂｷﾂｷ`  prettier/prettier
68:1  Error: Replace `ﾂｷﾂｷﾂｷﾂｷﾂｷﾂｷﾂｷﾂｷﾂｷﾂｷﾂｷﾂｷﾂｷﾂｷﾂｷﾂｷﾂｷﾂｷﾂｷﾂｷﾂｷﾂｷﾂｷﾂｷﾂｷﾂｷﾂｷﾂｷﾂｷ<divﾂｷclassName="text-smﾂｷtext-gray-600ﾂｷgridﾂｷgrid-cols-1ﾂｷsm:grid-cols-2ﾂｷgap-x-8ﾂｷgap-y-1ﾂｷmt-2"` with `ﾂｷﾂｷﾂｷﾂｷﾂｷﾂｷﾂｷﾂｷﾂｷﾂｷﾂｷﾂｷﾂｷﾂｷﾂｷﾂｷﾂｷﾂｷﾂｷﾂｷﾂｷﾂｷ<divﾂｷclassName='text-smﾂｷtext-gray-600ﾂｷgridﾂｷgrid-cols-1ﾂｷsm:grid-cols-2ﾂｷgap-x-8ﾂｷgap-y-1ﾂｷmt-2'`  prettier/prettier
69:1  Error: Replace `ﾂｷﾂｷﾂｷﾂｷﾂｷﾂｷﾂｷﾂｷﾂｷﾂｷﾂｷﾂｷﾂｷﾂｷﾂｷﾂｷﾂｷﾂｷﾂｷﾂｷﾂｷﾂｷﾂｷﾂｷﾂｷﾂｷﾂｷﾂｷﾂｷﾂｷﾂｷﾂｷﾂｷ<divﾂｷclassName="flexﾂｷitems-centerﾂｷgap-2"` with `ﾂｷﾂｷﾂｷﾂｷﾂｷﾂｷﾂｷﾂｷﾂｷﾂｷﾂｷﾂｷﾂｷﾂｷﾂｷﾂｷﾂｷﾂｷﾂｷﾂｷﾂｷﾂｷﾂｷﾂｷ<divﾂｷclassName='flexﾂｷitems-centerﾂｷgap-2'`  prettier/prettier
70:1  Error: Replace `ﾂｷﾂｷﾂｷﾂｷﾂｷﾂｷﾂｷﾂｷﾂｷﾂｷﾂｷﾂｷﾂｷﾂｷﾂｷﾂｷﾂｷﾂｷﾂｷﾂｷﾂｷﾂｷﾂｷﾂｷﾂｷﾂｷﾂｷﾂｷﾂｷﾂｷﾂｷﾂｷﾂｷﾂｷﾂｷﾂｷﾂｷ<CalendarﾂｷclassName="w-4ﾂｷh-4ﾂｷtext-gray-400"` with `ﾂｷﾂｷﾂｷﾂｷﾂｷﾂｷﾂｷﾂｷﾂｷﾂｷﾂｷﾂｷﾂｷﾂｷﾂｷﾂｷﾂｷﾂｷﾂｷﾂｷﾂｷﾂｷﾂｷﾂｷﾂｷﾂｷ<CalendarﾂｷclassName='w-4ﾂｷh-4ﾂｷtext-gray-400'`  prettier/prettier
71:1  Error: Replace `ﾂｷﾂｷﾂｷﾂｷﾂｷﾂｷﾂｷﾂｷﾂｷﾂｷﾂｷﾂｷﾂｷﾂｷﾂｷﾂｷﾂｷﾂｷﾂｷﾂｷﾂｷﾂｷﾂｷﾂｷﾂｷﾂｷﾂｷﾂｷﾂｷﾂｷﾂｷﾂｷﾂｷﾂｷﾂｷﾂｷﾂｷ<spanﾂｷclassName="font-monoﾂｷfont-bold"` with `ﾂｷﾂｷﾂｷﾂｷﾂｷﾂｷﾂｷﾂｷﾂｷﾂｷﾂｷﾂｷﾂｷﾂｷﾂｷﾂｷﾂｷﾂｷﾂｷﾂｷﾂｷﾂｷﾂｷﾂｷﾂｷﾂｷ<spanﾂｷclassName='font-monoﾂｷfont-bold'`  prettier/prettier
72:1  Error: Replace `ﾂｷﾂｷﾂｷﾂｷﾂｷﾂｷﾂｷﾂｷﾂｷﾂｷﾂｷﾂｷﾂｷﾂｷﾂｷﾂｷﾂｷﾂｷﾂｷﾂｷﾂｷﾂｷﾂｷﾂｷﾂｷﾂｷﾂｷﾂｷﾂｷﾂｷﾂｷﾂｷﾂｷﾂｷﾂｷﾂｷﾂｷﾂｷﾂｷﾂｷﾂｷ{String(appt.startHour).padStart(2,ﾂｷ'0')}:{String(appt.startMinute).padStart(2,ﾂｷ'0')}ﾂｷ-ﾂｷ{String(appt.endHour).padStart(2,ﾂｷ'0')}:` with `ﾂｷﾂｷﾂｷﾂｷﾂｷﾂｷﾂｷﾂｷﾂｷﾂｷﾂｷﾂｷﾂｷﾂｷﾂｷﾂｷﾂｷﾂｷﾂｷﾂｷﾂｷﾂｷﾂｷﾂｷﾂｷﾂｷﾂｷﾂｷ{String(appt.startHour).padStart(2,ﾂｷ'0')}:竢篠ｷﾂｷﾂｷﾂｷﾂｷﾂｷﾂｷﾂｷﾂｷﾂｷﾂｷﾂｷﾂｷﾂｷﾂｷﾂｷﾂｷﾂｷﾂｷﾂｷﾂｷﾂｷﾂｷﾂｷﾂｷﾂｷﾂｷﾂｷ{String(appt.startMinute).padStart(2,ﾂｷ'0')}ﾂｷ-{'ﾂｷ'}竢篠ｷﾂｷﾂｷﾂｷﾂｷﾂｷﾂｷﾂｷﾂｷﾂｷﾂｷﾂｷﾂｷﾂｷﾂｷﾂｷﾂｷﾂｷﾂｷﾂｷﾂｷﾂｷﾂｷﾂｷﾂｷﾂｷﾂｷﾂｷ{String(appt.endHour).padStart(2,ﾂｷ'0')}:竢篠ｷﾂｷﾂｷﾂｷﾂｷﾂｷﾂｷﾂｷﾂｷﾂｷﾂｷﾂｷﾂｷﾂｷﾂｷﾂｷﾂｷﾂｷﾂｷﾂｷﾂｷﾂｷﾂｷﾂｷﾂｷﾂｷﾂｷﾂｷ`  prettier/prettier
73:27  Error: Delete `ﾂｷﾂｷﾂｷﾂｷﾂｷﾂｷﾂｷﾂｷﾂｷﾂｷﾂｷ`  prettier/prettier
74:25  Error: Delete `ﾂｷﾂｷﾂｷﾂｷﾂｷﾂｷﾂｷﾂｷﾂｷ`  prettier/prettier
75:1  Error: Replace `ﾂｷﾂｷﾂｷﾂｷﾂｷﾂｷﾂｷﾂｷﾂｷﾂｷﾂｷﾂｷﾂｷﾂｷﾂｷﾂｷﾂｷﾂｷﾂｷﾂｷﾂｷﾂｷﾂｷﾂｷﾂｷﾂｷﾂｷﾂｷﾂｷﾂｷﾂｷﾂｷﾂｷ<divﾂｷclassName="flexﾂｷitems-centerﾂｷgap-2"` with `ﾂｷﾂｷﾂｷﾂｷﾂｷﾂｷﾂｷﾂｷﾂｷﾂｷﾂｷﾂｷﾂｷﾂｷﾂｷﾂｷﾂｷﾂｷﾂｷﾂｷﾂｷﾂｷﾂｷﾂｷ<divﾂｷclassName='flexﾂｷitems-centerﾂｷgap-2'`  prettier/prettier
76:1  Error: Replace `ﾂｷﾂｷﾂｷﾂｷﾂｷﾂｷﾂｷﾂｷﾂｷﾂｷﾂｷﾂｷﾂｷﾂｷﾂｷﾂｷﾂｷﾂｷﾂｷﾂｷﾂｷﾂｷﾂｷﾂｷﾂｷﾂｷﾂｷﾂｷﾂｷﾂｷﾂｷﾂｷﾂｷﾂｷﾂｷﾂｷﾂｷ<UserﾂｷclassName="w-4ﾂｷh-4ﾂｷtext-gray-400"` with `ﾂｷﾂｷﾂｷﾂｷﾂｷﾂｷﾂｷﾂｷﾂｷﾂｷﾂｷﾂｷﾂｷﾂｷﾂｷﾂｷﾂｷﾂｷﾂｷﾂｷﾂｷﾂｷﾂｷﾂｷﾂｷﾂｷ<UserﾂｷclassName='w-4ﾂｷh-4ﾂｷtext-gray-400'`  prettier/prettier
77:27  Error: Delete `ﾂｷﾂｷﾂｷﾂｷﾂｷﾂｷﾂｷﾂｷﾂｷﾂｷﾂｷ`  prettier/prettier
78:25  Error: Delete `ﾂｷﾂｷﾂｷﾂｷﾂｷﾂｷﾂｷﾂｷﾂｷ`  prettier/prettier
79:1  Error: Replace `ﾂｷﾂｷﾂｷﾂｷﾂｷﾂｷﾂｷﾂｷﾂｷﾂｷﾂｷﾂｷﾂｷﾂｷﾂｷﾂｷﾂｷﾂｷﾂｷﾂｷﾂｷﾂｷﾂｷﾂｷﾂｷﾂｷﾂｷﾂｷﾂｷﾂｷﾂｷﾂｷﾂｷ<divﾂｷclassName="flexﾂｷitems-centerﾂｷgap-2ﾂｷsm:col-span-2"` with `ﾂｷﾂｷﾂｷﾂｷﾂｷﾂｷﾂｷﾂｷﾂｷﾂｷﾂｷﾂｷﾂｷﾂｷﾂｷﾂｷﾂｷﾂｷﾂｷﾂｷﾂｷﾂｷﾂｷﾂｷ<divﾂｷclassName='flexﾂｷitems-centerﾂｷgap-2ﾂｷsm:col-span-2'`  prettier/prettier
80:1  Error: Replace `ﾂｷﾂｷﾂｷﾂｷﾂｷﾂｷﾂｷﾂｷﾂｷﾂｷﾂｷﾂｷﾂｷﾂｷﾂｷﾂｷﾂｷﾂｷﾂｷﾂｷﾂｷﾂｷﾂｷﾂｷﾂｷﾂｷﾂｷﾂｷﾂｷﾂｷﾂｷﾂｷﾂｷﾂｷﾂｷﾂｷﾂｷ<ScissorsﾂｷclassName="w-4ﾂｷh-4ﾂｷtext-gray-400"` with `ﾂｷﾂｷﾂｷﾂｷﾂｷﾂｷﾂｷﾂｷﾂｷﾂｷﾂｷﾂｷﾂｷﾂｷﾂｷﾂｷﾂｷﾂｷﾂｷﾂｷﾂｷﾂｷﾂｷﾂｷﾂｷﾂｷ<ScissorsﾂｷclassName='w-4ﾂｷh-4ﾂｷtext-gray-400'`  prettier/prettier
81:1  Error: Delete `ﾂｷﾂｷﾂｷﾂｷﾂｷﾂｷﾂｷﾂｷﾂｷﾂｷﾂｷ`  prettier/prettier
82:25  Error: Delete `ﾂｷﾂｷﾂｷﾂｷﾂｷﾂｷﾂｷﾂｷﾂｷ`  prettier/prettier
83:1  Error: Replace `ﾂｷﾂｷﾂｷﾂｷﾂｷﾂｷﾂｷﾂｷﾂｷﾂｷﾂｷﾂｷﾂｷﾂｷﾂｷﾂｷﾂｷﾂｷﾂｷﾂｷﾂｷﾂｷﾂｷﾂｷﾂｷﾂｷﾂｷﾂｷﾂｷ` with `ﾂｷﾂｷﾂｷﾂｷﾂｷﾂｷﾂｷﾂｷﾂｷﾂｷﾂｷﾂｷﾂｷﾂｷﾂｷﾂｷﾂｷﾂｷﾂｷﾂｷﾂｷﾂｷ`  prettier/prettier
84:1  Error: Delete `ﾂｷﾂｷﾂｷﾂｷﾂｷﾂｷﾂｷ`  prettier/prettier
85:1  Error: Replace `ﾂｷﾂｷﾂｷﾂｷﾂｷﾂｷﾂｷﾂｷﾂｷﾂｷﾂｷﾂｷﾂｷﾂｷﾂｷﾂｷﾂｷﾂｷﾂｷﾂｷﾂｷﾂｷﾂｷﾂｷﾂｷﾂｷﾂｷﾂｷﾂｷﾂｷﾂｷﾂｷﾂｷ<divﾂｷclassName="mt-2ﾂｷtext-xsﾂｷbg-yellow-50ﾂｷtext-gray-600ﾂｷp-2ﾂｷroundedﾂｷborderﾂｷborder-yellow-100"` with `ﾂｷﾂｷﾂｷﾂｷﾂｷﾂｷﾂｷﾂｷﾂｷﾂｷﾂｷﾂｷﾂｷﾂｷﾂｷﾂｷﾂｷﾂｷﾂｷﾂｷﾂｷﾂｷﾂｷﾂｷ<divﾂｷclassName='mt-2ﾂｷtext-xsﾂｷbg-yellow-50ﾂｷtext-gray-600ﾂｷp-2ﾂｷroundedﾂｷborderﾂｷborder-yellow-100'`  prettier/prettier
86:27  Error: Delete `ﾂｷﾂｷﾂｷﾂｷﾂｷﾂｷﾂｷﾂｷﾂｷﾂｷﾂｷ`  prettier/prettier
87:25  Error: Delete `ﾂｷﾂｷﾂｷﾂｷﾂｷﾂｷﾂｷﾂｷﾂｷ`  prettier/prettier
88:1  Error: Replace `ﾂｷﾂｷﾂｷﾂｷﾂｷﾂｷﾂｷﾂｷﾂｷﾂｷﾂｷﾂｷﾂｷﾂｷﾂｷﾂｷﾂｷﾂｷﾂｷﾂｷﾂｷﾂｷﾂｷﾂｷﾂｷﾂｷﾂｷﾂｷﾂｷ` with `ﾂｷﾂｷﾂｷﾂｷﾂｷﾂｷﾂｷﾂｷﾂｷﾂｷﾂｷﾂｷﾂｷﾂｷﾂｷﾂｷﾂｷﾂｷﾂｷﾂｷﾂｷﾂｷ`  prettier/prettier
89:1  Error: Delete `ﾂｷﾂｷﾂｷﾂｷ`  prettier/prettier
90:21  Error: Replace `ﾂｷﾂｷﾂｷﾂｷ<divﾂｷclassName="flexﾂｷsm:flex-colﾂｷgap-2ﾂｷw-fullﾂｷsm:w-autoﾂｷmt-2ﾂｷsm:mt-0ﾂｷsm:ml-4"` with `<divﾂｷclassName='flexﾂｷsm:flex-colﾂｷgap-2ﾂｷw-fullﾂｷsm:w-autoﾂｷmt-2ﾂｷsm:mt-0ﾂｷsm:ml-4'`  prettier/prettier
91:1  Error: Replace `ﾂｷﾂｷﾂｷﾂｷﾂｷﾂｷﾂｷﾂｷﾂｷﾂｷﾂｷﾂｷﾂｷﾂｷﾂｷﾂｷﾂｷﾂｷﾂｷﾂｷﾂｷﾂｷﾂｷﾂｷﾂｷﾂｷﾂｷﾂｷ<buttonﾂｷ` with `ﾂｷﾂｷﾂｷﾂｷﾂｷﾂｷﾂｷﾂｷﾂｷﾂｷﾂｷﾂｷﾂｷﾂｷﾂｷﾂｷﾂｷﾂｷﾂｷﾂｷﾂｷﾂｷ<button`  prettier/prettier
92:1  Error: Replace `ﾂｷﾂｷﾂｷﾂｷﾂｷﾂｷﾂｷﾂｷﾂｷﾂｷﾂｷﾂｷﾂｷﾂｷﾂｷﾂｷﾂｷﾂｷﾂｷﾂｷﾂｷﾂｷﾂｷﾂｷﾂｷﾂｷﾂｷﾂｷﾂｷﾂｷﾂｷﾂｷ` with `ﾂｷﾂｷﾂｷﾂｷﾂｷﾂｷﾂｷﾂｷﾂｷﾂｷﾂｷﾂｷﾂｷﾂｷﾂｷﾂｷﾂｷﾂｷﾂｷﾂｷﾂｷﾂｷﾂｷﾂｷ`  prettier/prettier
93:25  Error: Replace `ﾂｷﾂｷﾂｷﾂｷﾂｷﾂｷﾂｷﾂｷclassName="flex-1ﾂｷsm:flex-noneﾂｷpx-4ﾂｷpy-2ﾂｷbg-sky-600ﾂｷtext-whiteﾂｷtext-smﾂｷfont-boldﾂｷroundedﾂｷshadow-smﾂｷhover:bg-sky-700ﾂｷflexﾂｷitems-centerﾂｷjustify-centerﾂｷgap-1ﾂｷmin-w-[100px]"` with `className='flex-1ﾂｷsm:flex-noneﾂｷpx-4ﾂｷpy-2ﾂｷbg-sky-600ﾂｷtext-whiteﾂｷtext-smﾂｷfont-boldﾂｷroundedﾂｷshadow-smﾂｷhover:bg-sky-700ﾂｷflexﾂｷitems-centerﾂｷjustify-centerﾂｷgap-1ﾂｷmin-w-[100px]'`  prettier/prettier
94:1  Error: Replace `ﾂｷﾂｷﾂｷﾂｷﾂｷﾂｷﾂｷﾂｷﾂｷﾂｷﾂｷﾂｷﾂｷﾂｷﾂｷﾂｷﾂｷﾂｷﾂｷﾂｷﾂｷﾂｷﾂｷﾂｷﾂｷﾂｷﾂｷﾂｷ` with `ﾂｷﾂｷﾂｷﾂｷﾂｷﾂｷﾂｷﾂｷﾂｷﾂｷﾂｷﾂｷﾂｷﾂｷﾂｷﾂｷﾂｷﾂｷﾂｷﾂｷﾂｷﾂｷ`  prettier/prettier
95:1  Error: Replace `ﾂｷﾂｷﾂｷﾂｷﾂｷﾂｷﾂｷﾂｷﾂｷﾂｷﾂｷﾂｷﾂｷﾂｷﾂｷﾂｷﾂｷﾂｷﾂｷﾂｷﾂｷﾂｷﾂｷﾂｷﾂｷﾂｷﾂｷﾂｷﾂｷﾂｷﾂｷﾂｷ<CheckﾂｷclassName="w-4ﾂｷh-4"` with `ﾂｷﾂｷﾂｷﾂｷﾂｷﾂｷﾂｷﾂｷﾂｷﾂｷﾂｷﾂｷﾂｷﾂｷﾂｷﾂｷﾂｷﾂｷﾂｷﾂｷﾂｷﾂｷﾂｷﾂｷ<CheckﾂｷclassName='w-4ﾂｷh-4'`  prettier/prettier
96:1  Error: Delete `ﾂｷﾂｷﾂｷﾂｷﾂｷﾂｷﾂｷﾂｷ`  prettier/prettier
97:1  Error: Replace `ﾂｷﾂｷﾂｷﾂｷﾂｷﾂｷﾂｷﾂｷﾂｷﾂｷﾂｷﾂｷﾂｷﾂｷﾂｷﾂｷﾂｷﾂｷﾂｷﾂｷﾂｷﾂｷﾂｷﾂｷﾂｷﾂｷﾂｷﾂｷ` with `ﾂｷﾂｷﾂｷﾂｷﾂｷﾂｷﾂｷﾂｷﾂｷﾂｷﾂｷﾂｷﾂｷﾂｷﾂｷﾂｷﾂｷﾂｷﾂｷﾂｷﾂｷﾂｷ`  prettier/prettier
98:1  Error: Replace `ﾂｷﾂｷﾂｷﾂｷﾂｷﾂｷﾂｷﾂｷﾂｷﾂｷﾂｷﾂｷﾂｷﾂｷﾂｷﾂｷﾂｷﾂｷﾂｷﾂｷﾂｷﾂｷﾂｷﾂｷﾂｷﾂｷﾂｷﾂｷ<buttonﾂｷclassName="flex-1ﾂｷsm:flex-noneﾂｷpx-4ﾂｷpy-2ﾂｷbg-whiteﾂｷborderﾂｷborder-gray-300ﾂｷtext-gray-600ﾂｷtext-smﾂｷfont-boldﾂｷroundedﾂｷshadow-smﾂｷhover:bg-gray-100ﾂｷmin-w-[100px]"` with `ﾂｷﾂｷﾂｷﾂｷﾂｷﾂｷﾂｷﾂｷﾂｷﾂｷﾂｷﾂｷﾂｷﾂｷﾂｷﾂｷﾂｷﾂｷﾂｷﾂｷﾂｷﾂｷ<buttonﾂｷclassName='flex-1ﾂｷsm:flex-noneﾂｷpx-4ﾂｷpy-2ﾂｷbg-whiteﾂｷborderﾂｷborder-gray-300ﾂｷtext-gray-600ﾂｷtext-smﾂｷfont-boldﾂｷroundedﾂｷshadow-smﾂｷhover:bg-gray-100ﾂｷmin-w-[100px]'`  prettier/prettier
99:1  Error: Delete `ﾂｷﾂｷﾂｷﾂｷﾂｷﾂｷﾂｷﾂｷ`  prettier/prettier
100:1  Error: Replace `ﾂｷﾂｷﾂｷﾂｷﾂｷﾂｷﾂｷﾂｷﾂｷﾂｷﾂｷﾂｷﾂｷﾂｷﾂｷﾂｷﾂｷﾂｷﾂｷﾂｷﾂｷﾂｷﾂｷﾂｷﾂｷﾂｷﾂｷﾂｷ</button>竢篠ｷﾂｷﾂｷﾂｷﾂｷﾂｷﾂｷﾂｷﾂｷﾂｷﾂｷﾂｷﾂｷﾂｷﾂｷﾂｷﾂｷﾂｷﾂｷﾂｷﾂｷﾂｷﾂｷﾂｷ</div` with `ﾂｷﾂｷﾂｷﾂｷﾂｷﾂｷﾂｷﾂｷﾂｷﾂｷﾂｷﾂｷﾂｷﾂｷﾂｷﾂｷﾂｷﾂｷﾂｷﾂｷﾂｷﾂｷ</button`  prettier/prettier
104:17  Error: Insert `</div>竢篠ｷﾂｷﾂｷﾂｷﾂｷﾂｷﾂｷﾂｷﾂｷﾂｷﾂｷﾂｷﾂｷﾂｷ`  prettier/prettier
110:24  Error: Replace `"bg-gray-50ﾂｷpx-6ﾂｷpy-4ﾂｷborder-tﾂｷborder-gray-200ﾂｷflexﾂｷjustify-end"` with `'bg-gray-50ﾂｷpx-6ﾂｷpy-4ﾂｷborder-tﾂｷborder-gray-200ﾂｷflexﾂｷjustify-end'`  prettier/prettier
111:18  Error: Delete `ﾂｷ`  prettier/prettier
113:23  Error: Replace `"px-4ﾂｷpy-2ﾂｷbg-gray-600ﾂｷborderﾂｷborder-transparentﾂｷrounded-mdﾂｷtext-smﾂｷfont-boldﾂｷtext-whiteﾂｷshadow-smﾂｷhover:bg-gray-700"` with `'px-4ﾂｷpy-2ﾂｷbg-gray-600ﾂｷborderﾂｷborder-transparentﾂｷrounded-mdﾂｷtext-smﾂｷfont-boldﾂｷtext-whiteﾂｷshadow-smﾂｷhover:bg-gray-700'`  prettier/prettier
121:3  Error: Insert `竢餐  prettier/prettier

./src/legacy/Reservation/constants.ts
1:9  Error: Replace `ﾂｷResource,ﾂｷAppointment,ﾂｷTimeSlot,ﾂｷMenu,ﾂｷOptionItem,ﾂｷNotificationﾂｷ` with `竢篠ｷﾂｷResource,竢篠ｷﾂｷAppointment,竢篠ｷﾂｷTimeSlot,竢篠ｷﾂｷMenu,竢篠ｷﾂｷOptionItem,竢篠ｷﾂｷNotification,竢餐  prettier/prettier
49:4  Error: Replace `ﾂｷid:ﾂｷ'a1',ﾂｷresourceId:ﾂｷ'r1',ﾂｷdate:ﾂｷBASE_DATE,ﾂｷstartHour:ﾂｷ9,ﾂｷstartMinute:ﾂｷ0,ﾂｷendHour:ﾂｷ23,ﾂｷendMinute:ﾂｷ0,ﾂｷtitle:ﾂｷ'繧ｹ繧ｿ繝・ヵ莨・,ﾂｷtype:ﾂｷ'holiday',ﾂｷcolor:ﾂｷ'grey'` with `竢篠ｷﾂｷﾂｷﾂｷid:ﾂｷ'a1',竢篠ｷﾂｷﾂｷﾂｷresourceId:ﾂｷ'r1',竢篠ｷﾂｷﾂｷﾂｷdate:ﾂｷBASE_DATE,竢篠ｷﾂｷﾂｷﾂｷstartHour:ﾂｷ9,竢篠ｷﾂｷﾂｷﾂｷstartMinute:ﾂｷ0,竢篠ｷﾂｷﾂｷﾂｷendHour:ﾂｷ23,竢篠ｷﾂｷﾂｷﾂｷendMinute:ﾂｷ0,竢篠ｷﾂｷﾂｷﾂｷtitle:ﾂｷ'繧ｹ繧ｿ繝・ヵ莨・,竢篠ｷﾂｷﾂｷﾂｷtype:ﾂｷ'holiday',竢篠ｷﾂｷﾂｷﾂｷcolor:ﾂｷ'grey',竢篠ｷ`  prettier/prettier
50:1  Error: Delete `ﾂｷﾂｷ`  prettier/prettier
52:4  Error: Replace `ﾂｷid:ﾂｷ'a2',ﾂｷresourceId:ﾂｷ'r2',ﾂｷdate:ﾂｷBASE_DATE,ﾂｷstartHour:ﾂｷ9,ﾂｷstartMinute:ﾂｷ0,ﾂｷendHour:ﾂｷ10,ﾂｷendMinute:ﾂｷ0,ﾂｷtitle:ﾂｷ'繝ｪ繝薙ャ繝・ｷ螟ｪ驛・,ﾂｷlastName:ﾂｷ'繝ｪ繝薙ャ繝・,ﾂｷfirstName:ﾂｷ'螟ｪ驛・,ﾂｷmenuId:ﾂｷ'm1',ﾂｷoptionId:ﾂｷ'o1',ﾂｷtype:ﾂｷ'normal',ﾂｷcolor:ﾂｷ'red',ﾂｷicon:ﾂｷtrue,ﾂｷmemo:ﾂｷ'蛻晏屓繧ｯ繝ｼ繝昴Φ蛻ｩ逕ｨ縲りか縺薙ｊ縺後・縺ｩ縺・→縺ｮ縺薙→縲・` with `竢篠ｷﾂｷﾂｷﾂｷid:ﾂｷ'a2',竢篠ｷﾂｷﾂｷﾂｷresourceId:ﾂｷ'r2',竢篠ｷﾂｷﾂｷﾂｷdate:ﾂｷBASE_DATE,竢篠ｷﾂｷﾂｷﾂｷstartHour:ﾂｷ9,竢篠ｷﾂｷﾂｷﾂｷstartMinute:ﾂｷ0,竢篠ｷﾂｷﾂｷﾂｷendHour:ﾂｷ10,竢篠ｷﾂｷﾂｷﾂｷendMinute:ﾂｷ0,竢篠ｷﾂｷﾂｷﾂｷtitle:ﾂｷ'繝ｪ繝薙ャ繝・ｷ螟ｪ驛・,竢篠ｷﾂｷﾂｷﾂｷlastName:ﾂｷ'繝ｪ繝薙ャ繝・,竢篠ｷﾂｷﾂｷﾂｷfirstName:ﾂｷ'螟ｪ驛・,竢篠ｷﾂｷﾂｷﾂｷmenuId:ﾂｷ'm1',竢篠ｷﾂｷﾂｷﾂｷoptionId:ﾂｷ'o1',竢篠ｷﾂｷﾂｷﾂｷtype:ﾂｷ'normal',竢篠ｷﾂｷﾂｷﾂｷcolor:ﾂｷ'red',竢篠ｷﾂｷﾂｷﾂｷicon:ﾂｷtrue,竢篠ｷﾂｷﾂｷﾂｷmemo:ﾂｷ'蛻晏屓繧ｯ繝ｼ繝昴Φ蛻ｩ逕ｨ縲りか縺薙ｊ縺後・縺ｩ縺・→縺ｮ縺薙→縲・,竢篠ｷ`  prettier/prettier
53:4  Error: Replace `ﾂｷid:ﾂｷ'a3',ﾂｷresourceId:ﾂｷ'r2',ﾂｷdate:ﾂｷBASE_DATE,ﾂｷstartHour:ﾂｷ11,ﾂｷstartMinute:ﾂｷ0,ﾂｷendHour:ﾂｷ12,ﾂｷendMinute:ﾂｷ30,ﾂｷtitle:ﾂｷ'繝ｪ繝薙ャ繝・ｷ蝗幃ヮ',ﾂｷlastName:ﾂｷ'繝ｪ繝薙ャ繝・,ﾂｷfirstName:ﾂｷ'蝗幃ヮ',ﾂｷmenuId:ﾂｷ'm3',ﾂｷoptionId:ﾂｷ'o1',ﾂｷtype:ﾂｷ'normal',ﾂｷcolor:ﾂｷ'pink'` with `竢篠ｷﾂｷﾂｷﾂｷid:ﾂｷ'a3',竢篠ｷﾂｷﾂｷﾂｷresourceId:ﾂｷ'r2',竢篠ｷﾂｷﾂｷﾂｷdate:ﾂｷBASE_DATE,竢篠ｷﾂｷﾂｷﾂｷstartHour:ﾂｷ11,竢篠ｷﾂｷﾂｷﾂｷstartMinute:ﾂｷ0,竢篠ｷﾂｷﾂｷﾂｷendHour:ﾂｷ12,竢篠ｷﾂｷﾂｷﾂｷendMinute:ﾂｷ30,竢篠ｷﾂｷﾂｷﾂｷtitle:ﾂｷ'繝ｪ繝薙ャ繝・ｷ蝗幃ヮ',竢篠ｷﾂｷﾂｷﾂｷlastName:ﾂｷ'繝ｪ繝薙ャ繝・,竢篠ｷﾂｷﾂｷﾂｷfirstName:ﾂｷ'蝗幃ヮ',竢篠ｷﾂｷﾂｷﾂｷmenuId:ﾂｷ'm3',竢篠ｷﾂｷﾂｷﾂｷoptionId:ﾂｷ'o1',竢篠ｷﾂｷﾂｷﾂｷtype:ﾂｷ'normal',竢篠ｷﾂｷﾂｷﾂｷcolor:ﾂｷ'pink',竢篠ｷ`  prettier/prettier
54:4  Error: Replace `ﾂｷid:ﾂｷ'a4',ﾂｷresourceId:ﾂｷ'r2',ﾂｷdate:ﾂｷBASE_DATE,ﾂｷstartHour:ﾂｷ12,ﾂｷstartMinute:ﾂｷ30,ﾂｷendHour:ﾂｷ14,ﾂｷendMinute:ﾂｷ0,ﾂｷtitle:ﾂｷ'繝ｪ繝薙ャ繝・ｷ莠秘ヮ',ﾂｷlastName:ﾂｷ'繝ｪ繝薙ャ繝・,ﾂｷfirstName:ﾂｷ'莠秘ヮ',ﾂｷmenuId:ﾂｷ'm2',ﾂｷoptionId:ﾂｷ'o2',ﾂｷtype:ﾂｷ'normal',ﾂｷcolor:ﾂｷ'purple'` with `竢篠ｷﾂｷﾂｷﾂｷid:ﾂｷ'a4',竢篠ｷﾂｷﾂｷﾂｷresourceId:ﾂｷ'r2',竢篠ｷﾂｷﾂｷﾂｷdate:ﾂｷBASE_DATE,竢篠ｷﾂｷﾂｷﾂｷstartHour:ﾂｷ12,竢篠ｷﾂｷﾂｷﾂｷstartMinute:ﾂｷ30,竢篠ｷﾂｷﾂｷﾂｷendHour:ﾂｷ14,竢篠ｷﾂｷﾂｷﾂｷendMinute:ﾂｷ0,竢篠ｷﾂｷﾂｷﾂｷtitle:ﾂｷ'繝ｪ繝薙ャ繝・ｷ莠秘ヮ',竢篠ｷﾂｷﾂｷﾂｷlastName:ﾂｷ'繝ｪ繝薙ャ繝・,竢篠ｷﾂｷﾂｷﾂｷfirstName:ﾂｷ'莠秘ヮ',竢篠ｷﾂｷﾂｷﾂｷmenuId:ﾂｷ'm2',竢篠ｷﾂｷﾂｷﾂｷoptionId:ﾂｷ'o2',竢篠ｷﾂｷﾂｷﾂｷtype:ﾂｷ'normal',竢篠ｷﾂｷﾂｷﾂｷcolor:ﾂｷ'purple',竢篠ｷ`  prettier/prettier
55:4  Error: Replace `ﾂｷid:ﾂｷ'a5',ﾂｷresourceId:ﾂｷ'r2',ﾂｷdate:ﾂｷBASE_DATE,ﾂｷstartHour:ﾂｷ16,ﾂｷstartMinute:ﾂｷ0,ﾂｷendHour:ﾂｷ18,ﾂｷendMinute:ﾂｷ0,ﾂｷtitle:ﾂｷ'繝ｪ繝薙ャ繝・ｷ莠碁ヮ',ﾂｷlastName:ﾂｷ'繝ｪ繝薙ャ繝・,ﾂｷfirstName:ﾂｷ'莠碁ヮ',ﾂｷmenuId:ﾂｷ'm2',ﾂｷoptionId:ﾂｷ'o1',ﾂｷtype:ﾂｷ'normal',ﾂｷcolor:ﾂｷ'purple'` with `竢篠ｷﾂｷﾂｷﾂｷid:ﾂｷ'a5',竢篠ｷﾂｷﾂｷﾂｷresourceId:ﾂｷ'r2',竢篠ｷﾂｷﾂｷﾂｷdate:ﾂｷBASE_DATE,竢篠ｷﾂｷﾂｷﾂｷstartHour:ﾂｷ16,竢篠ｷﾂｷﾂｷﾂｷstartMinute:ﾂｷ0,竢篠ｷﾂｷﾂｷﾂｷendHour:ﾂｷ18,竢篠ｷﾂｷﾂｷﾂｷendMinute:ﾂｷ0,竢篠ｷﾂｷﾂｷﾂｷtitle:ﾂｷ'繝ｪ繝薙ャ繝・ｷ莠碁ヮ',竢篠ｷﾂｷﾂｷﾂｷlastName:ﾂｷ'繝ｪ繝薙ャ繝・,竢篠ｷﾂｷﾂｷﾂｷfirstName:ﾂｷ'莠碁ヮ',竢篠ｷﾂｷﾂｷﾂｷmenuId:ﾂｷ'm2',竢篠ｷﾂｷﾂｷﾂｷoptionId:ﾂｷ'o1',竢篠ｷﾂｷﾂｷﾂｷtype:ﾂｷ'normal',竢篠ｷﾂｷﾂｷﾂｷcolor:ﾂｷ'purple',竢篠ｷ`  prettier/prettier
58:4  Error: Replace `ﾂｷid:ﾂｷ'a6',ﾂｷresourceId:ﾂｷ'r3',ﾂｷdate:ﾂｷBASE_DATE,ﾂｷstartHour:ﾂｷ11,ﾂｷstartMinute:ﾂｷ0,ﾂｷendHour:ﾂｷ14,ﾂｷendMinute:ﾂｷ0,ﾂｷtitle:ﾂｷ'雋ｩ螢ｲ蛛懈ｭ｢',ﾂｷtype:ﾂｷ'blocked',ﾂｷcolor:ﾂｷ'grey'` with `竢篠ｷﾂｷﾂｷﾂｷid:ﾂｷ'a6',竢篠ｷﾂｷﾂｷﾂｷresourceId:ﾂｷ'r3',竢篠ｷﾂｷﾂｷﾂｷdate:ﾂｷBASE_DATE,竢篠ｷﾂｷﾂｷﾂｷstartHour:ﾂｷ11,竢篠ｷﾂｷﾂｷﾂｷstartMinute:ﾂｷ0,竢篠ｷﾂｷﾂｷﾂｷendHour:ﾂｷ14,竢篠ｷﾂｷﾂｷﾂｷendMinute:ﾂｷ0,竢篠ｷﾂｷﾂｷﾂｷtitle:ﾂｷ'雋ｩ螢ｲ蛛懈ｭ｢',竢篠ｷﾂｷﾂｷﾂｷtype:ﾂｷ'blocked',竢篠ｷﾂｷﾂｷﾂｷcolor:ﾂｷ'grey',竢篠ｷ`  prettier/prettier
59:4  Error: Replace `ﾂｷid:ﾂｷ'a7',ﾂｷresourceId:ﾂｷ'r3',ﾂｷdate:ﾂｷBASE_DATE,ﾂｷstartHour:ﾂｷ14,ﾂｷstartMinute:ﾂｷ0,ﾂｷendHour:ﾂｷ15,ﾂｷendMinute:ﾂｷ30,ﾂｷtitle:ﾂｷ'繝ｪ繝薙ャ繝・ｷ闃ｱ蟄・,ﾂｷlastName:ﾂｷ'繝ｪ繝薙ャ繝・,ﾂｷfirstName:ﾂｷ'闃ｱ蟄・,ﾂｷmenuId:ﾂｷ'm1',ﾂｷoptionId:ﾂｷ'o4',ﾂｷtype:ﾂｷ'normal',ﾂｷcolor:ﾂｷ'pink',ﾂｷmemo:ﾂｷ'蜑榊屓驕・綾縺ゅｊ縲りｦ∵ｳｨ諢上・` with `竢篠ｷﾂｷﾂｷﾂｷid:ﾂｷ'a7',竢篠ｷﾂｷﾂｷﾂｷresourceId:ﾂｷ'r3',竢篠ｷﾂｷﾂｷﾂｷdate:ﾂｷBASE_DATE,竢篠ｷﾂｷﾂｷﾂｷstartHour:ﾂｷ14,竢篠ｷﾂｷﾂｷﾂｷstartMinute:ﾂｷ0,竢篠ｷﾂｷﾂｷﾂｷendHour:ﾂｷ15,竢篠ｷﾂｷﾂｷﾂｷendMinute:ﾂｷ30,竢篠ｷﾂｷﾂｷﾂｷtitle:ﾂｷ'繝ｪ繝薙ャ繝・ｷ闃ｱ蟄・,竢篠ｷﾂｷﾂｷﾂｷlastName:ﾂｷ'繝ｪ繝薙ャ繝・,竢篠ｷﾂｷﾂｷﾂｷfirstName:ﾂｷ'闃ｱ蟄・,竢篠ｷﾂｷﾂｷﾂｷmenuId:ﾂｷ'm1',竢篠ｷﾂｷﾂｷﾂｷoptionId:ﾂｷ'o4',竢篠ｷﾂｷﾂｷﾂｷtype:ﾂｷ'normal',竢篠ｷﾂｷﾂｷﾂｷcolor:ﾂｷ'pink',竢篠ｷﾂｷﾂｷﾂｷmemo:ﾂｷ'蜑榊屓驕・綾縺ゅｊ縲りｦ∵ｳｨ諢上・,竢篠ｷ`  prettier/prettier
60:4  Error: Replace `ﾂｷid:ﾂｷ'a8',ﾂｷresourceId:ﾂｷ'r3',ﾂｷdate:ﾂｷBASE_DATE,ﾂｷstartHour:ﾂｷ15,ﾂｷstartMinute:ﾂｷ30,ﾂｷendHour:ﾂｷ17,ﾂｷendMinute:ﾂｷ5,ﾂｷtitle:ﾂｷ'繝ｪ繝薙ャ繝・ｷ荳蛾ヮ',ﾂｷlastName:ﾂｷ'繝ｪ繝薙ャ繝・,ﾂｷfirstName:ﾂｷ'荳蛾ヮ',ﾂｷmenuId:ﾂｷ'm3',ﾂｷoptionId:ﾂｷ'o1',ﾂｷtype:ﾂｷ'normal',ﾂｷcolor:ﾂｷ'blue'` with `竢篠ｷﾂｷﾂｷﾂｷid:ﾂｷ'a8',竢篠ｷﾂｷﾂｷﾂｷresourceId:ﾂｷ'r3',竢篠ｷﾂｷﾂｷﾂｷdate:ﾂｷBASE_DATE,竢篠ｷﾂｷﾂｷﾂｷstartHour:ﾂｷ15,竢篠ｷﾂｷﾂｷﾂｷstartMinute:ﾂｷ30,竢篠ｷﾂｷﾂｷﾂｷendHour:ﾂｷ17,竢篠ｷﾂｷﾂｷﾂｷendMinute:ﾂｷ5,竢篠ｷﾂｷﾂｷﾂｷtitle:ﾂｷ'繝ｪ繝薙ャ繝・ｷ荳蛾ヮ',竢篠ｷﾂｷﾂｷﾂｷlastName:ﾂｷ'繝ｪ繝薙ャ繝・,竢篠ｷﾂｷﾂｷﾂｷfirstName:ﾂｷ'荳蛾ヮ',竢篠ｷﾂｷﾂｷﾂｷmenuId:ﾂｷ'm3',竢篠ｷﾂｷﾂｷﾂｷoptionId:ﾂｷ'o1',竢篠ｷﾂｷﾂｷﾂｷtype:ﾂｷ'normal',竢篠ｷﾂｷﾂｷﾂｷcolor:ﾂｷ'blue',竢篠ｷ`  prettier/prettier
63:4  Error: Replace `ﾂｷid:ﾂｷ'a9',ﾂｷresourceId:ﾂｷ'r4',ﾂｷdate:ﾂｷBASE_DATE,ﾂｷstartHour:ﾂｷ10,ﾂｷstartMinute:ﾂｷ0,ﾂｷendHour:ﾂｷ11,ﾂｷendMinute:ﾂｷ0,ﾂｷtitle:ﾂｷ'繝ｪ繝薙ャ繝・ｷ荳・ヮ',ﾂｷlastName:ﾂｷ'繝ｪ繝薙ャ繝・,ﾂｷfirstName:ﾂｷ'荳・ヮ',ﾂｷmenuId:ﾂｷ'm1',ﾂｷoptionId:ﾂｷ'o1',ﾂｷtype:ﾂｷ'normal',ﾂｷcolor:ﾂｷ'orange'` with `竢篠ｷﾂｷﾂｷﾂｷid:ﾂｷ'a9',竢篠ｷﾂｷﾂｷﾂｷresourceId:ﾂｷ'r4',竢篠ｷﾂｷﾂｷﾂｷdate:ﾂｷBASE_DATE,竢篠ｷﾂｷﾂｷﾂｷstartHour:ﾂｷ10,竢篠ｷﾂｷﾂｷﾂｷstartMinute:ﾂｷ0,竢篠ｷﾂｷﾂｷﾂｷendHour:ﾂｷ11,竢篠ｷﾂｷﾂｷﾂｷendMinute:ﾂｷ0,竢篠ｷﾂｷﾂｷﾂｷtitle:ﾂｷ'繝ｪ繝薙ャ繝・ｷ荳・ヮ',竢篠ｷﾂｷﾂｷﾂｷlastName:ﾂｷ'繝ｪ繝薙ャ繝・,竢篠ｷﾂｷﾂｷﾂｷfirstName:ﾂｷ'荳・ヮ',竢篠ｷﾂｷﾂｷﾂｷmenuId:ﾂｷ'm1',竢篠ｷﾂｷﾂｷﾂｷoptionId:ﾂｷ'o1',竢篠ｷﾂｷﾂｷﾂｷtype:ﾂｷ'normal',竢篠ｷﾂｷﾂｷﾂｷcolor:ﾂｷ'orange',竢篠ｷ`  prettier/prettier
77:4  Error: Replace `ﾂｷid:ﾂｷ'p1',ﾂｷresourceId:ﾂｷ'r2',ﾂｷdate:ﾂｷBASE_DATE,ﾂｷstartHour:ﾂｷ18,ﾂｷstartMinute:ﾂｷ0,ﾂｷendHour:ﾂｷ19,ﾂｷendMinute:ﾂｷ0,ﾂｷtitle:ﾂｷ'WEB莠育ｴ・ﾂｷ逕ｰ荳ｭ',ﾂｷlastName:ﾂｷ'逕ｰ荳ｭ',ﾂｷfirstName:ﾂｷ'鄒主調',ﾂｷmenuId:ﾂｷ'm1',ﾂｷoptionId:ﾂｷ'o1',ﾂｷtype:ﾂｷ'normal',ﾂｷcolor:ﾂｷ'orange',ﾂｷmemo:ﾂｷ'WEB縺九ｉ縺ｮ莠育ｴ・〒縺吶・` with `竢篠ｷﾂｷﾂｷﾂｷid:ﾂｷ'p1',竢篠ｷﾂｷﾂｷﾂｷresourceId:ﾂｷ'r2',竢篠ｷﾂｷﾂｷﾂｷdate:ﾂｷBASE_DATE,竢篠ｷﾂｷﾂｷﾂｷstartHour:ﾂｷ18,竢篠ｷﾂｷﾂｷﾂｷstartMinute:ﾂｷ0,竢篠ｷﾂｷﾂｷﾂｷendHour:ﾂｷ19,竢篠ｷﾂｷﾂｷﾂｷendMinute:ﾂｷ0,竢篠ｷﾂｷﾂｷﾂｷtitle:ﾂｷ'WEB莠育ｴ・ﾂｷ逕ｰ荳ｭ',竢篠ｷﾂｷﾂｷﾂｷlastName:ﾂｷ'逕ｰ荳ｭ',竢篠ｷﾂｷﾂｷﾂｷfirstName:ﾂｷ'鄒主調',竢篠ｷﾂｷﾂｷﾂｷmenuId:ﾂｷ'm1',竢篠ｷﾂｷﾂｷﾂｷoptionId:ﾂｷ'o1',竢篠ｷﾂｷﾂｷﾂｷtype:ﾂｷ'normal',竢篠ｷﾂｷﾂｷﾂｷcolor:ﾂｷ'orange',竢篠ｷﾂｷﾂｷﾂｷmemo:ﾂｷ'WEB縺九ｉ縺ｮ莠育ｴ・〒縺吶・,竢篠ｷ`  prettier/prettier
78:4  Error: Replace `ﾂｷid:ﾂｷ'p2',ﾂｷresourceId:ﾂｷ'r4',ﾂｷdate:ﾂｷBASE_DATE,ﾂｷstartHour:ﾂｷ13,ﾂｷstartMinute:ﾂｷ0,ﾂｷendHour:ﾂｷ15,ﾂｷendMinute:ﾂｷ0,ﾂｷtitle:ﾂｷ'WEB莠育ｴ・ﾂｷ菴占陸',ﾂｷlastName:ﾂｷ'菴占陸',ﾂｷfirstName:ﾂｷ'蛛･',ﾂｷmenuId:ﾂｷ'm2',ﾂｷoptionId:ﾂｷ'o1',ﾂｷtype:ﾂｷ'normal',ﾂｷcolor:ﾂｷ'blue',ﾂｷmemo:ﾂｷ'蛻昴ａ縺ｦ縺ｧ縺吶・` with `竢篠ｷﾂｷﾂｷﾂｷid:ﾂｷ'p2',竢篠ｷﾂｷﾂｷﾂｷresourceId:ﾂｷ'r4',竢篠ｷﾂｷﾂｷﾂｷdate:ﾂｷBASE_DATE,竢篠ｷﾂｷﾂｷﾂｷstartHour:ﾂｷ13,竢篠ｷﾂｷﾂｷﾂｷstartMinute:ﾂｷ0,竢篠ｷﾂｷﾂｷﾂｷendHour:ﾂｷ15,竢篠ｷﾂｷﾂｷﾂｷendMinute:ﾂｷ0,竢篠ｷﾂｷﾂｷﾂｷtitle:ﾂｷ'WEB莠育ｴ・ﾂｷ菴占陸',竢篠ｷﾂｷﾂｷﾂｷlastName:ﾂｷ'菴占陸',竢篠ｷﾂｷﾂｷﾂｷfirstName:ﾂｷ'蛛･',竢篠ｷﾂｷﾂｷﾂｷmenuId:ﾂｷ'm2',竢篠ｷﾂｷﾂｷﾂｷoptionId:ﾂｷ'o1',竢篠ｷﾂｷﾂｷﾂｷtype:ﾂｷ'normal',竢篠ｷﾂｷﾂｷﾂｷcolor:ﾂｷ'blue',竢篠ｷﾂｷﾂｷﾂｷmemo:ﾂｷ'蛻昴ａ縺ｦ縺ｧ縺吶・,竢篠ｷ`  prettier/prettier
83:4  Error: Replace `ﾂｷid:ﾂｷ'n1',ﾂｷdate:ﾂｷ'2020-04-20',ﾂｷtitle:ﾂｷ'繧ｴ繝ｼ繝ｫ繝・Φ繧ｦ繧｣繝ｼ繧ｯ縺ｮ蝟ｶ讌ｭ縺ｫ縺､縺・※',ﾂｷcontent:ﾂｷ'5譛・譌･縺九ｉ5譛・譌･縺ｾ縺ｧ莨第･ｭ縺ｨ縺輔○縺ｦ縺・◆縺縺阪∪縺吶・,ﾂｷtype:ﾂｷ'news',ﾂｷisRead:ﾂｷfalse` with `竢篠ｷﾂｷﾂｷﾂｷid:ﾂｷ'n1',竢篠ｷﾂｷﾂｷﾂｷdate:ﾂｷ'2020-04-20',竢篠ｷﾂｷﾂｷﾂｷtitle:ﾂｷ'繧ｴ繝ｼ繝ｫ繝・Φ繧ｦ繧｣繝ｼ繧ｯ縺ｮ蝟ｶ讌ｭ縺ｫ縺､縺・※',竢篠ｷﾂｷﾂｷﾂｷcontent:ﾂｷ'5譛・譌･縺九ｉ5譛・譌･縺ｾ縺ｧ莨第･ｭ縺ｨ縺輔○縺ｦ縺・◆縺縺阪∪縺吶・,竢篠ｷﾂｷﾂｷﾂｷtype:ﾂｷ'news',竢篠ｷﾂｷﾂｷﾂｷisRead:ﾂｷfalse,竢篠ｷ`  prettier/prettier
84:4  Error: Replace `ﾂｷid:ﾂｷ'n2',ﾂｷdate:ﾂｷ'2020-04-19',ﾂｷtitle:ﾂｷ'繧ｷ繧ｹ繝・Β繝｡繝ｳ繝・リ繝ｳ繧ｹ縺ｮ縺顔衍繧峨○',ﾂｷcontent:ﾂｷ'4譛・2譌･ﾂｷ2:00縲・:00縺ｮ髢薙√し繝ｼ繝舌・繝｡繝ｳ繝・リ繝ｳ繧ｹ繧貞ｮ滓命縺励∪縺吶・,ﾂｷtype:ﾂｷ'system',ﾂｷisRead:ﾂｷfalse` with `竢篠ｷﾂｷﾂｷﾂｷid:ﾂｷ'n2',竢篠ｷﾂｷﾂｷﾂｷdate:ﾂｷ'2020-04-19',竢篠ｷﾂｷﾂｷﾂｷtitle:ﾂｷ'繧ｷ繧ｹ繝・Β繝｡繝ｳ繝・リ繝ｳ繧ｹ縺ｮ縺顔衍繧峨○',竢篠ｷﾂｷﾂｷﾂｷcontent:ﾂｷ'4譛・2譌･ﾂｷ2:00縲・:00縺ｮ髢薙√し繝ｼ繝舌・繝｡繝ｳ繝・リ繝ｳ繧ｹ繧貞ｮ滓命縺励∪縺吶・,竢篠ｷﾂｷﾂｷﾂｷtype:ﾂｷ'system',竢篠ｷﾂｷﾂｷﾂｷisRead:ﾂｷfalse,竢篠ｷ`  prettier/prettier
85:4  Error: Replace `ﾂｷid:ﾂｷ'n3',ﾂｷdate:ﾂｷ'2020-04-15',ﾂｷtitle:ﾂｷ'縲宣㍾隕√第─譟鍋裸蟇ｾ遲悶・蠕ｹ蠎輔↓縺､縺・※',ﾂｷcontent:ﾂｷ'繝槭せ繧ｯ逹逕ｨ縺ｨ豸域ｯ偵・蠕ｹ蠎輔ｒ縺企｡倥＞縺・◆縺励∪縺吶・,ﾂｷtype:ﾂｷ'alert',ﾂｷisRead:ﾂｷtrue` with `竢篠ｷﾂｷﾂｷﾂｷid:ﾂｷ'n3',竢篠ｷﾂｷﾂｷﾂｷdate:ﾂｷ'2020-04-15',竢篠ｷﾂｷﾂｷﾂｷtitle:ﾂｷ'縲宣㍾隕√第─譟鍋裸蟇ｾ遲悶・蠕ｹ蠎輔↓縺､縺・※',竢篠ｷﾂｷﾂｷﾂｷcontent:ﾂｷ'繝槭せ繧ｯ逹逕ｨ縺ｨ豸域ｯ偵・蠕ｹ蠎輔ｒ縺企｡倥＞縺・◆縺励∪縺吶・,竢篠ｷﾂｷﾂｷﾂｷtype:ﾂｷ'alert',竢篠ｷﾂｷﾂｷﾂｷisRead:ﾂｷtrue,竢篠ｷ`  prettier/prettier
86:3  Error: Insert `竢餐  prettier/prettier

./src/legacy/Reservation/hooks/useAppointments.ts
7:42  Error: Insert `竢篠ｷﾂｷﾂｷ`  prettier/prettier
23:1  Error: Delete `ﾂｷﾂｷﾂｷﾂｷﾂｷﾂｷ`  prettier/prettier
24:77  Error: Delete `ﾂｷ`  prettier/prettier
25:82  Error: Delete `ﾂｷ`  prettier/prettier
27:1  Error: Delete `ﾂｷﾂｷﾂｷﾂｷﾂｷﾂｷ竢餐  prettier/prettier
28:19  Warning: Unexpected any. Specify a different type.  @typescript-eslint/no-explicit-any
40:28  Error: Replace `ﾂｷprev.map(aﾂｷ=>ﾂｷa.idﾂｷ===ﾂｷupdatedAppointment.idﾂｷ?ﾂｷupdatedAppointmentﾂｷ:ﾂｷa))` with `竢篠ｷﾂｷﾂｷﾂｷﾂｷﾂｷprev.map(aﾂｷ=>ﾂｷ(a.idﾂｷ===ﾂｷupdatedAppointment.idﾂｷ?ﾂｷupdatedAppointmentﾂｷ:ﾂｷa))竢篠ｷﾂｷﾂｷﾂｷ)`  prettier/prettier
43:39  Error: Replace `(id:ﾂｷstring,ﾂｷnewResourceId:ﾂｷstring,ﾂｷnewStartHour:ﾂｷnumber,ﾂｷnewStartMinute:ﾂｷnumber` with `竢篠ｷﾂｷﾂｷﾂｷ(竢篠ｷﾂｷﾂｷﾂｷﾂｷﾂｷid:ﾂｷstring,竢篠ｷﾂｷﾂｷﾂｷﾂｷﾂｷnewResourceId:ﾂｷstring,竢篠ｷﾂｷﾂｷﾂｷﾂｷﾂｷnewStartHour:ﾂｷnumber,竢篠ｷﾂｷﾂｷﾂｷﾂｷﾂｷnewStartMinute:ﾂｷnumber竢篠ｷﾂｷﾂｷﾂｷ`  prettier/prettier
44:1  Error: Replace `ﾂｷﾂｷﾂｷﾂｷsetAppointments(prevﾂｷ=>` with `ﾂｷﾂｷﾂｷﾂｷﾂｷﾂｷsetAppointments(prevﾂｷ=>竢篠ｷﾂｷﾂｷﾂｷﾂｷﾂｷﾂｷ`  prettier/prettier
45:9  Error: Insert `ﾂｷﾂｷ`  prettier/prettier
47:1  Error: Replace `ﾂｷﾂｷﾂｷﾂｷﾂｷﾂｷﾂｷﾂｷconstﾂｷdurationﾂｷ=ﾂｷcalculateDuration(appt.startHour,ﾂｷappt.startMinute,ﾂｷappt.endHour,ﾂｷappt.endMinute` with `ﾂｷﾂｷﾂｷﾂｷﾂｷﾂｷﾂｷﾂｷﾂｷﾂｷconstﾂｷdurationﾂｷ=ﾂｷcalculateDuration(竢篠ｷﾂｷﾂｷﾂｷﾂｷﾂｷﾂｷﾂｷﾂｷﾂｷﾂｷﾂｷappt.startHour,竢篠ｷﾂｷﾂｷﾂｷﾂｷﾂｷﾂｷﾂｷﾂｷﾂｷﾂｷﾂｷappt.startMinute,竢篠ｷﾂｷﾂｷﾂｷﾂｷﾂｷﾂｷﾂｷﾂｷﾂｷﾂｷﾂｷappt.endHour,竢篠ｷﾂｷﾂｷﾂｷﾂｷﾂｷﾂｷﾂｷﾂｷﾂｷﾂｷﾂｷappt.endMinute竢篠ｷﾂｷﾂｷﾂｷﾂｷﾂｷﾂｷﾂｷﾂｷﾂｷ`  prettier/prettier
48:1  Error: Replace `ﾂｷﾂｷﾂｷﾂｷﾂｷﾂｷﾂｷﾂｷconstﾂｷ{ﾂｷendHour,ﾂｷendMinuteﾂｷ}ﾂｷ=ﾂｷcalculateEndTime(newStartHour,ﾂｷnewStartMinute,ﾂｷduration` with `ﾂｷﾂｷﾂｷﾂｷﾂｷﾂｷﾂｷﾂｷﾂｷﾂｷconstﾂｷ{ﾂｷendHour,ﾂｷendMinuteﾂｷ}ﾂｷ=ﾂｷcalculateEndTime(竢篠ｷﾂｷﾂｷﾂｷﾂｷﾂｷﾂｷﾂｷﾂｷﾂｷﾂｷﾂｷnewStartHour,竢篠ｷﾂｷﾂｷﾂｷﾂｷﾂｷﾂｷﾂｷﾂｷﾂｷﾂｷﾂｷnewStartMinute,竢篠ｷﾂｷﾂｷﾂｷﾂｷﾂｷﾂｷﾂｷﾂｷﾂｷﾂｷﾂｷduration竢篠ｷﾂｷﾂｷﾂｷﾂｷﾂｷﾂｷﾂｷﾂｷﾂｷ`  prettier/prettier
50:1  Error: Insert `ﾂｷﾂｷ`  prettier/prettier
51:1  Error: Insert `ﾂｷﾂｷ`  prettier/prettier
53:1  Error: Replace `ﾂｷﾂｷﾂｷﾂｷﾂｷﾂｷﾂｷﾂｷ` with `ﾂｷﾂｷﾂｷﾂｷﾂｷﾂｷﾂｷﾂｷﾂｷﾂｷ`  prettier/prettier
55:1  Error: Insert `ﾂｷﾂｷ`  prettier/prettier
61:22  Error: Insert `,`  prettier/prettier
62:1  Error: Insert `ﾂｷﾂｷ`  prettier/prettier
63:5  Error: Replace `})` with `ﾂｷﾂｷﾂｷﾂｷ})竢篠ｷﾂｷﾂｷﾂｷﾂｷﾂｷ`  prettier/prettier
64:3  Error: Replace `},ﾂｷ[]` with `ﾂｷﾂｷ},竢篠ｷﾂｷﾂｷﾂｷ[]竢篠ｷﾂｷ`  prettier/prettier
73:20  Error: Insert `,`  prettier/prettier
75:3  Error: Insert `竢餐  prettier/prettier

./src/legacy/Reservation/index.tsx
7:19  Error: Replace `"Couldﾂｷnotﾂｷfindﾂｷrootﾂｷelementﾂｷtoﾂｷmountﾂｷto"` with `'Couldﾂｷnotﾂｷfindﾂｷrootﾂｷelementﾂｷtoﾂｷmountﾂｷto'`  prettier/prettier
15:3  Error: Insert `竢餐  prettier/prettier

./src/legacy/Reservation/types.ts
1:1  Error: Delete `竢餐  prettier/prettier
58:57  Error: Insert `竢餐  prettier/prettier

./src/legacy/Reservation/utils/time.ts
10:1  Error: Delete `ﾂｷﾂｷ`  prettier/prettier
13:1  Error: Delete `ﾂｷﾂｷ`  prettier/prettier
15:1  Error: Delete `ﾂｷﾂｷ`  prettier/prettier
16:5  Error: Delete `ﾂｷﾂｷ`  prettier/prettier
18:1  Error: Delete `ﾂｷﾂｷ`  prettier/prettier
25:34  Error: Replace `startHour:ﾂｷnumber,ﾂｷstartMinute:ﾂｷnumber,ﾂｷdurationMinutes:ﾂｷnumber` with `竢篠ｷﾂｷstartHour:ﾂｷnumber,竢篠ｷﾂｷstartMinute:ﾂｷnumber,竢篠ｷﾂｷdurationMinutes:ﾂｷnumber竢餐  prettier/prettier
38:35  Error: Replace `startHour:ﾂｷnumber,ﾂｷstartMinute:ﾂｷnumber,ﾂｷendHour:ﾂｷnumber,ﾂｷendMinute:ﾂｷnumber` with `竢篠ｷﾂｷstartHour:ﾂｷnumber,竢篠ｷﾂｷstartMinute:ﾂｷnumber,竢篠ｷﾂｷendHour:ﾂｷnumber,竢篠ｷﾂｷendMinute:ﾂｷnumber竢餐  prettier/prettier
56:18  Error: Replace `ﾂｷend1:ﾂｷnumber,ﾂｷ` with `竢篠ｷﾂｷend1:ﾂｷnumber,`  prettier/prettier
57:18  Error: Insert `竢篠ｷ`  prettier/prettier
60:3  Error: Insert `竢餐  prettier/prettier

./src/legacy/Reservation/vite.config.ts
6:3  Error: Delete `ﾂｷﾂｷ`  prettier/prettier
7:3  Error: Delete `ﾂｷﾂｷ`  prettier/prettier
8:1  Error: Replace `ﾂｷﾂｷﾂｷﾂｷﾂｷﾂｷ` with `ﾂｷﾂｷﾂｷﾂｷ`  prettier/prettier
9:1  Error: Delete `ﾂｷﾂｷ`  prettier/prettier
10:1  Error: Delete `ﾂｷﾂｷ`  prettier/prettier
11:5  Error: Delete `ﾂｷﾂｷ`  prettier/prettier
12:1  Error: Delete `ﾂｷﾂｷ`  prettier/prettier
13:5  Error: Delete `ﾂｷﾂｷ`  prettier/prettier
14:1  Error: Delete `ﾂｷﾂｷ`  prettier/prettier
15:1  Error: Replace `ﾂｷﾂｷﾂｷﾂｷﾂｷﾂｷﾂｷﾂｷ'process.env.GEMINI_API_KEY':ﾂｷJSON.stringify(env.GEMINI_API_KEY)` with `ﾂｷﾂｷﾂｷﾂｷﾂｷﾂｷ'process.env.GEMINI_API_KEY':ﾂｷJSON.stringify(env.GEMINI_API_KEY),`  prettier/prettier
16:1  Error: Delete `ﾂｷﾂｷ`  prettier/prettier
17:1  Error: Replace `ﾂｷﾂｷﾂｷﾂｷﾂｷﾂｷ` with `ﾂｷﾂｷﾂｷﾂｷ`  prettier/prettier
18:7  Error: Delete `ﾂｷﾂｷ`  prettier/prettier
19:1  Error: Replace `ﾂｷﾂｷﾂｷﾂｷﾂｷﾂｷﾂｷﾂｷﾂｷﾂｷ` with `ﾂｷﾂｷﾂｷﾂｷﾂｷﾂｷﾂｷﾂｷ`  prettier/prettier
20:7  Error: Replace `ﾂｷﾂｷ}` with `},`  prettier/prettier
21:1  Error: Replace `ﾂｷﾂｷﾂｷﾂｷﾂｷﾂｷ}` with `ﾂｷﾂｷﾂｷﾂｷ},`  prettier/prettier
22:1  Error: Delete `ﾂｷﾂｷ`  prettier/prettier

./src/lib/accessibility-test.ts
139:41  Error: 'index' is defined but never used. Allowed unused args must match /^_/u.  @typescript-eslint/no-unused-vars

./src/lib/api-client.ts
1:69  Error: Delete `竦港  prettier/prettier
2:43  Error: Delete `竦港  prettier/prettier
3:69  Error: Delete `竦港  prettier/prettier
4:1  Error: Delete `竦港  prettier/prettier
5:54  Error: Delete `竦港  prettier/prettier
6:9  Error: Delete `竦港  prettier/prettier
7:18  Error: Delete `竦港  prettier/prettier
8:26  Error: Delete `竦港  prettier/prettier
9:12  Error: Delete `竦港  prettier/prettier
10:12  Error: Delete `竦港  prettier/prettier
11:15  Error: Delete `竦港  prettier/prettier
12:26  Error: Delete `竦港  prettier/prettier
13:1  Error: Delete `竦港  prettier/prettier
14:4  Error: Delete `竦港  prettier/prettier
15:15  Error: Delete `竦港  prettier/prettier
16:4  Error: Delete `竦港  prettier/prettier
17:35  Error: Delete `竦港  prettier/prettier
18:20  Error: Delete `竦港  prettier/prettier
19:20  Error: Delete `竦港  prettier/prettier
20:36  Error: Delete `竦港  prettier/prettier
21:23  Error: Delete `竦港  prettier/prettier
22:23  Error: Delete `竦港  prettier/prettier
23:2  Error: Delete `竦港  prettier/prettier
24:1  Error: Delete `竦港  prettier/prettier
25:4  Error: Delete `竦港  prettier/prettier
26:11  Error: Delete `竦港  prettier/prettier
27:4  Error: Delete `竦港  prettier/prettier
28:52  Error: Delete `竦港  prettier/prettier
29:15  Error: Delete `竦港  prettier/prettier
30:25  Error: Delete `竦港  prettier/prettier
31:13  Error: Delete `竦港  prettier/prettier
32:40  Error: Delete `竦港  prettier/prettier
33:5  Error: Delete `竦港  prettier/prettier
34:17  Error: Delete `竦港  prettier/prettier
35:26  Error: Delete `竦港  prettier/prettier
36:3  Error: Delete `竦港  prettier/prettier
37:1  Error: Delete `竦港  prettier/prettier
38:4  Error: Delete `竦港  prettier/prettier
39:16  Error: Delete `竦港  prettier/prettier
40:4  Error: Delete `竦港  prettier/prettier
41:25  Error: Delete `竦港  prettier/prettier
42:45  Error: Delete `竦港  prettier/prettier
43:1  Error: Delete `竦港  prettier/prettier
44:46  Error: Delete `竦港  prettier/prettier
45:52  Error: Delete `竦港  prettier/prettier
46:4  Error: Delete `竦港  prettier/prettier
47:1  Error: Delete `竦港  prettier/prettier
48:6  Error: Delete `竦港  prettier/prettier
49:14  Error: Delete `竦港  prettier/prettier
50:6  Error: Delete `竦港  prettier/prettier
51:16  Error: Delete `竦港  prettier/prettier
52:18  Error: Delete `竦港  prettier/prettier
53:55  Error: Delete `竦港  prettier/prettier
54:31  Error: Delete `竦港  prettier/prettier
55:45  Error: Delete `竦港  prettier/prettier
56:40  Error: Delete `竦港  prettier/prettier
57:4  Error: Delete `竦港  prettier/prettier
58:1  Error: Delete `竦港  prettier/prettier
59:6  Error: Delete `竦港  prettier/prettier
60:15  Error: Delete `竦港  prettier/prettier
61:6  Error: Delete `竦港  prettier/prettier
62:73  Error: Delete `竦港  prettier/prettier
63:37  Error: Delete `竦港  prettier/prettier
64:47  Error: Delete `竦港  prettier/prettier
65:4  Error: Delete `竦港  prettier/prettier
66:1  Error: Delete `竦港  prettier/prettier
67:6  Error: Delete `竦港  prettier/prettier
68:14  Error: Delete `竦港  prettier/prettier
69:6  Error: Delete `竦港  prettier/prettier
70:72  Error: Delete `竦港  prettier/prettier
71:37  Error: Delete `竦港  prettier/prettier
72:46  Error: Delete `竦港  prettier/prettier
73:4  Error: Delete `竦港  prettier/prettier
74:1  Error: Delete `竦港  prettier/prettier
75:6  Error: Delete `竦港  prettier/prettier
76:16  Error: Delete `竦港  prettier/prettier
77:6  Error: Delete `竦港  prettier/prettier
78:74  Error: Delete `竦港  prettier/prettier
79:37  Error: Delete `竦港  prettier/prettier
80:48  Error: Delete `竦港  prettier/prettier
81:4  Error: Delete `竦港  prettier/prettier
82:1  Error: Delete `竦港  prettier/prettier
83:6  Error: Delete `竦港  prettier/prettier
84:17  Error: Delete `竦港  prettier/prettier
85:6  Error: Delete `竦港  prettier/prettier
86:19  Error: Delete `竦港  prettier/prettier
87:18  Error: Delete `竦港  prettier/prettier
88:55  Error: Delete `竦港  prettier/prettier
89:31  Error: Delete `竦港  prettier/prettier
90:45  Error: Delete `竦港  prettier/prettier
91:43  Error: Delete `竦港  prettier/prettier
92:4  Error: Delete `竦港  prettier/prettier
93:1  Error: Delete `竦港  prettier/prettier
94:6  Error: Delete `竦港  prettier/prettier
95:14  Error: Delete `竦港  prettier/prettier
96:6  Error: Delete `竦港  prettier/prettier
97:20  Error: Delete `竦港  prettier/prettier
98:18  Error: Delete `竦港  prettier/prettier
99:55  Error: Delete `竦港  prettier/prettier
100:14  Error: Delete `竦港  prettier/prettier
101:47  Error: Delete `竦港  prettier/prettier
102:1  Error: Delete `竦港  prettier/prettier
103:18  Error: Delete `竦港  prettier/prettier
104:50  Error: Delete `竦港  prettier/prettier
105:57  Error: Delete `竦港  prettier/prettier
106:53  Error: Delete `竦港  prettier/prettier
107:51  Error: Delete `竦港  prettier/prettier
108:10  Error: Delete `竦港  prettier/prettier
109:10  Error: Delete `竦港  prettier/prettier
110:51  Error: Delete `竦港  prettier/prettier
111:25  Error: Delete `竦港  prettier/prettier
112:34  Error: Delete `竦港  prettier/prettier
113:8  Error: Delete `竦港  prettier/prettier
114:6  Error: Delete `竦港  prettier/prettier
115:1  Error: Delete `竦港  prettier/prettier
116:16  Error: Delete `竦港  prettier/prettier
117:4  Error: Delete `竦港  prettier/prettier
118:1  Error: Delete `竦港  prettier/prettier
119:6  Error: Delete `竦港  prettier/prettier
120:20  Error: Delete `竦港  prettier/prettier
121:6  Error: Delete `竦港  prettier/prettier
122:28  Error: Delete `竦港  prettier/prettier
123:20  Error: Delete `竦港  prettier/prettier
124:17  Error: Delete `竦港  prettier/prettier
125:19  Error: Delete `竦港  prettier/prettier
126:31  Error: Delete `竦港  prettier/prettier
127:21  Error: Delete `竦港  prettier/prettier
128:1  Error: Delete `竦港  prettier/prettier
129:47  Error: Delete `竦港  prettier/prettier
130:12  Error: Delete `竦港  prettier/prettier
131:50  Error: Delete `竦港  prettier/prettier
132:38  Error: Delete `竦港  prettier/prettier
133:36  Error: Delete `竦港  prettier/prettier
134:30  Error: Delete `竦港  prettier/prettier
135:11  Error: Delete `竦港  prettier/prettier
136:1  Error: Delete `竦港  prettier/prettier
137:39  Error: Delete `竦港  prettier/prettier
138:18  Error: Delete `竦港  prettier/prettier
139:40  Error: Delete `竦港  prettier/prettier
140:37  Error: Delete `竦港  prettier/prettier
141:11  Error: Delete `竦港  prettier/prettier
142:1  Error: Delete `竦港  prettier/prettier
143:13  Error: Delete `竦港  prettier/prettier
144:32  Error: Delete `竦港  prettier/prettier
145:72  Error: Delete `竦港  prettier/prettier
146:12  Error: Delete `竦港  prettier/prettier
147:47  Error: Delete `竦港  prettier/prettier
148:10  Error: Delete `竦港  prettier/prettier
149:1  Error: Delete `竦港  prettier/prettier
150:52  Error: Delete `竦港  prettier/prettier
151:33  Error: Delete `竦港  prettier/prettier
152:1  Error: Delete `竦港  prettier/prettier
153:21  Error: Delete `竦港  prettier/prettier
154:67  Error: Delete `竦港  prettier/prettier
155:1  Error: Delete `竦港  prettier/prettier
156:44  Error: Delete `竦港  prettier/prettier
157:52  Error: Delete `竦港  prettier/prettier
158:25  Error: Delete `竦港  prettier/prettier
159:10  Error: Delete `竦港  prettier/prettier
160:1  Error: Delete `竦港  prettier/prettier
161:27  Error: Delete `竦港  prettier/prettier
162:28  Error: Delete `竦港  prettier/prettier
163:51  Error: Delete `竦港  prettier/prettier
164:46  Error: Delete `竦港  prettier/prettier
165:26  Error: Delete `竦港  prettier/prettier
166:11  Error: Delete `竦港  prettier/prettier
167:24  Error: Delete `竦港  prettier/prettier
168:19  Error: Delete `竦港  prettier/prettier
169:1  Error: Delete `竦港  prettier/prettier
170:35  Error: Delete `竦港  prettier/prettier
171:69  Error: Delete `竦港  prettier/prettier
172:78  Error: Delete `竦港  prettier/prettier
173:53  Error: Delete `竦港  prettier/prettier
174:1  Error: Delete `竦港  prettier/prettier
175:51  Error: Delete `竦港  prettier/prettier
176:56  Error: Delete `竦港  prettier/prettier
177:12  Error: Delete `竦港  prettier/prettier
178:1  Error: Delete `竦港  prettier/prettier
179:62  Error: Delete `竦港  prettier/prettier
180:20  Error: Delete `竦港  prettier/prettier
181:10  Error: Delete `竦港  prettier/prettier
182:1  Error: Delete `竦港  prettier/prettier
183:24  Error: Delete `竦港  prettier/prettier
184:41  Error: Delete `竦港  prettier/prettier
185:53  Error: Delete `竦港  prettier/prettier
186:1  Error: Delete `竦港  prettier/prettier
187:34  Error: Delete `竦港  prettier/prettier
188:40  Error: Delete `竦港  prettier/prettier
189:69  Error: Delete `竦港  prettier/prettier
190:12  Error: Delete `竦港  prettier/prettier
191:1  Error: Delete `竦港  prettier/prettier
192:29  Error: Delete `竦港  prettier/prettier
193:51  Error: Delete `竦港  prettier/prettier
194:69  Error: Delete `竦港  prettier/prettier
195:12  Error: Delete `竦港  prettier/prettier
196:1  Error: Delete `竦港  prettier/prettier
197:62  Error: Delete `竦港  prettier/prettier
198:20  Error: Delete `竦港  prettier/prettier
199:10  Error: Delete `竦港  prettier/prettier
200:1  Error: Delete `竦港  prettier/prettier
201:19  Error: Delete `竦港  prettier/prettier
202:53  Error: Delete `竦港  prettier/prettier
203:78  Error: Delete `竦港  prettier/prettier
204:15  Error: Delete `竦港  prettier/prettier
205:18  Error: Delete `竦港  prettier/prettier
206:19  Error: Delete `竦港  prettier/prettier
207:12  Error: Delete `竦港  prettier/prettier
208:1  Error: Delete `竦港  prettier/prettier
209:49  Error: Delete `竦港  prettier/prettier
210:54  Error: Delete `竦港  prettier/prettier
211:10  Error: Delete `竦港  prettier/prettier
212:1  Error: Delete `竦港  prettier/prettier
213:60  Error: Delete `竦港  prettier/prettier
214:8  Error: Delete `竦港  prettier/prettier
215:6  Error: Delete `竦港  prettier/prettier
216:1  Error: Delete `竦港  prettier/prettier
217:41  Error: Delete `竦港  prettier/prettier
218:13  Error: Delete `竦港  prettier/prettier
219:22  Error: Delete `竦港  prettier/prettier
220:80  Error: Delete `竦港  prettier/prettier
221:7  Error: Delete `竦港  prettier/prettier
222:4  Error: Delete `竦港  prettier/prettier
223:1  Error: Delete `竦港  prettier/prettier
224:6  Error: Delete `竦港  prettier/prettier
225:17  Error: Delete `竦港  prettier/prettier
226:6  Error: Delete `竦港  prettier/prettier
227:34  Error: Delete `竦港  prettier/prettier
228:24  Error: Delete `竦港  prettier/prettier
229:16  Error: Delete `竦港  prettier/prettier
230:31  Error: Delete `竦港  prettier/prettier
231:10  Error: Delete `竦港  prettier/prettier
232:42  Error: Delete `竦港  prettier/prettier
233:1  Error: Delete `竦港  prettier/prettier
234:19  Error: Delete `竦港  prettier/prettier
235:27  Error: Delete `竦港  prettier/prettier
236:36  Error: Delete `竦港  prettier/prettier
237:17  Error: Delete `竦港  prettier/prettier
238:19  Error: Delete `竦港  prettier/prettier
239:28  Error: Delete `竦港  prettier/prettier
240:21  Error: Delete `竦港  prettier/prettier
241:61  Error: Delete `竦港  prettier/prettier
242:74  Error: Delete `竦港  prettier/prettier
243:51  Error: Delete `竦港  prettier/prettier
244:25  Error: Delete `竦港  prettier/prettier
245:15  Error: Delete `竦港  prettier/prettier
246:13  Error: Delete `竦港  prettier/prettier
247:10  Error: Delete `竦港  prettier/prettier
248:8  Error: Delete `竦港  prettier/prettier
249:1  Error: Delete `竦港  prettier/prettier
250:37  Error: Delete `竦港  prettier/prettier
251:1  Error: Delete `竦港  prettier/prettier
252:25  Error: Delete `竦港  prettier/prettier
253:76  Error: Delete `竦港  prettier/prettier
254:39  Error: Delete `竦港  prettier/prettier
255:8  Error: Delete `竦港  prettier/prettier
256:1  Error: Delete `竦港  prettier/prettier
257:39  Error: Delete `竦港  prettier/prettier
258:25  Error: Delete `竦港  prettier/prettier
259:51  Error: Delete `竦港  prettier/prettier
260:15  Error: Delete `竦港  prettier/prettier
261:30  Error: Delete `竦港  prettier/prettier
262:17  Error: Delete `竦港  prettier/prettier
263:26  Error: Delete `竦港  prettier/prettier
264:19  Error: Delete `竦港  prettier/prettier
265:59  Error: Delete `竦港  prettier/prettier
266:77  Error: Delete `竦港  prettier/prettier
267:49  Error: Delete `竦港  prettier/prettier
268:23  Error: Delete `竦港  prettier/prettier
269:13  Error: Delete `竦港  prettier/prettier
270:11  Error: Delete `竦港  prettier/prettier
271:8  Error: Delete `竦港  prettier/prettier
272:27  Error: Delete `竦港  prettier/prettier
273:16  Error: Delete `竦港  prettier/prettier
274:36  Error: Delete `竦港  prettier/prettier
275:23  Error: Delete `竦港  prettier/prettier
276:43  Error: Delete `竦港  prettier/prettier
277:43  Error: Delete `竦港  prettier/prettier
278:9  Error: Delete `竦港  prettier/prettier
279:1  Error: Delete `竦港  prettier/prettier
280:15  Error: Delete `竦港  prettier/prettier
281:24  Error: Delete `竦港  prettier/prettier
282:17  Error: Delete `竦港  prettier/prettier
283:43  Error: Delete `竦港  prettier/prettier
284:31  Error: Delete `竦港  prettier/prettier
285:41  Error: Delete `竦港  prettier/prettier
286:65  Error: Delete `竦港  prettier/prettier
287:21  Error: Delete `竦港  prettier/prettier
288:24  Error: Delete `竦港  prettier/prettier
289:42  Error: Delete `竦港  prettier/prettier
290:37  Error: Delete `竦港  prettier/prettier
291:38  Error: Delete `竦港  prettier/prettier
292:13  Error: Delete `竦港  prettier/prettier
293:47  Error: Delete `竦港  prettier/prettier
294:21  Error: Delete `竦港  prettier/prettier
295:11  Error: Delete `竦港  prettier/prettier
296:9  Error: Delete `竦港  prettier/prettier
297:6  Error: Delete `竦港  prettier/prettier
298:4  Error: Delete `竦港  prettier/prettier
299:1  Error: Delete `竦港  prettier/prettier
300:6  Error: Delete `竦港  prettier/prettier
301:14  Error: Delete `竦港  prettier/prettier
302:6  Error: Delete `竦港  prettier/prettier
303:45  Error: Delete `竦港  prettier/prettier
304:60  Error: Delete `竦港  prettier/prettier
305:4  Error: Delete `竦港  prettier/prettier
306:2  Error: Delete `竦港  prettier/prettier
307:1  Error: Delete `竦港  prettier/prettier
308:25  Error: Delete `竦港  prettier/prettier
309:42  Error: Delete `竦港  prettier/prettier
310:1  Error: Delete `竦港  prettier/prettier
311:4  Error: Delete `竦港  prettier/prettier
312:18  Error: Delete `竦港  prettier/prettier
313:4  Error: Delete `竦港  prettier/prettier
314:21  Error: Delete `竦港  prettier/prettier
315:13  Error: Delete `竦港  prettier/prettier
316:15  Error: Delete `竦港  prettier/prettier
317:31  Error: Delete `竦港  prettier/prettier
318:64  Error: Delete `竦港  prettier/prettier
319:5  Error: Delete `竦港  prettier/prettier
320:1  Error: Delete `竦港  prettier/prettier
321:10  Error: Delete `竦港  prettier/prettier
322:14  Error: Delete `竦港  prettier/prettier
323:39  Error: Delete `竦港  prettier/prettier
324:63  Error: Delete `竦港  prettier/prettier
325:66  Error: Delete `竦港  prettier/prettier
326:5  Error: Delete `竦港  prettier/prettier
327:1  Error: Delete `竦港  prettier/prettier
328:10  Error: Delete `竦港  prettier/prettier
329:13  Error: Delete `竦港  prettier/prettier
330:56  Error: Delete `竦港  prettier/prettier
331:38  Error: Delete `竦港  prettier/prettier
332:29  Error: Delete `竦港  prettier/prettier
333:35  Error: Delete `竦港  prettier/prettier
334:10  Error: Delete `竦港  prettier/prettier
335:65  Error: Delete `竦港  prettier/prettier
336:5  Error: Delete `竦港  prettier/prettier
337:1  Error: Delete `竦港  prettier/prettier
338:12  Error: Delete `竦港  prettier/prettier
339:11  Error: Delete `竦港  prettier/prettier
340:39  Error: Delete `竦港  prettier/prettier
341:60  Error: Delete `竦港  prettier/prettier
342:63  Error: Delete `竦港  prettier/prettier
343:5  Error: Delete `竦港  prettier/prettier
344:1  Error: Delete `竦港  prettier/prettier
345:8  Error: Delete `竦港  prettier/prettier
346:18  Error: Delete `竦港  prettier/prettier
347:69  Error: Delete `竦港  prettier/prettier
348:44  Error: Delete `竦港  prettier/prettier
349:29  Error: Delete `竦港  prettier/prettier
350:53  Error: Delete `竦港  prettier/prettier
351:47  Error: Delete `竦港  prettier/prettier
352:10  Error: Delete `竦港  prettier/prettier
353:71  Error: Delete `竦港  prettier/prettier
354:76  Error: Delete `竦港  prettier/prettier
355:5  Error: Delete `竦港  prettier/prettier
356:1  Error: Delete `竦港  prettier/prettier
357:10  Error: Delete `竦港  prettier/prettier
358:10  Error: Delete `竦港  prettier/prettier
359:66  Error: Delete `竦港  prettier/prettier
360:35  Error: Delete `竦港  prettier/prettier
361:54  Error: Delete `竦港  prettier/prettier
362:53  Error: Delete `竦港  prettier/prettier
363:10  Error: Delete `竦港  prettier/prettier
364:67  Error: Delete `竦港  prettier/prettier
365:5  Error: Delete `竦港  prettier/prettier
366:1  Error: Delete `竦港  prettier/prettier
367:12  Error: Delete `竦港  prettier/prettier
368:16  Error: Delete `竦港  prettier/prettier
369:46  Error: Delete `竦港  prettier/prettier
370:42  Error: Delete `竦港  prettier/prettier
371:29  Error: Delete `竦港  prettier/prettier
372:31  Error: Delete `竦港  prettier/prettier
373:10  Error: Delete `竦港  prettier/prettier
374:71  Error: Delete `竦港  prettier/prettier
375:5  Error: Delete `竦港  prettier/prettier
376:12  Error: Delete `竦港  prettier/prettier
377:1  Error: Delete `竦港  prettier/prettier
378:4  Error: Delete `竦港  prettier/prettier
379:16  Error: Delete `竦港  prettier/prettier
380:4  Error: Delete `竦港  prettier/prettier
381:38  Error: Delete `竦港  prettier/prettier
382:27  Error: Delete `竦港  prettier/prettier
383:61  Error: Delete `竦港  prettier/prettier
384:67  Error: Delete `竦港  prettier/prettier
385:2  Error: Delete `竦港  prettier/prettier
386:1  Error: Delete `竦港  prettier/prettier
387:36  Error: Delete `竦港  prettier/prettier
388:27  Error: Delete `竦港  prettier/prettier
389:70  Error: Delete `竦港  prettier/prettier
390:69  Error: Delete `竦港  prettier/prettier
391:2  Error: Delete `竦港  prettier/prettier
392:1  Error: Delete `竦港  prettier/prettier
393:4  Error: Delete `竦港  prettier/prettier
394:20  Error: Delete `竦港  prettier/prettier
395:4  Error: Delete `竦港  prettier/prettier
396:32  Error: Delete `竦港  prettier/prettier
397:19  Error: Delete `竦港  prettier/prettier
398:36  Error: Delete `竦港  prettier/prettier
399:12  Error: Delete `竦港  prettier/prettier
400:42  Error: Delete `竦港  prettier/prettier
401:2  Error: Delete `竦港  prettier/prettier

./src/lib/api-helpers.ts
144:19  Error: Replace `'InvalidﾂｷNEXT_PUBLIC_APP_URLﾂｷignoredﾂｷforﾂｷoriginﾂｷchecks',ﾂｷerror` with `竢篠ｷﾂｷﾂｷﾂｷﾂｷﾂｷﾂｷﾂｷ'InvalidﾂｷNEXT_PUBLIC_APP_URLﾂｷignoredﾂｷforﾂｷoriginﾂｷchecks',竢篠ｷﾂｷﾂｷﾂｷﾂｷﾂｷﾂｷﾂｷerror竢篠ｷﾂｷﾂｷﾂｷﾂｷﾂｷ`  prettier/prettier
306:34  Error: Insert `竢篠ｷﾂｷﾂｷﾂｷﾂｷ`  prettier/prettier

./src/lib/audit-logger.ts
309:47  Error: Replace `竢篠ｷﾂｷﾂｷﾂｷheaders.get('cf-connecting-ip')竢篠ｷﾂｷ` with `headers.get('cf-connecting-ip')`  prettier/prettier
316:20  Error: Insert `竢篠ｷﾂｷﾂｷ`  prettier/prettier

./src/lib/constants/roles.ts
23:59  Error: Replace `'admin',ﾂｷ'clinic_admin'` with `竢篠ｷﾂｷ'admin',竢篠ｷﾂｷ'clinic_admin',竢餐  prettier/prettier
33:63  Error: Replace `'admin',ﾂｷ'clinic_admin',ﾂｷ'manager'` with `竢篠ｷﾂｷ'admin',竢篠ｷﾂｷ'clinic_admin',竢篠ｷﾂｷ'manager',竢餐  prettier/prettier
38:56  Error: Replace `'admin',ﾂｷ'clinic_admin',ﾂｷ'manager',ﾂｷ'therapist',ﾂｷ'staff'` with `竢篠ｷﾂｷ'admin',竢篠ｷﾂｷ'clinic_admin',竢篠ｷﾂｷ'manager',竢篠ｷﾂｷ'therapist',竢篠ｷﾂｷ'staff',竢餐  prettier/prettier
51:10  Error: Replace `roleﾂｷ!==ﾂｷnullﾂｷ&&ﾂｷroleﾂｷ!==ﾂｷundefinedﾂｷ&&ﾂｷADMIN_UI_ROLES.has(roleﾂｷasﾂｷRole)` with `(竢篠ｷﾂｷﾂｷﾂｷroleﾂｷ!==ﾂｷnullﾂｷ&&ﾂｷroleﾂｷ!==ﾂｷundefinedﾂｷ&&ﾂｷADMIN_UI_ROLES.has(roleﾂｷasﾂｷRole)竢篠ｷﾂｷ)`  prettier/prettier
58:9  Error: Replace `ﾂｷroleﾂｷ!==ﾂｷnullﾂｷ&&ﾂｷroleﾂｷ!==ﾂｷundefinedﾂｷ&&ﾂｷCROSS_CLINIC_ROLES.has(roleﾂｷasﾂｷRole)` with `ﾂｷ(竢篠ｷﾂｷﾂｷﾂｷroleﾂｷ!==ﾂｷnullﾂｷ&&ﾂｷroleﾂｷ!==ﾂｷundefinedﾂｷ&&ﾂｷCROSS_CLINIC_ROLES.has(roleﾂｷasﾂｷRole)竢篠ｷﾂｷ)`  prettier/prettier
64:41  Error: Replace `role:ﾂｷstringﾂｷ|ﾂｷnullﾂｷ|ﾂｷundefined` with `竢篠ｷﾂｷrole:ﾂｷstringﾂｷ|ﾂｷnullﾂｷ|ﾂｷundefined竢餐  prettier/prettier
65:9  Error: Replace `ﾂｷroleﾂｷ!==ﾂｷnullﾂｷ&&ﾂｷroleﾂｷ!==ﾂｷundefinedﾂｷ&&ﾂｷCLINIC_ADMIN_ROLES.has(roleﾂｷasﾂｷRole` with `ﾂｷ(竢篠ｷﾂｷﾂｷﾂｷroleﾂｷ!==ﾂｷnullﾂｷ&&ﾂｷroleﾂｷ!==ﾂｷundefinedﾂｷ&&ﾂｷCLINIC_ADMIN_ROLES.has(roleﾂｷasﾂｷRole)竢篠ｷﾂｷ`  prettier/prettier
100:44  Error: Replace `role:ﾂｷstringﾂｷ|ﾂｷnullﾂｷ|ﾂｷundefined` with `竢篠ｷﾂｷrole:ﾂｷstringﾂｷ|ﾂｷnullﾂｷ|ﾂｷundefined竢餐  prettier/prettier
108:48  Error: Replace `role:ﾂｷstringﾂｷ|ﾂｷnullﾂｷ|ﾂｷundefined` with `竢篠ｷﾂｷrole:ﾂｷstringﾂｷ|ﾂｷnullﾂｷ|ﾂｷundefined竢餐  prettier/prettier
116:51  Error: Replace `role:ﾂｷstringﾂｷ|ﾂｷnullﾂｷ|ﾂｷundefined` with `竢篠ｷﾂｷrole:ﾂｷstringﾂｷ|ﾂｷnullﾂｷ|ﾂｷundefined竢餐  prettier/prettier

./src/lib/env.ts
22:30  Error: Do not reference SUPABASE_SERVICE_ROLE_KEY directly; use server-side helpers instead.  no-restricted-syntax

./src/lib/error-handler-enhanced.ts
70:11  Error: 'errorStack' is assigned a value but never used.  @typescript-eslint/no-unused-vars
203:24  Error: Replace `ﾂｷerrorData.severityﾂｷ===ﾂｷ'critical'ﾂｷ?ﾂｷ'critical'ﾂｷ:ﾂｷerrorData.severityﾂｷ===ﾂｷ'high'ﾂｷ?ﾂｷ'error'` with `竢篠ｷﾂｷﾂｷﾂｷﾂｷﾂｷﾂｷﾂｷﾂｷﾂｷerrorData.severityﾂｷ===ﾂｷ'critical'竢篠ｷﾂｷﾂｷﾂｷﾂｷﾂｷﾂｷﾂｷﾂｷﾂｷﾂｷﾂｷ?ﾂｷ'critical'竢篠ｷﾂｷﾂｷﾂｷﾂｷﾂｷﾂｷﾂｷﾂｷﾂｷﾂｷﾂｷ:ﾂｷerrorData.severityﾂｷ===ﾂｷ'high'竢篠ｷﾂｷﾂｷﾂｷﾂｷﾂｷﾂｷﾂｷﾂｷﾂｷﾂｷﾂｷﾂｷﾂｷ?ﾂｷ'error'竢篠ｷﾂｷﾂｷﾂｷﾂｷﾂｷﾂｷﾂｷﾂｷﾂｷﾂｷﾂｷﾂｷ`  prettier/prettier

./src/lib/feature-flags.ts
6:1  Error: Delete `竢餐  prettier/prettier

./src/lib/integration-tests.ts
12:4  Error: Insert `,`  prettier/prettier

./src/lib/mfa/backup-codes.ts
29:7  Error: 'BackupCodeSetSchema' is assigned a value but only used as a type.  @typescript-eslint/no-unused-vars

./src/lib/mfa/mfa-manager.ts
465:14  Error: 'error' is defined but never used.  @typescript-eslint/no-unused-vars

./src/lib/middleware-optimizer.ts
37:5  Error: 'isAdminRoute' is assigned a value but never used. Allowed unused args must match /^_/u.  @typescript-eslint/no-unused-vars
165:5  Error: 'requestPath' is defined but never used. Allowed unused args must match /^_/u.  @typescript-eslint/no-unused-vars

./src/lib/multi-device-manager.ts
7:10  Error: 'createBrowserClient' is defined but never used.  @typescript-eslint/no-unused-vars
10:8  Error: 'UserSession' is defined but never used.  @typescript-eslint/no-unused-vars
54:3  Error: Insert `ﾂｷﾂｷ`  prettier/prettier
55:1  Error: Insert `ﾂｷﾂｷ`  prettier/prettier
56:3  Error: Insert `ﾂｷﾂｷ`  prettier/prettier
57:1  Error: Insert `ﾂｷﾂｷ`  prettier/prettier
101:19  Error: 'error' is never reassigned. Use 'const' instead.  prefer-const
109:18  Error: '_' is defined but never used.  @typescript-eslint/no-unused-vars
132:14  Error: '_' is defined but never used.  @typescript-eslint/no-unused-vars
719:6  Warning: React Hook useEffect has a missing dependency: 'refreshDevices'. Either include it or remove the dependency array.  react-hooks/exhaustive-deps

./src/lib/notifications/security-alerts.ts
215:80  Error: Replace `'SecurityﾂｷAlert:',ﾂｷlogMessage` with `竢篠ｷﾂｷﾂｷﾂｷﾂｷﾂｷ'SecurityﾂｷAlert:',竢篠ｷﾂｷﾂｷﾂｷﾂｷﾂｷlogMessage竢篠ｷﾂｷﾂｷﾂｷ`  prettier/prettier
240:13  Error: 'data' is assigned a value but never used.  @typescript-eslint/no-unused-vars

./src/lib/performance.ts
64:16  Error: 'e' is defined but never used.  @typescript-eslint/no-unused-vars

./src/lib/rate-limiting/middleware.ts
266:51  Error: 'result' is defined but never used. Allowed unused args must match /^_/u.  @typescript-eslint/no-unused-vars

./src/lib/rate-limiting/rate-limiter.ts
60:7  Error: 'RateLimitRuleSchema' is assigned a value but only used as a type.  @typescript-eslint/no-unused-vars
108:10  Error: Delete `(`  prettier/prettier
109:9  Error: Delete `ﾂｷﾂｷ`  prettier/prettier
110:1  Error: Replace `ﾂｷﾂｷﾂｷﾂｷﾂｷﾂｷﾂｷﾂｷﾂｷﾂｷ` with `ﾂｷﾂｷﾂｷﾂｷﾂｷﾂｷﾂｷﾂｷ`  prettier/prettier
111:9  Error: Replace `ﾂｷﾂｷ0)` with `0`  prettier/prettier
222:11  Error: 'config' is assigned a value but never used.  @typescript-eslint/no-unused-vars
407:5  Error: 'ipAddress' is defined but never used. Allowed unused args must match /^_/u.  @typescript-eslint/no-unused-vars
408:5  Error: 'allowedCountries' is defined but never used. Allowed unused args must match /^_/u.  @typescript-eslint/no-unused-vars

./src/lib/schemas/auth.ts
185:14  Error: Unexpected control character(s) in regular expression: \x00, \x1f.  no-control-regex

./src/lib/security/csp-config.ts
302:29  Error: Script URL is a form of eval.  no-script-url

./src/lib/security/csp-hash-generator.ts
67:18  Error: 'error' is defined but never used.  @typescript-eslint/no-unused-vars
123:16  Error: 'error' is defined but never used.  @typescript-eslint/no-unused-vars

./src/lib/security-monitor.ts
11:8  Error: 'DeviceInfo' is defined but never used.  @typescript-eslint/no-unused-vars
20:3  Error: Insert `ﾂｷﾂｷ`  prettier/prettier
21:1  Error: Replace `ﾂｷﾂｷ` with `ﾂｷﾂｷﾂｷﾂｷ`  prettier/prettier
22:1  Error: Replace `ﾂｷﾂｷ` with `ﾂｷﾂｷﾂｷﾂｷ`  prettier/prettier
23:1  Error: Insert `ﾂｷﾂｷ`  prettier/prettier
24:1  Error: Insert `ﾂｷﾂｷ`  prettier/prettier
452:5  Error: 'userAgent' is defined but never used. Allowed unused args must match /^_/u.  @typescript-eslint/no-unused-vars

./src/lib/services/block-service.ts
125:30  Error: Replace `竢篠ｷﾂｷﾂｷﾂｷstartDate:ﾂｷDate,竢篠ｷﾂｷﾂｷﾂｷendDate:ﾂｷDate竢篠ｷﾂｷ` with `startDate:ﾂｷDate,ﾂｷendDate:ﾂｷDate`  prettier/prettier
209:11  Error: Replace ``startTime.lt.${endTime.toISOString()},endTime.gt.${startTime.toISOString()}`` with `竢篠ｷﾂｷﾂｷﾂｷﾂｷﾂｷﾂｷﾂｷ`startTime.lt.${endTime.toISOString()},endTime.gt.${startTime.toISOString()}`竢篠ｷﾂｷﾂｷﾂｷﾂｷﾂｷ`  prettier/prettier
213:46  Error: Insert `竢篠ｷﾂｷﾂｷﾂｷﾂｷ`  prettier/prettier

./src/lib/services/reservation-service.ts
11:3  Error: 'Customer' is defined but never used.  @typescript-eslint/no-unused-vars
12:3  Error: 'Menu' is defined but never used.  @typescript-eslint/no-unused-vars
20:17  Error: Insert `,`  prettier/prettier
63:36  Error: Replace `startDate:ﾂｷDate,ﾂｷendDate:ﾂｷDate` with `竢篠ｷﾂｷﾂｷﾂｷstartDate:ﾂｷDate,竢篠ｷﾂｷﾂｷﾂｷendDate:ﾂｷDate竢篠ｷﾂｷ`  prettier/prettier
80:32  Error: Replace `staffId:ﾂｷstring,ﾂｷdate:ﾂｷDate` with `竢篠ｷﾂｷﾂｷﾂｷstaffId:ﾂｷstring,竢篠ｷﾂｷﾂｷﾂｷdate:ﾂｷDate竢篠ｷﾂｷ`  prettier/prettier
83:1  Error: Delete `ﾂｷﾂｷﾂｷﾂｷ`  prettier/prettier
137:31  Error: Replace `staffId:ﾂｷstring,ﾂｷdate:ﾂｷDate,ﾂｷdurationMinutes:ﾂｷnumber` with `竢篠ｷﾂｷﾂｷﾂｷstaffId:ﾂｷstring,竢篠ｷﾂｷﾂｷﾂｷdate:ﾂｷDate,竢篠ｷﾂｷﾂｷﾂｷdurationMinutes:ﾂｷnumber竢篠ｷﾂｷ`  prettier/prettier
146:15  Error: Replace `{ﾂｷtime:ﾂｷ'09:00',ﾂｷavailable:ﾂｷfalse,ﾂｷconflictReason:ﾂｷ'蝟ｶ讌ｭ譎る俣螟・ﾂｷ}` with `竢篠ｷﾂｷﾂｷﾂｷﾂｷﾂｷﾂｷﾂｷ{ﾂｷtime:ﾂｷ'09:00',ﾂｷavailable:ﾂｷfalse,ﾂｷconflictReason:ﾂｷ'蝟ｶ讌ｭ譎る俣螟・ﾂｷ},竢篠ｷﾂｷﾂｷﾂｷﾂｷﾂｷ`  prettier/prettier
153:15  Error: Replace `{ﾂｷtime:ﾂｷ'09:00',ﾂｷavailable:ﾂｷfalse,ﾂｷconflictReason:ﾂｷ'蝟ｶ讌ｭ譎る俣螟・ﾂｷ}` with `竢篠ｷﾂｷﾂｷﾂｷﾂｷﾂｷﾂｷﾂｷ{ﾂｷtime:ﾂｷ'09:00',ﾂｷavailable:ﾂｷfalse,ﾂｷconflictReason:ﾂｷ'蝟ｶ讌ｭ譎る俣螟・ﾂｷ},竢篠ｷﾂｷﾂｷﾂｷﾂｷﾂｷ`  prettier/prettier
157:68  Error: Replace `staffId,ﾂｷdate` with `竢篠ｷﾂｷﾂｷﾂｷﾂｷﾂｷstaffId,竢篠ｷﾂｷﾂｷﾂｷﾂｷﾂｷdate竢篠ｷﾂｷﾂｷﾂｷ`  prettier/prettier
168:1  Error: Delete `ﾂｷﾂｷﾂｷﾂｷ`  prettier/prettier
176:36  Error: Replace `currentTime.getTime()ﾂｷ+ﾂｷdurationMinutesﾂｷ*ﾂｷ60000` with `竢篠ｷﾂｷﾂｷﾂｷﾂｷﾂｷﾂｷﾂｷcurrentTime.getTime()ﾂｷ+ﾂｷdurationMinutesﾂｷ*ﾂｷ60000竢篠ｷﾂｷﾂｷﾂｷﾂｷﾂｷ`  prettier/prettier
183:34  Error: Insert `,`  prettier/prettier
190:18  Error: Replace `(currentTimeﾂｷ<ﾂｷresEndﾂｷ&&ﾂｷslotEndTimeﾂｷ>ﾂｷresStart)` with `currentTimeﾂｷ<ﾂｷresEndﾂｷ&&ﾂｷslotEndTimeﾂｷ>ﾂｷresStart`  prettier/prettier
197:39  Error: Replace `(conflictﾂｷasﾂｷany).customerNameﾂｷ??ﾂｷ'')}讒倭` with `conflictﾂｷasﾂｷany).customerNameﾂｷ??ﾂｷ''}讒倭,`  prettier/prettier
202:28  Error: Insert `,`  prettier/prettier
217:52  Error: Replace `data.staffId,ﾂｷdata.startTime,ﾂｷdata.endTime` with `竢篠ｷﾂｷﾂｷﾂｷﾂｷﾂｷdata.staffId,竢篠ｷﾂｷﾂｷﾂｷﾂｷﾂｷdata.startTime,竢篠ｷﾂｷﾂｷﾂｷﾂｷﾂｷdata.endTime竢篠ｷﾂｷﾂｷﾂｷ`  prettier/prettier
243:36  Error: Replace `data:ﾂｷCreateMultipleReservationData` with `竢篠ｷﾂｷﾂｷﾂｷdata:ﾂｷCreateMultipleReservationData竢篠ｷﾂｷ`  prettier/prettier
248:26  Error: Replace `data.baseStartTime.getHours(),ﾂｷdata.baseStartTime.getMinutes());` with `竢篠ｷﾂｷﾂｷﾂｷﾂｷﾂｷﾂｷﾂｷdata.baseStartTime.getHours(),竢篠ｷﾂｷﾂｷﾂｷﾂｷﾂｷﾂｷﾂｷdata.baseStartTime.getMinutes()`  prettier/prettier
249:7  Error: Insert `);竢餐  prettier/prettier
271:33  Error: Replace `id:ﾂｷstring,ﾂｷstatus:ﾂｷstring` with `竢篠ｷﾂｷﾂｷﾂｷid:ﾂｷstring,竢篠ｷﾂｷﾂｷﾂｷstatus:ﾂｷstring竢篠ｷﾂｷ`  prettier/prettier
288:31  Error: Replace `id:ﾂｷstring,ﾂｷstartTime:ﾂｷDate,ﾂｷendTime:ﾂｷDate` with `竢篠ｷﾂｷﾂｷﾂｷid:ﾂｷstring,竢篠ｷﾂｷﾂｷﾂｷstartTime:ﾂｷDate,竢篠ｷﾂｷﾂｷﾂｷendTime:ﾂｷDate竢篠ｷﾂｷ`  prettier/prettier
305:32  Error: Replace `id:ﾂｷstring,ﾂｷstaffId:ﾂｷstring` with `竢篠ｷﾂｷﾂｷﾂｷid:ﾂｷstring,竢篠ｷﾂｷﾂｷﾂｷstaffId:ﾂｷstring竢篠ｷﾂｷ`  prettier/prettier
322:32  Error: Replace `id:ﾂｷstring,ﾂｷnotes:ﾂｷstring` with `竢篠ｷﾂｷﾂｷﾂｷid:ﾂｷstring,竢篠ｷﾂｷﾂｷﾂｷnotes:ﾂｷstring竢篠ｷﾂｷ`  prettier/prettier
344:16  Error: Delete `ﾂｷ`  prettier/prettier
345:29  Error: Delete `ﾂｷ`  prettier/prettier
347:30  Error: Replace `ﾂｷ` with `,`  prettier/prettier
375:26  Error: Replace `reservationIds:ﾂｷstring[],ﾂｷstatus:ﾂｷstring` with `竢篠ｷﾂｷﾂｷﾂｷreservationIds:ﾂｷstring[],竢篠ｷﾂｷﾂｷﾂｷstatus:ﾂｷstring竢篠ｷﾂｷ`  prettier/prettier
408:31  Error: Replace `staffId:ﾂｷstring,ﾂｷdateTime:ﾂｷDate` with `竢篠ｷﾂｷﾂｷﾂｷstaffId:ﾂｷstring,竢篠ｷﾂｷﾂｷﾂｷdateTime:ﾂｷDate竢篠ｷﾂｷ`  prettier/prettier
434:27  Error: Replace `staffId:ﾂｷstring,ﾂｷmenuId:ﾂｷstring` with `竢篠ｷﾂｷﾂｷﾂｷstaffId:ﾂｷstring,竢篠ｷﾂｷﾂｷﾂｷmenuId:ﾂｷstring竢篠ｷﾂｷ`  prettier/prettier
441:15  Error: Replace `ﾂｷisValid:ﾂｷfalse,ﾂｷreason:ﾂｷ'縺薙・繧ｹ繧ｿ繝・ヵ縺ｯ蟇ｾ蠢懊〒縺阪↑縺・Γ繝九Η繝ｼ縺ｧ縺・` with `竢篠ｷﾂｷﾂｷﾂｷﾂｷﾂｷﾂｷﾂｷisValid:ﾂｷfalse,竢篠ｷﾂｷﾂｷﾂｷﾂｷﾂｷﾂｷﾂｷreason:ﾂｷ'縺薙・繧ｹ繧ｿ繝・ヵ縺ｯ蟇ｾ蠢懊〒縺阪↑縺・Γ繝九Η繝ｼ縺ｧ縺・,竢篠ｷﾂｷﾂｷﾂｷﾂｷ`  prettier/prettier
447:26  Error: Replace `staffId:ﾂｷstring,ﾂｷstartTime:ﾂｷDate,ﾂｷendTime:ﾂｷDate` with `竢篠ｷﾂｷﾂｷﾂｷstaffId:ﾂｷstring,竢篠ｷﾂｷﾂｷﾂｷstartTime:ﾂｷDate,竢篠ｷﾂｷﾂｷﾂｷendTime:ﾂｷDate竢篠ｷﾂｷ`  prettier/prettier
449:65  Error: Replace `staffId,ﾂｷstartTime` with `竢篠ｷﾂｷﾂｷﾂｷﾂｷﾂｷstaffId,竢篠ｷﾂｷﾂｷﾂｷﾂｷﾂｷstartTime竢篠ｷﾂｷﾂｷﾂｷ`  prettier/prettier
455:68  Error: Replace `staffId,ﾂｷstartTime` with `竢篠ｷﾂｷﾂｷﾂｷﾂｷﾂｷstaffId,竢篠ｷﾂｷﾂｷﾂｷﾂｷﾂｷstartTime竢篠ｷﾂｷﾂｷﾂｷ`  prettier/prettier
459:14  Error: Replace `(startTimeﾂｷ<ﾂｷresEndﾂｷ&&ﾂｷendTimeﾂｷ>ﾂｷresStart)` with `startTimeﾂｷ<ﾂｷresEndﾂｷ&&ﾂｷendTimeﾂｷ>ﾂｷresStart`  prettier/prettier
474:13  Error: Replace ``startTime.lt.${endTime.toISOString()},endTime.gt.${startTime.toISOString()}`` with `竢篠ｷﾂｷﾂｷﾂｷﾂｷﾂｷﾂｷﾂｷﾂｷﾂｷ`startTime.lt.${endTime.toISOString()},endTime.gt.${startTime.toISOString()}`竢篠ｷﾂｷﾂｷﾂｷﾂｷﾂｷﾂｷﾂｷ`  prettier/prettier
492:29  Error: Replace `startDate:ﾂｷDate,ﾂｷendDate:ﾂｷDate` with `竢篠ｷﾂｷﾂｷﾂｷstartDate:ﾂｷDate,竢篠ｷﾂｷﾂｷﾂｷendDate:ﾂｷDate竢篠ｷﾂｷ`  prettier/prettier
493:64  Error: Replace `startDate,ﾂｷendDate` with `竢篠ｷﾂｷﾂｷﾂｷﾂｷﾂｷstartDate,竢篠ｷﾂｷﾂｷﾂｷﾂｷﾂｷendDate竢篠ｷﾂｷﾂｷﾂｷ`  prettier/prettier
497:80  Error: Insert `竢篠ｷﾂｷﾂｷﾂｷﾂｷﾂｷﾂｷﾂｷ`  prettier/prettier
498:80  Error: Insert `竢篠ｷﾂｷﾂｷﾂｷﾂｷﾂｷﾂｷﾂｷ`  prettier/prettier
506:29  Error: Replace `startDate:ﾂｷDate,ﾂｷendDate:ﾂｷDate` with `竢篠ｷﾂｷﾂｷﾂｷstartDate:ﾂｷDate,竢篠ｷﾂｷﾂｷﾂｷendDate:ﾂｷDate竢篠ｷﾂｷ`  prettier/prettier
506:29  Error: 'startDate' is defined but never used. Allowed unused args must match /^_/u.  @typescript-eslint/no-unused-vars
506:46  Error: 'endDate' is defined but never used. Allowed unused args must match /^_/u.  @typescript-eslint/no-unused-vars
514:27  Error: Replace `startDate:ﾂｷDate,ﾂｷendDate:ﾂｷDate` with `竢篠ｷﾂｷﾂｷﾂｷstartDate:ﾂｷDate,竢篠ｷﾂｷﾂｷﾂｷendDate:ﾂｷDate竢篠ｷﾂｷ`  prettier/prettier
515:64  Error: Replace `startDate,ﾂｷendDate` with `竢篠ｷﾂｷﾂｷﾂｷﾂｷﾂｷstartDate,竢篠ｷﾂｷﾂｷﾂｷﾂｷﾂｷendDate竢篠ｷﾂｷﾂｷﾂｷ`  prettier/prettier
551:19  Error: Replace `'sunday',ﾂｷ'monday',ﾂｷ'tuesday',ﾂｷ'wednesday',ﾂｷ'thursday',ﾂｷ'friday',ﾂｷ'saturday'` with `竢篠ｷﾂｷﾂｷﾂｷﾂｷﾂｷ'sunday',竢篠ｷﾂｷﾂｷﾂｷﾂｷﾂｷ'monday',竢篠ｷﾂｷﾂｷﾂｷﾂｷﾂｷ'tuesday',竢篠ｷﾂｷﾂｷﾂｷﾂｷﾂｷ'wednesday',竢篠ｷﾂｷﾂｷﾂｷﾂｷﾂｷ'thursday',竢篠ｷﾂｷﾂｷﾂｷﾂｷﾂｷ'friday',竢篠ｷﾂｷﾂｷﾂｷﾂｷﾂｷ'saturday',竢篠ｷﾂｷﾂｷﾂｷ`  prettier/prettier

./src/lib/session-manager.ts
18:25  Error: Insert `竢篠ｷ`  prettier/prettier
19:25  Error: Insert `竢篠ｷ`  prettier/prettier
83:32  Error: Replace `竢篠ｷﾂｷSessionValidationResult<UserSession>['user']竢餐 with `SessionValidationResult<UserSession>['user']`  prettier/prettier
153:51  Error: Insert `竢篠ｷﾂｷﾂｷﾂｷﾂｷ`  prettier/prettier
247:43  Error: Replace `ﾂｷ?ﾂｷ(payloadﾂｷasﾂｷExclude<UserSessionInsert['geolocation'],ﾂｷundefined>)` with `竢篠ｷﾂｷﾂｷﾂｷﾂｷﾂｷ?ﾂｷ(payloadﾂｷasﾂｷExclude<UserSessionInsert['geolocation'],ﾂｷundefined>)竢篠ｷﾂｷﾂｷﾂｷﾂｷ`  prettier/prettier
274:14  Error: '_' is defined but never used.  @typescript-eslint/no-unused-vars
410:1  Error: Insert `ﾂｷﾂｷ`  prettier/prettier
411:13  Error: Insert `ﾂｷﾂｷ`  prettier/prettier
412:1  Error: Insert `ﾂｷﾂｷ`  prettier/prettier
413:13  Error: Insert `ﾂｷﾂｷ`  prettier/prettier
414:1  Error: Replace `ﾂｷﾂｷﾂｷﾂｷﾂｷﾂｷﾂｷﾂｷﾂｷﾂｷﾂｷﾂｷ` with `ﾂｷﾂｷﾂｷﾂｷﾂｷﾂｷﾂｷﾂｷﾂｷﾂｷﾂｷﾂｷﾂｷﾂｷ`  prettier/prettier
415:1  Error: Insert `ﾂｷﾂｷ`  prettier/prettier
416:15  Error: Insert `ﾂｷﾂｷ`  prettier/prettier
417:1  Error: Insert `ﾂｷﾂｷ`  prettier/prettier
418:13  Error: Insert `ﾂｷﾂｷ`  prettier/prettier
419:1  Error: Insert `ﾂｷﾂｷ`  prettier/prettier
420:15  Error: Insert `ﾂｷﾂｷ`  prettier/prettier
421:1  Error: Replace `ﾂｷﾂｷﾂｷﾂｷﾂｷﾂｷﾂｷﾂｷﾂｷﾂｷﾂｷﾂｷ...(options.geolocationﾂｷ?ﾂｷ{ﾂｷgeolocation:ﾂｷoptions.geolocationﾂｷ}` with `ﾂｷﾂｷﾂｷﾂｷﾂｷﾂｷﾂｷﾂｷﾂｷﾂｷﾂｷﾂｷﾂｷﾂｷ...(options.geolocation竢篠ｷﾂｷﾂｷﾂｷﾂｷﾂｷﾂｷﾂｷﾂｷﾂｷﾂｷﾂｷﾂｷﾂｷﾂｷﾂｷ?ﾂｷ{ﾂｷgeolocation:ﾂｷoptions.geolocationﾂｷ}竢篠ｷﾂｷﾂｷﾂｷﾂｷﾂｷﾂｷﾂｷﾂｷﾂｷﾂｷﾂｷﾂｷﾂｷﾂｷ`  prettier/prettier
422:1  Error: Replace `ﾂｷﾂｷﾂｷﾂｷﾂｷﾂｷﾂｷﾂｷﾂｷﾂｷﾂｷﾂｷ` with `ﾂｷﾂｷﾂｷﾂｷﾂｷﾂｷﾂｷﾂｷﾂｷﾂｷﾂｷﾂｷﾂｷﾂｷ`  prettier/prettier
423:1  Error: Insert `ﾂｷﾂｷ`  prettier/prettier
424:1  Error: Replace `ﾂｷﾂｷﾂｷﾂｷﾂｷﾂｷﾂｷﾂｷﾂｷﾂｷﾂｷﾂｷ` with `ﾂｷﾂｷﾂｷﾂｷﾂｷﾂｷﾂｷﾂｷﾂｷﾂｷﾂｷﾂｷﾂｷﾂｷ`  prettier/prettier
425:1  Error: Replace `ﾂｷﾂｷﾂｷﾂｷﾂｷﾂｷﾂｷﾂｷﾂｷﾂｷﾂｷﾂｷidleTimeoutAt:竢篠ｷﾂｷﾂｷﾂｷﾂｷﾂｷﾂｷﾂｷﾂｷﾂｷﾂｷﾂｷﾂｷ` with `ﾂｷﾂｷﾂｷﾂｷﾂｷﾂｷﾂｷﾂｷﾂｷﾂｷﾂｷﾂｷﾂｷﾂｷidleTimeoutAt:`  prettier/prettier
427:13  Error: Insert `ﾂｷﾂｷ`  prettier/prettier
428:1  Error: Insert `ﾂｷﾂｷ`  prettier/prettier
429:1  Error: Insert `ﾂｷﾂｷ`  prettier/prettier
430:13  Error: Insert `ﾂｷﾂｷ`  prettier/prettier
431:13  Error: Insert `ﾂｷﾂｷ`  prettier/prettier
432:1  Error: Replace `ﾂｷﾂｷﾂｷﾂｷﾂｷﾂｷﾂｷﾂｷﾂｷﾂｷﾂｷﾂｷﾂｷﾂｷsessionRow?.remember_deviceﾂｷ??ﾂｷ(options.rememberDeviceﾂｷ??ﾂｷfalse)` with `ﾂｷﾂｷﾂｷﾂｷﾂｷﾂｷﾂｷﾂｷﾂｷﾂｷﾂｷﾂｷﾂｷﾂｷﾂｷﾂｷsessionRow?.remember_deviceﾂｷ??ﾂｷoptions.rememberDeviceﾂｷ??ﾂｷfalse`  prettier/prettier
433:1  Error: Insert `ﾂｷﾂｷ`  prettier/prettier
434:13  Error: Insert `ﾂｷﾂｷ`  prettier/prettier
435:1  Error: Insert `ﾂｷﾂｷ`  prettier/prettier
477:50  Error: Replace `ﾂｷ?ﾂｷ{ﾂｷipAddress:ﾂｷoptions.ipAddressﾂｷ}` with `竢篠ｷﾂｷﾂｷﾂｷﾂｷﾂｷﾂｷﾂｷﾂｷﾂｷ?ﾂｷ{ﾂｷipAddress:ﾂｷoptions.ipAddressﾂｷ}竢篠ｷﾂｷﾂｷﾂｷﾂｷﾂｷﾂｷﾂｷﾂｷ`  prettier/prettier
478:50  Error: Replace `ﾂｷ?ﾂｷ{ﾂｷuserAgent:ﾂｷoptions.userAgentﾂｷ}` with `竢篠ｷﾂｷﾂｷﾂｷﾂｷﾂｷﾂｷﾂｷﾂｷﾂｷ?ﾂｷ{ﾂｷuserAgent:ﾂｷoptions.userAgentﾂｷ}竢篠ｷﾂｷﾂｷﾂｷﾂｷﾂｷﾂｷﾂｷﾂｷ`  prettier/prettier
492:15  Error: Replace `ﾂｷisValid:ﾂｷtrue,ﾂｷsession:ﾂｷfallbackSession,ﾂｷuser,ﾂｷtoken:ﾂｷsessionToken` with `竢篠ｷﾂｷﾂｷﾂｷﾂｷﾂｷﾂｷﾂｷisValid:ﾂｷtrue,竢篠ｷﾂｷﾂｷﾂｷﾂｷﾂｷﾂｷﾂｷsession:ﾂｷfallbackSession,竢篠ｷﾂｷﾂｷﾂｷﾂｷﾂｷﾂｷﾂｷuser,竢篠ｷﾂｷﾂｷﾂｷﾂｷﾂｷﾂｷﾂｷtoken:ﾂｷsessionToken,竢篠ｷﾂｷﾂｷﾂｷﾂｷ`  prettier/prettier
905:7  Error: Replace `ua.includes('mobile')ﾂｷ||ﾂｷua.includes('iphone')ﾂｷ||ﾂｷua.includes('android')` with `竢篠ｷﾂｷﾂｷﾂｷua.includes('mobile')ﾂｷ||竢篠ｷﾂｷﾂｷﾂｷua.includes('iphone')ﾂｷ||竢篠ｷﾂｷﾂｷﾂｷua.includes('android')竢篠ｷﾂｷ`  prettier/prettier

./src/lib/supabase/guards.ts
13:9  Error: Replace `ﾂｷcanAccessCrossClinicWithCompat,ﾂｷnormalizeRoleﾂｷ` with `竢篠ｷﾂｷcanAccessCrossClinicWithCompat,竢篠ｷﾂｷnormalizeRole,竢餐  prettier/prettier

./src/lib/supabase/server.ts
39:44  Error: Replace `ReturnType<typeofﾂｷcreateSupabaseClient>` with `竢篠ｷﾂｷReturnType<typeofﾂｷcreateSupabaseClient>竢餐  prettier/prettier
137:12  Error: Replace `ﾂｷdata:ﾂｷ{ﾂｷsessionﾂｷ}` with `竢篠ｷﾂｷﾂｷﾂｷﾂｷﾂｷdata:ﾂｷ{ﾂｷsessionﾂｷ},竢篠ｷﾂｷﾂｷ`  prettier/prettier

./src/lib/table-metadata.ts
1:1  Error: Do not use "@ts-nocheck" because it alters compilation errors.  @typescript-eslint/ban-ts-comment
1:15  Error: Delete `竦港  prettier/prettier
2:69  Error: Delete `竦港  prettier/prettier
3:26  Error: Delete `竦港  prettier/prettier
4:69  Error: Delete `竦港  prettier/prettier
5:1  Error: Delete `竦港  prettier/prettier
6:52  Error: Delete `竦港  prettier/prettier
7:39  Error: Delete `竦港  prettier/prettier
8:63  Error: Delete `竦港  prettier/prettier
9:1  Error: Delete `竦港  prettier/prettier
10:15  Error: Delete `竦港  prettier/prettier
11:63  Error: Delete `竦港  prettier/prettier
12:45  Error: Delete `竦港  prettier/prettier
13:1  Error: Delete `竦港  prettier/prettier
14:30  Error: Delete `竦港  prettier/prettier
15:23  Error: Delete `竦港  prettier/prettier
16:21  Error: Delete `竦港  prettier/prettier
17:2  Error: Delete `竦港  prettier/prettier
18:1  Error: Delete `竦港  prettier/prettier
19:4  Error: Delete `竦港  prettier/prettier
20:21  Error: Delete `竦港  prettier/prettier
21:36  Error: Delete `竦港  prettier/prettier
22:4  Error: Delete `竦港  prettier/prettier
23:65  Error: Delete `竦港  prettier/prettier
24:40  Error: Delete `竦港  prettier/prettier
25:1  Error: Delete `竦港  prettier/prettier
26:34  Error: Delete `竦港  prettier/prettier
27:71  Error: Delete `竦港  prettier/prettier
28:1  Error: Delete `竦港  prettier/prettier
29:15  Error: Delete `竦港  prettier/prettier
30:44  Error: Delete `竦港  prettier/prettier
31:27  Error: Delete `竦港  prettier/prettier
32:13  Error: Delete `竦港  prettier/prettier
33:25  Error: Delete `竦港  prettier/prettier
34:25  Error: Delete `竦港  prettier/prettier
35:23  Error: Delete `竦港  prettier/prettier
36:26  Error: Delete `竦港  prettier/prettier
37:25  Error: Delete `竦港  prettier/prettier
38:7  Error: Delete `竦港  prettier/prettier
39:4  Error: Delete `竦港  prettier/prettier
40:1  Error: Delete `竦港  prettier/prettier
41:56  Error: Delete `竦港  prettier/prettier
42:2  Error: Delete `竦港  prettier/prettier
43:1  Error: Delete `竦港  prettier/prettier
44:4  Error: Delete `竦港  prettier/prettier
45:16  Error: Delete `竦港  prettier/prettier
46:46  Error: Delete `竦港  prettier/prettier
47:4  Error: Delete `竦港  prettier/prettier
48:38  Error: Delete `竦港  prettier/prettier
49:20  Error: Delete `竦港  prettier/prettier
50:33  Error: Delete `竦港  prettier/prettier
51:15  Error: Delete `竦港  prettier/prettier
52:50  Error: Delete `竦港  prettier/prettier
53:61  Error: Delete `竦港  prettier/prettier
54:26  Error: Delete `竦港  prettier/prettier
55:4  Error: Delete `竦港  prettier/prettier
56:1  Error: Delete `竦港  prettier/prettier
57:40  Error: Delete `竦港  prettier/prettier
58:1  Error: Delete `竦港  prettier/prettier
59:8  Error: Delete `竦港  prettier/prettier
60:16  Error: Delete `竦港  prettier/prettier
61:79  Error: Delete `竦港  prettier/prettier
62:35  Error: Delete `竦港  prettier/prettier
63:8  Error: Delete `竦港  prettier/prettier
64:1  Error: Delete `竦港  prettier/prettier
65:17  Error: Delete `竦港  prettier/prettier
66:58  Error: Delete `竦港  prettier/prettier
67:19  Error: Delete `竦港  prettier/prettier
68:6  Error: Delete `竦港  prettier/prettier
69:1  Error: Delete `竦港  prettier/prettier
70:44  Error: Delete `竦港  prettier/prettier
71:55  Error: Delete `竦港  prettier/prettier
72:19  Error: Delete `竦港  prettier/prettier
73:6  Error: Delete `竦港  prettier/prettier
74:1  Error: Delete `竦港  prettier/prettier
75:22  Error: Delete `竦港  prettier/prettier
76:34  Error: Delete `竦港  prettier/prettier
77:23  Error: Delete `竦港  prettier/prettier
78:51  Error: Delete `竦港  prettier/prettier
79:19  Error: Delete `竦港  prettier/prettier
80:7  Error: Delete `竦港  prettier/prettier
81:1  Error: Delete `竦港  prettier/prettier
82:36  Error: Delete `竦港  prettier/prettier
83:42  Error: Delete `竦港  prettier/prettier
84:65  Error: Delete `竦港  prettier/prettier
85:53  Error: Delete `竦港  prettier/prettier
86:36  Error: Delete `竦港  prettier/prettier
87:53  Error: Delete `竦港  prettier/prettier
88:9  Error: Delete `竦港  prettier/prettier
89:1  Error: Delete `竦港  prettier/prettier
90:19  Error: Delete `竦港  prettier/prettier
91:42  Error: Delete `竦港  prettier/prettier
92:63  Error: Delete `竦港  prettier/prettier
93:8  Error: Delete `竦港  prettier/prettier
94:1  Error: Delete `竦港  prettier/prettier
95:35  Error: Delete `竦港  prettier/prettier
96:56  Error: Delete `竦港  prettier/prettier
97:8  Error: Delete `竦港  prettier/prettier
98:1  Error: Delete `竦港  prettier/prettier
99:22  Error: Delete `竦港  prettier/prettier
100:31  Error: Delete `竦港  prettier/prettier
101:54  Error: Delete `竦港  prettier/prettier
102:8  Error: Delete `竦港  prettier/prettier
103:1  Error: Delete `竦港  prettier/prettier
104:54  Error: Delete `竦港  prettier/prettier
105:8  Error: Delete `竦港  prettier/prettier
106:1  Error: Delete `竦港  prettier/prettier
107:16  Error: Delete `竦港  prettier/prettier
108:38  Error: Delete `竦港  prettier/prettier
109:14  Error: Delete `竦港  prettier/prettier
110:29  Error: Delete `竦港  prettier/prettier
111:8  Error: Delete `竦港  prettier/prettier
112:1  Error: Delete `竦港  prettier/prettier
113:19  Error: Delete `竦港  prettier/prettier
114:20  Error: Delete `竦港  prettier/prettier
115:58  Error: Delete `竦港  prettier/prettier
116:17  Error: Delete `竦港  prettier/prettier
117:4  Error: Delete `竦港  prettier/prettier
118:2  Error: Delete `竦港  prettier/prettier
119:1  Error: Delete `竦港  prettier/prettier
120:4  Error: Delete `竦港  prettier/prettier
121:41  Error: Delete `竦港  prettier/prettier
122:4  Error: Delete `竦港  prettier/prettier
123:45  Error: Delete `竦港  prettier/prettier
124:17  Error: Delete `竦港  prettier/prettier
125:25  Error: Delete `竦港  prettier/prettier
126:61  Error: Delete `竦港  prettier/prettier
127:35  Error: Delete `竦港  prettier/prettier
128:23  Error: Delete `竦港  prettier/prettier
129:18  Error: Delete `竦港  prettier/prettier
130:20  Error: Delete `竦港  prettier/prettier
131:24  Error: Delete `竦港  prettier/prettier
132:23  Error: Delete `竦港  prettier/prettier
133:25  Error: Delete `竦港  prettier/prettier
134:24  Error: Delete `竦港  prettier/prettier
135:24  Error: Delete `竦港  prettier/prettier
136:21  Error: Delete `竦港  prettier/prettier
137:35  Error: Delete `竦港  prettier/prettier
138:24  Error: Delete `竦港  prettier/prettier
139:45  Error: Delete `竦港  prettier/prettier
140:48  Error: Delete `竦港  prettier/prettier
141:23  Error: Delete `竦港  prettier/prettier
142:18  Error: Delete `竦港  prettier/prettier
143:18  Error: Delete `竦港  prettier/prettier
144:19  Error: Delete `竦港  prettier/prettier
145:5  Error: Delete `竦港  prettier/prettier
146:1  Error: Delete `竦港  prettier/prettier
147:56  Error: Delete `竦港  prettier/prettier
148:2  Error: Delete `竦港  prettier/prettier
149:1  Error: Delete `竦港  prettier/prettier
150:4  Error: Delete `竦港  prettier/prettier
151:17  Error: Delete `竦港  prettier/prettier
152:4  Error: Delete `竦港  prettier/prettier
153:58  Error: Delete `竦港  prettier/prettier
154:49  Error: Delete `竦港  prettier/prettier
155:31  Error: Delete `竦港  prettier/prettier
156:33  Error: Delete `竦港  prettier/prettier
157:27  Error: Delete `竦港  prettier/prettier
158:30  Error: Delete `竦港  prettier/prettier
159:32  Error: Delete `竦港  prettier/prettier
160:30  Error: Delete `竦港  prettier/prettier
161:29  Error: Delete `竦港  prettier/prettier
162:30  Error: Delete `竦港  prettier/prettier
163:30  Error: Delete `竦港  prettier/prettier
164:5  Error: Delete `竦港  prettier/prettier
165:1  Error: Delete `竦港  prettier/prettier
166:47  Error: Delete `竦港  prettier/prettier
167:2  Error: Delete `竦港  prettier/prettier
168:1  Error: Delete `竦港  prettier/prettier
169:4  Error: Delete `竦港  prettier/prettier
170:18  Error: Delete `竦港  prettier/prettier
171:4  Error: Delete `竦港  prettier/prettier
172:59  Error: Delete `竦港  prettier/prettier
173:49  Error: Delete `竦港  prettier/prettier
174:14  Error: Delete `竦港  prettier/prettier
175:16  Error: Delete `竦港  prettier/prettier
176:22  Error: Delete `竦港  prettier/prettier
177:19  Error: Delete `竦港  prettier/prettier
178:19  Error: Delete `竦港  prettier/prettier
179:23  Error: Delete `竦港  prettier/prettier
180:17  Error: Delete `竦港  prettier/prettier
181:33  Error: Delete `竦港  prettier/prettier
182:21  Error: Delete `竦港  prettier/prettier
183:24  Error: Delete `竦港  prettier/prettier
184:24  Error: Delete `竦港  prettier/prettier
185:26  Error: Delete `竦港  prettier/prettier
186:27  Error: Delete `竦港  prettier/prettier
187:26  Error: Delete `竦港  prettier/prettier
188:37  Error: Delete `竦港  prettier/prettier
189:30  Error: Delete `竦港  prettier/prettier
190:5  Error: Delete `竦港  prettier/prettier
191:1  Error: Delete `竦港  prettier/prettier
192:68  Error: Delete `竦港  prettier/prettier
193:2  Error: Delete `竦港  prettier/prettier
194:1  Error: Delete `竦港  prettier/prettier
195:4  Error: Delete `竦港  prettier/prettier
196:20  Error: Delete `竦港  prettier/prettier
197:4  Error: Delete `竦港  prettier/prettier
198:57  Error: Delete `竦港  prettier/prettier
199:28  Error: Delete `竦港  prettier/prettier
200:10  Error: Delete `竦港  prettier/prettier
201:18  Error: Delete `竦港  prettier/prettier
202:18  Error: Delete `竦港  prettier/prettier
203:18  Error: Delete `竦港  prettier/prettier
204:18  Error: Delete `竦港  prettier/prettier
205:5  Error: Delete `竦港  prettier/prettier
206:1  Error: Delete `竦港  prettier/prettier
207:47  Error: Delete `竦港  prettier/prettier
208:2  Error: Delete `竦港  prettier/prettier
209:1  Error: Delete `竦港  prettier/prettier
210:4  Error: Delete `竦港  prettier/prettier
211:13  Error: Delete `竦港  prettier/prettier
212:4  Error: Delete `竦港  prettier/prettier
213:66  Error: Delete `竦港  prettier/prettier
214:19  Error: Delete `竦港  prettier/prettier
215:40  Error: Delete `竦港  prettier/prettier
216:11  Error: Delete `竦港  prettier/prettier
217:30  Error: Delete `竦港  prettier/prettier
218:4  Error: Delete `竦港  prettier/prettier
219:2  Error: Delete `竦港  prettier/prettier

./src/types/admin.ts
200:3  Error: Insert `ﾂｷﾂｷ`  prettier/prettier
201:1  Error: Insert `ﾂｷﾂｷ`  prettier/prettier
202:3  Error: Insert `ﾂｷﾂｷ`  prettier/prettier
203:1  Error: Insert `ﾂｷﾂｷ`  prettier/prettier
204:3  Error: Insert `ﾂｷﾂｷ`  prettier/prettier
205:1  Error: Insert `ﾂｷﾂｷ`  prettier/prettier
206:3  Error: Insert `ﾂｷﾂｷ`  prettier/prettier
207:1  Error: Insert `ﾂｷﾂｷ`  prettier/prettier
322:9  Warning: Unexpected any. Specify a different type.  @typescript-eslint/no-explicit-any
407:22  Error: Replace `data:ﾂｷPartial<MasterDataDetail>` with `竢篠ｷﾂｷﾂｷﾂｷdata:ﾂｷPartial<MasterDataDetail>竢篠ｷﾂｷ`  prettier/prettier
413:23  Error: Replace `竢篠ｷﾂｷﾂｷﾂｷfilters?:ﾂｷPartial<FilterState>竢篠ｷﾂｷ)ﾂｷ=>ﾂｷPromise<竢篠ｷﾂｷﾂｷﾂｷ|ﾂｷ` with `filters?:ﾂｷPartial<FilterState>)ﾂｷ=>ﾂｷPromise<`  prettier/prettier
417:1  Error: Replace `ﾂｷﾂｷﾂｷﾂｷﾂｷﾂｷﾂｷﾂｷ` with `ﾂｷﾂｷﾂｷﾂｷ`  prettier/prettier
418:5  Error: Delete `ﾂｷﾂｷﾂｷﾂｷ`  prettier/prettier
419:3  Error: Replace `ﾂｷﾂｷﾂｷﾂｷ}竢篠ｷﾂｷﾂｷﾂｷ|ﾂｷnull竢篠ｷﾂｷ` with `}ﾂｷ|ﾂｷnull`  prettier/prettier

./src/types/beta.ts
59:12  Error: Replace `ﾂｷ'feature_request'ﾂｷ|ﾂｷ'bug_report'ﾂｷ|ﾂｷ'usability'ﾂｷ|ﾂｷ'performance'` with `竢篠ｷﾂｷﾂｷﾂｷ|ﾂｷ'feature_request'竢篠ｷﾂｷﾂｷﾂｷ|ﾂｷ'bug_report'竢篠ｷﾂｷﾂｷﾂｷ|ﾂｷ'usability'竢篠ｷﾂｷﾂｷﾂｷ|ﾂｷ'performance'竢篠ｷﾂｷﾂｷ`  prettier/prettier
95:12  Error: Replace `ﾂｷ'feature'ﾂｷ|ﾂｷ'enhancement'ﾂｷ|ﾂｷ'bug_fix'ﾂｷ|ﾂｷ'technical_debt'` with `竢篠ｷﾂｷﾂｷﾂｷ|ﾂｷ'feature'竢篠ｷﾂｷﾂｷﾂｷ|ﾂｷ'enhancement'竢篠ｷﾂｷﾂｷﾂｷ|ﾂｷ'bug_fix'竢篠ｷﾂｷﾂｷﾂｷ|ﾂｷ'technical_debt'竢篠ｷﾂｷﾂｷ`  prettier/prettier
130:12  Error: Replace `ﾂｷ'security'ﾂｷ|ﾂｷ'data_loss'ﾂｷ|ﾂｷ'service_outage'ﾂｷ|ﾂｷ'performance'` with `竢篠ｷﾂｷﾂｷﾂｷ|ﾂｷ'security'竢篠ｷﾂｷﾂｷﾂｷ|ﾂｷ'data_loss'竢篠ｷﾂｷﾂｷﾂｷ|ﾂｷ'service_outage'竢篠ｷﾂｷﾂｷﾂｷ|ﾂｷ'performance'竢篠ｷﾂｷﾂｷ`  prettier/prettier
138:10  Error: Replace `ﾂｷ'detected'ﾂｷ|ﾂｷ'investigating'ﾂｷ|ﾂｷ'mitigating'ﾂｷ|ﾂｷ'resolved'` with `竢篠ｷﾂｷﾂｷﾂｷ|ﾂｷ'detected'竢篠ｷﾂｷﾂｷﾂｷ|ﾂｷ'investigating'竢篠ｷﾂｷﾂｷﾂｷ|ﾂｷ'mitigating'竢篠ｷﾂｷﾂｷﾂｷ|ﾂｷ'resolved'竢篠ｷﾂｷﾂｷ`  prettier/prettier

./src/types/index.ts
256:18  Error: An interface declaring no members is equivalent to its supertype.  @typescript-eslint/no-empty-object-type

./src/types/onboarding.ts
6:29  Error: Replace `ﾂｷ'profile'ﾂｷ|ﾂｷ'clinic'ﾂｷ|ﾂｷ'invites'ﾂｷ|ﾂｷ'seed'` with `竢篠ｷﾂｷ|ﾂｷ'profile'竢篠ｷﾂｷ|ﾂｷ'clinic'竢篠ｷﾂｷ|ﾂｷ'invites'竢篠ｷﾂｷ|ﾂｷ'seed'竢篠ｷ`  prettier/prettier
98:24  Error: Replace `ﾂｷ'admin'ﾂｷ|ﾂｷ'clinic_admin'ﾂｷ|ﾂｷ'therapist'ﾂｷ|ﾂｷ'staff'` with `竢篠ｷﾂｷ|ﾂｷ'admin'竢篠ｷﾂｷ|ﾂｷ'clinic_admin'竢篠ｷﾂｷ|ﾂｷ'therapist'竢篠ｷﾂｷ|ﾂｷ'staff'竢篠ｷ`  prettier/prettier

./src/types/reservation.ts
11:37  Warning: Unexpected any. Specify a different type.  @typescript-eslint/no-explicit-any
80:10  Error: Replace `ﾂｷ'tentative'ﾂｷ|ﾂｷ'confirmed'ﾂｷ|ﾂｷ'arrived'ﾂｷ|ﾂｷ'completed'ﾂｷ|ﾂｷ'cancelled'ﾂｷ|ﾂｷ'no_show'ﾂｷ|ﾂｷ'unconfirmed'` with `竢篠ｷﾂｷﾂｷﾂｷ|ﾂｷ'tentative'竢篠ｷﾂｷﾂｷﾂｷ|ﾂｷ'confirmed'竢篠ｷﾂｷﾂｷﾂｷ|ﾂｷ'arrived'竢篠ｷﾂｷﾂｷﾂｷ|ﾂｷ'completed'竢篠ｷﾂｷﾂｷﾂｷ|ﾂｷ'cancelled'竢篠ｷﾂｷﾂｷﾂｷ|ﾂｷ'no_show'竢篠ｷﾂｷﾂｷﾂｷ|ﾂｷ'unconfirmed'竢篠ｷﾂｷﾂｷ`  prettier/prettier

./src/types/security.ts
318:34  Warning: Unexpected any. Specify a different type.  @typescript-eslint/no-explicit-any
324:15  Warning: Unexpected any. Specify a different type.  @typescript-eslint/no-explicit-any
334:42  Warning: Unexpected any. Specify a different type.  @typescript-eslint/no-explicit-any

./src/types/settings.ts
1:4  Error: Delete `竦港  prettier/prettier
2:12  Error: Delete `竦港  prettier/prettier
3:31  Error: Delete `竦港  prettier/prettier
4:4  Error: Delete `竦港  prettier/prettier
5:1  Error: Delete `竦港  prettier/prettier
6:10  Error: Delete `竦港  prettier/prettier
7:31  Error: Delete `竦港  prettier/prettier
8:19  Error: Delete `竦港  prettier/prettier
9:19  Error: Delete `竦港  prettier/prettier
10:23  Error: Delete `竦港  prettier/prettier
11:20  Error: Delete `竦港  prettier/prettier
12:22  Error: Delete `竦港  prettier/prettier
13:20  Error: Delete `竦港  prettier/prettier
14:23  Error: Delete `竦港  prettier/prettier
15:24  Error: Delete `竦港  prettier/prettier
16:23  Error: Delete `竦港  prettier/prettier
17:1  Error: Delete `竦港  prettier/prettier
18:13  Error: Delete `竦港  prettier/prettier
19:39  Error: Delete `竦港  prettier/prettier
20:16  Error: Delete `竦港  prettier/prettier
21:19  Error: Delete `竦港  prettier/prettier
22:19  Error: Delete `竦港  prettier/prettier
23:17  Error: Delete `竦港  prettier/prettier
24:15  Error: Delete `竦港  prettier/prettier
25:17  Error: Delete `竦港  prettier/prettier
26:19  Error: Delete `竦港  prettier/prettier
27:23  Error: Delete `竦港  prettier/prettier
28:26  Error: Delete `竦港  prettier/prettier
29:2  Error: Delete `竦港  prettier/prettier
30:1  Error: Delete `竦港  prettier/prettier
31:8  Error: Delete `竦港  prettier/prettier
32:29  Error: Delete `竦港  prettier/prettier
33:17  Error: Delete `竦港  prettier/prettier
34:15  Error: Delete `竦港  prettier/prettier
35:2  Error: Delete `竦港  prettier/prettier
36:1  Error: Delete `竦港  prettier/prettier
37:28  Error: Delete `竦港  prettier/prettier
38:19  Error: Delete `竦港  prettier/prettier
39:27  Error: Delete `竦港  prettier/prettier
40:2  Error: Delete `竦港  prettier/prettier
41:1  Error: Delete `竦港  prettier/prettier
42:39  Error: Delete `竦港  prettier/prettier
43:40  Error: Delete `竦港  prettier/prettier
44:22  Error: Delete `竦港  prettier/prettier
45:21  Error: Delete `竦港  prettier/prettier
46:18  Error: Delete `竦港  prettier/prettier
47:20  Error: Delete `竦港  prettier/prettier
48:7  Error: Delete `竦港  prettier/prettier
49:2  Error: Delete `竦港  prettier/prettier
50:1  Error: Delete `竦港  prettier/prettier
51:13  Error: Delete `竦港  prettier/prettier
52:43  Error: Delete `竦港  prettier/prettier
53:23  Error: Delete `竦港  prettier/prettier
54:25  Error: Delete `竦港  prettier/prettier
55:43  Error: Delete `竦港  prettier/prettier
56:31  Error: Delete `竦港  prettier/prettier
57:2  Error: Delete `竦港  prettier/prettier
58:1  Error: Delete `竦港  prettier/prettier
59:15  Error: Delete `竦港  prettier/prettier
60:32  Error: Delete `竦港  prettier/prettier
61:16  Error: Delete `竦港  prettier/prettier
62:16  Error: Delete `竦港  prettier/prettier
63:16  Error: Delete `竦港  prettier/prettier
64:20  Error: Delete `竦港  prettier/prettier
65:2  Error: Delete `竦港  prettier/prettier
66:1  Error: Delete `竦港  prettier/prettier
67:33  Error: Delete `竦港  prettier/prettier
68:14  Error: Delete `竦港  prettier/prettier
69:16  Error: Delete `竦港  prettier/prettier
70:19  Error: Delete `竦港  prettier/prettier
71:16  Error: Delete `竦港  prettier/prettier
72:75  Error: Delete `竦港  prettier/prettier
73:2  Error: Delete `竦港  prettier/prettier
74:1  Error: Delete `竦港  prettier/prettier
75:41  Error: Delete `竦港  prettier/prettier
76:25  Error: Delete `竦港  prettier/prettier
77:23  Error: Delete `竦港  prettier/prettier
78:24  Error: Delete `竦港  prettier/prettier
79:24  Error: Delete `竦港  prettier/prettier
80:30  Error: Delete `竦港  prettier/prettier
81:30  Error: Delete `竦港  prettier/prettier
82:2  Error: Delete `竦港  prettier/prettier
83:1  Error: Delete `竦港  prettier/prettier
84:16  Error: Delete `竦港  prettier/prettier
85:34  Error: Delete `竦港  prettier/prettier
86:21  Error: Delete `竦港  prettier/prettier
87:29  Error: Delete `竦港  prettier/prettier
88:27  Error: Delete `竦港  prettier/prettier
89:27  Error: Delete `竦港  prettier/prettier
90:2  Error: Delete `竦港  prettier/prettier
91:1  Error: Delete `竦港  prettier/prettier
92:42  Error: Delete `竦港  prettier/prettier
93:34  Error: Delete `竦港  prettier/prettier
94:29  Error: Delete `竦港  prettier/prettier
95:26  Error: Delete `竦港  prettier/prettier
96:25  Error: Delete `竦港  prettier/prettier
97:27  Error: Delete `竦港  prettier/prettier
98:2  Error: Delete `竦港  prettier/prettier
99:1  Error: Delete `竦港  prettier/prettier
100:12  Error: Delete `竦港  prettier/prettier
101:40  Error: Delete `竦港  prettier/prettier
102:23  Error: Delete `竦港  prettier/prettier
103:51  Error: Delete `竦港  prettier/prettier
104:22  Error: Delete `竦港  prettier/prettier
105:25  Error: Delete `竦港  prettier/prettier
106:25  Error: Delete `竦港  prettier/prettier
107:44  Error: Delete `竦港  prettier/prettier
108:2  Error: Delete `竦港  prettier/prettier
109:1  Error: Delete `竦港  prettier/prettier
110:13  Error: Delete `竦港  prettier/prettier
111:31  Error: Delete `竦港  prettier/prettier
112:14  Error: Delete `竦港  prettier/prettier
113:16  Error: Delete `竦港  prettier/prettier
114:23  Error: Delete `竦港  prettier/prettier
115:20  Error: Delete `竦港  prettier/prettier
116:17  Error: Delete `竦港  prettier/prettier
117:20  Error: Delete `竦港  prettier/prettier
118:32  Error: Delete `竦港  prettier/prettier
119:21  Error: Delete `竦港  prettier/prettier
120:2  Error: Delete `竦港  prettier/prettier
121:1  Error: Delete `竦港  prettier/prettier
122:35  Error: Delete `竦港  prettier/prettier
123:14  Error: Delete `竦港  prettier/prettier
124:16  Error: Delete `竦港  prettier/prettier
125:24  Error: Delete `竦港  prettier/prettier
126:2  Error: Delete `竦港  prettier/prettier
127:1  Error: Delete `竦港  prettier/prettier
128:35  Error: Delete `竦港  prettier/prettier
129:14  Error: Delete `竦港  prettier/prettier
130:16  Error: Delete `竦港  prettier/prettier
131:16  Error: Delete `竦港  prettier/prettier
132:25  Error: Delete `竦港  prettier/prettier
133:2  Error: Delete `竦港  prettier/prettier
134:1  Error: Delete `竦港  prettier/prettier
135:43  Error: Delete `竦港  prettier/prettier
136:24  Error: Delete `竦港  prettier/prettier
137:33  Error: Delete `竦港  prettier/prettier
138:39  Error: Delete `竦港  prettier/prettier
139:2  Error: Delete `竦港  prettier/prettier
140:1  Error: Delete `竦港  prettier/prettier
141:11  Error: Delete `竦港  prettier/prettier
142:33  Error: Delete `竦港  prettier/prettier
143:14  Error: Delete `竦港  prettier/prettier
144:16  Error: Delete `竦港  prettier/prettier
145:16  Error: Delete `竦港  prettier/prettier
146:21  Error: Delete `竦港  prettier/prettier
147:2  Error: Delete `竦港  prettier/prettier
148:1  Error: Delete `竦港  prettier/prettier
149:35  Error: Delete `竦港  prettier/prettier
150:22  Error: Delete `竦港  prettier/prettier
151:22  Error: Delete `竦港  prettier/prettier
152:22  Error: Delete `竦港  prettier/prettier
153:41  Error: Delete `竦港  prettier/prettier
154:2  Error: Delete `竦港  prettier/prettier
155:1  Error: Delete `竦港  prettier/prettier
156:44  Error: Delete `竦港  prettier/prettier
157:35  Error: Delete `竦港  prettier/prettier
158:36  Error: Delete `竦港  prettier/prettier
159:51  Error: Delete `竦港  prettier/prettier
160:2  Error: Delete `竦港  prettier/prettier
161:1  Error: Delete `竦港  prettier/prettier
162:11  Error: Delete `竦港  prettier/prettier
163:42  Error: Delete `竦港  prettier/prettier
164:46  Error: Delete `竦港  prettier/prettier
165:50  Error: Delete `竦港  prettier/prettier
166:25  Error: Delete `竦港  prettier/prettier
167:2  Error: Delete `竦港  prettier/prettier
168:1  Error: Delete `竦港  prettier/prettier
169:11  Error: Delete `竦港  prettier/prettier
170:31  Error: Delete `竦港  prettier/prettier
171:37  Error: Delete `竦港  prettier/prettier
172:37  Error: Delete `竦港  prettier/prettier
173:45  Error: Delete `竦港  prettier/prettier
174:40  Error: Delete `竦港  prettier/prettier
175:43  Error: Delete `竦港  prettier/prettier
176:39  Error: Delete `竦港  prettier/prettier
177:45  Error: Delete `竦港  prettier/prettier
178:47  Error: Delete `竦港  prettier/prettier
179:43  Error: Delete `竦港  prettier/prettier
180:2  Error: Delete `竦港  prettier/prettier
181:1  Error: Delete `竦港  prettier/prettier
182:14  Error: Delete `竦港  prettier/prettier
183:42  Error: Delete `竦港  prettier/prettier
184:20  Error: Delete `竦港  prettier/prettier
185:16  Error: Delete `竦港  prettier/prettier
186:30  Error: Delete `竦港  prettier/prettier
187:30  Error: Delete `竦港  prettier/prettier
188:18  Error: Delete `竦港  prettier/prettier
189:2  Error: Delete `竦港  prettier/prettier

./src/types/supabase.ts
7:11  Error: Insert `;`  prettier/prettier
12:26  Error: Insert `;`  prettier/prettier
13:6  Error: Insert `;`  prettier/prettier
15:26  Error: Insert `;`  prettier/prettier
16:6  Error: Insert `;`  prettier/prettier
20:28  Error: Insert `;`  prettier/prettier
21:33  Error: Insert `;`  prettier/prettier
22:25  Error: Insert `;`  prettier/prettier
23:27  Error: Insert `;`  prettier/prettier
24:10  Error: Insert `;`  prettier/prettier
25:22  Error: Insert `;`  prettier/prettier
26:8  Error: Insert `;`  prettier/prettier
27:6  Error: Insert `;`  prettier/prettier
29:26  Error: Insert `;`  prettier/prettier
30:6  Error: Insert `;`  prettier/prettier
32:26  Error: Insert `;`  prettier/prettier
33:6  Error: Insert `;`  prettier/prettier
34:4  Error: Insert `;`  prettier/prettier
39:35  Error: Insert `;`  prettier/prettier
40:31  Error: Insert `;`  prettier/prettier
41:36  Error: Insert `;`  prettier/prettier
42:37  Error: Insert `;`  prettier/prettier
43:21  Error: Insert `;`  prettier/prettier
44:44  Error: Insert `;`  prettier/prettier
45:39  Error: Insert `;`  prettier/prettier
46:49  Error: Insert `;`  prettier/prettier
47:33  Error: Insert `;`  prettier/prettier
48:36  Error: Insert `;`  prettier/prettier
49:10  Error: Insert `;`  prettier/prettier
51:36  Error: Insert `;`  prettier/prettier
52:31  Error: Insert `;`  prettier/prettier
53:37  Error: Insert `;`  prettier/prettier
54:38  Error: Insert `;`  prettier/prettier
55:22  Error: Insert `;`  prettier/prettier
56:45  Error: Insert `;`  prettier/prettier
57:40  Error: Insert `;`  prettier/prettier
58:50  Error: Insert `;`  prettier/prettier
59:34  Error: Insert `;`  prettier/prettier
60:37  Error: Insert `;`  prettier/prettier
61:10  Error: Insert `;`  prettier/prettier
63:36  Error: Insert `;`  prettier/prettier
64:32  Error: Insert `;`  prettier/prettier
65:37  Error: Insert `;`  prettier/prettier
66:38  Error: Insert `;`  prettier/prettier
67:22  Error: Insert `;`  prettier/prettier
68:45  Error: Insert `;`  prettier/prettier
69:40  Error: Insert `;`  prettier/prettier
70:50  Error: Insert `;`  prettier/prettier
71:34  Error: Insert `;`  prettier/prettier
72:37  Error: Insert `;`  prettier/prettier
73:10  Error: Insert `;`  prettier/prettier
76:29  Error: Replace `"daily_ai_comments_clinic_id_fkey"` with `'daily_ai_comments_clinic_id_fkey';`  prettier/prettier
77:23  Error: Replace `"clinic_id"]` with `'clinic_id'];`  prettier/prettier
78:30  Error: Insert `;`  prettier/prettier
79:33  Error: Replace `"clinics"` with `'clinics';`  prettier/prettier
80:33  Error: Replace `"id"]` with `'id'];`  prettier/prettier
82:10  Error: Insert `;`  prettier/prettier
83:8  Error: Insert `;`  prettier/prettier
86:35  Error: Insert `;`  prettier/prettier
87:44  Error: Insert `;`  prettier/prettier
88:42  Error: Insert `;`  prettier/prettier
89:45  Error: Insert `;`  prettier/prettier
90:38  Error: Insert `;`  prettier/prettier
91:38  Error: Insert `;`  prettier/prettier
92:28  Error: Insert `;`  prettier/prettier
93:29  Error: Insert `;`  prettier/prettier
94:36  Error: Insert `;`  prettier/prettier
95:35  Error: Insert `;`  prettier/prettier
96:27  Error: Insert `;`  prettier/prettier
97:21  Error: Insert `;`  prettier/prettier
98:31  Error: Insert `;`  prettier/prettier
99:29  Error: Insert `;`  prettier/prettier
100:34  Error: Insert `;`  prettier/prettier
101:42  Error: Insert `;`  prettier/prettier
102:43  Error: Insert `;`  prettier/prettier
103:42  Error: Insert `;`  prettier/prettier
104:34  Error: Insert `;`  prettier/prettier
105:29  Error: Insert `;`  prettier/prettier
106:25  Error: Insert `;`  prettier/prettier
107:34  Error: Insert `;`  prettier/prettier
108:29  Error: Insert `;`  prettier/prettier
109:10  Error: Insert `;`  prettier/prettier
111:35  Error: Insert `;`  prettier/prettier
112:45  Error: Insert `;`  prettier/prettier
113:43  Error: Insert `;`  prettier/prettier
114:46  Error: Insert `;`  prettier/prettier
115:39  Error: Insert `;`  prettier/prettier
116:39  Error: Insert `;`  prettier/prettier
117:28  Error: Insert `;`  prettier/prettier
118:30  Error: Insert `;`  prettier/prettier
119:37  Error: Insert `;`  prettier/prettier
120:36  Error: Insert `;`  prettier/prettier
121:27  Error: Insert `;`  prettier/prettier
122:22  Error: Insert `;`  prettier/prettier
123:32  Error: Insert `;`  prettier/prettier
124:29  Error: Insert `;`  prettier/prettier
125:35  Error: Insert `;`  prettier/prettier
126:43  Error: Insert `;`  prettier/prettier
127:44  Error: Insert `;`  prettier/prettier
128:43  Error: Insert `;`  prettier/prettier
129:35  Error: Insert `;`  prettier/prettier
130:29  Error: Insert `;`  prettier/prettier
131:26  Error: Insert `;`  prettier/prettier
132:35  Error: Insert `;`  prettier/prettier
133:30  Error: Insert `;`  prettier/prettier
134:10  Error: Insert `;`  prettier/prettier
136:36  Error: Insert `;`  prettier/prettier
137:45  Error: Insert `;`  prettier/prettier
138:43  Error: Insert `;`  prettier/prettier
139:46  Error: Insert `;`  prettier/prettier
140:39  Error: Insert `;`  prettier/prettier
141:39  Error: Insert `;`  prettier/prettier
142:29  Error: Insert `;`  prettier/prettier
143:30  Error: Insert `;`  prettier/prettier
144:37  Error: Insert `;`  prettier/prettier
145:36  Error: Insert `;`  prettier/prettier
146:28  Error: Insert `;`  prettier/prettier
147:22  Error: Insert `;`  prettier/prettier
148:32  Error: Insert `;`  prettier/prettier
149:30  Error: Insert `;`  prettier/prettier
150:35  Error: Insert `;`  prettier/prettier
151:43  Error: Insert `;`  prettier/prettier
152:44  Error: Insert `;`  prettier/prettier
153:43  Error: Insert `;`  prettier/prettier
154:35  Error: Insert `;`  prettier/prettier
155:30  Error: Insert `;`  prettier/prettier
156:26  Error: Insert `;`  prettier/prettier
157:35  Error: Insert `;`  prettier/prettier
158:30  Error: Insert `;`  prettier/prettier
159:10  Error: Insert `;`  prettier/prettier
162:29  Error: Replace `"appointments_cancelled_by_fkey"` with `'appointments_cancelled_by_fkey';`  prettier/prettier
163:23  Error: Replace `"cancelled_by"]` with `'cancelled_by'];`  prettier/prettier
164:30  Error: Insert `;`  prettier/prettier
165:33  Error: Replace `"profiles"` with `'profiles';`  prettier/prettier
166:33  Error: Replace `"id"]` with `'id'];`  prettier/prettier
169:29  Error: Replace `"appointments_clinic_id_fkey"` with `'appointments_clinic_id_fkey';`  prettier/prettier
170:23  Error: Replace `"clinic_id"]` with `'clinic_id'];`  prettier/prettier
171:30  Error: Insert `;`  prettier/prettier
172:33  Error: Replace `"clinics"` with `'clinics';`  prettier/prettier
173:33  Error: Replace `"id"]` with `'id'];`  prettier/prettier
176:29  Error: Replace `"appointments_created_by_fkey"` with `'appointments_created_by_fkey';`  prettier/prettier
177:23  Error: Replace `"created_by"]` with `'created_by'];`  prettier/prettier
178:30  Error: Insert `;`  prettier/prettier
179:33  Error: Replace `"profiles"` with `'profiles';`  prettier/prettier
180:33  Error: Replace `"id"]` with `'id'];`  prettier/prettier
183:29  Error: Replace `"appointments_patient_id_fkey"` with `'appointments_patient_id_fkey';`  prettier/prettier
184:23  Error: Replace `"patient_id"]` with `'patient_id'];`  prettier/prettier
185:30  Error: Insert `;`  prettier/prettier
186:33  Error: Replace `"patients"` with `'patients';`  prettier/prettier
187:33  Error: Replace `"id"]` with `'id'];`  prettier/prettier
190:29  Error: Replace `"appointments_staff_id_fkey"` with `'appointments_staff_id_fkey';`  prettier/prettier
191:23  Error: Replace `"staff_id"]` with `'staff_id'];`  prettier/prettier
192:30  Error: Insert `;`  prettier/prettier
193:33  Error: Replace `"staff"` with `'staff';`  prettier/prettier
194:33  Error: Replace `"id"]` with `'id'];`  prettier/prettier
196:10  Error: Insert `;`  prettier/prettier
197:8  Error: Insert `;`  prettier/prettier
200:35  Error: Insert `;`  prettier/prettier
201:36  Error: Insert `;`  prettier/prettier
202:31  Error: Insert `;`  prettier/prettier
203:39  Error: Insert `;`  prettier/prettier
204:29  Error: Insert `;`  prettier/prettier
205:21  Error: Insert `;`  prettier/prettier
206:30  Error: Insert `;`  prettier/prettier
207:27  Error: Insert `;`  prettier/prettier
208:35  Error: Insert `;`  prettier/prettier
209:38  Error: Insert `;`  prettier/prettier
210:36  Error: Insert `;`  prettier/prettier
211:36  Error: Insert `;`  prettier/prettier
212:33  Error: Insert `;`  prettier/prettier
213:10  Error: Insert `;`  prettier/prettier
215:36  Error: Insert `;`  prettier/prettier
216:37  Error: Insert `;`  prettier/prettier
217:32  Error: Insert `;`  prettier/prettier
218:40  Error: Insert `;`  prettier/prettier
219:29  Error: Insert `;`  prettier/prettier
220:22  Error: Insert `;`  prettier/prettier
221:31  Error: Insert `;`  prettier/prettier
222:28  Error: Insert `;`  prettier/prettier
223:36  Error: Insert `;`  prettier/prettier
224:39  Error: Insert `;`  prettier/prettier
225:37  Error: Insert `;`  prettier/prettier
226:37  Error: Insert `;`  prettier/prettier
227:34  Error: Insert `;`  prettier/prettier
228:10  Error: Insert `;`  prettier/prettier
230:36  Error: Insert `;`  prettier/prettier
231:37  Error: Insert `;`  prettier/prettier
232:32  Error: Insert `;`  prettier/prettier
233:40  Error: Insert `;`  prettier/prettier
234:30  Error: Insert `;`  prettier/prettier
235:22  Error: Insert `;`  prettier/prettier
236:31  Error: Insert `;`  prettier/prettier
237:28  Error: Insert `;`  prettier/prettier
238:36  Error: Insert `;`  prettier/prettier
239:39  Error: Insert `;`  prettier/prettier
240:37  Error: Insert `;`  prettier/prettier
241:37  Error: Insert `;`  prettier/prettier
242:34  Error: Insert `;`  prettier/prettier
243:10  Error: Insert `;`  prettier/prettier
246:29  Error: Replace `"audit_logs_clinic_id_fkey"` with `'audit_logs_clinic_id_fkey';`  prettier/prettier
247:23  Error: Replace `"clinic_id"]` with `'clinic_id'];`  prettier/prettier
248:30  Error: Insert `;`  prettier/prettier
249:33  Error: Replace `"clinics"` with `'clinics';`  prettier/prettier
250:33  Error: Replace `"id"]` with `'id'];`  prettier/prettier
253:29  Error: Replace `"audit_logs_user_id_fkey"` with `'audit_logs_user_id_fkey';`  prettier/prettier
254:23  Error: Replace `"user_id"]` with `'user_id'];`  prettier/prettier
255:30  Error: Insert `;`  prettier/prettier
256:33  Error: Replace `"staff"` with `'staff';`  prettier/prettier
257:33  Error: Replace `"id"]` with `'id'];`  prettier/prettier
259:10  Error: Insert `;`  prettier/prettier
260:8  Error: Insert `;`  prettier/prettier
263:41  Error: Insert `;`  prettier/prettier
264:42  Error: Insert `;`  prettier/prettier
265:37  Error: Insert `;`  prettier/prettier
266:39  Error: Insert `;`  prettier/prettier
267:27  Error: Insert `;`  prettier/prettier
268:28  Error: Insert `;`  prettier/prettier
269:36  Error: Insert `;`  prettier/prettier
270:30  Error: Insert `;`  prettier/prettier
271:43  Error: Insert `;`  prettier/prettier
272:21  Error: Insert `;`  prettier/prettier
273:27  Error: Insert `;`  prettier/prettier
274:36  Error: Insert `;`  prettier/prettier
275:37  Error: Insert `;`  prettier/prettier
276:27  Error: Insert `;`  prettier/prettier
277:25  Error: Insert `;`  prettier/prettier
278:44  Error: Insert `;`  prettier/prettier
279:24  Error: Insert `;`  prettier/prettier
280:36  Error: Insert `;`  prettier/prettier
281:26  Error: Insert `;`  prettier/prettier
282:28  Error: Insert `;`  prettier/prettier
283:10  Error: Insert `;`  prettier/prettier
285:42  Error: Insert `;`  prettier/prettier
286:43  Error: Insert `;`  prettier/prettier
287:38  Error: Insert `;`  prettier/prettier
288:40  Error: Insert `;`  prettier/prettier
289:27  Error: Insert `;`  prettier/prettier
290:28  Error: Insert `;`  prettier/prettier
291:37  Error: Insert `;`  prettier/prettier
292:30  Error: Insert `;`  prettier/prettier
293:44  Error: Insert `;`  prettier/prettier
294:22  Error: Insert `;`  prettier/prettier
295:28  Error: Insert `;`  prettier/prettier
296:37  Error: Insert `;`  prettier/prettier
297:38  Error: Insert `;`  prettier/prettier
298:27  Error: Insert `;`  prettier/prettier
299:26  Error: Insert `;`  prettier/prettier
300:45  Error: Insert `;`  prettier/prettier
301:24  Error: Insert `;`  prettier/prettier
302:37  Error: Insert `;`  prettier/prettier
303:26  Error: Insert `;`  prettier/prettier
304:28  Error: Insert `;`  prettier/prettier
305:10  Error: Insert `;`  prettier/prettier
307:42  Error: Insert `;`  prettier/prettier
308:43  Error: Insert `;`  prettier/prettier
309:38  Error: Insert `;`  prettier/prettier
310:40  Error: Insert `;`  prettier/prettier
311:28  Error: Insert `;`  prettier/prettier
312:29  Error: Insert `;`  prettier/prettier
313:37  Error: Insert `;`  prettier/prettier
314:31  Error: Insert `;`  prettier/prettier
315:44  Error: Insert `;`  prettier/prettier
316:22  Error: Insert `;`  prettier/prettier
317:28  Error: Insert `;`  prettier/prettier
318:37  Error: Insert `;`  prettier/prettier
319:38  Error: Insert `;`  prettier/prettier
320:28  Error: Insert `;`  prettier/prettier
321:26  Error: Insert `;`  prettier/prettier
322:45  Error: Insert `;`  prettier/prettier
323:25  Error: Insert `;`  prettier/prettier
324:37  Error: Insert `;`  prettier/prettier
325:27  Error: Insert `;`  prettier/prettier
326:29  Error: Insert `;`  prettier/prettier
327:10  Error: Insert `;`  prettier/prettier
330:29  Error: Replace `"beta_feedback_clinic_id_fkey"` with `'beta_feedback_clinic_id_fkey';`  prettier/prettier
331:23  Error: Replace `"clinic_id"]` with `'clinic_id'];`  prettier/prettier
332:30  Error: Insert `;`  prettier/prettier
333:33  Error: Replace `"clinics"` with `'clinics';`  prettier/prettier
334:33  Error: Replace `"id"]` with `'id'];`  prettier/prettier
336:10  Error: Insert `;`  prettier/prettier
337:8  Error: Insert `;`  prettier/prettier
340:36  Error: Insert `;`  prettier/prettier
341:43  Error: Insert `;`  prettier/prettier
342:28  Error: Insert `;`  prettier/prettier
343:36  Error: Insert `;`  prettier/prettier
344:36  Error: Insert `;`  prettier/prettier
345:47  Error: Insert `;`  prettier/prettier
346:43  Error: Insert `;`  prettier/prettier
347:39  Error: Insert `;`  prettier/prettier
348:32  Error: Insert `;`  prettier/prettier
349:29  Error: Insert `;`  prettier/prettier
350:38  Error: Insert `;`  prettier/prettier
351:21  Error: Insert `;`  prettier/prettier
352:30  Error: Insert `;`  prettier/prettier
353:46  Error: Insert `;`  prettier/prettier
354:29  Error: Insert `;`  prettier/prettier
355:31  Error: Insert `;`  prettier/prettier
356:31  Error: Insert `;`  prettier/prettier
357:36  Error: Insert `;`  prettier/prettier
358:10  Error: Insert `;`  prettier/prettier
360:37  Error: Insert `;`  prettier/prettier
361:44  Error: Insert `;`  prettier/prettier
362:28  Error: Insert `;`  prettier/prettier
363:37  Error: Insert `;`  prettier/prettier
364:37  Error: Insert `;`  prettier/prettier
365:48  Error: Insert `;`  prettier/prettier
366:44  Error: Insert `;`  prettier/prettier
367:40  Error: Insert `;`  prettier/prettier
368:33  Error: Insert `;`  prettier/prettier
369:30  Error: Insert `;`  prettier/prettier
370:39  Error: Insert `;`  prettier/prettier
371:22  Error: Insert `;`  prettier/prettier
372:31  Error: Insert `;`  prettier/prettier
373:47  Error: Insert `;`  prettier/prettier
374:29  Error: Insert `;`  prettier/prettier
375:31  Error: Insert `;`  prettier/prettier
376:32  Error: Insert `;`  prettier/prettier
377:37  Error: Insert `;`  prettier/prettier
378:10  Error: Insert `;`  prettier/prettier
380:37  Error: Insert `;`  prettier/prettier
381:44  Error: Insert `;`  prettier/prettier
382:29  Error: Insert `;`  prettier/prettier
383:37  Error: Insert `;`  prettier/prettier
384:37  Error: Insert `;`  prettier/prettier
385:48  Error: Insert `;`  prettier/prettier
386:44  Error: Insert `;`  prettier/prettier
387:40  Error: Insert `;`  prettier/prettier
388:33  Error: Insert `;`  prettier/prettier
389:30  Error: Insert `;`  prettier/prettier
390:39  Error: Insert `;`  prettier/prettier
391:22  Error: Insert `;`  prettier/prettier
392:31  Error: Insert `;`  prettier/prettier
393:47  Error: Insert `;`  prettier/prettier
394:30  Error: Insert `;`  prettier/prettier
395:32  Error: Insert `;`  prettier/prettier
396:32  Error: Insert `;`  prettier/prettier
397:37  Error: Insert `;`  prettier/prettier
398:10  Error: Insert `;`  prettier/prettier
401:29  Error: Replace `"beta_usage_metrics_clinic_id_fkey"` with `'beta_usage_metrics_clinic_id_fkey';`  prettier/prettier
402:23  Error: Replace `"clinic_id"]` with `'clinic_id'];`  prettier/prettier
403:30  Error: Insert `;`  prettier/prettier
404:33  Error: Replace `"clinics"` with `'clinics';`  prettier/prettier
405:33  Error: Replace `"id"]` with `'id'];`  prettier/prettier
407:10  Error: Insert `;`  prettier/prettier
408:8  Error: Insert `;`  prettier/prettier
411:36  Error: Insert `;`  prettier/prettier
412:35  Error: Insert `;`  prettier/prettier
413:29  Error: Insert `;`  prettier/prettier
414:36  Error: Insert `;`  prettier/prettier
415:36  Error: Insert `;`  prettier/prettier
416:36  Error: Insert `;`  prettier/prettier
417:27  Error: Insert `;`  prettier/prettier
418:21  Error: Insert `;`  prettier/prettier
419:36  Error: Insert `;`  prettier/prettier
420:37  Error: Insert `;`  prettier/prettier
421:32  Error: Insert `;`  prettier/prettier
422:45  Error: Insert `;`  prettier/prettier
423:41  Error: Insert `;`  prettier/prettier
424:30  Error: Insert `;`  prettier/prettier
425:29  Error: Insert `;`  prettier/prettier
426:29  Error: Insert `;`  prettier/prettier
427:10  Error: Insert `;`  prettier/prettier
429:37  Error: Insert `;`  prettier/prettier
430:36  Error: Insert `;`  prettier/prettier
431:30  Error: Insert `;`  prettier/prettier
432:37  Error: Insert `;`  prettier/prettier
433:37  Error: Insert `;`  prettier/prettier
434:37  Error: Insert `;`  prettier/prettier
435:27  Error: Insert `;`  prettier/prettier
436:22  Error: Insert `;`  prettier/prettier
437:37  Error: Insert `;`  prettier/prettier
438:38  Error: Insert `;`  prettier/prettier
439:33  Error: Insert `;`  prettier/prettier
440:46  Error: Insert `;`  prettier/prettier
441:42  Error: Insert `;`  prettier/prettier
442:30  Error: Insert `;`  prettier/prettier
443:29  Error: Insert `;`  prettier/prettier
444:30  Error: Insert `;`  prettier/prettier
445:10  Error: Insert `;`  prettier/prettier
447:37  Error: Insert `;`  prettier/prettier
448:36  Error: Insert `;`  prettier/prettier
449:30  Error: Insert `;`  prettier/prettier
450:37  Error: Insert `;`  prettier/prettier
451:37  Error: Insert `;`  prettier/prettier
452:37  Error: Insert `;`  prettier/prettier
453:28  Error: Insert `;`  prettier/prettier
454:22  Error: Insert `;`  prettier/prettier
455:37  Error: Insert `;`  prettier/prettier
456:38  Error: Insert `;`  prettier/prettier
457:33  Error: Insert `;`  prettier/prettier
458:46  Error: Insert `;`  prettier/prettier
459:42  Error: Insert `;`  prettier/prettier
460:31  Error: Insert `;`  prettier/prettier
461:30  Error: Insert `;`  prettier/prettier
462:30  Error: Insert `;`  prettier/prettier
463:10  Error: Insert `;`  prettier/prettier
466:29  Error: Replace `"blocks_clinic_id_fkey"` with `'blocks_clinic_id_fkey';`  prettier/prettier
467:23  Error: Replace `"clinic_id"]` with `'clinic_id'];`  prettier/prettier
468:30  Error: Insert `;`  prettier/prettier
469:33  Error: Replace `"clinics"` with `'clinics';`  prettier/prettier
470:33  Error: Replace `"id"]` with `'id'];`  prettier/prettier
473:29  Error: Replace `"blocks_resource_id_fkey"` with `'blocks_resource_id_fkey';`  prettier/prettier
474:23  Error: Replace `"resource_id"]` with `'resource_id'];`  prettier/prettier
475:30  Error: Insert `;`  prettier/prettier
476:33  Error: Replace `"resources"` with `'resources';`  prettier/prettier
477:33  Error: Replace `"id"]` with `'id'];`  prettier/prettier
480:29  Error: Replace `"blocks_resource_id_fkey"` with `'blocks_resource_id_fkey';`  prettier/prettier
481:23  Error: Replace `"resource_id"]` with `'resource_id'];`  prettier/prettier
482:30  Error: Insert `;`  prettier/prettier
483:33  Error: Replace `"staff_performance_summary"` with `'staff_performance_summary';`  prettier/prettier
484:33  Error: Replace `"staff_id"]` with `'staff_id'];`  prettier/prettier
486:10  Error: Insert `;`  prettier/prettier
487:8  Error: Insert `;`  prettier/prettier
490:36  Error: Insert `;`  prettier/prettier
491:21  Error: Insert `;`  prettier/prettier
492:31  Error: Insert `;`  prettier/prettier
493:37  Error: Insert `;`  prettier/prettier
494:25  Error: Insert `;`  prettier/prettier
495:33  Error: Insert `;`  prettier/prettier
496:36  Error: Insert `;`  prettier/prettier
497:10  Error: Insert `;`  prettier/prettier
499:37  Error: Insert `;`  prettier/prettier
500:22  Error: Insert `;`  prettier/prettier
501:31  Error: Insert `;`  prettier/prettier
502:38  Error: Insert `;`  prettier/prettier
503:25  Error: Insert `;`  prettier/prettier
504:34  Error: Insert `;`  prettier/prettier
505:37  Error: Insert `;`  prettier/prettier
506:10  Error: Insert `;`  prettier/prettier
508:37  Error: Insert `;`  prettier/prettier
509:22  Error: Insert `;`  prettier/prettier
510:32  Error: Insert `;`  prettier/prettier
511:38  Error: Insert `;`  prettier/prettier
512:26  Error: Insert `;`  prettier/prettier
513:34  Error: Insert `;`  prettier/prettier
514:37  Error: Insert `;`  prettier/prettier
515:10  Error: Insert `;`  prettier/prettier
518:29  Error: Replace `"chat_messages_session_id_fkey"` with `'chat_messages_session_id_fkey';`  prettier/prettier
519:23  Error: Replace `"session_id"]` with `'session_id'];`  prettier/prettier
520:30  Error: Insert `;`  prettier/prettier
521:33  Error: Replace `"chat_sessions"` with `'chat_sessions';`  prettier/prettier
522:33  Error: Replace `"id"]` with `'id'];`  prettier/prettier
524:10  Error: Insert `;`  prettier/prettier
525:8  Error: Insert `;`  prettier/prettier
528:35  Error: Insert `;`  prettier/prettier
529:36  Error: Insert `;`  prettier/prettier
530:36  Error: Insert `;`  prettier/prettier
531:21  Error: Insert `;`  prettier/prettier
532:43  Error: Insert `;`  prettier/prettier
533:42  Error: Insert `;`  prettier/prettier
534:44  Error: Insert `;`  prettier/prettier
535:36  Error: Insert `;`  prettier/prettier
536:33  Error: Insert `;`  prettier/prettier
537:10  Error: Insert `;`  prettier/prettier
539:36  Error: Insert `;`  prettier/prettier
540:37  Error: Insert `;`  prettier/prettier
541:37  Error: Insert `;`  prettier/prettier
542:22  Error: Insert `;`  prettier/prettier
543:44  Error: Insert `;`  prettier/prettier
544:43  Error: Insert `;`  prettier/prettier
545:45  Error: Insert `;`  prettier/prettier
546:37  Error: Insert `;`  prettier/prettier
547:34  Error: Insert `;`  prettier/prettier
548:10  Error: Insert `;`  prettier/prettier
550:36  Error: Insert `;`  prettier/prettier
551:37  Error: Insert `;`  prettier/prettier
552:37  Error: Insert `;`  prettier/prettier
553:22  Error: Insert `;`  prettier/prettier
554:44  Error: Insert `;`  prettier/prettier
555:43  Error: Insert `;`  prettier/prettier
556:45  Error: Insert `;`  prettier/prettier
557:37  Error: Insert `;`  prettier/prettier
558:34  Error: Insert `;`  prettier/prettier
559:10  Error: Insert `;`  prettier/prettier
562:29  Error: Replace `"chat_sessions_clinic_id_fkey"` with `'chat_sessions_clinic_id_fkey';`  prettier/prettier
563:23  Error: Replace `"clinic_id"]` with `'clinic_id'];`  prettier/prettier
564:30  Error: Insert `;`  prettier/prettier
565:33  Error: Replace `"clinics"` with `'clinics';`  prettier/prettier
566:33  Error: Replace `"id"]` with `'id'];`  prettier/prettier
569:29  Error: Replace `"chat_sessions_user_id_fkey"` with `'chat_sessions_user_id_fkey';`  prettier/prettier
570:23  Error: Replace `"user_id"]` with `'user_id'];`  prettier/prettier
571:30  Error: Insert `;`  prettier/prettier
572:33  Error: Replace `"user_permissions"` with `'user_permissions';`  prettier/prettier
573:33  Error: Replace `"id"]` with `'id'];`  prettier/prettier
575:10  Error: Insert `;`  prettier/prettier
576:8  Error: Insert `;`  prettier/prettier
579:27  Error: Insert `;`  prettier/prettier
580:28  Error: Insert `;`  prettier/prettier
581:29  Error: Insert `;`  prettier/prettier
582:21  Error: Insert `;`  prettier/prettier
583:25  Error: Insert `;`  prettier/prettier
584:29  Error: Insert `;`  prettier/prettier
585:36  Error: Insert `;`  prettier/prettier
586:10  Error: Insert `;`  prettier/prettier
588:27  Error: Insert `;`  prettier/prettier
589:28  Error: Insert `;`  prettier/prettier
590:30  Error: Insert `;`  prettier/prettier
591:22  Error: Insert `;`  prettier/prettier
592:26  Error: Insert `;`  prettier/prettier
593:30  Error: Insert `;`  prettier/prettier
594:37  Error: Insert `;`  prettier/prettier
595:10  Error: Insert `;`  prettier/prettier
597:28  Error: Insert `;`  prettier/prettier
598:29  Error: Insert `;`  prettier/prettier
599:30  Error: Insert `;`  prettier/prettier
600:22  Error: Insert `;`  prettier/prettier
601:26  Error: Insert `;`  prettier/prettier
602:30  Error: Insert `;`  prettier/prettier
603:37  Error: Insert `;`  prettier/prettier
604:10  Error: Insert `;`  prettier/prettier
607:29  Error: Replace `"clinic_settings_clinic_id_fkey"` with `'clinic_settings_clinic_id_fkey';`  prettier/prettier
608:23  Error: Replace `"clinic_id"]` with `'clinic_id'];`  prettier/prettier
609:30  Error: Insert `;`  prettier/prettier
610:33  Error: Replace `"clinics"` with `'clinics';`  prettier/prettier
611:33  Error: Replace `"id"]` with `'id'];`  prettier/prettier
613:10  Error: Insert `;`  prettier/prettier
614:8  Error: Insert `;`  prettier/prettier
617:33  Error: Insert `;`  prettier/prettier
618:36  Error: Insert `;`  prettier/prettier
619:21  Error: Insert `;`  prettier/prettier
620:36  Error: Insert `;`  prettier/prettier
621:23  Error: Insert `;`  prettier/prettier
622:38  Error: Insert `;`  prettier/prettier
623:38  Error: Insert `;`  prettier/prettier
624:36  Error: Insert `;`  prettier/prettier
625:10  Error: Insert `;`  prettier/prettier
627:34  Error: Insert `;`  prettier/prettier
628:37  Error: Insert `;`  prettier/prettier
629:22  Error: Insert `;`  prettier/prettier
630:37  Error: Insert `;`  prettier/prettier
631:23  Error: Insert `;`  prettier/prettier
632:39  Error: Insert `;`  prettier/prettier
633:39  Error: Insert `;`  prettier/prettier
634:37  Error: Insert `;`  prettier/prettier
635:10  Error: Insert `;`  prettier/prettier
637:34  Error: Insert `;`  prettier/prettier
638:37  Error: Insert `;`  prettier/prettier
639:22  Error: Insert `;`  prettier/prettier
640:37  Error: Insert `;`  prettier/prettier
641:24  Error: Insert `;`  prettier/prettier
642:39  Error: Insert `;`  prettier/prettier
643:39  Error: Insert `;`  prettier/prettier
644:37  Error: Insert `;`  prettier/prettier
645:10  Error: Insert `;`  prettier/prettier
646:26  Error: Insert `;`  prettier/prettier
647:8  Error: Insert `;`  prettier/prettier
650:41  Error: Insert `;`  prettier/prettier
651:44  Error: Insert `;`  prettier/prettier
652:33  Error: Insert `;`  prettier/prettier
653:41  Error: Insert `;`  prettier/prettier
654:27  Error: Insert `;`  prettier/prettier
655:36  Error: Insert `;`  prettier/prettier
656:30  Error: Insert `;`  prettier/prettier
657:30  Error: Insert `;`  prettier/prettier
658:21  Error: Insert `;`  prettier/prettier
659:37  Error: Insert `;`  prettier/prettier
660:44  Error: Insert `;`  prettier/prettier
661:44  Error: Insert `;`  prettier/prettier
662:47  Error: Insert `;`  prettier/prettier
663:37  Error: Insert `;`  prettier/prettier
664:36  Error: Insert `;`  prettier/prettier
665:27  Error: Insert `;`  prettier/prettier
666:25  Error: Insert `;`  prettier/prettier
667:24  Error: Insert `;`  prettier/prettier
668:36  Error: Insert `;`  prettier/prettier
669:10  Error: Insert `;`  prettier/prettier
671:42  Error: Insert `;`  prettier/prettier
672:45  Error: Insert `;`  prettier/prettier
673:34  Error: Insert `;`  prettier/prettier
674:42  Error: Insert `;`  prettier/prettier
675:27  Error: Insert `;`  prettier/prettier
676:37  Error: Insert `;`  prettier/prettier
677:30  Error: Insert `;`  prettier/prettier
678:31  Error: Insert `;`  prettier/prettier
679:22  Error: Insert `;`  prettier/prettier
680:37  Error: Insert `;`  prettier/prettier
681:45  Error: Insert `;`  prettier/prettier
682:45  Error: Insert `;`  prettier/prettier
683:48  Error: Insert `;`  prettier/prettier
684:38  Error: Insert `;`  prettier/prettier
685:37  Error: Insert `;`  prettier/prettier
686:27  Error: Insert `;`  prettier/prettier
687:26  Error: Insert `;`  prettier/prettier
688:24  Error: Insert `;`  prettier/prettier
689:37  Error: Insert `;`  prettier/prettier
690:10  Error: Insert `;`  prettier/prettier
692:42  Error: Insert `;`  prettier/prettier
693:45  Error: Insert `;`  prettier/prettier
694:34  Error: Insert `;`  prettier/prettier
695:42  Error: Insert `;`  prettier/prettier
696:28  Error: Insert `;`  prettier/prettier
697:37  Error: Insert `;`  prettier/prettier
698:31  Error: Insert `;`  prettier/prettier
699:31  Error: Insert `;`  prettier/prettier
700:22  Error: Insert `;`  prettier/prettier
701:38  Error: Insert `;`  prettier/prettier
702:45  Error: Insert `;`  prettier/prettier
703:45  Error: Insert `;`  prettier/prettier
704:48  Error: Insert `;`  prettier/prettier
705:38  Error: Insert `;`  prettier/prettier
706:37  Error: Insert `;`  prettier/prettier
707:28  Error: Insert `;`  prettier/prettier
708:26  Error: Insert `;`  prettier/prettier
709:25  Error: Insert `;`  prettier/prettier
710:37  Error: Insert `;`  prettier/prettier
711:10  Error: Insert `;`  prettier/prettier
712:26  Error: Insert `;`  prettier/prettier
713:8  Error: Insert `;`  prettier/prettier
716:35  Error: Insert `;`  prettier/prettier
717:38  Error: Insert `;`  prettier/prettier
718:44  Error: Insert `;`  prettier/prettier
719:43  Error: Insert `;`  prettier/prettier
720:29  Error: Insert `;`  prettier/prettier
721:36  Error: Insert `;`  prettier/prettier
722:41  Error: Insert `;`  prettier/prettier
723:36  Error: Insert `;`  prettier/prettier
724:36  Error: Insert `;`  prettier/prettier
725:31  Error: Insert `;`  prettier/prettier
726:21  Error: Insert `;`  prettier/prettier
727:37  Error: Insert `;`  prettier/prettier
728:41  Error: Insert `;`  prettier/prettier
729:40  Error: Insert `;`  prettier/prettier
730:43  Error: Insert `;`  prettier/prettier
731:38  Error: Insert `;`  prettier/prettier
732:23  Error: Insert `;`  prettier/prettier
733:35  Error: Insert `;`  prettier/prettier
734:31  Error: Insert `;`  prettier/prettier
735:24  Error: Insert `;`  prettier/prettier
736:33  Error: Insert `;`  prettier/prettier
737:32  Error: Insert `;`  prettier/prettier
738:39  Error: Insert `;`  prettier/prettier
739:38  Error: Insert `;`  prettier/prettier
740:29  Error: Insert `;`  prettier/prettier
741:10  Error: Insert `;`  prettier/prettier
743:36  Error: Insert `;`  prettier/prettier
744:39  Error: Insert `;`  prettier/prettier
745:45  Error: Insert `;`  prettier/prettier
746:44  Error: Insert `;`  prettier/prettier
747:30  Error: Insert `;`  prettier/prettier
748:37  Error: Insert `;`  prettier/prettier
749:42  Error: Insert `;`  prettier/prettier
750:37  Error: Insert `;`  prettier/prettier
751:37  Error: Insert `;`  prettier/prettier
752:32  Error: Insert `;`  prettier/prettier
753:22  Error: Insert `;`  prettier/prettier
754:38  Error: Insert `;`  prettier/prettier
755:42  Error: Insert `;`  prettier/prettier
756:41  Error: Insert `;`  prettier/prettier
757:44  Error: Insert `;`  prettier/prettier
758:39  Error: Insert `;`  prettier/prettier
759:23  Error: Insert `;`  prettier/prettier
760:36  Error: Insert `;`  prettier/prettier
761:32  Error: Insert `;`  prettier/prettier
762:24  Error: Insert `;`  prettier/prettier
763:34  Error: Insert `;`  prettier/prettier
764:33  Error: Insert `;`  prettier/prettier
765:40  Error: Insert `;`  prettier/prettier
766:39  Error: Insert `;`  prettier/prettier
767:30  Error: Insert `;`  prettier/prettier
768:10  Error: Insert `;`  prettier/prettier
770:36  Error: Insert `;`  prettier/prettier
771:39  Error: Insert `;`  prettier/prettier
772:45  Error: Insert `;`  prettier/prettier
773:44  Error: Insert `;`  prettier/prettier
774:30  Error: Insert `;`  prettier/prettier
775:37  Error: Insert `;`  prettier/prettier
776:42  Error: Insert `;`  prettier/prettier
777:37  Error: Insert `;`  prettier/prettier
778:37  Error: Insert `;`  prettier/prettier
779:32  Error: Insert `;`  prettier/prettier
780:22  Error: Insert `;`  prettier/prettier
781:38  Error: Insert `;`  prettier/prettier
782:42  Error: Insert `;`  prettier/prettier
783:41  Error: Insert `;`  prettier/prettier
784:44  Error: Insert `;`  prettier/prettier
785:39  Error: Insert `;`  prettier/prettier
786:24  Error: Insert `;`  prettier/prettier
787:36  Error: Insert `;`  prettier/prettier
788:32  Error: Insert `;`  prettier/prettier
789:25  Error: Insert `;`  prettier/prettier
790:34  Error: Insert `;`  prettier/prettier
791:33  Error: Insert `;`  prettier/prettier
792:40  Error: Insert `;`  prettier/prettier
793:39  Error: Insert `;`  prettier/prettier
794:30  Error: Insert `;`  prettier/prettier
795:10  Error: Insert `;`  prettier/prettier
798:29  Error: Replace `"customers_clinic_id_fkey"` with `'customers_clinic_id_fkey';`  prettier/prettier
799:23  Error: Replace `"clinic_id"]` with `'clinic_id'];`  prettier/prettier
800:30  Error: Insert `;`  prettier/prettier
801:33  Error: Replace `"clinics"` with `'clinics';`  prettier/prettier
802:33  Error: Replace `"id"]` with `'id'];`  prettier/prettier
804:10  Error: Insert `;`  prettier/prettier
805:8  Error: Insert `;`  prettier/prettier
808:35  Error: Insert `;`  prettier/prettier
809:36  Error: Insert `;`  prettier/prettier
810:21  Error: Insert `;`  prettier/prettier
811:43  Error: Insert `;`  prettier/prettier
812:38  Error: Insert `;`  prettier/prettier
813:41  Error: Insert `;`  prettier/prettier
814:30  Error: Insert `;`  prettier/prettier
815:37  Error: Insert `;`  prettier/prettier
816:34  Error: Insert `;`  prettier/prettier
817:40  Error: Insert `;`  prettier/prettier
818:39  Error: Insert `;`  prettier/prettier
819:36  Error: Insert `;`  prettier/prettier
820:10  Error: Insert `;`  prettier/prettier
822:36  Error: Insert `;`  prettier/prettier
823:37  Error: Insert `;`  prettier/prettier
824:22  Error: Insert `;`  prettier/prettier
825:44  Error: Insert `;`  prettier/prettier
826:39  Error: Insert `;`  prettier/prettier
827:42  Error: Insert `;`  prettier/prettier
828:30  Error: Insert `;`  prettier/prettier
829:38  Error: Insert `;`  prettier/prettier
830:35  Error: Insert `;`  prettier/prettier
831:41  Error: Insert `;`  prettier/prettier
832:40  Error: Insert `;`  prettier/prettier
833:37  Error: Insert `;`  prettier/prettier
834:10  Error: Insert `;`  prettier/prettier
836:36  Error: Insert `;`  prettier/prettier
837:37  Error: Insert `;`  prettier/prettier
838:22  Error: Insert `;`  prettier/prettier
839:44  Error: Insert `;`  prettier/prettier
840:39  Error: Insert `;`  prettier/prettier
841:42  Error: Insert `;`  prettier/prettier
842:31  Error: Insert `;`  prettier/prettier
843:38  Error: Insert `;`  prettier/prettier
844:35  Error: Insert `;`  prettier/prettier
845:41  Error: Insert `;`  prettier/prettier
846:40  Error: Insert `;`  prettier/prettier
847:37  Error: Insert `;`  prettier/prettier
848:10  Error: Insert `;`  prettier/prettier
851:29  Error: Replace `"daily_reports_clinic_id_fkey"` with `'daily_reports_clinic_id_fkey';`  prettier/prettier
852:23  Error: Replace `"clinic_id"]` with `'clinic_id'];`  prettier/prettier
853:30  Error: Insert `;`  prettier/prettier
854:33  Error: Replace `"clinics"` with `'clinics';`  prettier/prettier
855:33  Error: Replace `"id"]` with `'id'];`  prettier/prettier
858:29  Error: Replace `"daily_reports_staff_id_fkey"` with `'daily_reports_staff_id_fkey';`  prettier/prettier
859:23  Error: Replace `"staff_id"]` with `'staff_id'];`  prettier/prettier
860:30  Error: Insert `;`  prettier/prettier
861:33  Error: Replace `"staff"` with `'staff';`  prettier/prettier
862:33  Error: Replace `"id"]` with `'id'];`  prettier/prettier
864:10  Error: Insert `;`  prettier/prettier
865:8  Error: Insert `;`  prettier/prettier
868:28  Error: Insert `;`  prettier/prettier
869:36  Error: Insert `;`  prettier/prettier
870:21  Error: Insert `;`  prettier/prettier
871:36  Error: Insert `;`  prettier/prettier
872:27  Error: Insert `;`  prettier/prettier
873:36  Error: Insert `;`  prettier/prettier
874:10  Error: Insert `;`  prettier/prettier
876:29  Error: Insert `;`  prettier/prettier
877:37  Error: Insert `;`  prettier/prettier
878:22  Error: Insert `;`  prettier/prettier
879:37  Error: Insert `;`  prettier/prettier
880:27  Error: Insert `;`  prettier/prettier
881:37  Error: Insert `;`  prettier/prettier
882:10  Error: Insert `;`  prettier/prettier
884:29  Error: Insert `;`  prettier/prettier
885:37  Error: Insert `;`  prettier/prettier
886:22  Error: Insert `;`  prettier/prettier
887:37  Error: Insert `;`  prettier/prettier
888:28  Error: Insert `;`  prettier/prettier
889:37  Error: Insert `;`  prettier/prettier
890:10  Error: Insert `;`  prettier/prettier
891:26  Error: Insert `;`  prettier/prettier
892:8  Error: Insert `;`  prettier/prettier
895:44  Error: Insert `;`  prettier/prettier
896:37  Error: Insert `;`  prettier/prettier
897:33  Error: Insert `;`  prettier/prettier
898:27  Error: Insert `;`  prettier/prettier
899:38  Error: Insert `;`  prettier/prettier
900:36  Error: Insert `;`  prettier/prettier
901:29  Error: Insert `;`  prettier/prettier
902:30  Error: Insert `;`  prettier/prettier
903:35  Error: Insert `;`  prettier/prettier
904:21  Error: Insert `;`  prettier/prettier
905:35  Error: Insert `;`  prettier/prettier
906:27  Error: Insert `;`  prettier/prettier
907:48  Error: Insert `;`  prettier/prettier
908:36  Error: Insert `;`  prettier/prettier
909:25  Error: Insert `;`  prettier/prettier
910:24  Error: Insert `;`  prettier/prettier
911:36  Error: Insert `;`  prettier/prettier
912:10  Error: Insert `;`  prettier/prettier
914:45  Error: Insert `;`  prettier/prettier
915:38  Error: Insert `;`  prettier/prettier
916:33  Error: Insert `;`  prettier/prettier
917:27  Error: Insert `;`  prettier/prettier
918:39  Error: Insert `;`  prettier/prettier
919:37  Error: Insert `;`  prettier/prettier
920:29  Error: Insert `;`  prettier/prettier
921:30  Error: Insert `;`  prettier/prettier
922:35  Error: Insert `;`  prettier/prettier
923:22  Error: Insert `;`  prettier/prettier
924:36  Error: Insert `;`  prettier/prettier
925:27  Error: Insert `;`  prettier/prettier
926:49  Error: Insert `;`  prettier/prettier
927:37  Error: Insert `;`  prettier/prettier
928:26  Error: Insert `;`  prettier/prettier
929:24  Error: Insert `;`  prettier/prettier
930:37  Error: Insert `;`  prettier/prettier
931:10  Error: Insert `;`  prettier/prettier
933:45  Error: Insert `;`  prettier/prettier
934:38  Error: Insert `;`  prettier/prettier
935:34  Error: Insert `;`  prettier/prettier
936:28  Error: Insert `;`  prettier/prettier
937:39  Error: Insert `;`  prettier/prettier
938:37  Error: Insert `;`  prettier/prettier
939:30  Error: Insert `;`  prettier/prettier
940:31  Error: Insert `;`  prettier/prettier
941:36  Error: Insert `;`  prettier/prettier
942:22  Error: Insert `;`  prettier/prettier
943:36  Error: Insert `;`  prettier/prettier
944:28  Error: Insert `;`  prettier/prettier
945:49  Error: Insert `;`  prettier/prettier
946:37  Error: Insert `;`  prettier/prettier
947:26  Error: Insert `;`  prettier/prettier
948:25  Error: Insert `;`  prettier/prettier
949:37  Error: Insert `;`  prettier/prettier
950:10  Error: Insert `;`  prettier/prettier
951:26  Error: Insert `;`  prettier/prettier
952:8  Error: Insert `;`  prettier/prettier
955:36  Error: Insert `;`  prettier/prettier
956:37  Error: Insert `;`  prettier/prettier
957:21  Error: Insert `;`  prettier/prettier
958:23  Error: Insert `;`  prettier/prettier
959:36  Error: Insert `;`  prettier/prettier
960:10  Error: Insert `;`  prettier/prettier
962:37  Error: Insert `;`  prettier/prettier
963:38  Error: Insert `;`  prettier/prettier
964:22  Error: Insert `;`  prettier/prettier
965:23  Error: Insert `;`  prettier/prettier
966:37  Error: Insert `;`  prettier/prettier
967:10  Error: Insert `;`  prettier/prettier
969:37  Error: Insert `;`  prettier/prettier
970:38  Error: Insert `;`  prettier/prettier
971:22  Error: Insert `;`  prettier/prettier
972:24  Error: Insert `;`  prettier/prettier
973:37  Error: Insert `;`  prettier/prettier
974:10  Error: Insert `;`  prettier/prettier
975:26  Error: Insert `;`  prettier/prettier
976:8  Error: Insert `;`  prettier/prettier
979:36  Error: Insert `;`  prettier/prettier
980:37  Error: Insert `;`  prettier/prettier
981:21  Error: Insert `;`  prettier/prettier
982:23  Error: Insert `;`  prettier/prettier
983:36  Error: Insert `;`  prettier/prettier
984:10  Error: Insert `;`  prettier/prettier
986:37  Error: Insert `;`  prettier/prettier
987:38  Error: Insert `;`  prettier/prettier
988:22  Error: Insert `;`  prettier/prettier
989:23  Error: Insert `;`  prettier/prettier
990:37  Error: Insert `;`  prettier/prettier
991:10  Error: Insert `;`  prettier/prettier
993:37  Error: Insert `;`  prettier/prettier
994:38  Error: Insert `;`  prettier/prettier
995:22  Error: Insert `;`  prettier/prettier
996:24  Error: Insert `;`  prettier/prettier
997:37  Error: Insert `;`  prettier/prettier
998:10  Error: Insert `;`  prettier/prettier
999:26  Error: Insert `;`  prettier/prettier
1000:8  Error: Insert `;`  prettier/prettier
1003:36  Error: Insert `;`  prettier/prettier
1004:21  Error: Insert `;`  prettier/prettier
1005:36  Error: Insert `;`  prettier/prettier
1006:23  Error: Insert `;`  prettier/prettier
1007:36  Error: Insert `;`  prettier/prettier
1008:10  Error: Insert `;`  prettier/prettier
1010:37  Error: Insert `;`  prettier/prettier
1011:22  Error: Insert `;`  prettier/prettier
1012:37  Error: Insert `;`  prettier/prettier
1013:23  Error: Insert `;`  prettier/prettier
1014:37  Error: Insert `;`  prettier/prettier
1015:10  Error: Insert `;`  prettier/prettier
1017:37  Error: Insert `;`  prettier/prettier
1018:22  Error: Insert `;`  prettier/prettier
1019:37  Error: Insert `;`  prettier/prettier
1020:24  Error: Insert `;`  prettier/prettier
1021:37  Error: Insert `;`  prettier/prettier
1022:10  Error: Insert `;`  prettier/prettier
1023:26  Error: Insert `;`  prettier/prettier
1024:8  Error: Insert `;`  prettier/prettier
1027:36  Error: Insert `;`  prettier/prettier
1028:29  Error: Insert `;`  prettier/prettier
1029:37  Error: Insert `;`  prettier/prettier
1030:39  Error: Insert `;`  prettier/prettier
1031:35  Error: Insert `;`  prettier/prettier
1032:21  Error: Insert `;`  prettier/prettier
1033:29  Error: Insert `;`  prettier/prettier
1034:23  Error: Insert `;`  prettier/prettier
1035:29  Error: Insert `;`  prettier/prettier
1036:10  Error: Insert `;`  prettier/prettier
1038:37  Error: Insert `;`  prettier/prettier
1039:30  Error: Insert `;`  prettier/prettier
1040:38  Error: Insert `;`  prettier/prettier
1041:40  Error: Insert `;`  prettier/prettier
1042:36  Error: Insert `;`  prettier/prettier
1043:22  Error: Insert `;`  prettier/prettier
1044:30  Error: Insert `;`  prettier/prettier
1045:23  Error: Insert `;`  prettier/prettier
1046:30  Error: Insert `;`  prettier/prettier
1047:10  Error: Insert `;`  prettier/prettier
1049:37  Error: Insert `;`  prettier/prettier
1050:30  Error: Insert `;`  prettier/prettier
1051:38  Error: Insert `;`  prettier/prettier
1052:40  Error: Insert `;`  prettier/prettier
1053:36  Error: Insert `;`  prettier/prettier
1054:22  Error: Insert `;`  prettier/prettier
1055:30  Error: Insert `;`  prettier/prettier
1056:24  Error: Insert `;`  prettier/prettier
1057:30  Error: Insert `;`  prettier/prettier
1058:10  Error: Insert `;`  prettier/prettier
1059:26  Error: Insert `;`  prettier/prettier
1060:8  Error: Insert `;`  prettier/prettier
1063:38  Error: Insert `;`  prettier/prettier
1064:46  Error: Insert `;`  prettier/prettier
1065:47  Error: Insert `;`  prettier/prettier
1066:34  Error: Insert `;`  prettier/prettier
1067:37  Error: Insert `;`  prettier/prettier
1068:35  Error: Insert `;`  prettier/prettier
1069:30  Error: Insert `;`  prettier/prettier
1070:31  Error: Insert `;`  prettier/prettier
1071:45  Error: Insert `;`  prettier/prettier
1072:29  Error: Insert `;`  prettier/prettier
1073:36  Error: Insert `;`  prettier/prettier
1074:36  Error: Insert `;`  prettier/prettier
1075:36  Error: Insert `;`  prettier/prettier
1076:37  Error: Insert `;`  prettier/prettier
1077:39  Error: Insert `;`  prettier/prettier
1078:35  Error: Insert `;`  prettier/prettier
1079:46  Error: Insert `;`  prettier/prettier
1080:30  Error: Insert `;`  prettier/prettier
1081:21  Error: Insert `;`  prettier/prettier
1082:42  Error: Insert `;`  prettier/prettier
1083:40  Error: Insert `;`  prettier/prettier
1084:36  Error: Insert `;`  prettier/prettier
1085:37  Error: Insert `;`  prettier/prettier
1086:50  Error: Insert `;`  prettier/prettier
1087:36  Error: Insert `;`  prettier/prettier
1088:40  Error: Insert `;`  prettier/prettier
1089:46  Error: Insert `;`  prettier/prettier
1090:23  Error: Insert `;`  prettier/prettier
1091:31  Error: Insert `;`  prettier/prettier
1092:24  Error: Insert `;`  prettier/prettier
1093:51  Error: Insert `;`  prettier/prettier
1094:41  Error: Insert `;`  prettier/prettier
1095:40  Error: Insert `;`  prettier/prettier
1096:40  Error: Insert `;`  prettier/prettier
1097:29  Error: Insert `;`  prettier/prettier
1098:10  Error: Insert `;`  prettier/prettier
1100:39  Error: Insert `;`  prettier/prettier
1101:47  Error: Insert `;`  prettier/prettier
1102:48  Error: Insert `;`  prettier/prettier
1103:35  Error: Insert `;`  prettier/prettier
1104:38  Error: Insert `;`  prettier/prettier
1105:36  Error: Insert `;`  prettier/prettier
1106:31  Error: Insert `;`  prettier/prettier
1107:32  Error: Insert `;`  prettier/prettier
1108:46  Error: Insert `;`  prettier/prettier
1109:30  Error: Insert `;`  prettier/prettier
1110:37  Error: Insert `;`  prettier/prettier
1111:37  Error: Insert `;`  prettier/prettier
1112:37  Error: Insert `;`  prettier/prettier
1113:38  Error: Insert `;`  prettier/prettier
1114:40  Error: Insert `;`  prettier/prettier
1115:35  Error: Insert `;`  prettier/prettier
1116:47  Error: Insert `;`  prettier/prettier
1117:31  Error: Insert `;`  prettier/prettier
1118:22  Error: Insert `;`  prettier/prettier
1119:43  Error: Insert `;`  prettier/prettier
1120:41  Error: Insert `;`  prettier/prettier
1121:37  Error: Insert `;`  prettier/prettier
1122:38  Error: Insert `;`  prettier/prettier
1123:51  Error: Insert `;`  prettier/prettier
1124:37  Error: Insert `;`  prettier/prettier
1125:41  Error: Insert `;`  prettier/prettier
1126:47  Error: Insert `;`  prettier/prettier
1127:23  Error: Insert `;`  prettier/prettier
1128:32  Error: Insert `;`  prettier/prettier
1129:24  Error: Insert `;`  prettier/prettier
1130:52  Error: Insert `;`  prettier/prettier
1131:42  Error: Insert `;`  prettier/prettier
1132:41  Error: Insert `;`  prettier/prettier
1133:41  Error: Insert `;`  prettier/prettier
1134:30  Error: Insert `;`  prettier/prettier
1135:10  Error: Insert `;`  prettier/prettier
1137:39  Error: Insert `;`  prettier/prettier
1138:47  Error: Insert `;`  prettier/prettier
1139:48  Error: Insert `;`  prettier/prettier
1140:35  Error: Insert `;`  prettier/prettier
1141:38  Error: Insert `;`  prettier/prettier
1142:36  Error: Insert `;`  prettier/prettier
1143:31  Error: Insert `;`  prettier/prettier
1144:32  Error: Insert `;`  prettier/prettier
1145:46  Error: Insert `;`  prettier/prettier
1146:30  Error: Insert `;`  prettier/prettier
1147:37  Error: Insert `;`  prettier/prettier
1148:37  Error: Insert `;`  prettier/prettier
1149:37  Error: Insert `;`  prettier/prettier
1150:38  Error: Insert `;`  prettier/prettier
1151:40  Error: Insert `;`  prettier/prettier
1152:36  Error: Insert `;`  prettier/prettier
1153:47  Error: Insert `;`  prettier/prettier
1154:31  Error: Insert `;`  prettier/prettier
1155:22  Error: Insert `;`  prettier/prettier
1156:43  Error: Insert `;`  prettier/prettier
1157:41  Error: Insert `;`  prettier/prettier
1158:37  Error: Insert `;`  prettier/prettier
1159:38  Error: Insert `;`  prettier/prettier
1160:51  Error: Insert `;`  prettier/prettier
1161:37  Error: Insert `;`  prettier/prettier
1162:41  Error: Insert `;`  prettier/prettier
1163:47  Error: Insert `;`  prettier/prettier
1164:24  Error: Insert `;`  prettier/prettier
1165:32  Error: Insert `;`  prettier/prettier
1166:25  Error: Insert `;`  prettier/prettier
1167:52  Error: Insert `;`  prettier/prettier
1168:42  Error: Insert `;`  prettier/prettier
1169:41  Error: Insert `;`  prettier/prettier
1170:41  Error: Insert `;`  prettier/prettier
1171:30  Error: Insert `;`  prettier/prettier
1172:10  Error: Insert `;`  prettier/prettier
1175:29  Error: Replace `"menus_category_id_fkey"` with `'menus_category_id_fkey';`  prettier/prettier
1176:23  Error: Replace `"category_id"]` with `'category_id'];`  prettier/prettier
1177:30  Error: Insert `;`  prettier/prettier
1178:33  Error: Replace `"menu_categories"` with `'menu_categories';`  prettier/prettier
1179:33  Error: Replace `"id"]` with `'id'];`  prettier/prettier
1182:29  Error: Replace `"menus_clinic_id_fkey"` with `'menus_clinic_id_fkey';`  prettier/prettier
1183:23  Error: Replace `"clinic_id"]` with `'clinic_id'];`  prettier/prettier
1184:30  Error: Insert `;`  prettier/prettier
1185:33  Error: Replace `"clinics"` with `'clinics';`  prettier/prettier
1186:33  Error: Replace `"id"]` with `'id'];`  prettier/prettier
1188:10  Error: Insert `;`  prettier/prettier
1189:8  Error: Insert `;`  prettier/prettier
1192:29  Error: Insert `;`  prettier/prettier
1193:28  Error: Insert `;`  prettier/prettier
1194:38  Error: Insert `;`  prettier/prettier
1195:29  Error: Insert `;`  prettier/prettier
1196:29  Error: Insert `;`  prettier/prettier
1197:21  Error: Insert `;`  prettier/prettier
1198:29  Error: Insert `;`  prettier/prettier
1199:26  Error: Insert `;`  prettier/prettier
1200:10  Error: Insert `;`  prettier/prettier
1202:30  Error: Insert `;`  prettier/prettier
1203:28  Error: Insert `;`  prettier/prettier
1204:39  Error: Insert `;`  prettier/prettier
1205:30  Error: Insert `;`  prettier/prettier
1206:29  Error: Insert `;`  prettier/prettier
1207:22  Error: Insert `;`  prettier/prettier
1208:29  Error: Insert `;`  prettier/prettier
1209:26  Error: Insert `;`  prettier/prettier
1210:10  Error: Insert `;`  prettier/prettier
1212:30  Error: Insert `;`  prettier/prettier
1213:29  Error: Insert `;`  prettier/prettier
1214:39  Error: Insert `;`  prettier/prettier
1215:30  Error: Insert `;`  prettier/prettier
1216:30  Error: Insert `;`  prettier/prettier
1217:22  Error: Insert `;`  prettier/prettier
1218:30  Error: Insert `;`  prettier/prettier
1219:27  Error: Insert `;`  prettier/prettier
1220:10  Error: Insert `;`  prettier/prettier
1223:29  Error: Replace `"fk_mfa_setup_clinic"` with `'fk_mfa_setup_clinic';`  prettier/prettier
1224:23  Error: Replace `"clinic_id"]` with `'clinic_id'];`  prettier/prettier
1225:30  Error: Insert `;`  prettier/prettier
1226:33  Error: Replace `"clinics"` with `'clinics';`  prettier/prettier
1227:33  Error: Replace `"id"]` with `'id'];`  prettier/prettier
1229:10  Error: Insert `;`  prettier/prettier
1230:8  Error: Insert `;`  prettier/prettier
1233:35  Error: Insert `;`  prettier/prettier
1234:28  Error: Insert `;`  prettier/prettier
1235:29  Error: Insert `;`  prettier/prettier
1236:21  Error: Insert `;`  prettier/prettier
1237:36  Error: Insert `;`  prettier/prettier
1238:29  Error: Insert `;`  prettier/prettier
1239:31  Error: Insert `;`  prettier/prettier
1240:30  Error: Insert `;`  prettier/prettier
1241:32  Error: Insert `;`  prettier/prettier
1242:33  Error: Insert `;`  prettier/prettier
1243:10  Error: Insert `;`  prettier/prettier
1245:36  Error: Insert `;`  prettier/prettier
1246:28  Error: Insert `;`  prettier/prettier
1247:30  Error: Insert `;`  prettier/prettier
1248:22  Error: Insert `;`  prettier/prettier
1249:37  Error: Insert `;`  prettier/prettier
1250:29  Error: Insert `;`  prettier/prettier
1251:31  Error: Insert `;`  prettier/prettier
1252:31  Error: Insert `;`  prettier/prettier
1253:33  Error: Insert `;`  prettier/prettier
1254:34  Error: Insert `;`  prettier/prettier
1255:10  Error: Insert `;`  prettier/prettier
1257:36  Error: Insert `;`  prettier/prettier
1258:29  Error: Insert `;`  prettier/prettier
1259:30  Error: Insert `;`  prettier/prettier
1260:22  Error: Insert `;`  prettier/prettier
1261:37  Error: Insert `;`  prettier/prettier
1262:30  Error: Insert `;`  prettier/prettier
1263:32  Error: Insert `;`  prettier/prettier
1264:31  Error: Insert `;`  prettier/prettier
1265:33  Error: Insert `;`  prettier/prettier
1266:34  Error: Insert `;`  prettier/prettier
1267:10  Error: Insert `;`  prettier/prettier
1270:29  Error: Replace `"fk_mfa_stats_clinic"` with `'fk_mfa_stats_clinic';`  prettier/prettier
1271:23  Error: Replace `"clinic_id"]` with `'clinic_id'];`  prettier/prettier
1272:30  Error: Insert `;`  prettier/prettier
1273:33  Error: Replace `"clinics"` with `'clinics';`  prettier/prettier
1274:33  Error: Replace `"id"]` with `'id'];`  prettier/prettier
1276:10  Error: Insert `;`  prettier/prettier
1277:8  Error: Insert `;`  prettier/prettier
1280:35  Error: Insert `;`  prettier/prettier
1281:29  Error: Insert `;`  prettier/prettier
1282:21  Error: Insert `;`  prettier/prettier
1283:27  Error: Insert `;`  prettier/prettier
1284:26  Error: Insert `;`  prettier/prettier
1285:33  Error: Insert `;`  prettier/prettier
1286:43  Error: Insert `;`  prettier/prettier
1287:45  Error: Insert `;`  prettier/prettier
1288:24  Error: Insert `;`  prettier/prettier
1289:23  Error: Insert `;`  prettier/prettier
1290:33  Error: Insert `;`  prettier/prettier
1291:10  Error: Insert `;`  prettier/prettier
1293:36  Error: Insert `;`  prettier/prettier
1294:30  Error: Insert `;`  prettier/prettier
1295:22  Error: Insert `;`  prettier/prettier
1296:28  Error: Insert `;`  prettier/prettier
1297:26  Error: Insert `;`  prettier/prettier
1298:34  Error: Insert `;`  prettier/prettier
1299:44  Error: Insert `;`  prettier/prettier
1300:46  Error: Insert `;`  prettier/prettier
1301:24  Error: Insert `;`  prettier/prettier
1302:24  Error: Insert `;`  prettier/prettier
1303:34  Error: Insert `;`  prettier/prettier
1304:10  Error: Insert `;`  prettier/prettier
1306:36  Error: Insert `;`  prettier/prettier
1307:30  Error: Insert `;`  prettier/prettier
1308:22  Error: Insert `;`  prettier/prettier
1309:28  Error: Insert `;`  prettier/prettier
1310:27  Error: Insert `;`  prettier/prettier
1311:34  Error: Insert `;`  prettier/prettier
1312:44  Error: Insert `;`  prettier/prettier
1313:46  Error: Insert `;`  prettier/prettier
1314:25  Error: Insert `;`  prettier/prettier
1315:24  Error: Insert `;`  prettier/prettier
1316:34  Error: Insert `;`  prettier/prettier
1317:10  Error: Insert `;`  prettier/prettier
1320:29  Error: Replace `"notifications_clinic_id_fkey"` with `'notifications_clinic_id_fkey';`  prettier/prettier
1321:23  Error: Replace `"clinic_id"]` with `'clinic_id'];`  prettier/prettier
1322:30  Error: Insert `;`  prettier/prettier
1323:33  Error: Replace `"clinics"` with `'clinics';`  prettier/prettier
1324:33  Error: Replace `"id"]` with `'id'];`  prettier/prettier
1326:10  Error: Insert `;`  prettier/prettier
1327:8  Error: Insert `;`  prettier/prettier
1330:35  Error: Insert `;`  prettier/prettier
1331:38  Error: Insert `;`  prettier/prettier
1332:29  Error: Insert `;`  prettier/prettier
1333:31  Error: Insert `;`  prettier/prettier
1334:21  Error: Insert `;`  prettier/prettier
1335:32  Error: Insert `;`  prettier/prettier
1336:29  Error: Insert `;`  prettier/prettier
1337:26  Error: Insert `;`  prettier/prettier
1338:10  Error: Insert `;`  prettier/prettier
1340:36  Error: Insert `;`  prettier/prettier
1341:39  Error: Insert `;`  prettier/prettier
1342:30  Error: Insert `;`  prettier/prettier
1343:32  Error: Insert `;`  prettier/prettier
1344:22  Error: Insert `;`  prettier/prettier
1345:33  Error: Insert `;`  prettier/prettier
1346:30  Error: Insert `;`  prettier/prettier
1347:26  Error: Insert `;`  prettier/prettier
1348:10  Error: Insert `;`  prettier/prettier
1350:36  Error: Insert `;`  prettier/prettier
1351:39  Error: Insert `;`  prettier/prettier
1352:30  Error: Insert `;`  prettier/prettier
1353:32  Error: Insert `;`  prettier/prettier
1354:22  Error: Insert `;`  prettier/prettier
1355:33  Error: Insert `;`  prettier/prettier
1356:30  Error: Insert `;`  prettier/prettier
1357:27  Error: Insert `;`  prettier/prettier
1358:10  Error: Insert `;`  prettier/prettier
1361:29  Error: Replace `"onboarding_states_clinic_id_fkey"` with `'onboarding_states_clinic_id_fkey';`  prettier/prettier
1362:23  Error: Replace `"clinic_id"]` with `'clinic_id'];`  prettier/prettier
1363:30  Error: Insert `;`  prettier/prettier
1364:33  Error: Replace `"clinics"` with `'clinics';`  prettier/prettier
1365:33  Error: Replace `"id"]` with `'id'];`  prettier/prettier
1367:10  Error: Insert `;`  prettier/prettier
1368:8  Error: Insert `;`  prettier/prettier
1371:33  Error: Insert `;`  prettier/prettier
1372:35  Error: Insert `;`  prettier/prettier
1373:36  Error: Insert `;`  prettier/prettier
1374:39  Error: Insert `;`  prettier/prettier
1375:32  Error: Insert `;`  prettier/prettier
1376:21  Error: Insert `;`  prettier/prettier
1377:41  Error: Insert `;`  prettier/prettier
1378:23  Error: Insert `;`  prettier/prettier
1379:38  Error: Insert `;`  prettier/prettier
1380:43  Error: Insert `;`  prettier/prettier
1381:36  Error: Insert `;`  prettier/prettier
1382:10  Error: Insert `;`  prettier/prettier
1384:34  Error: Insert `;`  prettier/prettier
1385:36  Error: Insert `;`  prettier/prettier
1386:37  Error: Insert `;`  prettier/prettier
1387:40  Error: Insert `;`  prettier/prettier
1388:33  Error: Insert `;`  prettier/prettier
1389:22  Error: Insert `;`  prettier/prettier
1390:42  Error: Insert `;`  prettier/prettier
1391:23  Error: Insert `;`  prettier/prettier
1392:39  Error: Insert `;`  prettier/prettier
1393:44  Error: Insert `;`  prettier/prettier
1394:37  Error: Insert `;`  prettier/prettier
1395:10  Error: Insert `;`  prettier/prettier
1397:34  Error: Insert `;`  prettier/prettier
1398:36  Error: Insert `;`  prettier/prettier
1399:37  Error: Insert `;`  prettier/prettier
1400:40  Error: Insert `;`  prettier/prettier
1401:33  Error: Insert `;`  prettier/prettier
1402:22  Error: Insert `;`  prettier/prettier
1403:42  Error: Insert `;`  prettier/prettier
1404:24  Error: Insert `;`  prettier/prettier
1405:39  Error: Insert `;`  prettier/prettier
1406:44  Error: Insert `;`  prettier/prettier
1407:37  Error: Insert `;`  prettier/prettier
1408:10  Error: Insert `;`  prettier/prettier
1411:29  Error: Replace `"patients_clinic_id_fkey"` with `'patients_clinic_id_fkey';`  prettier/prettier
1412:23  Error: Replace `"clinic_id"]` with `'clinic_id'];`  prettier/prettier
1413:30  Error: Insert `;`  prettier/prettier
1414:33  Error: Replace `"clinics"` with `'clinics';`  prettier/prettier
1415:33  Error: Replace `"id"]` with `'id'];`  prettier/prettier
1417:10  Error: Insert `;`  prettier/prettier
1418:8  Error: Insert `;`  prettier/prettier
1421:36  Error: Insert `;`  prettier/prettier
1422:35  Error: Insert `;`  prettier/prettier
1423:29  Error: Insert `;`  prettier/prettier
1424:24  Error: Insert `;`  prettier/prettier
1425:28  Error: Insert `;`  prettier/prettier
1426:21  Error: Insert `;`  prettier/prettier
1427:29  Error: Insert `;`  prettier/prettier
1428:45  Error: Insert `;`  prettier/prettier
1429:39  Error: Insert `;`  prettier/prettier
1430:38  Error: Insert `;`  prettier/prettier
1431:23  Error: Insert `;`  prettier/prettier
1432:34  Error: Insert `;`  prettier/prettier
1433:29  Error: Insert `;`  prettier/prettier
1434:26  Error: Insert `;`  prettier/prettier
1435:10  Error: Insert `;`  prettier/prettier
1437:37  Error: Insert `;`  prettier/prettier
1438:36  Error: Insert `;`  prettier/prettier
1439:30  Error: Insert `;`  prettier/prettier
1440:24  Error: Insert `;`  prettier/prettier
1441:28  Error: Insert `;`  prettier/prettier
1442:22  Error: Insert `;`  prettier/prettier
1443:30  Error: Insert `;`  prettier/prettier
1444:46  Error: Insert `;`  prettier/prettier
1445:40  Error: Insert `;`  prettier/prettier
1446:39  Error: Insert `;`  prettier/prettier
1447:24  Error: Insert `;`  prettier/prettier
1448:35  Error: Insert `;`  prettier/prettier
1449:30  Error: Insert `;`  prettier/prettier
1450:26  Error: Insert `;`  prettier/prettier
1451:10  Error: Insert `;`  prettier/prettier
1453:37  Error: Insert `;`  prettier/prettier
1454:36  Error: Insert `;`  prettier/prettier
1455:30  Error: Insert `;`  prettier/prettier
1456:25  Error: Insert `;`  prettier/prettier
1457:29  Error: Insert `;`  prettier/prettier
1458:22  Error: Insert `;`  prettier/prettier
1459:30  Error: Insert `;`  prettier/prettier
1460:46  Error: Insert `;`  prettier/prettier
1461:40  Error: Insert `;`  prettier/prettier
1462:39  Error: Insert `;`  prettier/prettier
1463:24  Error: Insert `;`  prettier/prettier
1464:35  Error: Insert `;`  prettier/prettier
1465:30  Error: Insert `;`  prettier/prettier
1466:27  Error: Insert `;`  prettier/prettier
1467:10  Error: Insert `;`  prettier/prettier
1470:29  Error: Replace `"profiles_clinic_id_fkey"` with `'profiles_clinic_id_fkey';`  prettier/prettier
1471:23  Error: Replace `"clinic_id"]` with `'clinic_id'];`  prettier/prettier
1472:30  Error: Insert `;`  prettier/prettier
1473:33  Error: Replace `"clinics"` with `'clinics';`  prettier/prettier
1474:33  Error: Replace `"id"]` with `'id'];`  prettier/prettier
1476:10  Error: Insert `;`  prettier/prettier
1477:8  Error: Insert `;`  prettier/prettier
1480:47  Error: Insert `;`  prettier/prettier
1481:36  Error: Insert `;`  prettier/prettier
1482:40  Error: Insert `;`  prettier/prettier
1483:28  Error: Insert `;`  prettier/prettier
1484:29  Error: Insert `;`  prettier/prettier
1485:37  Error: Insert `;`  prettier/prettier
1486:28  Error: Insert `;`  prettier/prettier
1487:37  Error: Insert `;`  prettier/prettier
1488:21  Error: Insert `;`  prettier/prettier
1489:35  Error: Insert `;`  prettier/prettier
1490:31  Error: Insert `;`  prettier/prettier
1491:30  Error: Insert `;`  prettier/prettier
1492:36  Error: Insert `;`  prettier/prettier
1493:29  Error: Insert `;`  prettier/prettier
1494:26  Error: Insert `;`  prettier/prettier
1495:10  Error: Insert `;`  prettier/prettier
1497:48  Error: Insert `;`  prettier/prettier
1498:37  Error: Insert `;`  prettier/prettier
1499:41  Error: Insert `;`  prettier/prettier
1500:28  Error: Insert `;`  prettier/prettier
1501:30  Error: Insert `;`  prettier/prettier
1502:37  Error: Insert `;`  prettier/prettier
1503:29  Error: Insert `;`  prettier/prettier
1504:38  Error: Insert `;`  prettier/prettier
1505:22  Error: Insert `;`  prettier/prettier
1506:36  Error: Insert `;`  prettier/prettier
1507:32  Error: Insert `;`  prettier/prettier
1508:31  Error: Insert `;`  prettier/prettier
1509:37  Error: Insert `;`  prettier/prettier
1510:30  Error: Insert `;`  prettier/prettier
1511:26  Error: Insert `;`  prettier/prettier
1512:10  Error: Insert `;`  prettier/prettier
1514:48  Error: Insert `;`  prettier/prettier
1515:37  Error: Insert `;`  prettier/prettier
1516:41  Error: Insert `;`  prettier/prettier
1517:29  Error: Insert `;`  prettier/prettier
1518:30  Error: Insert `;`  prettier/prettier
1519:38  Error: Insert `;`  prettier/prettier
1520:29  Error: Insert `;`  prettier/prettier
1521:38  Error: Insert `;`  prettier/prettier
1522:22  Error: Insert `;`  prettier/prettier
1523:36  Error: Insert `;`  prettier/prettier
1524:32  Error: Insert `;`  prettier/prettier
1525:31  Error: Insert `;`  prettier/prettier
1526:37  Error: Insert `;`  prettier/prettier
1527:30  Error: Insert `;`  prettier/prettier
1528:27  Error: Insert `;`  prettier/prettier
1529:10  Error: Insert `;`  prettier/prettier
1532:29  Error: Replace `"registered_devices_clinic_id_fkey"` with `'registered_devices_clinic_id_fkey';`  prettier/prettier
1533:23  Error: Replace `"clinic_id"]` with `'clinic_id'];`  prettier/prettier
1534:30  Error: Insert `;`  prettier/prettier
1535:33  Error: Replace `"clinics"` with `'clinics';`  prettier/prettier
1536:33  Error: Replace `"id"]` with `'id'];`  prettier/prettier
1538:10  Error: Insert `;`  prettier/prettier
1539:8  Error: Insert `;`  prettier/prettier
1542:25  Error: Insert `;`  prettier/prettier
1543:39  Error: Insert `;`  prettier/prettier
1544:35  Error: Insert `;`  prettier/prettier
1545:29  Error: Insert `;`  prettier/prettier
1546:36  Error: Insert `;`  prettier/prettier
1547:21  Error: Insert `;`  prettier/prettier
1548:30  Error: Insert `;`  prettier/prettier
1549:33  Error: Insert `;`  prettier/prettier
1550:33  Error: Insert `;`  prettier/prettier
1551:33  Error: Insert `;`  prettier/prettier
1552:36  Error: Insert `;`  prettier/prettier
1553:10  Error: Insert `;`  prettier/prettier
1555:25  Error: Insert `;`  prettier/prettier
1556:40  Error: Insert `;`  prettier/prettier
1557:36  Error: Insert `;`  prettier/prettier
1558:30  Error: Insert `;`  prettier/prettier
1559:37  Error: Insert `;`  prettier/prettier
1560:22  Error: Insert `;`  prettier/prettier
1561:31  Error: Insert `;`  prettier/prettier
1562:34  Error: Insert `;`  prettier/prettier
1563:34  Error: Insert `;`  prettier/prettier
1564:33  Error: Insert `;`  prettier/prettier
1565:37  Error: Insert `;`  prettier/prettier
1566:10  Error: Insert `;`  prettier/prettier
1568:26  Error: Insert `;`  prettier/prettier
1569:40  Error: Insert `;`  prettier/prettier
1570:36  Error: Insert `;`  prettier/prettier
1571:30  Error: Insert `;`  prettier/prettier
1572:37  Error: Insert `;`  prettier/prettier
1573:22  Error: Insert `;`  prettier/prettier
1574:31  Error: Insert `;`  prettier/prettier
1575:34  Error: Insert `;`  prettier/prettier
1576:34  Error: Insert `;`  prettier/prettier
1577:34  Error: Insert `;`  prettier/prettier
1578:37  Error: Insert `;`  prettier/prettier
1579:10  Error: Insert `;`  prettier/prettier
1582:29  Error: Replace `"reservation_history_clinic_id_fkey"` with `'reservation_history_clinic_id_fkey';`  prettier/prettier
1583:23  Error: Replace `"clinic_id"]` with `'clinic_id'];`  prettier/prettier
1584:30  Error: Insert `;`  prettier/prettier
1585:33  Error: Replace `"clinics"` with `'clinics';`  prettier/prettier
1586:33  Error: Replace `"id"]` with `'id'];`  prettier/prettier
1589:29  Error: Replace `"reservation_history_reservation_id_fkey"` with `'reservation_history_reservation_id_fkey';`  prettier/prettier
1590:23  Error: Replace `"reservation_id"]` with `'reservation_id'];`  prettier/prettier
1591:30  Error: Insert `;`  prettier/prettier
1592:33  Error: Replace `"reservation_list_view"` with `'reservation_list_view';`  prettier/prettier
1593:33  Error: Replace `"id"]` with `'id'];`  prettier/prettier
1596:29  Error: Replace `"reservation_history_reservation_id_fkey"` with `'reservation_history_reservation_id_fkey';`  prettier/prettier
1597:23  Error: Replace `"reservation_id"]` with `'reservation_id'];`  prettier/prettier
1598:30  Error: Insert `;`  prettier/prettier
1599:33  Error: Replace `"reservations"` with `'reservations';`  prettier/prettier
1600:33  Error: Replace `"id"]` with `'id'];`  prettier/prettier
1602:10  Error: Insert `;`  prettier/prettier
1603:8  Error: Insert `;`  prettier/prettier
1606:38  Error: Insert `;`  prettier/prettier
1607:37  Error: Insert `;`  prettier/prettier
1608:38  Error: Insert `;`  prettier/prettier
1609:45  Error: Insert `;`  prettier/prettier
1610:26  Error: Insert `;`  prettier/prettier
1611:35  Error: Insert `;`  prettier/prettier
1612:44  Error: Insert `;`  prettier/prettier
1613:46  Error: Insert `;`  prettier/prettier
1614:29  Error: Insert `;`  prettier/prettier
1615:36  Error: Insert `;`  prettier/prettier
1616:30  Error: Insert `;`  prettier/prettier
1617:36  Error: Insert `;`  prettier/prettier
1618:36  Error: Insert `;`  prettier/prettier
1619:27  Error: Insert `;`  prettier/prettier
1620:21  Error: Insert `;`  prettier/prettier
1621:37  Error: Insert `;`  prettier/prettier
1622:39  Error: Insert `;`  prettier/prettier
1623:26  Error: Insert `;`  prettier/prettier
1624:40  Error: Insert `;`  prettier/prettier
1625:31  Error: Insert `;`  prettier/prettier
1626:40  Error: Insert `;`  prettier/prettier
1627:31  Error: Insert `;`  prettier/prettier
1628:46  Error: Insert `;`  prettier/prettier
1629:40  Error: Insert `;`  prettier/prettier
1630:42  Error: Insert `;`  prettier/prettier
1631:46  Error: Insert `;`  prettier/prettier
1632:40  Error: Insert `;`  prettier/prettier
1633:27  Error: Insert `;`  prettier/prettier
1634:29  Error: Insert `;`  prettier/prettier
1635:25  Error: Insert `;`  prettier/prettier
1636:29  Error: Insert `;`  prettier/prettier
1637:10  Error: Insert `;`  prettier/prettier
1639:39  Error: Insert `;`  prettier/prettier
1640:38  Error: Insert `;`  prettier/prettier
1641:39  Error: Insert `;`  prettier/prettier
1642:46  Error: Insert `;`  prettier/prettier
1643:27  Error: Insert `;`  prettier/prettier
1644:36  Error: Insert `;`  prettier/prettier
1645:45  Error: Insert `;`  prettier/prettier
1646:47  Error: Insert `;`  prettier/prettier
1647:30  Error: Insert `;`  prettier/prettier
1648:37  Error: Insert `;`  prettier/prettier
1649:30  Error: Insert `;`  prettier/prettier
1650:37  Error: Insert `;`  prettier/prettier
1651:37  Error: Insert `;`  prettier/prettier
1652:27  Error: Insert `;`  prettier/prettier
1653:22  Error: Insert `;`  prettier/prettier
1654:38  Error: Insert `;`  prettier/prettier
1655:40  Error: Insert `;`  prettier/prettier
1656:26  Error: Insert `;`  prettier/prettier
1657:41  Error: Insert `;`  prettier/prettier
1658:32  Error: Insert `;`  prettier/prettier
1659:41  Error: Insert `;`  prettier/prettier
1660:32  Error: Insert `;`  prettier/prettier
1661:47  Error: Insert `;`  prettier/prettier
1662:41  Error: Insert `;`  prettier/prettier
1663:43  Error: Insert `;`  prettier/prettier
1664:47  Error: Insert `;`  prettier/prettier
1665:41  Error: Insert `;`  prettier/prettier
1666:27  Error: Insert `;`  prettier/prettier
1667:29  Error: Insert `;`  prettier/prettier
1668:26  Error: Insert `;`  prettier/prettier
1669:30  Error: Insert `;`  prettier/prettier
1670:10  Error: Insert `;`  prettier/prettier
1672:39  Error: Insert `;`  prettier/prettier
1673:38  Error: Insert `;`  prettier/prettier
1674:39  Error: Insert `;`  prettier/prettier
1675:46  Error: Insert `;`  prettier/prettier
1676:27  Error: Insert `;`  prettier/prettier
1677:36  Error: Insert `;`  prettier/prettier
1678:45  Error: Insert `;`  prettier/prettier
1679:47  Error: Insert `;`  prettier/prettier
1680:30  Error: Insert `;`  prettier/prettier
1681:37  Error: Insert `;`  prettier/prettier
1682:31  Error: Insert `;`  prettier/prettier
1683:37  Error: Insert `;`  prettier/prettier
1684:37  Error: Insert `;`  prettier/prettier
1685:28  Error: Insert `;`  prettier/prettier
1686:22  Error: Insert `;`  prettier/prettier
1687:38  Error: Insert `;`  prettier/prettier
1688:40  Error: Insert `;`  prettier/prettier
1689:27  Error: Insert `;`  prettier/prettier
1690:41  Error: Insert `;`  prettier/prettier
1691:32  Error: Insert `;`  prettier/prettier
1692:41  Error: Insert `;`  prettier/prettier
1693:32  Error: Insert `;`  prettier/prettier
1694:47  Error: Insert `;`  prettier/prettier
1695:41  Error: Insert `;`  prettier/prettier
1696:43  Error: Insert `;`  prettier/prettier
1697:47  Error: Insert `;`  prettier/prettier
1698:41  Error: Insert `;`  prettier/prettier
1699:28  Error: Insert `;`  prettier/prettier
1700:30  Error: Insert `;`  prettier/prettier
1701:26  Error: Insert `;`  prettier/prettier
1702:30  Error: Insert `;`  prettier/prettier
1703:10  Error: Insert `;`  prettier/prettier
1706:29  Error: Replace `"reservations_clinic_id_fkey"` with `'reservations_clinic_id_fkey';`  prettier/prettier
1707:23  Error: Replace `"clinic_id"]` with `'clinic_id'];`  prettier/prettier
1708:30  Error: Insert `;`  prettier/prettier
1709:33  Error: Replace `"clinics"` with `'clinics';`  prettier/prettier
1710:33  Error: Replace `"id"]` with `'id'];`  prettier/prettier
1713:29  Error: Replace `"reservations_customer_id_fkey"` with `'reservations_customer_id_fkey';`  prettier/prettier
1714:23  Error: Replace `"customer_id"]` with `'customer_id'];`  prettier/prettier
1715:30  Error: Insert `;`  prettier/prettier
1716:33  Error: Replace `"customers"` with `'customers';`  prettier/prettier
1717:33  Error: Replace `"id"]` with `'id'];`  prettier/prettier
1720:29  Error: Replace `"reservations_customer_id_fkey"` with `'reservations_customer_id_fkey';`  prettier/prettier
1721:23  Error: Replace `"customer_id"]` with `'customer_id'];`  prettier/prettier
1722:30  Error: Insert `;`  prettier/prettier
1723:33  Error: Replace `"patient_visit_summary"` with `'patient_visit_summary';`  prettier/prettier
1724:33  Error: Replace `"patient_id"]` with `'patient_id'];`  prettier/prettier
1727:29  Error: Replace `"reservations_menu_id_fkey"` with `'reservations_menu_id_fkey';`  prettier/prettier
1728:23  Error: Replace `"menu_id"]` with `'menu_id'];`  prettier/prettier
1729:30  Error: Insert `;`  prettier/prettier
1730:33  Error: Replace `"menus"` with `'menus';`  prettier/prettier
1731:33  Error: Replace `"id"]` with `'id'];`  prettier/prettier
1734:29  Error: Replace `"reservations_staff_id_fkey"` with `'reservations_staff_id_fkey';`  prettier/prettier
1735:23  Error: Replace `"staff_id"]` with `'staff_id'];`  prettier/prettier
1736:30  Error: Insert `;`  prettier/prettier
1737:33  Error: Replace `"resources"` with `'resources';`  prettier/prettier
1738:33  Error: Replace `"id"]` with `'id'];`  prettier/prettier
1741:29  Error: Replace `"reservations_staff_id_fkey"` with `'reservations_staff_id_fkey';`  prettier/prettier
1742:23  Error: Replace `"staff_id"]` with `'staff_id'];`  prettier/prettier
1743:30  Error: Insert `;`  prettier/prettier
1744:33  Error: Replace `"staff_performance_summary"` with `'staff_performance_summary';`  prettier/prettier
1745:33  Error: Replace `"staff_id"]` with `'staff_id'];`  prettier/prettier
1747:10  Error: Insert `;`  prettier/prettier
1748:8  Error: Insert `;`  prettier/prettier
1751:35  Error: Insert `;`  prettier/prettier
1752:31  Error: Insert `;`  prettier/prettier
1753:29  Error: Insert `;`  prettier/prettier
1754:36  Error: Insert `;`  prettier/prettier
1755:36  Error: Insert `;`  prettier/prettier
1756:36  Error: Insert `;`  prettier/prettier
1757:39  Error: Insert `;`  prettier/prettier
1758:31  Error: Insert `;`  prettier/prettier
1759:21  Error: Insert `;`  prettier/prettier
1760:36  Error: Insert `;`  prettier/prettier
1761:38  Error: Insert `;`  prettier/prettier
1762:37  Error: Insert `;`  prettier/prettier
1763:40  Error: Insert `;`  prettier/prettier
1764:23  Error: Insert `;`  prettier/prettier
1765:31  Error: Insert `;`  prettier/prettier
1766:42  Error: Insert `;`  prettier/prettier
1767:39  Error: Insert `;`  prettier/prettier
1768:36  Error: Insert `;`  prettier/prettier
1769:43  Error: Insert `;`  prettier/prettier
1770:23  Error: Insert `;`  prettier/prettier
1771:29  Error: Insert `;`  prettier/prettier
1772:30  Error: Insert `;`  prettier/prettier
1773:10  Error: Insert `;`  prettier/prettier
1775:36  Error: Insert `;`  prettier/prettier
1776:32  Error: Insert `;`  prettier/prettier
1777:30  Error: Insert `;`  prettier/prettier
1778:37  Error: Insert `;`  prettier/prettier
1779:37  Error: Insert `;`  prettier/prettier
1780:37  Error: Insert `;`  prettier/prettier
1781:40  Error: Insert `;`  prettier/prettier
1782:32  Error: Insert `;`  prettier/prettier
1783:22  Error: Insert `;`  prettier/prettier
1784:37  Error: Insert `;`  prettier/prettier
1785:39  Error: Insert `;`  prettier/prettier
1786:38  Error: Insert `;`  prettier/prettier
1787:41  Error: Insert `;`  prettier/prettier
1788:23  Error: Insert `;`  prettier/prettier
1789:32  Error: Insert `;`  prettier/prettier
1790:43  Error: Insert `;`  prettier/prettier
1791:40  Error: Insert `;`  prettier/prettier
1792:37  Error: Insert `;`  prettier/prettier
1793:44  Error: Insert `;`  prettier/prettier
1794:23  Error: Insert `;`  prettier/prettier
1795:30  Error: Insert `;`  prettier/prettier
1796:31  Error: Insert `;`  prettier/prettier
1797:10  Error: Insert `;`  prettier/prettier
1799:36  Error: Insert `;`  prettier/prettier
1800:32  Error: Insert `;`  prettier/prettier
1801:30  Error: Insert `;`  prettier/prettier
1802:37  Error: Insert `;`  prettier/prettier
1803:37  Error: Insert `;`  prettier/prettier
1804:37  Error: Insert `;`  prettier/prettier
1805:40  Error: Insert `;`  prettier/prettier
1806:32  Error: Insert `;`  prettier/prettier
1807:22  Error: Insert `;`  prettier/prettier
1808:37  Error: Insert `;`  prettier/prettier
1809:39  Error: Insert `;`  prettier/prettier
1810:38  Error: Insert `;`  prettier/prettier
1811:41  Error: Insert `;`  prettier/prettier
1812:24  Error: Insert `;`  prettier/prettier
1813:32  Error: Insert `;`  prettier/prettier
1814:43  Error: Insert `;`  prettier/prettier
1815:40  Error: Insert `;`  prettier/prettier
1816:37  Error: Insert `;`  prettier/prettier
1817:44  Error: Insert `;`  prettier/prettier
1818:24  Error: Insert `;`  prettier/prettier
1819:30  Error: Insert `;`  prettier/prettier
1820:31  Error: Insert `;`  prettier/prettier
1821:10  Error: Insert `;`  prettier/prettier
1824:29  Error: Replace `"resources_clinic_id_fkey"` with `'resources_clinic_id_fkey';`  prettier/prettier
1825:23  Error: Replace `"clinic_id"]` with `'clinic_id'];`  prettier/prettier
1826:30  Error: Insert `;`  prettier/prettier
1827:33  Error: Replace `"clinics"` with `'clinics';`  prettier/prettier
1828:33  Error: Replace `"id"]` with `'id'];`  prettier/prettier
1830:10  Error: Insert `;`  prettier/prettier
1831:8  Error: Insert `;`  prettier/prettier
1834:25  Error: Insert `;`  prettier/prettier
1835:37  Error: Insert `;`  prettier/prettier
1836:35  Error: Insert `;`  prettier/prettier
1837:36  Error: Insert `;`  prettier/prettier
1838:21  Error: Insert `;`  prettier/prettier
1839:43  Error: Insert `;`  prettier/prettier
1840:33  Error: Insert `;`  prettier/prettier
1841:36  Error: Insert `;`  prettier/prettier
1842:41  Error: Insert `;`  prettier/prettier
1843:43  Error: Insert `;`  prettier/prettier
1844:41  Error: Insert `;`  prettier/prettier
1845:31  Error: Insert `;`  prettier/prettier
1846:43  Error: Insert `;`  prettier/prettier
1847:36  Error: Insert `;`  prettier/prettier
1848:34  Error: Insert `;`  prettier/prettier
1849:10  Error: Insert `;`  prettier/prettier
1851:25  Error: Insert `;`  prettier/prettier
1852:38  Error: Insert `;`  prettier/prettier
1853:36  Error: Insert `;`  prettier/prettier
1854:37  Error: Insert `;`  prettier/prettier
1855:22  Error: Insert `;`  prettier/prettier
1856:44  Error: Insert `;`  prettier/prettier
1857:34  Error: Insert `;`  prettier/prettier
1858:37  Error: Insert `;`  prettier/prettier
1859:42  Error: Insert `;`  prettier/prettier
1860:44  Error: Insert `;`  prettier/prettier
1861:42  Error: Insert `;`  prettier/prettier
1862:31  Error: Insert `;`  prettier/prettier
1863:44  Error: Insert `;`  prettier/prettier
1864:37  Error: Insert `;`  prettier/prettier
1865:35  Error: Insert `;`  prettier/prettier
1866:10  Error: Insert `;`  prettier/prettier
1868:26  Error: Insert `;`  prettier/prettier
1869:38  Error: Insert `;`  prettier/prettier
1870:36  Error: Insert `;`  prettier/prettier
1871:37  Error: Insert `;`  prettier/prettier
1872:22  Error: Insert `;`  prettier/prettier
1873:44  Error: Insert `;`  prettier/prettier
1874:34  Error: Insert `;`  prettier/prettier
1875:37  Error: Insert `;`  prettier/prettier
1876:42  Error: Insert `;`  prettier/prettier
1877:44  Error: Insert `;`  prettier/prettier
1878:42  Error: Insert `;`  prettier/prettier
1879:32  Error: Insert `;`  prettier/prettier
1880:44  Error: Insert `;`  prettier/prettier
1881:37  Error: Insert `;`  prettier/prettier
1882:35  Error: Insert `;`  prettier/prettier
1883:10  Error: Insert `;`  prettier/prettier
1886:29  Error: Replace `"revenues_category_id_fkey"` with `'revenues_category_id_fkey';`  prettier/prettier
1887:23  Error: Replace `"category_id"]` with `'category_id'];`  prettier/prettier
1888:30  Error: Insert `;`  prettier/prettier
1889:33  Error: Replace `"master_categories"` with `'master_categories';`  prettier/prettier
1890:33  Error: Replace `"id"]` with `'id'];`  prettier/prettier
1893:29  Error: Replace `"revenues_clinic_id_fkey"` with `'revenues_clinic_id_fkey';`  prettier/prettier
1894:23  Error: Replace `"clinic_id"]` with `'clinic_id'];`  prettier/prettier
1895:30  Error: Insert `;`  prettier/prettier
1896:33  Error: Replace `"clinics"` with `'clinics';`  prettier/prettier
1897:33  Error: Replace `"id"]` with `'id'];`  prettier/prettier
1900:29  Error: Replace `"revenues_menu_id_fkey"` with `'revenues_menu_id_fkey';`  prettier/prettier
1901:23  Error: Replace `"menu_id"]` with `'menu_id'];`  prettier/prettier
1902:30  Error: Insert `;`  prettier/prettier
1903:33  Error: Replace `"menus"` with `'menus';`  prettier/prettier
1904:33  Error: Replace `"id"]` with `'id'];`  prettier/prettier
1907:29  Error: Replace `"revenues_patient_id_fkey"` with `'revenues_patient_id_fkey';`  prettier/prettier
1908:23  Error: Replace `"patient_id"]` with `'patient_id'];`  prettier/prettier
1909:30  Error: Insert `;`  prettier/prettier
1910:33  Error: Replace `"patients"` with `'patients';`  prettier/prettier
1911:33  Error: Replace `"id"]` with `'id'];`  prettier/prettier
1914:29  Error: Replace `"revenues_patient_type_id_fkey"` with `'revenues_patient_type_id_fkey';`  prettier/prettier
1915:23  Error: Replace `"patient_type_id"]` with `'patient_type_id'];`  prettier/prettier
1916:30  Error: Insert `;`  prettier/prettier
1917:33  Error: Replace `"master_patient_types"` with `'master_patient_types';`  prettier/prettier
1918:33  Error: Replace `"id"]` with `'id'];`  prettier/prettier
1921:29  Error: Replace `"revenues_payment_method_id_fkey"` with `'revenues_payment_method_id_fkey';`  prettier/prettier
1922:23  Error: Replace `"payment_method_id"]` with `'payment_method_id'];`  prettier/prettier
1923:30  Error: Insert `;`  prettier/prettier
1924:33  Error: Replace `"master_payment_methods"` with `'master_payment_methods';`  prettier/prettier
1925:33  Error: Replace `"id"]` with `'id'];`  prettier/prettier
1928:29  Error: Replace `"revenues_visit_id_fkey"` with `'revenues_visit_id_fkey';`  prettier/prettier
1929:23  Error: Replace `"visit_id"]` with `'visit_id'];`  prettier/prettier
1930:30  Error: Insert `;`  prettier/prettier
1931:33  Error: Replace `"visits"` with `'visits';`  prettier/prettier
1932:33  Error: Replace `"id"]` with `'id'];`  prettier/prettier
1934:10  Error: Insert `;`  prettier/prettier
1935:8  Error: Insert `;`  prettier/prettier
1938:37  Error: Insert `;`  prettier/prettier
1939:37  Error: Insert `;`  prettier/prettier
1940:35  Error: Insert `;`  prettier/prettier
1941:40  Error: Insert `;`  prettier/prettier
1942:29  Error: Insert `;`  prettier/prettier
1943:33  Error: Insert `;`  prettier/prettier
1944:27  Error: Insert `;`  prettier/prettier
1945:36  Error: Insert `;`  prettier/prettier
1946:29  Error: Insert `;`  prettier/prettier
1947:35  Error: Insert `;`  prettier/prettier
1948:21  Error: Insert `;`  prettier/prettier
1949:30  Error: Insert `;`  prettier/prettier
1950:42  Error: Insert `;`  prettier/prettier
1951:37  Error: Insert `;`  prettier/prettier
1952:36  Error: Insert `;`  prettier/prettier
1953:33  Error: Insert `;`  prettier/prettier
1954:42  Error: Insert `;`  prettier/prettier
1955:25  Error: Insert `;`  prettier/prettier
1956:36  Error: Insert `;`  prettier/prettier
1957:36  Error: Insert `;`  prettier/prettier
1958:33  Error: Insert `;`  prettier/prettier
1959:10  Error: Insert `;`  prettier/prettier
1961:38  Error: Insert `;`  prettier/prettier
1962:38  Error: Insert `;`  prettier/prettier
1963:36  Error: Insert `;`  prettier/prettier
1964:41  Error: Insert `;`  prettier/prettier
1965:30  Error: Insert `;`  prettier/prettier
1966:33  Error: Insert `;`  prettier/prettier
1967:28  Error: Insert `;`  prettier/prettier
1968:36  Error: Insert `;`  prettier/prettier
1969:29  Error: Insert `;`  prettier/prettier
1970:36  Error: Insert `;`  prettier/prettier
1971:22  Error: Insert `;`  prettier/prettier
1972:31  Error: Insert `;`  prettier/prettier
1973:43  Error: Insert `;`  prettier/prettier
1974:38  Error: Insert `;`  prettier/prettier
1975:37  Error: Insert `;`  prettier/prettier
1976:34  Error: Insert `;`  prettier/prettier
1977:43  Error: Insert `;`  prettier/prettier
1978:26  Error: Insert `;`  prettier/prettier
1979:37  Error: Insert `;`  prettier/prettier
1980:37  Error: Insert `;`  prettier/prettier
1981:34  Error: Insert `;`  prettier/prettier
1982:10  Error: Insert `;`  prettier/prettier
1984:38  Error: Insert `;`  prettier/prettier
1985:38  Error: Insert `;`  prettier/prettier
1986:36  Error: Insert `;`  prettier/prettier
1987:41  Error: Insert `;`  prettier/prettier
1988:30  Error: Insert `;`  prettier/prettier
1989:34  Error: Insert `;`  prettier/prettier
1990:28  Error: Insert `;`  prettier/prettier
1991:37  Error: Insert `;`  prettier/prettier
1992:30  Error: Insert `;`  prettier/prettier
1993:36  Error: Insert `;`  prettier/prettier
1994:22  Error: Insert `;`  prettier/prettier
1995:31  Error: Insert `;`  prettier/prettier
1996:43  Error: Insert `;`  prettier/prettier
1997:38  Error: Insert `;`  prettier/prettier
1998:37  Error: Insert `;`  prettier/prettier
1999:34  Error: Insert `;`  prettier/prettier
2000:43  Error: Insert `;`  prettier/prettier
2001:26  Error: Insert `;`  prettier/prettier
2002:37  Error: Insert `;`  prettier/prettier
2003:37  Error: Insert `;`  prettier/prettier
2004:34  Error: Insert `;`  prettier/prettier
2005:10  Error: Insert `;`  prettier/prettier
2008:29  Error: Replace `"security_events_clinic_id_fkey"` with `'security_events_clinic_id_fkey';`  prettier/prettier
2009:23  Error: Replace `"clinic_id"]` with `'clinic_id'];`  prettier/prettier
2010:30  Error: Insert `;`  prettier/prettier
2011:33  Error: Replace `"clinics"` with `'clinics';`  prettier/prettier
2012:33  Error: Replace `"id"]` with `'id'];`  prettier/prettier
2015:29  Error: Replace `"security_events_session_id_fkey"` with `'security_events_session_id_fkey';`  prettier/prettier
2016:23  Error: Replace `"session_id"]` with `'session_id'];`  prettier/prettier
2017:30  Error: Insert `;`  prettier/prettier
2018:33  Error: Replace `"user_sessions"` with `'user_sessions';`  prettier/prettier
2019:33  Error: Replace `"id"]` with `'id'];`  prettier/prettier
2021:10  Error: Insert `;`  prettier/prettier
2022:8  Error: Insert `;`  prettier/prettier
2025:46  Error: Insert `;`  prettier/prettier
2026:50  Error: Insert `;`  prettier/prettier
2027:28  Error: Insert `;`  prettier/prettier
2028:29  Error: Insert `;`  prettier/prettier
2029:36  Error: Insert `;`  prettier/prettier
2030:33  Error: Insert `;`  prettier/prettier
2031:41  Error: Insert `;`  prettier/prettier
2032:21  Error: Insert `;`  prettier/prettier
2033:29  Error: Insert `;`  prettier/prettier
2034:42  Error: Insert `;`  prettier/prettier
2035:39  Error: Insert `;`  prettier/prettier
2036:35  Error: Insert `;`  prettier/prettier
2037:36  Error: Insert `;`  prettier/prettier
2038:43  Error: Insert `;`  prettier/prettier
2039:46  Error: Insert `;`  prettier/prettier
2040:39  Error: Insert `;`  prettier/prettier
2041:47  Error: Insert `;`  prettier/prettier
2042:40  Error: Insert `;`  prettier/prettier
2043:30  Error: Insert `;`  prettier/prettier
2044:29  Error: Insert `;`  prettier/prettier
2045:36  Error: Insert `;`  prettier/prettier
2046:10  Error: Insert `;`  prettier/prettier
2048:47  Error: Insert `;`  prettier/prettier
2049:51  Error: Insert `;`  prettier/prettier
2050:28  Error: Insert `;`  prettier/prettier
2051:30  Error: Insert `;`  prettier/prettier
2052:37  Error: Insert `;`  prettier/prettier
2053:34  Error: Insert `;`  prettier/prettier
2054:42  Error: Insert `;`  prettier/prettier
2055:22  Error: Insert `;`  prettier/prettier
2056:30  Error: Insert `;`  prettier/prettier
2057:43  Error: Insert `;`  prettier/prettier
2058:40  Error: Insert `;`  prettier/prettier
2059:36  Error: Insert `;`  prettier/prettier
2060:37  Error: Insert `;`  prettier/prettier
2061:44  Error: Insert `;`  prettier/prettier
2062:47  Error: Insert `;`  prettier/prettier
2063:40  Error: Insert `;`  prettier/prettier
2064:48  Error: Insert `;`  prettier/prettier
2065:41  Error: Insert `;`  prettier/prettier
2066:31  Error: Insert `;`  prettier/prettier
2067:30  Error: Insert `;`  prettier/prettier
2068:37  Error: Insert `;`  prettier/prettier
2069:10  Error: Insert `;`  prettier/prettier
2071:47  Error: Insert `;`  prettier/prettier
2072:51  Error: Insert `;`  prettier/prettier
2073:29  Error: Insert `;`  prettier/prettier
2074:30  Error: Insert `;`  prettier/prettier
2075:37  Error: Insert `;`  prettier/prettier
2076:34  Error: Insert `;`  prettier/prettier
2077:42  Error: Insert `;`  prettier/prettier
2078:22  Error: Insert `;`  prettier/prettier
2079:30  Error: Insert `;`  prettier/prettier
2080:43  Error: Insert `;`  prettier/prettier
2081:40  Error: Insert `;`  prettier/prettier
2082:36  Error: Insert `;`  prettier/prettier
2083:37  Error: Insert `;`  prettier/prettier
2084:44  Error: Insert `;`  prettier/prettier
2085:47  Error: Insert `;`  prettier/prettier
2086:40  Error: Insert `;`  prettier/prettier
2087:48  Error: Insert `;`  prettier/prettier
2088:41  Error: Insert `;`  prettier/prettier
2089:31  Error: Insert `;`  prettier/prettier
2090:30  Error: Insert `;`  prettier/prettier
2091:37  Error: Insert `;`  prettier/prettier
2092:10  Error: Insert `;`  prettier/prettier
2095:29  Error: Replace `"session_policies_clinic_id_fkey"` with `'session_policies_clinic_id_fkey';`  prettier/prettier
2096:23  Error: Replace `"clinic_id"]` with `'clinic_id'];`  prettier/prettier
2097:30  Error: Insert `;`  prettier/prettier
2098:33  Error: Replace `"clinics"` with `'clinics';`  prettier/prettier
2099:33  Error: Replace `"id"]` with `'id'];`  prettier/prettier
2101:10  Error: Insert `;`  prettier/prettier
2102:8  Error: Insert `;`  prettier/prettier
2105:35  Error: Insert `;`  prettier/prettier
2106:36  Error: Insert `;`  prettier/prettier
2107:24  Error: Insert `;`  prettier/prettier
2108:35  Error: Insert `;`  prettier/prettier
2109:21  Error: Insert `;`  prettier/prettier
2110:39  Error: Insert `;`  prettier/prettier
2111:23  Error: Insert `;`  prettier/prettier
2112:32  Error: Insert `;`  prettier/prettier
2113:23  Error: Insert `;`  prettier/prettier
2114:36  Error: Insert `;`  prettier/prettier
2115:10  Error: Insert `;`  prettier/prettier
2117:36  Error: Insert `;`  prettier/prettier
2118:37  Error: Insert `;`  prettier/prettier
2119:24  Error: Insert `;`  prettier/prettier
2120:36  Error: Insert `;`  prettier/prettier
2121:22  Error: Insert `;`  prettier/prettier
2122:40  Error: Insert `;`  prettier/prettier
2123:23  Error: Insert `;`  prettier/prettier
2124:32  Error: Insert `;`  prettier/prettier
2125:23  Error: Insert `;`  prettier/prettier
2126:37  Error: Insert `;`  prettier/prettier
2127:10  Error: Insert `;`  prettier/prettier
2129:36  Error: Insert `;`  prettier/prettier
2130:37  Error: Insert `;`  prettier/prettier
2131:25  Error: Insert `;`  prettier/prettier
2132:36  Error: Insert `;`  prettier/prettier
2133:22  Error: Insert `;`  prettier/prettier
2134:40  Error: Insert `;`  prettier/prettier
2135:24  Error: Insert `;`  prettier/prettier
2136:33  Error: Insert `;`  prettier/prettier
2137:24  Error: Insert `;`  prettier/prettier
2138:37  Error: Insert `;`  prettier/prettier
2139:10  Error: Insert `;`  prettier/prettier
2142:29  Error: Replace `"staff_clinic_id_fkey"` with `'staff_clinic_id_fkey';`  prettier/prettier
2143:23  Error: Replace `"clinic_id"]` with `'clinic_id'];`  prettier/prettier
2144:30  Error: Insert `;`  prettier/prettier
2145:33  Error: Replace `"clinics"` with `'clinics';`  prettier/prettier
2146:33  Error: Replace `"id"]` with `'id'];`  prettier/prettier
2148:10  Error: Insert `;`  prettier/prettier
2149:8  Error: Insert `;`  prettier/prettier
2152:37  Error: Insert `;`  prettier/prettier
2153:37  Error: Insert `;`  prettier/prettier
2154:28  Error: Insert `;`  prettier/prettier
2155:29  Error: Insert `;`  prettier/prettier
2156:29  Error: Insert `;`  prettier/prettier
2157:24  Error: Insert `;`  prettier/prettier
2158:29  Error: Insert `;`  prettier/prettier
2159:21  Error: Insert `;`  prettier/prettier
2160:23  Error: Insert `;`  prettier/prettier
2161:24  Error: Insert `;`  prettier/prettier
2162:29  Error: Insert `;`  prettier/prettier
2163:10  Error: Insert `;`  prettier/prettier
2165:38  Error: Insert `;`  prettier/prettier
2166:38  Error: Insert `;`  prettier/prettier
2167:28  Error: Insert `;`  prettier/prettier
2168:30  Error: Insert `;`  prettier/prettier
2169:29  Error: Insert `;`  prettier/prettier
2170:24  Error: Insert `;`  prettier/prettier
2171:30  Error: Insert `;`  prettier/prettier
2172:22  Error: Insert `;`  prettier/prettier
2173:24  Error: Insert `;`  prettier/prettier
2174:25  Error: Insert `;`  prettier/prettier
2175:30  Error: Insert `;`  prettier/prettier
2176:10  Error: Insert `;`  prettier/prettier
2178:38  Error: Insert `;`  prettier/prettier
2179:38  Error: Insert `;`  prettier/prettier
2180:29  Error: Insert `;`  prettier/prettier
2181:30  Error: Insert `;`  prettier/prettier
2182:30  Error: Insert `;`  prettier/prettier
2183:25  Error: Insert `;`  prettier/prettier
2184:30  Error: Insert `;`  prettier/prettier
2185:22  Error: Insert `;`  prettier/prettier
2186:24  Error: Insert `;`  prettier/prettier
2187:25  Error: Insert `;`  prettier/prettier
2188:30  Error: Insert `;`  prettier/prettier
2189:10  Error: Insert `;`  prettier/prettier
2192:29  Error: Replace `"staff_invites_clinic_id_fkey"` with `'staff_invites_clinic_id_fkey';`  prettier/prettier
2193:23  Error: Replace `"clinic_id"]` with `'clinic_id'];`  prettier/prettier
2194:30  Error: Insert `;`  prettier/prettier
2195:33  Error: Replace `"clinics"` with `'clinics';`  prettier/prettier
2196:33  Error: Replace `"id"]` with `'id'];`  prettier/prettier
2198:10  Error: Insert `;`  prettier/prettier
2199:8  Error: Insert `;`  prettier/prettier
2202:35  Error: Insert `;`  prettier/prettier
2203:36  Error: Insert `;`  prettier/prettier
2204:21  Error: Insert `;`  prettier/prettier
2205:31  Error: Insert `;`  prettier/prettier
2206:39  Error: Insert `;`  prettier/prettier
2207:35  Error: Insert `;`  prettier/prettier
2208:43  Error: Insert `;`  prettier/prettier
2209:44  Error: Insert `;`  prettier/prettier
2210:34  Error: Insert `;`  prettier/prettier
2211:36  Error: Insert `;`  prettier/prettier
2212:10  Error: Insert `;`  prettier/prettier
2214:36  Error: Insert `;`  prettier/prettier
2215:37  Error: Insert `;`  prettier/prettier
2216:22  Error: Insert `;`  prettier/prettier
2217:32  Error: Insert `;`  prettier/prettier
2218:40  Error: Insert `;`  prettier/prettier
2219:35  Error: Insert `;`  prettier/prettier
2220:44  Error: Insert `;`  prettier/prettier
2221:45  Error: Insert `;`  prettier/prettier
2222:35  Error: Insert `;`  prettier/prettier
2223:37  Error: Insert `;`  prettier/prettier
2224:10  Error: Insert `;`  prettier/prettier
2226:36  Error: Insert `;`  prettier/prettier
2227:37  Error: Insert `;`  prettier/prettier
2228:22  Error: Insert `;`  prettier/prettier
2229:32  Error: Insert `;`  prettier/prettier
2230:40  Error: Insert `;`  prettier/prettier
2231:36  Error: Insert `;`  prettier/prettier
2232:44  Error: Insert `;`  prettier/prettier
2233:45  Error: Insert `;`  prettier/prettier
2234:35  Error: Insert `;`  prettier/prettier
2235:37  Error: Insert `;`  prettier/prettier
2236:10  Error: Insert `;`  prettier/prettier
2239:29  Error: Replace `"staff_performance_clinic_id_fkey"` with `'staff_performance_clinic_id_fkey';`  prettier/prettier
2240:23  Error: Replace `"clinic_id"]` with `'clinic_id'];`  prettier/prettier
2241:30  Error: Insert `;`  prettier/prettier
2242:33  Error: Replace `"clinics"` with `'clinics';`  prettier/prettier
2243:33  Error: Replace `"id"]` with `'id'];`  prettier/prettier
2246:29  Error: Replace `"staff_performance_staff_id_fkey"` with `'staff_performance_staff_id_fkey';`  prettier/prettier
2247:23  Error: Replace `"staff_id"]` with `'staff_id'];`  prettier/prettier
2248:30  Error: Insert `;`  prettier/prettier
2249:33  Error: Replace `"staff"` with `'staff';`  prettier/prettier
2250:33  Error: Replace `"id"]` with `'id'];`  prettier/prettier
2252:10  Error: Insert `;`  prettier/prettier
2253:8  Error: Insert `;`  prettier/prettier
2256:28  Error: Insert `;`  prettier/prettier
2257:29  Error: Insert `;`  prettier/prettier
2258:21  Error: Insert `;`  prettier/prettier
2259:36  Error: Insert `;`  prettier/prettier
2260:34  Error: Insert `;`  prettier/prettier
2261:41  Error: Insert `;`  prettier/prettier
2262:34  Error: Insert `;`  prettier/prettier
2263:27  Error: Insert `;`  prettier/prettier
2264:29  Error: Insert `;`  prettier/prettier
2265:36  Error: Insert `;`  prettier/prettier
2266:37  Error: Insert `;`  prettier/prettier
2267:10  Error: Insert `;`  prettier/prettier
2269:28  Error: Insert `;`  prettier/prettier
2270:30  Error: Insert `;`  prettier/prettier
2271:22  Error: Insert `;`  prettier/prettier
2272:37  Error: Insert `;`  prettier/prettier
2273:34  Error: Insert `;`  prettier/prettier
2274:42  Error: Insert `;`  prettier/prettier
2275:35  Error: Insert `;`  prettier/prettier
2276:27  Error: Insert `;`  prettier/prettier
2277:30  Error: Insert `;`  prettier/prettier
2278:37  Error: Insert `;`  prettier/prettier
2279:38  Error: Insert `;`  prettier/prettier
2280:10  Error: Insert `;`  prettier/prettier
2282:29  Error: Insert `;`  prettier/prettier
2283:30  Error: Insert `;`  prettier/prettier
2284:22  Error: Insert `;`  prettier/prettier
2285:37  Error: Insert `;`  prettier/prettier
2286:35  Error: Insert `;`  prettier/prettier
2287:42  Error: Insert `;`  prettier/prettier
2288:35  Error: Insert `;`  prettier/prettier
2289:28  Error: Insert `;`  prettier/prettier
2290:30  Error: Insert `;`  prettier/prettier
2291:37  Error: Insert `;`  prettier/prettier
2292:38  Error: Insert `;`  prettier/prettier
2293:10  Error: Insert `;`  prettier/prettier
2296:29  Error: Replace `"staff_preferences_clinic_id_fkey"` with `'staff_preferences_clinic_id_fkey';`  prettier/prettier
2297:23  Error: Replace `"clinic_id"]` with `'clinic_id'];`  prettier/prettier
2298:30  Error: Insert `;`  prettier/prettier
2299:33  Error: Replace `"clinics"` with `'clinics';`  prettier/prettier
2300:33  Error: Replace `"id"]` with `'id'];`  prettier/prettier
2303:29  Error: Replace `"staff_preferences_staff_id_fkey"` with `'staff_preferences_staff_id_fkey';`  prettier/prettier
2304:23  Error: Replace `"staff_id"]` with `'staff_id'];`  prettier/prettier
2305:30  Error: Insert `;`  prettier/prettier
2306:33  Error: Replace `"resources"` with `'resources';`  prettier/prettier
2307:33  Error: Replace `"id"]` with `'id'];`  prettier/prettier
2310:29  Error: Replace `"staff_preferences_staff_id_fkey"` with `'staff_preferences_staff_id_fkey';`  prettier/prettier
2311:23  Error: Replace `"staff_id"]` with `'staff_id'];`  prettier/prettier
2312:30  Error: Insert `;`  prettier/prettier
2313:33  Error: Replace `"staff_performance_summary"` with `'staff_performance_summary';`  prettier/prettier
2314:33  Error: Replace `"staff_id"]` with `'staff_id'];`  prettier/prettier
2316:10  Error: Insert `;`  prettier/prettier
2317:8  Error: Insert `;`  prettier/prettier
2320:28  Error: Insert `;`  prettier/prettier
2321:29  Error: Insert `;`  prettier/prettier
2322:36  Error: Insert `;`  prettier/prettier
2323:27  Error: Insert `;`  prettier/prettier
2324:21  Error: Insert `;`  prettier/prettier
2325:31  Error: Insert `;`  prettier/prettier
2326:27  Error: Insert `;`  prettier/prettier
2327:29  Error: Insert `;`  prettier/prettier
2328:25  Error: Insert `;`  prettier/prettier
2329:29  Error: Insert `;`  prettier/prettier
2330:10  Error: Insert `;`  prettier/prettier
2332:28  Error: Insert `;`  prettier/prettier
2333:30  Error: Insert `;`  prettier/prettier
2334:37  Error: Insert `;`  prettier/prettier
2335:27  Error: Insert `;`  prettier/prettier
2336:22  Error: Insert `;`  prettier/prettier
2337:32  Error: Insert `;`  prettier/prettier
2338:27  Error: Insert `;`  prettier/prettier
2339:29  Error: Insert `;`  prettier/prettier
2340:26  Error: Insert `;`  prettier/prettier
2341:30  Error: Insert `;`  prettier/prettier
2342:10  Error: Insert `;`  prettier/prettier
2344:29  Error: Insert `;`  prettier/prettier
2345:30  Error: Insert `;`  prettier/prettier
2346:37  Error: Insert `;`  prettier/prettier
2347:28  Error: Insert `;`  prettier/prettier
2348:22  Error: Insert `;`  prettier/prettier
2349:32  Error: Insert `;`  prettier/prettier
2350:28  Error: Insert `;`  prettier/prettier
2351:30  Error: Insert `;`  prettier/prettier
2352:26  Error: Insert `;`  prettier/prettier
2353:30  Error: Insert `;`  prettier/prettier
2354:10  Error: Insert `;`  prettier/prettier
2357:29  Error: Replace `"staff_shifts_clinic_id_fkey"` with `'staff_shifts_clinic_id_fkey';`  prettier/prettier
2358:23  Error: Replace `"clinic_id"]` with `'clinic_id'];`  prettier/prettier
2359:30  Error: Insert `;`  prettier/prettier
2360:33  Error: Replace `"clinics"` with `'clinics';`  prettier/prettier
2361:33  Error: Replace `"id"]` with `'id'];`  prettier/prettier
2364:29  Error: Replace `"staff_shifts_staff_id_fkey"` with `'staff_shifts_staff_id_fkey';`  prettier/prettier
2365:23  Error: Replace `"staff_id"]` with `'staff_id'];`  prettier/prettier
2366:30  Error: Insert `;`  prettier/prettier
2367:33  Error: Replace `"resources"` with `'resources';`  prettier/prettier
2368:33  Error: Replace `"id"]` with `'id'];`  prettier/prettier
2371:29  Error: Replace `"staff_shifts_staff_id_fkey"` with `'staff_shifts_staff_id_fkey';`  prettier/prettier
2372:23  Error: Replace `"staff_id"]` with `'staff_id'];`  prettier/prettier
2373:30  Error: Insert `;`  prettier/prettier
2374:33  Error: Replace `"staff_performance_summary"` with `'staff_performance_summary';`  prettier/prettier
2375:33  Error: Replace `"staff_id"]` with `'staff_id'];`  prettier/prettier
2377:10  Error: Insert `;`  prettier/prettier
2378:8  Error: Insert `;`  prettier/prettier
2381:29  Error: Insert `;`  prettier/prettier
2382:42  Error: Insert `;`  prettier/prettier
2383:21  Error: Insert `;`  prettier/prettier
2384:51  Error: Insert `;`  prettier/prettier
2385:42  Error: Insert `;`  prettier/prettier
2386:26  Error: Insert `;`  prettier/prettier
2387:31  Error: Insert `;`  prettier/prettier
2388:48  Error: Insert `;`  prettier/prettier
2389:38  Error: Insert `;`  prettier/prettier
2390:27  Error: Insert `;`  prettier/prettier
2391:30  Error: Insert `;`  prettier/prettier
2392:31  Error: Insert `;`  prettier/prettier
2393:29  Error: Insert `;`  prettier/prettier
2394:10  Error: Insert `;`  prettier/prettier
2396:30  Error: Insert `;`  prettier/prettier
2397:43  Error: Insert `;`  prettier/prettier
2398:22  Error: Insert `;`  prettier/prettier
2399:52  Error: Insert `;`  prettier/prettier
2400:43  Error: Insert `;`  prettier/prettier
2401:26  Error: Insert `;`  prettier/prettier
2402:32  Error: Insert `;`  prettier/prettier
2403:49  Error: Insert `;`  prettier/prettier
2404:39  Error: Insert `;`  prettier/prettier
2405:28  Error: Insert `;`  prettier/prettier
2406:30  Error: Insert `;`  prettier/prettier
2407:31  Error: Insert `;`  prettier/prettier
2408:29  Error: Insert `;`  prettier/prettier
2409:10  Error: Insert `;`  prettier/prettier
2411:30  Error: Insert `;`  prettier/prettier
2412:43  Error: Insert `;`  prettier/prettier
2413:22  Error: Insert `;`  prettier/prettier
2414:52  Error: Insert `;`  prettier/prettier
2415:43  Error: Insert `;`  prettier/prettier
2416:27  Error: Insert `;`  prettier/prettier
2417:32  Error: Insert `;`  prettier/prettier
2418:49  Error: Insert `;`  prettier/prettier
2419:39  Error: Insert `;`  prettier/prettier
2420:28  Error: Insert `;`  prettier/prettier
2421:31  Error: Insert `;`  prettier/prettier
2422:32  Error: Insert `;`  prettier/prettier
2423:30  Error: Insert `;`  prettier/prettier
2424:10  Error: Insert `;`  prettier/prettier
2427:29  Error: Replace `"treatment_menu_records_menu_id_fkey"` with `'treatment_menu_records_menu_id_fkey';`  prettier/prettier
2428:23  Error: Replace `"menu_id"]` with `'menu_id'];`  prettier/prettier
2429:30  Error: Insert `;`  prettier/prettier
2430:33  Error: Replace `"menus"` with `'menus';`  prettier/prettier
2431:33  Error: Replace `"id"]` with `'id'];`  prettier/prettier
2434:29  Error: Replace `"treatment_menu_records_performed_by_fkey"` with `'treatment_menu_records_performed_by_fkey';`  prettier/prettier
2435:23  Error: Replace `"performed_by"]` with `'performed_by'];`  prettier/prettier
2436:30  Error: Insert `;`  prettier/prettier
2437:33  Error: Replace `"staff"` with `'staff';`  prettier/prettier
2438:33  Error: Replace `"id"]` with `'id'];`  prettier/prettier
2441:29  Error: Replace `"treatment_menu_records_treatment_id_fkey"` with `'treatment_menu_records_treatment_id_fkey';`  prettier/prettier
2442:23  Error: Replace `"treatment_id"]` with `'treatment_id'];`  prettier/prettier
2443:30  Error: Insert `;`  prettier/prettier
2444:33  Error: Replace `"treatments"` with `'treatments';`  prettier/prettier
2445:33  Error: Replace `"id"]` with `'id'];`  prettier/prettier
2447:10  Error: Insert `;`  prettier/prettier
2448:8  Error: Insert `;`  prettier/prettier
2451:40  Error: Insert `;`  prettier/prettier
2452:28  Error: Insert `;`  prettier/prettier
2453:29  Error: Insert `;`  prettier/prettier
2454:34  Error: Insert `;`  prettier/prettier
2455:21  Error: Insert `;`  prettier/prettier
2456:29  Error: Insert `;`  prettier/prettier
2457:35  Error: Insert `;`  prettier/prettier
2458:29  Error: Insert `;`  prettier/prettier
2459:25  Error: Insert `;`  prettier/prettier
2460:33  Error: Insert `;`  prettier/prettier
2461:29  Error: Insert `;`  prettier/prettier
2462:10  Error: Insert `;`  prettier/prettier
2464:41  Error: Insert `;`  prettier/prettier
2465:28  Error: Insert `;`  prettier/prettier
2466:30  Error: Insert `;`  prettier/prettier
2467:35  Error: Insert `;`  prettier/prettier
2468:22  Error: Insert `;`  prettier/prettier
2469:29  Error: Insert `;`  prettier/prettier
2470:35  Error: Insert `;`  prettier/prettier
2471:29  Error: Insert `;`  prettier/prettier
2472:26  Error: Insert `;`  prettier/prettier
2473:33  Error: Insert `;`  prettier/prettier
2474:30  Error: Insert `;`  prettier/prettier
2475:10  Error: Insert `;`  prettier/prettier
2477:41  Error: Insert `;`  prettier/prettier
2478:29  Error: Insert `;`  prettier/prettier
2479:30  Error: Insert `;`  prettier/prettier
2480:35  Error: Insert `;`  prettier/prettier
2481:22  Error: Insert `;`  prettier/prettier
2482:30  Error: Insert `;`  prettier/prettier
2483:36  Error: Insert `;`  prettier/prettier
2484:30  Error: Insert `;`  prettier/prettier
2485:26  Error: Insert `;`  prettier/prettier
2486:34  Error: Insert `;`  prettier/prettier
2487:30  Error: Insert `;`  prettier/prettier
2488:10  Error: Insert `;`  prettier/prettier
2491:29  Error: Replace `"treatments_appointment_id_fkey"` with `'treatments_appointment_id_fkey';`  prettier/prettier
2492:23  Error: Replace `"appointment_id"]` with `'appointment_id'];`  prettier/prettier
2493:29  Error: Insert `;`  prettier/prettier
2494:33  Error: Replace `"appointments"` with `'appointments';`  prettier/prettier
2495:33  Error: Replace `"id"]` with `'id'];`  prettier/prettier
2498:29  Error: Replace `"treatments_clinic_id_fkey"` with `'treatments_clinic_id_fkey';`  prettier/prettier
2499:23  Error: Replace `"clinic_id"]` with `'clinic_id'];`  prettier/prettier
2500:30  Error: Insert `;`  prettier/prettier
2501:33  Error: Replace `"clinics"` with `'clinics';`  prettier/prettier
2502:33  Error: Replace `"id"]` with `'id'];`  prettier/prettier
2505:29  Error: Replace `"treatments_patient_id_fkey"` with `'treatments_patient_id_fkey';`  prettier/prettier
2506:23  Error: Replace `"patient_id"]` with `'patient_id'];`  prettier/prettier
2507:30  Error: Insert `;`  prettier/prettier
2508:33  Error: Replace `"patients"` with `'patients';`  prettier/prettier
2509:33  Error: Replace `"id"]` with `'id'];`  prettier/prettier
2512:29  Error: Replace `"treatments_primary_staff_id_fkey"` with `'treatments_primary_staff_id_fkey';`  prettier/prettier
2513:23  Error: Replace `"primary_staff_id"]` with `'primary_staff_id'];`  prettier/prettier
2514:30  Error: Insert `;`  prettier/prettier
2515:33  Error: Replace `"staff"` with `'staff';`  prettier/prettier
2516:33  Error: Replace `"id"]` with `'id'];`  prettier/prettier
2518:10  Error: Insert `;`  prettier/prettier
2519:8  Error: Insert `;`  prettier/prettier
2522:36  Error: Insert `;`  prettier/prettier
2523:53  Error: Insert `;`  prettier/prettier
2524:28  Error: Insert `;`  prettier/prettier
2525:29  Error: Insert `;`  prettier/prettier
2526:37  Error: Insert `;`  prettier/prettier
2527:37  Error: Insert `;`  prettier/prettier
2528:21  Error: Insert `;`  prettier/prettier
2529:30  Error: Insert `;`  prettier/prettier
2530:38  Error: Insert `;`  prettier/prettier
2531:29  Error: Insert `;`  prettier/prettier
2532:44  Error: Insert `;`  prettier/prettier
2533:29  Error: Insert `;`  prettier/prettier
2534:26  Error: Insert `;`  prettier/prettier
2535:10  Error: Insert `;`  prettier/prettier
2537:37  Error: Insert `;`  prettier/prettier
2538:54  Error: Insert `;`  prettier/prettier
2539:28  Error: Insert `;`  prettier/prettier
2540:30  Error: Insert `;`  prettier/prettier
2541:38  Error: Insert `;`  prettier/prettier
2542:38  Error: Insert `;`  prettier/prettier
2543:22  Error: Insert `;`  prettier/prettier
2544:31  Error: Insert `;`  prettier/prettier
2545:39  Error: Insert `;`  prettier/prettier
2546:29  Error: Insert `;`  prettier/prettier
2547:45  Error: Insert `;`  prettier/prettier
2548:30  Error: Insert `;`  prettier/prettier
2549:26  Error: Insert `;`  prettier/prettier
2550:10  Error: Insert `;`  prettier/prettier
2552:37  Error: Insert `;`  prettier/prettier
2553:54  Error: Insert `;`  prettier/prettier
2554:29  Error: Insert `;`  prettier/prettier
2555:30  Error: Insert `;`  prettier/prettier
2556:38  Error: Insert `;`  prettier/prettier
2557:38  Error: Insert `;`  prettier/prettier
2558:22  Error: Insert `;`  prettier/prettier
2559:31  Error: Insert `;`  prettier/prettier
2560:39  Error: Insert `;`  prettier/prettier
2561:30  Error: Insert `;`  prettier/prettier
2562:45  Error: Insert `;`  prettier/prettier
2563:30  Error: Insert `;`  prettier/prettier
2564:27  Error: Insert `;`  prettier/prettier
2565:10  Error: Insert `;`  prettier/prettier
2568:29  Error: Replace `"fk_mfa_clinic"` with `'fk_mfa_clinic';`  prettier/prettier
2569:23  Error: Replace `"clinic_id"]` with `'clinic_id'];`  prettier/prettier
2570:30  Error: Insert `;`  prettier/prettier
2571:33  Error: Replace `"clinics"` with `'clinics';`  prettier/prettier
2572:33  Error: Replace `"id"]` with `'id'];`  prettier/prettier
2574:10  Error: Insert `;`  prettier/prettier
2575:8  Error: Insert `;`  prettier/prettier
2578:35  Error: Insert `;`  prettier/prettier
2579:36  Error: Insert `;`  prettier/prettier
2580:34  Error: Insert `;`  prettier/prettier
2581:21  Error: Insert `;`  prettier/prettier
2582:39  Error: Insert `;`  prettier/prettier
2583:23  Error: Insert `;`  prettier/prettier
2584:34  Error: Insert `;`  prettier/prettier
2585:36  Error: Insert `;`  prettier/prettier
2586:27  Error: Insert `;`  prettier/prettier
2587:10  Error: Insert `;`  prettier/prettier
2589:36  Error: Insert `;`  prettier/prettier
2590:37  Error: Insert `;`  prettier/prettier
2591:34  Error: Insert `;`  prettier/prettier
2592:22  Error: Insert `;`  prettier/prettier
2593:40  Error: Insert `;`  prettier/prettier
2594:23  Error: Insert `;`  prettier/prettier
2595:35  Error: Insert `;`  prettier/prettier
2596:37  Error: Insert `;`  prettier/prettier
2597:27  Error: Insert `;`  prettier/prettier
2598:10  Error: Insert `;`  prettier/prettier
2600:36  Error: Insert `;`  prettier/prettier
2601:37  Error: Insert `;`  prettier/prettier
2602:35  Error: Insert `;`  prettier/prettier
2603:22  Error: Insert `;`  prettier/prettier
2604:40  Error: Insert `;`  prettier/prettier
2605:24  Error: Insert `;`  prettier/prettier
2606:35  Error: Insert `;`  prettier/prettier
2607:37  Error: Insert `;`  prettier/prettier
2608:28  Error: Insert `;`  prettier/prettier
2609:10  Error: Insert `;`  prettier/prettier
2612:29  Error: Replace `"user_permissions_clinic_id_fkey"` with `'user_permissions_clinic_id_fkey';`  prettier/prettier
2613:23  Error: Replace `"clinic_id"]` with `'clinic_id'];`  prettier/prettier
2614:30  Error: Insert `;`  prettier/prettier
2615:33  Error: Replace `"clinics"` with `'clinics';`  prettier/prettier
2616:33  Error: Replace `"id"]` with `'id'];`  prettier/prettier
2619:29  Error: Replace `"user_permissions_staff_id_fkey"` with `'user_permissions_staff_id_fkey';`  prettier/prettier
2620:23  Error: Replace `"staff_id"]` with `'staff_id'];`  prettier/prettier
2621:29  Error: Insert `;`  prettier/prettier
2622:33  Error: Replace `"staff"` with `'staff';`  prettier/prettier
2623:33  Error: Replace `"id"]` with `'id'];`  prettier/prettier
2625:10  Error: Insert `;`  prettier/prettier
2626:8  Error: Insert `;`  prettier/prettier
2629:45  Error: Insert `;`  prettier/prettier
2630:28  Error: Insert `;`  prettier/prettier
2631:29  Error: Insert `;`  prettier/prettier
2632:36  Error: Insert `;`  prettier/prettier
2633:28  Error: Insert `;`  prettier/prettier
2634:29  Error: Insert `;`  prettier/prettier
2635:35  Error: Insert `;`  prettier/prettier
2636:21  Error: Insert `;`  prettier/prettier
2637:41  Error: Insert `;`  prettier/prettier
2638:30  Error: Insert `;`  prettier/prettier
2639:29  Error: Insert `;`  prettier/prettier
2640:30  Error: Insert `;`  prettier/prettier
2641:32  Error: Insert `;`  prettier/prettier
2642:35  Error: Insert `;`  prettier/prettier
2643:36  Error: Insert `;`  prettier/prettier
2644:42  Error: Insert `;`  prettier/prettier
2645:35  Error: Insert `;`  prettier/prettier
2646:36  Error: Insert `;`  prettier/prettier
2647:36  Error: Insert `;`  prettier/prettier
2648:40  Error: Insert `;`  prettier/prettier
2649:32  Error: Insert `;`  prettier/prettier
2650:29  Error: Insert `;`  prettier/prettier
2651:36  Error: Insert `;`  prettier/prettier
2652:26  Error: Insert `;`  prettier/prettier
2653:10  Error: Insert `;`  prettier/prettier
2655:46  Error: Insert `;`  prettier/prettier
2656:28  Error: Insert `;`  prettier/prettier
2657:30  Error: Insert `;`  prettier/prettier
2658:37  Error: Insert `;`  prettier/prettier
2659:29  Error: Insert `;`  prettier/prettier
2660:29  Error: Insert `;`  prettier/prettier
2661:36  Error: Insert `;`  prettier/prettier
2662:22  Error: Insert `;`  prettier/prettier
2663:42  Error: Insert `;`  prettier/prettier
2664:31  Error: Insert `;`  prettier/prettier
2665:30  Error: Insert `;`  prettier/prettier
2666:31  Error: Insert `;`  prettier/prettier
2667:33  Error: Insert `;`  prettier/prettier
2668:36  Error: Insert `;`  prettier/prettier
2669:37  Error: Insert `;`  prettier/prettier
2670:43  Error: Insert `;`  prettier/prettier
2671:36  Error: Insert `;`  prettier/prettier
2672:37  Error: Insert `;`  prettier/prettier
2673:37  Error: Insert `;`  prettier/prettier
2674:41  Error: Insert `;`  prettier/prettier
2675:32  Error: Insert `;`  prettier/prettier
2676:30  Error: Insert `;`  prettier/prettier
2677:37  Error: Insert `;`  prettier/prettier
2678:26  Error: Insert `;`  prettier/prettier
2679:10  Error: Insert `;`  prettier/prettier
2681:46  Error: Insert `;`  prettier/prettier
2682:29  Error: Insert `;`  prettier/prettier
2683:30  Error: Insert `;`  prettier/prettier
2684:37  Error: Insert `;`  prettier/prettier
2685:29  Error: Insert `;`  prettier/prettier
2686:30  Error: Insert `;`  prettier/prettier
2687:36  Error: Insert `;`  prettier/prettier
2688:22  Error: Insert `;`  prettier/prettier
2689:42  Error: Insert `;`  prettier/prettier
2690:31  Error: Insert `;`  prettier/prettier
2691:30  Error: Insert `;`  prettier/prettier
2692:31  Error: Insert `;`  prettier/prettier
2693:33  Error: Insert `;`  prettier/prettier
2694:36  Error: Insert `;`  prettier/prettier
2695:37  Error: Insert `;`  prettier/prettier
2696:43  Error: Insert `;`  prettier/prettier
2697:36  Error: Insert `;`  prettier/prettier
2698:37  Error: Insert `;`  prettier/prettier
2699:37  Error: Insert `;`  prettier/prettier
2700:41  Error: Insert `;`  prettier/prettier
2701:33  Error: Insert `;`  prettier/prettier
2702:30  Error: Insert `;`  prettier/prettier
2703:37  Error: Insert `;`  prettier/prettier
2704:27  Error: Insert `;`  prettier/prettier
2705:10  Error: Insert `;`  prettier/prettier
2708:29  Error: Replace `"user_sessions_clinic_id_fkey"` with `'user_sessions_clinic_id_fkey';`  prettier/prettier
2709:23  Error: Replace `"clinic_id"]` with `'clinic_id'];`  prettier/prettier
2710:30  Error: Insert `;`  prettier/prettier
2711:33  Error: Replace `"clinics"` with `'clinics';`  prettier/prettier
2712:33  Error: Replace `"id"]` with `'id'];`  prettier/prettier
2714:10  Error: Insert `;`  prettier/prettier
2715:8  Error: Insert `;`  prettier/prettier
2718:35  Error: Insert `;`  prettier/prettier
2719:36  Error: Insert `;`  prettier/prettier
2720:21  Error: Insert `;`  prettier/prettier
2721:31  Error: Insert `;`  prettier/prettier
2722:36  Error: Insert `;`  prettier/prettier
2723:38  Error: Insert `;`  prettier/prettier
2724:36  Error: Insert `;`  prettier/prettier
2725:29  Error: Insert `;`  prettier/prettier
2726:10  Error: Insert `;`  prettier/prettier
2728:36  Error: Insert `;`  prettier/prettier
2729:37  Error: Insert `;`  prettier/prettier
2730:22  Error: Insert `;`  prettier/prettier
2731:32  Error: Insert `;`  prettier/prettier
2732:37  Error: Insert `;`  prettier/prettier
2733:39  Error: Insert `;`  prettier/prettier
2734:37  Error: Insert `;`  prettier/prettier
2735:29  Error: Insert `;`  prettier/prettier
2736:10  Error: Insert `;`  prettier/prettier
2738:36  Error: Insert `;`  prettier/prettier
2739:37  Error: Insert `;`  prettier/prettier
2740:22  Error: Insert `;`  prettier/prettier
2741:32  Error: Insert `;`  prettier/prettier
2742:37  Error: Insert `;`  prettier/prettier
2743:39  Error: Insert `;`  prettier/prettier
2744:37  Error: Insert `;`  prettier/prettier
2745:30  Error: Insert `;`  prettier/prettier
2746:10  Error: Insert `;`  prettier/prettier
2749:29  Error: Replace `"visits_clinic_id_fkey"` with `'visits_clinic_id_fkey';`  prettier/prettier
2750:23  Error: Replace `"clinic_id"]` with `'clinic_id'];`  prettier/prettier
2751:30  Error: Insert `;`  prettier/prettier
2752:33  Error: Replace `"clinics"` with `'clinics';`  prettier/prettier
2753:33  Error: Replace `"id"]` with `'id'];`  prettier/prettier
2756:29  Error: Replace `"visits_patient_id_fkey"` with `'visits_patient_id_fkey';`  prettier/prettier
2757:23  Error: Replace `"patient_id"]` with `'patient_id'];`  prettier/prettier
2758:30  Error: Insert `;`  prettier/prettier
2759:33  Error: Replace `"patients"` with `'patients';`  prettier/prettier
2760:33  Error: Replace `"id"]` with `'id'];`  prettier/prettier
2763:29  Error: Replace `"visits_therapist_id_fkey"` with `'visits_therapist_id_fkey';`  prettier/prettier
2764:23  Error: Replace `"therapist_id"]` with `'therapist_id'];`  prettier/prettier
2765:30  Error: Insert `;`  prettier/prettier
2766:33  Error: Replace `"staff"` with `'staff';`  prettier/prettier
2767:33  Error: Replace `"id"]` with `'id'];`  prettier/prettier
2769:10  Error: Insert `;`  prettier/prettier
2770:8  Error: Insert `;`  prettier/prettier
2771:6  Error: Insert `;`  prettier/prettier
2775:46  Error: Insert `;`  prettier/prettier
2776:41  Error: Insert `;`  prettier/prettier
2777:41  Error: Insert `;`  prettier/prettier
2778:39  Error: Insert `;`  prettier/prettier
2779:42  Error: Insert `;`  prettier/prettier
2780:34  Error: Insert `;`  prettier/prettier
2781:44  Error: Insert `;`  prettier/prettier
2782:39  Error: Insert `;`  prettier/prettier
2783:10  Error: Insert `;`  prettier/prettier
2786:29  Error: Replace `"reservations_staff_id_fkey"` with `'reservations_staff_id_fkey';`  prettier/prettier
2787:23  Error: Replace `"staff_id"]` with `'staff_id'];`  prettier/prettier
2788:30  Error: Insert `;`  prettier/prettier
2789:33  Error: Replace `"resources"` with `'resources';`  prettier/prettier
2790:33  Error: Replace `"id"]` with `'id'];`  prettier/prettier
2793:29  Error: Replace `"reservations_staff_id_fkey"` with `'reservations_staff_id_fkey';`  prettier/prettier
2794:23  Error: Replace `"staff_id"]` with `'staff_id'];`  prettier/prettier
2795:30  Error: Insert `;`  prettier/prettier
2796:33  Error: Replace `"staff_performance_summary"` with `'staff_performance_summary';`  prettier/prettier
2797:33  Error: Replace `"staff_id"]` with `'staff_id'];`  prettier/prettier
2799:10  Error: Insert `;`  prettier/prettier
2800:8  Error: Insert `;`  prettier/prettier
2803:52  Error: Insert `;`  prettier/prettier
2804:35  Error: Insert `;`  prettier/prettier
2805:37  Error: Insert `;`  prettier/prettier
2806:43  Error: Insert `;`  prettier/prettier
2807:41  Error: Insert `;`  prettier/prettier
2808:38  Error: Insert `;`  prettier/prettier
2809:39  Error: Insert `;`  prettier/prettier
2810:44  Error: Insert `;`  prettier/prettier
2811:41  Error: Insert `;`  prettier/prettier
2812:10  Error: Insert `;`  prettier/prettier
2815:29  Error: Replace `"reservations_clinic_id_fkey"` with `'reservations_clinic_id_fkey';`  prettier/prettier
2816:23  Error: Replace `"clinic_id"]` with `'clinic_id'];`  prettier/prettier
2817:30  Error: Insert `;`  prettier/prettier
2818:33  Error: Replace `"clinics"` with `'clinics';`  prettier/prettier
2819:33  Error: Replace `"id"]` with `'id'];`  prettier/prettier
2821:10  Error: Insert `;`  prettier/prettier
2822:8  Error: Insert `;`  prettier/prettier
2825:51  Error: Insert `;`  prettier/prettier
2826:35  Error: Insert `;`  prettier/prettier
2827:42  Error: Insert `;`  prettier/prettier
2828:41  Error: Insert `;`  prettier/prettier
2829:36  Error: Insert `;`  prettier/prettier
2830:38  Error: Insert `;`  prettier/prettier
2831:39  Error: Insert `;`  prettier/prettier
2832:47  Error: Insert `;`  prettier/prettier
2833:40  Error: Insert `;`  prettier/prettier
2834:37  Error: Insert `;`  prettier/prettier
2835:10  Error: Insert `;`  prettier/prettier
2838:29  Error: Replace `"customers_clinic_id_fkey"` with `'customers_clinic_id_fkey';`  prettier/prettier
2839:23  Error: Replace `"clinic_id"]` with `'clinic_id'];`  prettier/prettier
2840:30  Error: Insert `;`  prettier/prettier
2841:33  Error: Replace `"clinics"` with `'clinics';`  prettier/prettier
2842:33  Error: Replace `"id"]` with `'id'];`  prettier/prettier
2844:10  Error: Insert `;`  prettier/prettier
2845:8  Error: Insert `;`  prettier/prettier
2848:38  Error: Insert `;`  prettier/prettier
2849:33  Error: Insert `;`  prettier/prettier
2850:35  Error: Insert `;`  prettier/prettier
2851:36  Error: Insert `;`  prettier/prettier
2852:36  Error: Insert `;`  prettier/prettier
2853:40  Error: Insert `;`  prettier/prettier
2854:37  Error: Insert `;`  prettier/prettier
2855:39  Error: Insert `;`  prettier/prettier
2856:40  Error: Insert `;`  prettier/prettier
2857:42  Error: Insert `;`  prettier/prettier
2858:34  Error: Insert `;`  prettier/prettier
2859:28  Error: Insert `;`  prettier/prettier
2860:33  Error: Insert `;`  prettier/prettier
2861:35  Error: Insert `;`  prettier/prettier
2862:36  Error: Insert `;`  prettier/prettier
2863:31  Error: Insert `;`  prettier/prettier
2864:40  Error: Insert `;`  prettier/prettier
2865:31  Error: Insert `;`  prettier/prettier
2866:46  Error: Insert `;`  prettier/prettier
2867:39  Error: Insert `;`  prettier/prettier
2868:40  Error: Insert `;`  prettier/prettier
2869:34  Error: Insert `;`  prettier/prettier
2870:36  Error: Insert `;`  prettier/prettier
2871:36  Error: Insert `;`  prettier/prettier
2872:32  Error: Insert `;`  prettier/prettier
2873:36  Error: Insert `;`  prettier/prettier
2874:10  Error: Insert `;`  prettier/prettier
2877:29  Error: Replace `"reservations_clinic_id_fkey"` with `'reservations_clinic_id_fkey';`  prettier/prettier
2878:23  Error: Replace `"clinic_id"]` with `'clinic_id'];`  prettier/prettier
2879:30  Error: Insert `;`  prettier/prettier
2880:33  Error: Replace `"clinics"` with `'clinics';`  prettier/prettier
2881:33  Error: Replace `"id"]` with `'id'];`  prettier/prettier
2884:29  Error: Replace `"reservations_customer_id_fkey"` with `'reservations_customer_id_fkey';`  prettier/prettier
2885:23  Error: Replace `"customer_id"]` with `'customer_id'];`  prettier/prettier
2886:30  Error: Insert `;`  prettier/prettier
2887:33  Error: Replace `"customers"` with `'customers';`  prettier/prettier
2888:33  Error: Replace `"id"]` with `'id'];`  prettier/prettier
2891:29  Error: Replace `"reservations_customer_id_fkey"` with `'reservations_customer_id_fkey';`  prettier/prettier
2892:23  Error: Replace `"customer_id"]` with `'customer_id'];`  prettier/prettier
2893:30  Error: Insert `;`  prettier/prettier
2894:33  Error: Replace `"patient_visit_summary"` with `'patient_visit_summary';`  prettier/prettier
2895:33  Error: Replace `"patient_id"]` with `'patient_id'];`  prettier/prettier
2898:29  Error: Replace `"reservations_menu_id_fkey"` with `'reservations_menu_id_fkey';`  prettier/prettier
2899:23  Error: Replace `"menu_id"]` with `'menu_id'];`  prettier/prettier
2900:30  Error: Insert `;`  prettier/prettier
2901:33  Error: Replace `"menus"` with `'menus';`  prettier/prettier
2902:33  Error: Replace `"id"]` with `'id'];`  prettier/prettier
2905:29  Error: Replace `"reservations_staff_id_fkey"` with `'reservations_staff_id_fkey';`  prettier/prettier
2906:23  Error: Replace `"staff_id"]` with `'staff_id'];`  prettier/prettier
2907:30  Error: Insert `;`  prettier/prettier
2908:33  Error: Replace `"resources"` with `'resources';`  prettier/prettier
2909:33  Error: Replace `"id"]` with `'id'];`  prettier/prettier
2912:29  Error: Replace `"reservations_staff_id_fkey"` with `'reservations_staff_id_fkey';`  prettier/prettier
2913:23  Error: Replace `"staff_id"]` with `'staff_id'];`  prettier/prettier
2914:30  Error: Insert `;`  prettier/prettier
2915:33  Error: Replace `"staff_performance_summary"` with `'staff_performance_summary';`  prettier/prettier
2916:33  Error: Replace `"staff_id"]` with `'staff_id'];`  prettier/prettier
2918:10  Error: Insert `;`  prettier/prettier
2919:8  Error: Insert `;`  prettier/prettier
2922:52  Error: Insert `;`  prettier/prettier
2923:35  Error: Insert `;`  prettier/prettier
2924:30  Error: Insert `;`  prettier/prettier
2925:34  Error: Insert `;`  prettier/prettier
2926:36  Error: Insert `;`  prettier/prettier
2927:49  Error: Insert `;`  prettier/prettier
2928:38  Error: Insert `;`  prettier/prettier
2929:41  Error: Insert `;`  prettier/prettier
2930:38  Error: Insert `;`  prettier/prettier
2931:10  Error: Insert `;`  prettier/prettier
2934:29  Error: Replace `"resources_clinic_id_fkey"` with `'resources_clinic_id_fkey';`  prettier/prettier
2935:23  Error: Replace `"clinic_id"]` with `'clinic_id'];`  prettier/prettier
2936:30  Error: Insert `;`  prettier/prettier
2937:33  Error: Replace `"clinics"` with `'clinics';`  prettier/prettier
2938:33  Error: Replace `"id"]` with `'id'];`  prettier/prettier
2940:10  Error: Insert `;`  prettier/prettier
2941:8  Error: Insert `;`  prettier/prettier
2942:6  Error: Insert `;`  prettier/prettier
2944:71  Error: Insert `;`  prettier/prettier
2946:80  Error: Insert `;`  prettier/prettier
2947:27  Error: Insert `;`  prettier/prettier
2948:8  Error: Insert `;`  prettier/prettier
2950:38  Error: Insert `;`  prettier/prettier
2952:26  Error: Insert `;`  prettier/prettier
2953:32  Error: Insert `;`  prettier/prettier
2954:31  Error: Insert `;`  prettier/prettier
2955:32  Error: Insert `;`  prettier/prettier
2956:32  Error: Insert `;`  prettier/prettier
2957:12  Error: Insert `;`  prettier/prettier
2958:8  Error: Insert `;`  prettier/prettier
2960:64  Error: Insert `;`  prettier/prettier
2962:35  Error: Insert `;`  prettier/prettier
2963:35  Error: Insert `;`  prettier/prettier
2964:35  Error: Insert `;`  prettier/prettier
2965:37  Error: Insert `;`  prettier/prettier
2966:27  Error: Insert `;`  prettier/prettier
2967:29  Error: Insert `;`  prettier/prettier
2968:12  Error: Insert `;`  prettier/prettier
2969:8  Error: Insert `;`  prettier/prettier
2971:43  Error: Insert `;`  prettier/prettier
2972:25  Error: Insert `;`  prettier/prettier
2973:8  Error: Insert `;`  prettier/prettier
2975:39  Error: Insert `;`  prettier/prettier
2976:24  Error: Insert `;`  prettier/prettier
2977:8  Error: Insert `;`  prettier/prettier
2978:31  Error: Replace `ﾂｷArgs:ﾂｷ{ﾂｷpatient_uuid:ﾂｷstringﾂｷ};ﾂｷReturns:ﾂｷnumberﾂｷ}` with `竢篠ｷﾂｷﾂｷﾂｷﾂｷﾂｷﾂｷﾂｷArgs:ﾂｷ{ﾂｷpatient_uuid:ﾂｷstringﾂｷ};竢篠ｷﾂｷﾂｷﾂｷﾂｷﾂｷﾂｷﾂｷReturns:ﾂｷnumber;竢篠ｷﾂｷﾂｷﾂｷﾂｷﾂｷ};`  prettier/prettier
2981:29  Error: Insert `;`  prettier/prettier
2982:44  Error: Insert `;`  prettier/prettier
2983:29  Error: Insert `;`  prettier/prettier
2984:31  Error: Insert `;`  prettier/prettier
2985:10  Error: Insert `;`  prettier/prettier
2987:34  Error: Insert `;`  prettier/prettier
2988:32  Error: Insert `;`  prettier/prettier
2989:45  Error: Insert `;`  prettier/prettier
2990:32  Error: Insert `;`  prettier/prettier
2991:12  Error: Insert `;`  prettier/prettier
2992:8  Error: Insert `;`  prettier/prettier
2995:29  Error: Insert `;`  prettier/prettier
2996:25  Error: Insert `;`  prettier/prettier
2997:34  Error: Insert `;`  prettier/prettier
2998:34  Error: Insert `;`  prettier/prettier
2999:10  Error: Insert `;`  prettier/prettier
3000:22  Error: Insert `;`  prettier/prettier
3001:8  Error: Insert `;`  prettier/prettier
3002:80  Error: Insert `;`  prettier/prettier
3004:41  Error: Insert `;`  prettier/prettier
3005:24  Error: Insert `;`  prettier/prettier
3006:8  Error: Insert `;`  prettier/prettier
3007:77  Error: Insert `;`  prettier/prettier
3008:78  Error: Insert `;`  prettier/prettier
3011:25  Error: Insert `;`  prettier/prettier
3012:37  Error: Insert `;`  prettier/prettier
3013:43  Error: Insert `;`  prettier/prettier
3014:29  Error: Insert `;`  prettier/prettier
3015:10  Error: Insert `;`  prettier/prettier
3017:34  Error: Insert `;`  prettier/prettier
3018:32  Error: Insert `;`  prettier/prettier
3019:28  Error: Insert `;`  prettier/prettier
3020:12  Error: Insert `;`  prettier/prettier
3021:8  Error: Insert `;`  prettier/prettier
3023:58  Error: Insert `;`  prettier/prettier
3024:22  Error: Insert `;`  prettier/prettier
3025:8  Error: Insert `;`  prettier/prettier
3026:62  Error: Insert `;`  prettier/prettier
3027:57  Error: Insert `;`  prettier/prettier
3029:38  Error: Insert `;`  prettier/prettier
3031:41  Error: Insert `;`  prettier/prettier
3032:30  Error: Insert `;`  prettier/prettier
3033:32  Error: Insert `;`  prettier/prettier
3034:36  Error: Insert `;`  prettier/prettier
3035:12  Error: Insert `;`  prettier/prettier
3036:8  Error: Insert `;`  prettier/prettier
3038:38  Error: Insert `;`  prettier/prettier
3040:30  Error: Insert `;`  prettier/prettier
3041:30  Error: Insert `;`  prettier/prettier
3042:30  Error: Insert `;`  prettier/prettier
3043:30  Error: Insert `;`  prettier/prettier
3044:12  Error: Insert `;`  prettier/prettier
3045:8  Error: Insert `;`  prettier/prettier
3047:39  Error: Insert `;`  prettier/prettier
3049:30  Error: Insert `;`  prettier/prettier
3050:28  Error: Insert `;`  prettier/prettier
3051:30  Error: Insert `;`  prettier/prettier
3052:24  Error: Insert `;`  prettier/prettier
3053:29  Error: Insert `;`  prettier/prettier
3054:21  Error: Insert `;`  prettier/prettier
3055:23  Error: Insert `;`  prettier/prettier
3056:12  Error: Insert `;`  prettier/prettier
3057:8  Error: Insert `;`  prettier/prettier
3058:50  Error: Insert `;`  prettier/prettier
3060:62  Error: Insert `;`  prettier/prettier
3062:35  Error: Insert `;`  prettier/prettier
3063:32  Error: Insert `;`  prettier/prettier
3064:36  Error: Insert `;`  prettier/prettier
3065:12  Error: Insert `;`  prettier/prettier
3066:8  Error: Insert `;`  prettier/prettier
3067:63  Error: Insert `;`  prettier/prettier
3068:51  Error: Insert `;`  prettier/prettier
3069:28  Error: Replace `"":ﾂｷstringﾂｷ};ﾂｷReturns:ﾂｷstring[]ﾂｷ}` with `'':ﾂｷstringﾂｷ};ﾂｷReturns:ﾂｷstring[]ﾂｷ};`  prettier/prettier
3072:29  Error: Insert `;`  prettier/prettier
3073:30  Error: Insert `;`  prettier/prettier
3074:27  Error: Insert `;`  prettier/prettier
3075:28  Error: Insert `;`  prettier/prettier
3076:10  Error: Insert `;`  prettier/prettier
3077:22  Error: Insert `;`  prettier/prettier
3078:8  Error: Insert `;`  prettier/prettier
3079:50  Error: Insert `;`  prettier/prettier
3080:6  Error: Insert `;`  prettier/prettier
3082:26  Error: Insert `;`  prettier/prettier
3083:6  Error: Insert `;`  prettier/prettier
3085:26  Error: Insert `;`  prettier/prettier
3086:6  Error: Insert `;`  prettier/prettier
3087:4  Error: Insert `;`  prettier/prettier
3088:2  Error: Insert `;`  prettier/prettier
3090:48  Error: Replace `"__InternalSupabase">` with `'__InternalSupabase'>;`  prettier/prettier
3092:55  Error: Replace `keyofﾂｷDatabase,ﾂｷ"public">]` with `竢篠ｷﾂｷkeyofﾂｷDatabase,竢篠ｷﾂｷ'public'竢・];`  prettier/prettier
3096:28  Error: Replace `"Tables"]ﾂｷ&ﾂｷDefaultSchema["Views"` with `'Tables']ﾂｷ&ﾂｷDefaultSchema['Views'`  prettier/prettier
3099:43  Error: Insert `;`  prettier/prettier
3101:71  Error: Replace `"schema"]]["Tables"` with `'schema']]['Tables'`  prettier/prettier
3102:66  Error: Replace `"schema"]]["Views"` with `'schema']]['Views'`  prettier/prettier
3105:41  Error: Insert `;`  prettier/prettier
3107:63  Error: Replace `"schema"]]["Tables"` with `'schema']]['Tables'`  prettier/prettier
3108:64  Error: Replace `"schema"]]["Views"` with `'schema']]['Views'`  prettier/prettier
3109:19  Error: Insert `;`  prettier/prettier
3113:66  Error: Replace `"Tables"` with `'Tables'`  prettier/prettier
3114:23  Error: Replace `"Views"` with `'Views'`  prettier/prettier
3115:22  Error: Replace `"Tables"` with `'Tables'`  prettier/prettier
3116:23  Error: Replace `"Views"` with `'Views'`  prettier/prettier
3117:21  Error: Insert `;`  prettier/prettier
3121:12  Error: Insert `;`  prettier/prettier
3125:27  Error: Replace `"Tables"` with `'Tables'`  prettier/prettier
3128:43  Error: Insert `;`  prettier/prettier
3130:70  Error: Replace `"schema"]]["Tables"` with `'schema']]['Tables'`  prettier/prettier
3133:41  Error: Insert `;`  prettier/prettier
3135:62  Error: Replace `"schema"]]["Tables"` with `'schema']]['Tables'`  prettier/prettier
3136:22  Error: Insert `;`  prettier/prettier
3140:65  Error: Replace `"Tables"` with `'Tables'`  prettier/prettier
3141:21  Error: Replace `"Tables"` with `'Tables'`  prettier/prettier
3142:24  Error: Insert `;`  prettier/prettier
3146:12  Error: Insert `;`  prettier/prettier
3150:27  Error: Replace `"Tables"` with `'Tables'`  prettier/prettier
3153:43  Error: Insert `;`  prettier/prettier
3155:70  Error: Replace `"schema"]]["Tables"` with `'schema']]['Tables'`  prettier/prettier
3158:41  Error: Insert `;`  prettier/prettier
3160:62  Error: Replace `"schema"]]["Tables"` with `'schema']]['Tables'`  prettier/prettier
3161:22  Error: Insert `;`  prettier/prettier
3165:65  Error: Replace `"Tables"` with `'Tables'`  prettier/prettier
3166:21  Error: Replace `"Tables"` with `'Tables'`  prettier/prettier
3167:24  Error: Insert `;`  prettier/prettier
3171:12  Error: Insert `;`  prettier/prettier
3175:27  Error: Replace `"Enums"` with `'Enums'`  prettier/prettier
3178:43  Error: Insert `;`  prettier/prettier
3180:69  Error: Replace `"schema"]]["Enums"` with `'schema']]['Enums'`  prettier/prettier
3183:41  Error: Insert `;`  prettier/prettier
3185:61  Error: Replace `"schema"]]["Enums"` with `'schema']]['Enums'`  prettier/prettier
3186:64  Error: Replace `"Enums"` with `'Enums'`  prettier/prettier
3187:21  Error: Replace `"Enums"` with `'Enums'`  prettier/prettier
3188:12  Error: Insert `;`  prettier/prettier
3192:27  Error: Replace `"CompositeTypes"` with `'CompositeTypes'`  prettier/prettier
3195:43  Error: Insert `;`  prettier/prettier
3197:71  Error: Replace `"schema"]]["CompositeTypes"` with `'schema']]['CompositeTypes'`  prettier/prettier
3200:41  Error: Insert `;`  prettier/prettier
3202:63  Error: Replace `"schema"]]["CompositeTypes"` with `'schema']]['CompositeTypes'`  prettier/prettier
3203:66  Error: Replace `"CompositeTypes"` with `'CompositeTypes'`  prettier/prettier
3204:21  Error: Replace `"CompositeTypes"` with `'CompositeTypes'`  prettier/prettier
3205:12  Error: Insert `;`  prettier/prettier
3214:11  Error: Replace `竢餐 with `;`  prettier/prettier

./src/__tests__/api/admin-settings.test.ts
1:4  Error: Delete `竦港  prettier/prettier
2:18  Error: Delete `竦港  prettier/prettier
3:31  Error: Delete `竦港  prettier/prettier
4:3  Error: Delete `竦港  prettier/prettier
5:11  Error: Delete `竦港  prettier/prettier
6:44  Error: Delete `竦港  prettier/prettier
7:42  Error: Delete `竦港  prettier/prettier
8:24  Error: Delete `竦港  prettier/prettier
9:16  Error: Delete `竦港  prettier/prettier
10:12  Error: Delete `竦港  prettier/prettier
11:4  Error: Delete `竦港  prettier/prettier
12:1  Error: Delete `竦港  prettier/prettier
13:55  Error: Delete `竦港  prettier/prettier
14:50  Error: Delete `竦港  prettier/prettier
15:1  Error: Delete `竦港  prettier/prettier
16:34  Error: Delete `竦港  prettier/prettier
17:18  Error: Delete `竦港  prettier/prettier
18:53  Error: Delete `竦港  prettier/prettier
19:35  Error: Delete `竦港  prettier/prettier
20:30  Error: Delete `竦港  prettier/prettier
21:8  Error: Delete `竦港  prettier/prettier
22:5  Error: Delete `竦港  prettier/prettier
23:25  Error: Delete `竦港  prettier/prettier
24:5  Error: Delete `竦港  prettier/prettier
25:1  Error: Delete `竦港  prettier/prettier
26:39  Error: Delete `竦港  prettier/prettier
27:58  Error: Delete `竦港  prettier/prettier
28:11  Error: Delete `竦港  prettier/prettier
29:15  Error: Delete `竦港  prettier/prettier
30:34  Error: Delete `竦港  prettier/prettier
31:25  Error: Delete `竦港  prettier/prettier
32:5  Error: Delete `竦港  prettier/prettier
33:4  Error: Delete `竦港  prettier/prettier
34:1  Error: Delete `竦港  prettier/prettier
35:41  Error: Delete `竦港  prettier/prettier
36:17  Error: Delete `竦港  prettier/prettier
37:31  Error: Delete `竦港  prettier/prettier
38:5  Error: Delete `竦港  prettier/prettier
39:5  Error: Delete `竦港  prettier/prettier
40:1  Error: Delete `竦港  prettier/prettier
41:62  Error: Delete `竦港  prettier/prettier
42:68  Error: Delete `竦港  prettier/prettier
43:1  Error: Delete `竦港  prettier/prettier
44:10  Error: Delete `竦港  prettier/prettier
54:9  Warning: Unexpected any. Specify a different type.  @typescript-eslint/no-explicit-any
58:18  Error: Delete `竦港  prettier/prettier
59:14  Error: Delete `竦港  prettier/prettier
60:17  Error: Delete `竦港  prettier/prettier
61:17  Error: Delete `竦港  prettier/prettier
62:15  Error: Delete `竦港  prettier/prettier
63:13  Error: Delete `竦港  prettier/prettier
64:15  Error: Delete `竦港  prettier/prettier
65:17  Error: Delete `竦港  prettier/prettier
66:21  Error: Delete `竦港  prettier/prettier
67:19  Error: Delete `竦港  prettier/prettier
68:5  Error: Delete `竦港  prettier/prettier
69:18  Error: Delete `竦港  prettier/prettier
70:20  Error: Delete `竦港  prettier/prettier
71:18  Error: Delete `竦港  prettier/prettier
72:25  Error: Delete `竦港  prettier/prettier
73:5  Error: Delete `竦港  prettier/prettier
74:22  Error: Delete `竦港  prettier/prettier
75:21  Error: Delete `竦港  prettier/prettier
76:22  Error: Delete `竦港  prettier/prettier
77:21  Error: Delete `竦港  prettier/prettier
78:31  Error: Delete `竦港  prettier/prettier
79:5  Error: Delete `竦港  prettier/prettier
80:19  Error: Delete `竦港  prettier/prettier
81:25  Error: Delete `竦港  prettier/prettier
82:23  Error: Delete `竦港  prettier/prettier
83:24  Error: Delete `竦港  prettier/prettier
84:24  Error: Delete `竦港  prettier/prettier
85:20  Error: Delete `竦港  prettier/prettier
86:16  Error: Delete `竦港  prettier/prettier
87:17  Error: Delete `竦港  prettier/prettier
88:16  Error: Delete `竦港  prettier/prettier
89:20  Error: Delete `竦港  prettier/prettier
90:7  Error: Delete `竦港  prettier/prettier
91:19  Error: Delete `竦港  prettier/prettier
92:5  Error: Delete `竦港  prettier/prettier
93:21  Error: Delete `竦港  prettier/prettier
94:22  Error: Delete `竦港  prettier/prettier
95:20  Error: Delete `竦港  prettier/prettier
96:30  Error: Delete `竦港  prettier/prettier
97:28  Error: Delete `竦港  prettier/prettier
98:29  Error: Delete `竦港  prettier/prettier
99:7  Error: Delete `竦港  prettier/prettier
100:29  Error: Delete `竦港  prettier/prettier
101:24  Error: Delete `竦港  prettier/prettier
102:22  Error: Delete `竦港  prettier/prettier
103:25  Error: Delete `竦港  prettier/prettier
104:5  Error: Delete `竦港  prettier/prettier
105:19  Error: Delete `竦港  prettier/prettier
106:23  Error: Delete `竦港  prettier/prettier
107:30  Error: Delete `竦港  prettier/prettier
108:25  Error: Delete `竦港  prettier/prettier
109:23  Error: Delete `竦港  prettier/prettier
110:25  Error: Delete `竦港  prettier/prettier
111:28  Error: Delete `竦港  prettier/prettier
112:5  Error: Delete `竦港  prettier/prettier
113:22  Error: Delete `竦港  prettier/prettier
114:15  Error: Delete `竦港  prettier/prettier
115:20  Error: Delete `竦港  prettier/prettier
116:26  Error: Delete `竦港  prettier/prettier
117:5  Error: Delete `竦港  prettier/prettier
118:23  Error: Delete `竦港  prettier/prettier
119:24  Error: Delete `竦港  prettier/prettier
120:25  Error: Delete `竦港  prettier/prettier
121:29  Error: Delete `竦港  prettier/prettier
122:5  Error: Delete `竦港  prettier/prettier
123:21  Error: Delete `竦港  prettier/prettier
124:26  Error: Delete `竦港  prettier/prettier
125:25  Error: Delete `竦港  prettier/prettier
126:24  Error: Delete `竦港  prettier/prettier
127:5  Error: Delete `竦港  prettier/prettier
128:3  Error: Delete `竦港  prettier/prettier
129:1  Error: Delete `竦港  prettier/prettier
130:39  Error: Delete `竦港  prettier/prettier
131:21  Error: Delete `竦港  prettier/prettier
132:26  Error: Delete `竦港  prettier/prettier
133:51  Error: Delete `竦港  prettier/prettier
134:6  Error: Delete `竦港  prettier/prettier
135:1  Error: Delete `竦港  prettier/prettier
136:46  Error: Delete `竦港  prettier/prettier
137:47  Error: Delete `竦港  prettier/prettier
138:48  Error: Delete `竦港  prettier/prettier
139:23  Error: Delete `竦港  prettier/prettier
140:79  Error: Delete `竦港  prettier/prettier
141:67  Error: Delete `竦港  prettier/prettier
142:22  Error: Delete `竦港  prettier/prettier
143:10  Error: Delete `竦港  prettier/prettier
144:1  Error: Delete `竦港  prettier/prettier
145:70  Error: Delete `竦港  prettier/prettier
146:1  Error: Delete `竦港  prettier/prettier
147:35  Error: Delete `竦港  prettier/prettier
148:77  Error: Delete `竦港  prettier/prettier
149:12  Warning: Unexpected any. Specify a different type.  @typescript-eslint/no-explicit-any
149:17  Error: Delete `竦港  prettier/prettier
150:1  Error: Delete `竦港  prettier/prettier
151:41  Error: Delete `竦港  prettier/prettier
152:42  Error: Delete `竦港  prettier/prettier
153:72  Error: Delete `竦港  prettier/prettier
154:8  Error: Delete `竦港  prettier/prettier
155:1  Error: Delete `竦港  prettier/prettier
156:46  Error: Delete `竦港  prettier/prettier
157:48  Error: Delete `竦港  prettier/prettier
158:23  Error: Delete `竦港  prettier/prettier
159:79  Error: Delete `竦港  prettier/prettier
160:67  Error: Delete `竦港  prettier/prettier
161:22  Error: Delete `竦港  prettier/prettier
162:10  Error: Delete `竦港  prettier/prettier
163:1  Error: Delete `竦港  prettier/prettier
164:70  Error: Delete `竦港  prettier/prettier
165:1  Error: Delete `竦港  prettier/prettier
166:35  Error: Delete `竦港  prettier/prettier
167:83  Error: Delete `竦港  prettier/prettier
168:12  Warning: Unexpected any. Specify a different type.  @typescript-eslint/no-explicit-any
168:17  Error: Delete `竦港  prettier/prettier
169:1  Error: Delete `竦港  prettier/prettier
170:41  Error: Delete `竦港  prettier/prettier
171:42  Error: Delete `竦港  prettier/prettier
172:70  Error: Delete `竦港  prettier/prettier
173:8  Error: Delete `竦港  prettier/prettier
174:1  Error: Delete `竦港  prettier/prettier
175:41  Error: Delete `竦港  prettier/prettier
176:53  Error: Delete `竦港  prettier/prettier
177:40  Error: Delete `竦港  prettier/prettier
178:74  Error: Delete `竦港  prettier/prettier
179:10  Error: Delete `竦港  prettier/prettier
180:1  Error: Delete `竦港  prettier/prettier
181:25  Error: Delete `竦港  prettier/prettier
182:42  Error: Delete `竦港  prettier/prettier
183:30  Error: Delete `竦港  prettier/prettier
184:12  Error: Delete `竦港  prettier/prettier
185:9  Error: Delete `竦港  prettier/prettier
186:1  Error: Delete `竦港  prettier/prettier
187:48  Error: Delete `竦港  prettier/prettier
188:23  Error: Delete `竦港  prettier/prettier
189:79  Error: Delete `竦港  prettier/prettier
190:67  Error: Delete `竦港  prettier/prettier
191:18  Error: Delete `竦港  prettier/prettier
192:10  Error: Delete `竦港  prettier/prettier
193:1  Error: Delete `竦港  prettier/prettier
194:70  Error: Delete `竦港  prettier/prettier
195:1  Error: Delete `竦港  prettier/prettier
196:35  Error: Delete `竦港  prettier/prettier
197:105  Error: Delete `竦港  prettier/prettier
198:12  Warning: Unexpected any. Specify a different type.  @typescript-eslint/no-explicit-any
198:17  Error: Delete `竦港  prettier/prettier
199:1  Error: Delete `竦港  prettier/prettier
200:41  Error: Delete `竦港  prettier/prettier
201:42  Error: Delete `竦港  prettier/prettier
202:39  Error: Delete `竦港  prettier/prettier
203:73  Error: Delete `竦港  prettier/prettier
204:8  Error: Delete `竦港  prettier/prettier
205:1  Error: Delete `竦港  prettier/prettier
206:42  Error: Delete `竦港  prettier/prettier
207:30  Error: Delete `竦港  prettier/prettier
208:25  Error: Delete `竦港  prettier/prettier
209:29  Error: Delete `竦港  prettier/prettier
210:28  Error: Delete `竦港  prettier/prettier
211:31  Error: Delete `竦港  prettier/prettier
212:17  Error: Delete `竦港  prettier/prettier
213:32  Error: Delete `竦港  prettier/prettier
214:21  Error: Delete `竦港  prettier/prettier
215:25  Error: Delete `竦港  prettier/prettier
216:23  Error: Delete `竦港  prettier/prettier
217:9  Error: Delete `竦港  prettier/prettier
218:1  Error: Delete `竦港  prettier/prettier
219:53  Error: Delete `竦港  prettier/prettier
220:40  Error: Delete `竦港  prettier/prettier
221:46  Error: Delete `竦港  prettier/prettier
222:18  Error: Delete `竦港  prettier/prettier
223:29  Error: Delete `竦港  prettier/prettier
224:39  Error: Delete `竦港  prettier/prettier
225:38  Error: Delete `竦港  prettier/prettier
226:37  Error: Delete `竦港  prettier/prettier
227:38  Error: Delete `竦港  prettier/prettier
228:50  Error: Delete `竦港  prettier/prettier
229:13  Error: Delete `竦港  prettier/prettier
230:23  Error: Delete `竦港  prettier/prettier
231:12  Error: Delete `竦港  prettier/prettier
232:10  Error: Delete `竦港  prettier/prettier
233:1  Error: Delete `竦港  prettier/prettier
234:25  Error: Delete `竦港  prettier/prettier
235:42  Error: Delete `竦港  prettier/prettier
236:30  Error: Delete `竦港  prettier/prettier
237:12  Error: Delete `竦港  prettier/prettier
238:9  Error: Delete `竦港  prettier/prettier
239:1  Error: Delete `竦港  prettier/prettier
240:48  Error: Delete `竦港  prettier/prettier
241:23  Error: Delete `竦港  prettier/prettier
242:79  Error: Delete `竦港  prettier/prettier
243:67  Error: Delete `竦港  prettier/prettier
244:18  Error: Delete `竦港  prettier/prettier
245:10  Error: Delete `竦港  prettier/prettier
246:1  Error: Delete `竦港  prettier/prettier
247:70  Error: Delete `竦港  prettier/prettier
248:1  Error: Delete `竦港  prettier/prettier
249:35  Error: Delete `竦港  prettier/prettier
250:105  Error: Delete `竦港  prettier/prettier
251:12  Warning: Unexpected any. Specify a different type.  @typescript-eslint/no-explicit-any
251:17  Error: Delete `竦港  prettier/prettier
252:1  Error: Delete `竦港  prettier/prettier
253:41  Error: Delete `竦港  prettier/prettier
254:42  Error: Delete `竦港  prettier/prettier
255:39  Error: Delete `竦港  prettier/prettier
256:55  Error: Delete `竦港  prettier/prettier
257:8  Error: Delete `竦港  prettier/prettier
258:6  Error: Delete `竦港  prettier/prettier
259:1  Error: Delete `竦港  prettier/prettier
260:46  Error: Delete `竦港  prettier/prettier
261:39  Error: Delete `竦港  prettier/prettier
262:71  Error: Delete `竦港  prettier/prettier
263:1  Error: Delete `竦港  prettier/prettier
264:25  Error: Delete `竦港  prettier/prettier
265:42  Error: Delete `竦港  prettier/prettier
266:30  Error: Delete `竦港  prettier/prettier
267:12  Error: Delete `竦港  prettier/prettier
268:9  Error: Delete `竦港  prettier/prettier
269:1  Error: Delete `竦港  prettier/prettier
270:28  Error: Delete `竦港  prettier/prettier
271:23  Error: Delete `竦港  prettier/prettier
272:29  Error: Delete `竦港  prettier/prettier
273:27  Error: Delete `竦港  prettier/prettier
274:31  Error: Delete `竦港  prettier/prettier
275:17  Error: Delete `竦港  prettier/prettier
276:31  Error: Delete `竦港  prettier/prettier
277:21  Error: Delete `竦港  prettier/prettier
278:25  Error: Delete `竦港  prettier/prettier
279:23  Error: Delete `竦港  prettier/prettier
280:9  Error: Delete `竦港  prettier/prettier
281:1  Error: Delete `竦港  prettier/prettier
282:48  Error: Delete `竦港  prettier/prettier
283:23  Error: Delete `竦港  prettier/prettier
284:79  Error: Delete `竦港  prettier/prettier
285:67  Error: Delete `竦港  prettier/prettier
286:18  Error: Delete `竦港  prettier/prettier
287:16  Error: Delete `竦港  prettier/prettier
288:37  Error: Delete `竦港  prettier/prettier
289:36  Error: Delete `竦港  prettier/prettier
290:33  Error: Delete `竦港  prettier/prettier
291:11  Error: Delete `竦港  prettier/prettier
292:10  Error: Delete `竦港  prettier/prettier
293:1  Error: Delete `竦港  prettier/prettier
294:70  Error: Delete `竦港  prettier/prettier
295:1  Error: Delete `竦港  prettier/prettier
303:1  Error: Delete `竦港  prettier/prettier
304:41  Error: Delete `竦港  prettier/prettier
305:42  Error: Delete `竦港  prettier/prettier
306:39  Error: Delete `竦港  prettier/prettier
307:47  Error: Delete `竦港  prettier/prettier
308:34  Error: Delete `竦港  prettier/prettier
309:37  Error: Delete `竦港  prettier/prettier
310:36  Error: Delete `竦港  prettier/prettier
311:33  Error: Delete `竦港  prettier/prettier
312:36  Error: Delete `竦港  prettier/prettier
313:12  Error: Delete `竦港  prettier/prettier
314:45  Error: Delete `竦港  prettier/prettier
315:9  Error: Delete `竦港  prettier/prettier
316:8  Error: Delete `竦港  prettier/prettier
317:1  Error: Delete `竦港  prettier/prettier
318:37  Error: Delete `竦港  prettier/prettier
319:71  Error: Delete `竦港  prettier/prettier
320:1  Error: Delete `竦港  prettier/prettier
321:25  Error: Delete `竦港  prettier/prettier
322:42  Error: Delete `竦港  prettier/prettier
323:30  Error: Delete `竦港  prettier/prettier
324:12  Error: Delete `竦港  prettier/prettier
325:9  Error: Delete `竦港  prettier/prettier
326:1  Error: Delete `竦港  prettier/prettier
327:32  Error: Delete `竦港  prettier/prettier
328:23  Error: Delete `竦港  prettier/prettier
329:29  Error: Delete `竦港  prettier/prettier
330:29  Error: Delete `竦港  prettier/prettier
331:31  Error: Delete `竦港  prettier/prettier
332:17  Error: Delete `竦港  prettier/prettier
333:35  Error: Delete `竦港  prettier/prettier
334:21  Error: Delete `竦港  prettier/prettier
335:25  Error: Delete `竦港  prettier/prettier
336:23  Error: Delete `竦港  prettier/prettier
337:9  Error: Delete `竦港  prettier/prettier
338:1  Error: Delete `竦港  prettier/prettier
339:48  Error: Delete `竦港  prettier/prettier
340:23  Error: Delete `竦港  prettier/prettier
341:79  Error: Delete `竦港  prettier/prettier
342:67  Error: Delete `竦港  prettier/prettier
343:18  Error: Delete `竦港  prettier/prettier
344:16  Error: Delete `竦港  prettier/prettier
345:37  Error: Delete `竦港  prettier/prettier
346:36  Error: Delete `竦港  prettier/prettier
347:37  Error: Delete `竦港  prettier/prettier
348:11  Error: Delete `竦港  prettier/prettier
349:10  Error: Delete `竦港  prettier/prettier
350:1  Error: Delete `竦港  prettier/prettier
351:70  Error: Delete `竦港  prettier/prettier
352:1  Error: Delete `竦港  prettier/prettier
360:1  Error: Delete `竦港  prettier/prettier
361:41  Error: Delete `竦港  prettier/prettier
362:45  Error: Delete `竦港  prettier/prettier
363:8  Error: Delete `竦港  prettier/prettier
364:1  Error: Delete `竦港  prettier/prettier
365:35  Error: Delete `竦港  prettier/prettier
366:71  Error: Delete `竦港  prettier/prettier
367:1  Error: Delete `竦港  prettier/prettier
368:25  Error: Delete `竦港  prettier/prettier
369:42  Error: Delete `竦港  prettier/prettier
370:30  Error: Delete `竦港  prettier/prettier
371:12  Error: Delete `竦港  prettier/prettier
372:9  Error: Delete `竦港  prettier/prettier
373:1  Error: Delete `竦港  prettier/prettier
374:48  Error: Delete `竦港  prettier/prettier
375:23  Error: Delete `竦港  prettier/prettier
376:79  Error: Delete `竦港  prettier/prettier
377:67  Error: Delete `竦港  prettier/prettier
378:18  Error: Delete `竦港  prettier/prettier
379:16  Error: Delete `竦港  prettier/prettier
380:37  Error: Delete `竦港  prettier/prettier
381:36  Error: Delete `竦港  prettier/prettier
382:39  Error: Delete `竦港  prettier/prettier
383:11  Error: Delete `竦港  prettier/prettier
384:10  Error: Delete `竦港  prettier/prettier
385:1  Error: Delete `竦港  prettier/prettier
386:70  Error: Delete `竦港  prettier/prettier
387:1  Error: Delete `竦港  prettier/prettier
395:1  Error: Delete `竦港  prettier/prettier
396:86  Error: Delete `竦港  prettier/prettier
397:55  Error: Delete `竦港  prettier/prettier
398:22  Error: Delete `竦港  prettier/prettier
399:29  Error: Delete `竦港  prettier/prettier
400:27  Error: Delete `竦港  prettier/prettier
401:19  Error: Delete `竦港  prettier/prettier
402:34  Error: Delete `竦港  prettier/prettier
403:36  Error: Delete `竦港  prettier/prettier
404:37  Error: Delete `竦港  prettier/prettier
405:11  Error: Delete `竦港  prettier/prettier
406:9  Error: Delete `竦港  prettier/prettier
407:8  Error: Delete `竦港  prettier/prettier
408:1  Error: Delete `竦港  prettier/prettier
409:43  Error: Delete `竦港  prettier/prettier
410:48  Error: Delete `竦港  prettier/prettier
411:23  Error: Delete `竦港  prettier/prettier
412:79  Error: Delete `竦港  prettier/prettier
413:67  Error: Delete `竦港  prettier/prettier
414:22  Error: Delete `竦港  prettier/prettier
415:16  Error: Delete `竦港  prettier/prettier
416:37  Error: Delete `竦港  prettier/prettier
417:40  Error: Delete `竦港  prettier/prettier
418:24  Error: Delete `竦港  prettier/prettier
419:11  Error: Delete `竦港  prettier/prettier
420:10  Error: Delete `竦港  prettier/prettier
421:1  Error: Delete `竦港  prettier/prettier
422:70  Error: Delete `竦港  prettier/prettier
423:1  Error: Delete `竦港  prettier/prettier
431:1  Error: Delete `竦港  prettier/prettier
432:41  Error: Delete `竦港  prettier/prettier
433:42  Error: Delete `竦港  prettier/prettier
434:68  Error: Delete `竦港  prettier/prettier
435:8  Error: Delete `竦港  prettier/prettier
436:1  Error: Delete `竦港  prettier/prettier
437:42  Error: Delete `竦港  prettier/prettier
438:48  Error: Delete `竦港  prettier/prettier
439:23  Error: Delete `竦港  prettier/prettier
440:79  Error: Delete `竦港  prettier/prettier
441:67  Error: Delete `竦港  prettier/prettier
442:22  Error: Delete `竦港  prettier/prettier
443:16  Error: Delete `竦港  prettier/prettier
444:37  Error: Delete `竦港  prettier/prettier
445:36  Error: Delete `竦港  prettier/prettier
446:24  Error: Delete `竦港  prettier/prettier
447:11  Error: Delete `竦港  prettier/prettier
448:10  Error: Delete `竦港  prettier/prettier
449:1  Error: Delete `竦港  prettier/prettier
450:70  Error: Delete `竦港  prettier/prettier
451:1  Error: Delete `竦港  prettier/prettier
459:1  Error: Delete `竦港  prettier/prettier
460:41  Error: Delete `竦港  prettier/prettier
461:8  Error: Delete `竦港  prettier/prettier
462:6  Error: Delete `竦港  prettier/prettier
463:1  Error: Delete `竦港  prettier/prettier
464:30  Error: Delete `竦港  prettier/prettier
465:50  Error: Delete `竦港  prettier/prettier
466:48  Error: Delete `竦港  prettier/prettier
467:23  Error: Delete `竦港  prettier/prettier
468:79  Error: Delete `竦港  prettier/prettier
469:67  Error: Delete `竦港  prettier/prettier
470:20  Error: Delete `竦港  prettier/prettier
471:44  Error: Delete `竦港  prettier/prettier
472:66  Error: Delete `竦港  prettier/prettier
473:14  Error: Delete `竦港  prettier/prettier
474:11  Error: Delete `竦港  prettier/prettier
475:16  Error: Delete `竦港  prettier/prettier
476:37  Error: Delete `竦港  prettier/prettier
477:36  Error: Delete `竦港  prettier/prettier
478:22  Error: Delete `竦港  prettier/prettier
479:35  Error: Delete `竦港  prettier/prettier
480:35  Error: Delete `竦港  prettier/prettier
481:13  Error: Delete `竦港  prettier/prettier
482:11  Error: Delete `竦港  prettier/prettier
483:10  Error: Delete `竦港  prettier/prettier
484:1  Error: Delete `竦港  prettier/prettier
485:70  Error: Delete `竦港  prettier/prettier
486:1  Error: Delete `竦港  prettier/prettier
497:1  Error: Delete `竦港  prettier/prettier
498:41  Error: Delete `竦港  prettier/prettier
499:42  Error: Delete `竦港  prettier/prettier
500:54  Error: Delete `竦港  prettier/prettier
501:8  Error: Delete `竦港  prettier/prettier
502:1  Error: Delete `竦港  prettier/prettier
503:59  Error: Delete `竦港  prettier/prettier
504:48  Error: Delete `竦港  prettier/prettier
505:23  Error: Delete `竦港  prettier/prettier
506:79  Error: Delete `竦港  prettier/prettier
507:67  Error: Delete `竦港  prettier/prettier
508:20  Error: Delete `竦港  prettier/prettier
509:44  Error: Delete `竦港  prettier/prettier
510:66  Error: Delete `竦港  prettier/prettier
511:14  Error: Delete `竦港  prettier/prettier
512:11  Error: Delete `竦港  prettier/prettier
513:16  Error: Delete `竦港  prettier/prettier
514:37  Error: Delete `竦港  prettier/prettier
515:40  Error: Delete `竦港  prettier/prettier
516:22  Error: Delete `竦港  prettier/prettier
517:38  Error: Delete `竦港  prettier/prettier
518:30  Error: Delete `竦港  prettier/prettier
519:13  Error: Delete `竦港  prettier/prettier
520:11  Error: Delete `竦港  prettier/prettier
521:10  Error: Delete `竦港  prettier/prettier
522:1  Error: Delete `竦港  prettier/prettier
523:70  Error: Delete `竦港  prettier/prettier
524:1  Error: Delete `竦港  prettier/prettier
535:1  Error: Delete `竦港  prettier/prettier
536:41  Error: Delete `竦港  prettier/prettier
537:8  Error: Delete `竦港  prettier/prettier
538:6  Error: Delete `竦港  prettier/prettier
539:4  Error: Delete `竦港  prettier/prettier
540:1  Error: Delete `竦港  prettier/prettier
541:44  Error: Delete `竦港  prettier/prettier
542:35  Error: Delete `竦港  prettier/prettier
543:25  Error: Delete `竦港  prettier/prettier
544:22  Error: Delete `竦港  prettier/prettier
545:22  Error: Delete `竦港  prettier/prettier
546:26  Error: Delete `竦港  prettier/prettier
547:23  Error: Delete `竦港  prettier/prettier
548:25  Error: Delete `竦港  prettier/prettier
549:23  Error: Delete `竦港  prettier/prettier
550:26  Error: Delete `竦港  prettier/prettier
551:27  Error: Delete `竦港  prettier/prettier
552:25  Error: Delete `竦港  prettier/prettier
553:7  Error: Delete `竦港  prettier/prettier
554:1  Error: Delete `竦港  prettier/prettier
555:37  Error: Delete `竦港  prettier/prettier
556:57  Error: Delete `竦港  prettier/prettier
557:14  Error: Replace `DEFAULT_SETTINGS[categoryﾂｷasﾂｷkeyofﾂｷtypeofﾂｷDEFAULT_SETTINGS]).toBeDefined();竦港 with `竢篠ｷﾂｷﾂｷﾂｷﾂｷﾂｷﾂｷﾂｷDEFAULT_SETTINGS[categoryﾂｷasﾂｷkeyofﾂｷtypeofﾂｷDEFAULT_SETTINGS]竢篠ｷﾂｷﾂｷﾂｷﾂｷﾂｷ).toBeDefined();`  prettier/prettier
558:8  Error: Delete `竦港  prettier/prettier
559:6  Error: Delete `竦港  prettier/prettier
560:4  Error: Delete `竦港  prettier/prettier

./src/__tests__/api/chat-api.test.ts
40:17  Warning: Unexpected any. Specify a different type.  @typescript-eslint/no-explicit-any
41:18  Warning: Unexpected any. Specify a different type.  @typescript-eslint/no-explicit-any
85:14  Error: Replace `ﾂｷid:ﾂｷ'msg-2',ﾂｷsender:ﾂｷ'ai',ﾂｷmessage_text:ﾂｷ'菴輔°縺頑焔莨昴＞縺ｧ縺阪∪縺吶°・・` with `竢篠ｷﾂｷﾂｷﾂｷﾂｷﾂｷﾂｷﾂｷﾂｷﾂｷﾂｷﾂｷﾂｷﾂｷid:ﾂｷ'msg-2',竢篠ｷﾂｷﾂｷﾂｷﾂｷﾂｷﾂｷﾂｷﾂｷﾂｷﾂｷﾂｷﾂｷﾂｷsender:ﾂｷ'ai',竢篠ｷﾂｷﾂｷﾂｷﾂｷﾂｷﾂｷﾂｷﾂｷﾂｷﾂｷﾂｷﾂｷﾂｷmessage_text:ﾂｷ'菴輔°縺頑焔莨昴＞縺ｧ縺阪∪縺吶°・・,竢篠ｷﾂｷﾂｷﾂｷﾂｷﾂｷﾂｷﾂｷﾂｷﾂｷﾂｷ`  prettier/prettier
190:30  Error: Insert `竢篠ｷﾂｷﾂｷﾂｷﾂｷﾂｷﾂｷﾂｷ`  prettier/prettier
263:30  Error: Insert `竢篠ｷﾂｷﾂｷﾂｷﾂｷﾂｷﾂｷﾂｷ`  prettier/prettier

./src/__tests__/api/customers-schema.test.ts
1:9  Error: Replace `ﾂｷcustomersQuerySchema,ﾂｷsearchQuerySchemaﾂｷ` with `竢篠ｷﾂｷcustomersQuerySchema,竢篠ｷﾂｷsearchQuerySchema,竢餐  prettier/prettier
8:10  Error: Replace `ﾂｷclinic_id:ﾂｷ'550e8400-e29b-41d4-a716-446655440000',ﾂｷq:ﾂｷ'090-1234-5678'` with `竢篠ｷﾂｷﾂｷﾂｷﾂｷﾂｷﾂｷﾂｷﾂｷﾂｷclinic_id:ﾂｷ'550e8400-e29b-41d4-a716-446655440000',竢篠ｷﾂｷﾂｷﾂｷﾂｷﾂｷﾂｷﾂｷﾂｷﾂｷq:ﾂｷ'090-1234-5678',竢篠ｷﾂｷﾂｷﾂｷﾂｷﾂｷﾂｷ`  prettier/prettier
65:68  Error: Replace `true` with `竢篠ｷﾂｷﾂｷﾂｷﾂｷﾂｷtrue竢篠ｷﾂｷﾂｷﾂｷ`  prettier/prettier

./src/__tests__/api/daily-reports-api.test.ts
19:18  Warning: Unexpected any. Specify a different type.  @typescript-eslint/no-explicit-any

./src/__tests__/api/master-data-operations.test.ts
44:23  Warning: Unexpected any. Specify a different type.  @typescript-eslint/no-explicit-any
86:34  Error: Replace `竢篠ｷﾂｷﾂｷﾂｷﾂｷﾂｷ'@/app/api/admin/master-data/export/route'竢篠ｷﾂｷﾂｷﾂｷ` with `'@/app/api/admin/master-data/export/route'`  prettier/prettier
92:10  Warning: Unexpected any. Specify a different type.  @typescript-eslint/no-explicit-any
142:35  Error: Replace `竢篠ｷﾂｷﾂｷﾂｷﾂｷﾂｷ'@/app/api/admin/master-data/import/route'竢篠ｷﾂｷﾂｷﾂｷ` with `'@/app/api/admin/master-data/import/route'`  prettier/prettier
148:10  Warning: Unexpected any. Specify a different type.  @typescript-eslint/no-explicit-any
213:35  Error: Replace `竢篠ｷﾂｷﾂｷﾂｷﾂｷﾂｷ'@/app/api/admin/master-data/rollback/route'竢篠ｷﾂｷﾂｷﾂｷ` with `'@/app/api/admin/master-data/rollback/route'`  prettier/prettier
219:10  Warning: Unexpected any. Specify a different type.  @typescript-eslint/no-explicit-any

./src/__tests__/api/multi-store-kpi.test.ts
30:19  Error: Insert `竢篠ｷﾂｷﾂｷﾂｷﾂｷﾂｷ`  prettier/prettier
31:1  Error: Insert `ﾂｷﾂｷ`  prettier/prettier
86:6  Error: Replace `ﾂｷclinic_id:ﾂｷ'clinic-1',ﾂｷtotal_revenue_generated:ﾂｷ500000,ﾂｷtotal_visits:ﾂｷ150` with `竢篠ｷﾂｷﾂｷﾂｷﾂｷﾂｷclinic_id:ﾂｷ'clinic-1',竢篠ｷﾂｷﾂｷﾂｷﾂｷﾂｷtotal_revenue_generated:ﾂｷ500000,竢篠ｷﾂｷﾂｷﾂｷﾂｷﾂｷtotal_visits:ﾂｷ150,竢篠ｷﾂｷﾂｷ`  prettier/prettier
87:6  Error: Replace `ﾂｷclinic_id:ﾂｷ'clinic-2',ﾂｷtotal_revenue_generated:ﾂｷ300000,ﾂｷtotal_visits:ﾂｷ100` with `竢篠ｷﾂｷﾂｷﾂｷﾂｷﾂｷclinic_id:ﾂｷ'clinic-2',竢篠ｷﾂｷﾂｷﾂｷﾂｷﾂｷtotal_revenue_generated:ﾂｷ300000,竢篠ｷﾂｷﾂｷﾂｷﾂｷﾂｷtotal_visits:ﾂｷ100,竢篠ｷﾂｷﾂｷ`  prettier/prettier
109:48  Error: Replace `ﾂｷcreateQueryBuilder(mockClinicData)` with `竢篠ｷﾂｷﾂｷﾂｷﾂｷﾂｷﾂｷﾂｷcreateQueryBuilder(mockClinicData)竢篠ｷﾂｷﾂｷﾂｷﾂｷﾂｷ`  prettier/prettier
126:48  Error: Replace `ﾂｷcreateQueryBuilder(mockClinicData)` with `竢篠ｷﾂｷﾂｷﾂｷﾂｷﾂｷﾂｷﾂｷcreateQueryBuilder(mockClinicData)竢篠ｷﾂｷﾂｷﾂｷﾂｷﾂｷ`  prettier/prettier
167:39  Error: Replace `'http://localhost/api/admin/tenants?include_kpi=true'` with `竢篠ｷﾂｷﾂｷﾂｷﾂｷﾂｷﾂｷﾂｷ'http://localhost/api/admin/tenants?include_kpi=true'竢篠ｷﾂｷﾂｷﾂｷﾂｷﾂｷ`  prettier/prettier
176:47  Error: Replace `(c:ﾂｷ{ﾂｷid:ﾂｷstringﾂｷ})ﾂｷ=>ﾂｷc.idﾂｷ===ﾂｷ'clinic-1'` with `竢篠ｷﾂｷﾂｷﾂｷﾂｷﾂｷﾂｷﾂｷ(c:ﾂｷ{ﾂｷid:ﾂｷstringﾂｷ})ﾂｷ=>ﾂｷc.idﾂｷ===ﾂｷ'clinic-1'竢篠ｷﾂｷﾂｷﾂｷﾂｷﾂｷ`  prettier/prettier
214:39  Error: Replace `'http://localhost/api/admin/tenants?include_kpi=true'` with `竢篠ｷﾂｷﾂｷﾂｷﾂｷﾂｷﾂｷﾂｷ'http://localhost/api/admin/tenants?include_kpi=true'竢篠ｷﾂｷﾂｷﾂｷﾂｷﾂｷ`  prettier/prettier
220:47  Error: Replace `(c:ﾂｷ{ﾂｷid:ﾂｷstringﾂｷ})ﾂｷ=>ﾂｷc.idﾂｷ===ﾂｷ'clinic-3'` with `竢篠ｷﾂｷﾂｷﾂｷﾂｷﾂｷﾂｷﾂｷ(c:ﾂｷ{ﾂｷid:ﾂｷstringﾂｷ})ﾂｷ=>ﾂｷc.idﾂｷ===ﾂｷ'clinic-3'竢篠ｷﾂｷﾂｷﾂｷﾂｷﾂｷ`  prettier/prettier
229:48  Error: Replace `ﾂｷcreateQueryBuilder(mockClinicData)` with `竢篠ｷﾂｷﾂｷﾂｷﾂｷﾂｷﾂｷﾂｷcreateQueryBuilder(mockClinicData)竢篠ｷﾂｷﾂｷﾂｷﾂｷﾂｷ`  prettier/prettier
249:48  Error: Replace `ﾂｷcreateQueryBuilder([mockClinicData[0]])` with `竢篠ｷﾂｷﾂｷﾂｷﾂｷﾂｷﾂｷﾂｷcreateQueryBuilder([mockClinicData[0]])竢篠ｷﾂｷﾂｷﾂｷﾂｷﾂｷ`  prettier/prettier
251:39  Error: Replace `'http://localhost/api/admin/tenants?search=繝・せ繝・` with `竢篠ｷﾂｷﾂｷﾂｷﾂｷﾂｷﾂｷﾂｷ'http://localhost/api/admin/tenants?search=繝・せ繝・竢篠ｷﾂｷﾂｷﾂｷﾂｷﾂｷ`  prettier/prettier

./src/__tests__/api/onboarding-schema.test.ts
15:8  Error: 'ProfileUpdateDTO' is defined but never used. Allowed unused vars must match /^_/u.  @typescript-eslint/no-unused-vars
16:8  Error: 'ClinicCreateDTO' is defined but never used. Allowed unused vars must match /^_/u.  @typescript-eslint/no-unused-vars
17:8  Error: 'StaffInviteDTO' is defined but never used. Allowed unused vars must match /^_/u.  @typescript-eslint/no-unused-vars
18:8  Error: 'SeedMasterDTO' is defined but never used. Allowed unused vars must match /^_/u.  @typescript-eslint/no-unused-vars
263:54  Error: Replace `'迴ｾ驥・,ﾂｷ'繧ｯ繝ｬ繧ｸ繝・ヨ繧ｫ繝ｼ繝・` with `竢篠ｷﾂｷﾂｷﾂｷﾂｷﾂｷﾂｷﾂｷﾂｷﾂｷ'迴ｾ驥・,竢篠ｷﾂｷﾂｷﾂｷﾂｷﾂｷﾂｷﾂｷﾂｷﾂｷ'繧ｯ繝ｬ繧ｸ繝・ヨ繧ｫ繝ｼ繝・,竢篠ｷﾂｷﾂｷﾂｷﾂｷﾂｷﾂｷﾂｷ`  prettier/prettier

./src/__tests__/api/security-events-authorization.test.ts
6:34  Error: Replace `(data)ﾂｷ=>竢篠ｷﾂｷﾂｷ` with `竢篠ｷﾂｷﾂｷﾂｷdataﾂｷ=>`  prettier/prettier
9:32  Error: Replace `(msg,ﾂｷstatus)ﾂｷ=>竢篠ｷﾂｷﾂｷ` with `竢篠ｷﾂｷﾂｷﾂｷ(msg,ﾂｷstatus)ﾂｷ=>`  prettier/prettier
23:7  Error: 'CLINIC_B_ID' is assigned a value but never used. Allowed unused vars must match /^_/u.  @typescript-eslint/no-unused-vars
81:12  Error: Replace `ﾂｷprocessApiRequest,ﾂｷcreateErrorResponse` with `竢篠ｷﾂｷﾂｷﾂｷﾂｷﾂｷprocessApiRequest,竢篠ｷﾂｷﾂｷﾂｷﾂｷﾂｷcreateErrorResponse,竢篠ｷﾂｷﾂｷ`  prettier/prettier

./src/__tests__/api/security-events.test.ts
12:30  Error: Replace `'new',ﾂｷ'investigating',ﾂｷ'resolved',ﾂｷ'false_positive'` with `竢篠ｷﾂｷﾂｷﾂｷﾂｷﾂｷﾂｷﾂｷ'new',竢篠ｷﾂｷﾂｷﾂｷﾂｷﾂｷﾂｷﾂｷ'investigating',竢篠ｷﾂｷﾂｷﾂｷﾂｷﾂｷﾂｷﾂｷ'resolved',竢篠ｷﾂｷﾂｷﾂｷﾂｷﾂｷﾂｷﾂｷ'false_positive',竢篠ｷﾂｷﾂｷﾂｷﾂｷﾂｷ`  prettier/prettier
13:29  Error: Replace `(status)` with `status`  prettier/prettier
14:17  Error: Replace `'new',ﾂｷ'investigating',ﾂｷ'resolved',ﾂｷ'false_positive'` with `竢篠ｷﾂｷﾂｷﾂｷﾂｷﾂｷﾂｷﾂｷﾂｷﾂｷ'new',竢篠ｷﾂｷﾂｷﾂｷﾂｷﾂｷﾂｷﾂｷﾂｷﾂｷ'investigating',竢篠ｷﾂｷﾂｷﾂｷﾂｷﾂｷﾂｷﾂｷﾂｷﾂｷ'resolved',竢篠ｷﾂｷﾂｷﾂｷﾂｷﾂｷﾂｷﾂｷﾂｷﾂｷ'false_positive',竢篠ｷﾂｷﾂｷﾂｷﾂｷﾂｷﾂｷﾂｷ`  prettier/prettier
20:30  Error: Replace `'new',ﾂｷ'investigating',ﾂｷ'resolved',ﾂｷ'false_positive'` with `竢篠ｷﾂｷﾂｷﾂｷﾂｷﾂｷﾂｷﾂｷ'new',竢篠ｷﾂｷﾂｷﾂｷﾂｷﾂｷﾂｷﾂｷ'investigating',竢篠ｷﾂｷﾂｷﾂｷﾂｷﾂｷﾂｷﾂｷ'resolved',竢篠ｷﾂｷﾂｷﾂｷﾂｷﾂｷﾂｷﾂｷ'false_positive',竢篠ｷﾂｷﾂｷﾂｷﾂｷﾂｷ`  prettier/prettier
21:31  Error: Replace `(status)` with `status`  prettier/prettier
30:31  Error: Replace `(severity)` with `severity`  prettier/prettier
113:7  Error: Replace `(e)` with `e`  prettier/prettier
126:7  Error: Replace `(e)` with `e`  prettier/prettier
143:50  Error: Replace `'讓ｩ髯仙､悶い繧ｯ繧ｻ繧ｹ繧呈､懃衍縺励∪縺励◆'` with `竢篠ｷﾂｷﾂｷﾂｷﾂｷﾂｷ'讓ｩ髯仙､悶い繧ｯ繧ｻ繧ｹ繧呈､懃衍縺励∪縺励◆'竢篠ｷﾂｷﾂｷﾂｷ`  prettier/prettier

./src/__tests__/api/staff-api.test.ts
19:28  Error: Replace `ﾂｷnextUrl:ﾂｷ{ﾂｷsearchParams:ﾂｷURLSearchParamsﾂｷ}ﾂｷ` with `竢篠ｷﾂｷnextUrl:ﾂｷ{ﾂｷsearchParams:ﾂｷURLSearchParamsﾂｷ};竢餐  prettier/prettier
196:73  Error: Replace `'number'` with `竢篠ｷﾂｷﾂｷﾂｷﾂｷﾂｷﾂｷﾂｷ'number'竢篠ｷﾂｷﾂｷﾂｷﾂｷﾂｷ`  prettier/prettier
320:11  Error: Replace `payload.data.trainingHistoryﾂｷ&&ﾂｷpayload.data.trainingHistory.lengthﾂｷ>ﾂｷ0` with `竢篠ｷﾂｷﾂｷﾂｷﾂｷﾂｷﾂｷﾂｷpayload.data.trainingHistoryﾂｷ&&竢篠ｷﾂｷﾂｷﾂｷﾂｷﾂｷﾂｷﾂｷpayload.data.trainingHistory.lengthﾂｷ>ﾂｷ0竢篠ｷﾂｷﾂｷﾂｷﾂｷﾂｷ`  prettier/prettier
473:80  Error: Replace `true` with `竢篠ｷﾂｷﾂｷﾂｷﾂｷﾂｷtrue竢篠ｷﾂｷﾂｷﾂｷ`  prettier/prettier
491:80  Error: Replace `0` with `竢篠ｷﾂｷﾂｷﾂｷﾂｷﾂｷ0竢篠ｷﾂｷﾂｷﾂｷ`  prettier/prettier
492:77  Error: Replace `100` with `竢篠ｷﾂｷﾂｷﾂｷﾂｷﾂｷ100竢篠ｷﾂｷﾂｷﾂｷ`  prettier/prettier
509:77  Error: Replace `true` with `竢篠ｷﾂｷﾂｷﾂｷﾂｷﾂｷtrue竢篠ｷﾂｷﾂｷﾂｷ`  prettier/prettier

./src/__tests__/api/staff-shifts.test.ts
59:31  Error: Replace `ﾂｷawaitﾂｷimport(竢篠ｷﾂｷﾂｷﾂｷ'@/app/api/staff/demand-forecast/route'竢篠ｷﾂｷ` with `竢篠ｷﾂｷﾂｷﾂｷawaitﾂｷimport('@/app/api/staff/demand-forecast/route'`  prettier/prettier

./src/__tests__/auth/invite.test.tsx
7:8  Error: 'React' is defined but never used. Allowed unused vars must match /^_/u.  @typescript-eslint/no-unused-vars
8:10  Error: 'render' is defined but never used. Allowed unused vars must match /^_/u.  @typescript-eslint/no-unused-vars
8:18  Error: 'screen' is defined but never used. Allowed unused vars must match /^_/u.  @typescript-eslint/no-unused-vars
8:26  Error: 'waitFor' is defined but never used. Allowed unused vars must match /^_/u.  @typescript-eslint/no-unused-vars
56:12  Warning: Unexpected any. Specify a different type.  @typescript-eslint/no-explicit-any
83:12  Warning: Unexpected any. Specify a different type.  @typescript-eslint/no-explicit-any
99:12  Warning: Unexpected any. Specify a different type.  @typescript-eslint/no-explicit-any
114:12  Warning: Unexpected any. Specify a different type.  @typescript-eslint/no-explicit-any
137:12  Warning: Unexpected any. Specify a different type.  @typescript-eslint/no-explicit-any
201:12  Warning: Unexpected any. Specify a different type.  @typescript-eslint/no-explicit-any

./src/__tests__/auth/login.test.tsx
7:8  Error: 'React' is defined but never used. Allowed unused vars must match /^_/u.  @typescript-eslint/no-unused-vars
8:10  Error: 'render' is defined but never used. Allowed unused vars must match /^_/u.  @typescript-eslint/no-unused-vars
8:18  Error: 'screen' is defined but never used. Allowed unused vars must match /^_/u.  @typescript-eslint/no-unused-vars
8:26  Error: 'fireEvent' is defined but never used. Allowed unused vars must match /^_/u.  @typescript-eslint/no-unused-vars
8:37  Error: 'waitFor' is defined but never used. Allowed unused vars must match /^_/u.  @typescript-eslint/no-unused-vars
9:8  Error: 'userEvent' is defined but never used. Allowed unused vars must match /^_/u.  @typescript-eslint/no-unused-vars
107:22  Error: Replace `ﾂｷrole:ﾂｷ'staff',ﾂｷis_active:ﾂｷfalse,ﾂｷclinic_id:ﾂｷ'clinic-123'` with `竢篠ｷﾂｷﾂｷﾂｷﾂｷﾂｷﾂｷﾂｷﾂｷﾂｷﾂｷﾂｷﾂｷﾂｷﾂｷﾂｷrole:ﾂｷ'staff',竢篠ｷﾂｷﾂｷﾂｷﾂｷﾂｷﾂｷﾂｷﾂｷﾂｷﾂｷﾂｷﾂｷﾂｷﾂｷﾂｷis_active:ﾂｷfalse,竢篠ｷﾂｷﾂｷﾂｷﾂｷﾂｷﾂｷﾂｷﾂｷﾂｷﾂｷﾂｷﾂｷﾂｷﾂｷﾂｷclinic_id:ﾂｷ'clinic-123',竢篠ｷﾂｷﾂｷﾂｷﾂｷﾂｷﾂｷﾂｷﾂｷﾂｷﾂｷﾂｷﾂｷ`  prettier/prettier

./src/__tests__/auth/middleware-auth.test.ts
8:23  Error: 'NextResponse' is defined but never used. Allowed unused vars must match /^_/u.  @typescript-eslint/no-unused-vars
53:31  Error: Replace `user:ﾂｷany,ﾂｷprofile:ﾂｷany,ﾂｷuserPermissions:ﾂｷanyﾂｷ=ﾂｷnull` with `竢篠ｷﾂｷﾂｷﾂｷuser:ﾂｷany,竢篠ｷﾂｷﾂｷﾂｷprofile:ﾂｷany,竢篠ｷﾂｷﾂｷﾂｷuserPermissions:ﾂｷanyﾂｷ=ﾂｷnull竢篠ｷﾂｷ`  prettier/prettier
53:37  Warning: Unexpected any. Specify a different type.  @typescript-eslint/no-explicit-any
53:51  Warning: Unexpected any. Specify a different type.  @typescript-eslint/no-explicit-any
53:73  Warning: Unexpected any. Specify a different type.  @typescript-eslint/no-explicit-any
55:24  Error: Replace `ﾂｷuserPermissionsﾂｷ??` with `竢篠ｷﾂｷﾂｷﾂｷﾂｷﾂｷuserPermissionsﾂｷ??竢篠ｷﾂｷﾂｷﾂｷﾂｷ`  prettier/prettier
100:43  Warning: Unexpected any. Specify a different type.  @typescript-eslint/no-explicit-any
152:29  Error: Replace `'/admin/login',ﾂｷ'/admin/callback',ﾂｷ'/login',ﾂｷ'/invite'` with `竢篠ｷﾂｷﾂｷﾂｷﾂｷﾂｷﾂｷﾂｷ'/admin/login',竢篠ｷﾂｷﾂｷﾂｷﾂｷﾂｷﾂｷﾂｷ'/admin/callback',竢篠ｷﾂｷﾂｷﾂｷﾂｷﾂｷﾂｷﾂｷ'/login',竢篠ｷﾂｷﾂｷﾂｷﾂｷﾂｷﾂｷﾂｷ'/invite',竢篠ｷﾂｷﾂｷﾂｷﾂｷﾂｷ`  prettier/prettier
154:31  Error: Replace `竢篠ｷﾂｷﾂｷﾂｷﾂｷﾂｷﾂｷﾂｷ'譛ｪ隱崎ｨｼ縺ｧ繧つｷ%sﾂｷ縺ｫ繧｢繧ｯ繧ｻ繧ｹ蜿ｯ閭ｽ',竢篠ｷﾂｷﾂｷﾂｷﾂｷﾂｷﾂｷ` with `'譛ｪ隱崎ｨｼ縺ｧ繧つｷ%sﾂｷ縺ｫ繧｢繧ｯ繧ｻ繧ｹ蜿ｯ閭ｽ',`  prettier/prettier
157:1  Error: Delete `ﾂｷﾂｷ`  prettier/prettier
158:1  Error: Delete `ﾂｷﾂｷ`  prettier/prettier
160:9  Error: Delete `ﾂｷﾂｷ`  prettier/prettier
161:1  Error: Delete `ﾂｷﾂｷ`  prettier/prettier
162:7  Error: Replace `ﾂｷﾂｷ}竢篠ｷﾂｷﾂｷﾂｷﾂｷﾂｷ` with `}`  prettier/prettier
177:58  Warning: Unexpected any. Specify a different type.  @typescript-eslint/no-explicit-any
195:60  Warning: Unexpected any. Specify a different type.  @typescript-eslint/no-explicit-any
213:29  Error: Replace `'ADMIN_UI_ROLESﾂｷ(%s)ﾂｷ縺ｯﾂｷ/admin/**ﾂｷ縺ｫ繧｢繧ｯ繧ｻ繧ｹ蜿ｯ閭ｽ',` with `竢篠ｷﾂｷﾂｷﾂｷﾂｷﾂｷ'ADMIN_UI_ROLESﾂｷ(%s)ﾂｷ縺ｯﾂｷ/admin/**ﾂｷ縺ｫ繧｢繧ｯ繧ｻ繧ｹ蜿ｯ閭ｽ',竢篠ｷﾂｷﾂｷﾂｷﾂｷ`  prettier/prettier
214:1  Error: Insert `ﾂｷﾂｷ`  prettier/prettier
215:7  Error: Replace `constﾂｷadminProfileﾂｷ=ﾂｷ{ﾂｷrole,ﾂｷclinic_id:ﾂｷroleﾂｷ===ﾂｷ'admin'ﾂｷ?ﾂｷnullﾂｷ:ﾂｷ'clinic-123',ﾂｷis_active:ﾂｷtrue` with `ﾂｷﾂｷconstﾂｷadminProfileﾂｷ=ﾂｷ{竢篠ｷﾂｷﾂｷﾂｷﾂｷﾂｷﾂｷﾂｷﾂｷﾂｷrole,竢篠ｷﾂｷﾂｷﾂｷﾂｷﾂｷﾂｷﾂｷﾂｷﾂｷclinic_id:ﾂｷroleﾂｷ===ﾂｷ'admin'ﾂｷ?ﾂｷnullﾂｷ:ﾂｷ'clinic-123',竢篠ｷﾂｷﾂｷﾂｷﾂｷﾂｷﾂｷﾂｷﾂｷﾂｷis_active:ﾂｷtrue,竢篠ｷﾂｷﾂｷﾂｷﾂｷﾂｷﾂｷ`  prettier/prettier
217:1  Error: Insert `ﾂｷﾂｷ`  prettier/prettier
218:1  Error: Replace `ﾂｷﾂｷﾂｷﾂｷﾂｷﾂｷﾂｷﾂｷ` with `ﾂｷﾂｷﾂｷﾂｷﾂｷﾂｷﾂｷﾂｷﾂｷﾂｷ`  prettier/prettier
218:56  Warning: Unexpected any. Specify a different type.  @typescript-eslint/no-explicit-any
219:7  Error: Insert `ﾂｷﾂｷ`  prettier/prettier
221:1  Error: Insert `ﾂｷﾂｷ`  prettier/prettier
222:7  Error: Insert `ﾂｷﾂｷ`  prettier/prettier
224:1  Error: Insert `ﾂｷﾂｷ`  prettier/prettier
225:7  Error: Insert `ﾂｷﾂｷ`  prettier/prettier
226:5  Error: Replace `}` with `ﾂｷﾂｷ}竢篠ｷﾂｷﾂｷﾂｷ`  prettier/prettier
233:28  Error: Replace `ﾂｷid:ﾂｷ'manager-user-123',ﾂｷemail:ﾂｷ'manager@example.com'` with `竢篠ｷﾂｷﾂｷﾂｷﾂｷﾂｷﾂｷﾂｷid:ﾂｷ'manager-user-123',竢篠ｷﾂｷﾂｷﾂｷﾂｷﾂｷﾂｷﾂｷemail:ﾂｷ'manager@example.com',竢篠ｷﾂｷﾂｷﾂｷﾂｷ`  prettier/prettier
234:31  Error: Replace `ﾂｷrole:ﾂｷ'manager',ﾂｷclinic_id:ﾂｷ'clinic-123',ﾂｷis_active:ﾂｷtrue` with `竢篠ｷﾂｷﾂｷﾂｷﾂｷﾂｷﾂｷﾂｷrole:ﾂｷ'manager',竢篠ｷﾂｷﾂｷﾂｷﾂｷﾂｷﾂｷﾂｷclinic_id:ﾂｷ'clinic-123',竢篠ｷﾂｷﾂｷﾂｷﾂｷﾂｷﾂｷﾂｷis_active:ﾂｷtrue,竢篠ｷﾂｷﾂｷﾂｷﾂｷ`  prettier/prettier
237:60  Warning: Unexpected any. Specify a different type.  @typescript-eslint/no-explicit-any
254:31  Error: Replace `ﾂｷid:ﾂｷ'deprecated-user-123',ﾂｷemail:ﾂｷ'deprecated@example.com'` with `竢篠ｷﾂｷﾂｷﾂｷﾂｷﾂｷﾂｷﾂｷid:ﾂｷ'deprecated-user-123',竢篠ｷﾂｷﾂｷﾂｷﾂｷﾂｷﾂｷﾂｷemail:ﾂｷ'deprecated@example.com',竢篠ｷﾂｷﾂｷﾂｷﾂｷ`  prettier/prettier
255:34  Error: Replace `ﾂｷrole:ﾂｷ'clinic_manager',ﾂｷclinic_id:ﾂｷ'clinic-123',ﾂｷis_active:ﾂｷtrue` with `竢篠ｷﾂｷﾂｷﾂｷﾂｷﾂｷﾂｷﾂｷrole:ﾂｷ'clinic_manager',竢篠ｷﾂｷﾂｷﾂｷﾂｷﾂｷﾂｷﾂｷclinic_id:ﾂｷ'clinic-123',竢篠ｷﾂｷﾂｷﾂｷﾂｷﾂｷﾂｷﾂｷis_active:ﾂｷtrue,竢篠ｷﾂｷﾂｷﾂｷﾂｷ`  prettier/prettier
258:66  Warning: Unexpected any. Specify a different type.  @typescript-eslint/no-explicit-any
279:54  Warning: Unexpected any. Specify a different type.  @typescript-eslint/no-explicit-any

./src/__tests__/components/admin-settings.test.tsx
39:27  Error: Replace `竢篠ｷﾂｷﾂｷﾂｷﾂｷﾂｷ.spyOn(global,ﾂｷ'fetch')竢篠ｷﾂｷﾂｷﾂｷﾂｷﾂｷ` with `.spyOn(global,ﾂｷ'fetch')`  prettier/prettier
42:7  Error: Delete `ﾂｷﾂｷ`  prettier/prettier
43:1  Error: Replace `ﾂｷﾂｷﾂｷﾂｷﾂｷﾂｷﾂｷﾂｷﾂｷﾂｷ` with `ﾂｷﾂｷﾂｷﾂｷﾂｷﾂｷﾂｷﾂｷ`  prettier/prettier
44:9  Error: Delete `ﾂｷﾂｷ`  prettier/prettier
45:1  Error: Delete `ﾂｷﾂｷ`  prettier/prettier
46:13  Error: Delete `ﾂｷﾂｷ`  prettier/prettier
47:1  Error: Delete `ﾂｷﾂｷ`  prettier/prettier
48:11  Error: Delete `ﾂｷﾂｷ`  prettier/prettier
49:1  Error: Delete `ﾂｷﾂｷ`  prettier/prettier
50:7  Error: Delete `ﾂｷﾂｷ`  prettier/prettier
51:1  Error: Delete `ﾂｷﾂｷ`  prettier/prettier
53:13  Error: 'container' is assigned a value but never used. Allowed unused vars must match /^_/u.  @typescript-eslint/no-unused-vars

./src/__tests__/components/ChatPage.test.tsx
19:26  Error: 'waitFor' is defined but never used. Allowed unused vars must match /^_/u.  @typescript-eslint/no-unused-vars
97:14  Error: Replace `screen.getByPlaceholderText(/繝｡繝・そ繝ｼ繧ｸ繧貞・蜉・i)` with `竢篠ｷﾂｷﾂｷﾂｷﾂｷﾂｷﾂｷﾂｷscreen.getByPlaceholderText(/繝｡繝・そ繝ｼ繧ｸ繧貞・蜉・i)竢篠ｷﾂｷﾂｷﾂｷﾂｷﾂｷ`  prettier/prettier
109:14  Error: Replace `screen.getByRole('button',ﾂｷ{ﾂｷname:ﾂｷ/譁ｰ隕上メ繝｣繝・ヨ/iﾂｷ})` with `竢篠ｷﾂｷﾂｷﾂｷﾂｷﾂｷﾂｷﾂｷscreen.getByRole('button',ﾂｷ{ﾂｷname:ﾂｷ/譁ｰ隕上メ繝｣繝・ヨ/iﾂｷ})竢篠ｷﾂｷﾂｷﾂｷﾂｷﾂｷ`  prettier/prettier
242:14  Error: Replace `screen.getByRole('button',ﾂｷ{ﾂｷname:ﾂｷ/螢ｲ荳雁・譫・iﾂｷ})` with `竢篠ｷﾂｷﾂｷﾂｷﾂｷﾂｷﾂｷﾂｷscreen.getByRole('button',ﾂｷ{ﾂｷname:ﾂｷ/螢ｲ荳雁・譫・iﾂｷ})竢篠ｷﾂｷﾂｷﾂｷﾂｷﾂｷ`  prettier/prettier
243:14  Error: Replace `screen.getByRole('button',ﾂｷ{ﾂｷname:ﾂｷ/謔｣閠・虚蜷・iﾂｷ})` with `竢篠ｷﾂｷﾂｷﾂｷﾂｷﾂｷﾂｷﾂｷscreen.getByRole('button',ﾂｷ{ﾂｷname:ﾂｷ/謔｣閠・虚蜷・iﾂｷ})竢篠ｷﾂｷﾂｷﾂｷﾂｷﾂｷ`  prettier/prettier
244:14  Error: Replace `screen.getByRole('button',ﾂｷ{ﾂｷname:ﾂｷ/繧ｹ繧ｿ繝・ヵ隧穂ｾ｡/iﾂｷ})` with `竢篠ｷﾂｷﾂｷﾂｷﾂｷﾂｷﾂｷﾂｷscreen.getByRole('button',ﾂｷ{ﾂｷname:ﾂｷ/繧ｹ繧ｿ繝・ヵ隧穂ｾ｡/iﾂｷ})竢篠ｷﾂｷﾂｷﾂｷﾂｷﾂｷ`  prettier/prettier
245:14  Error: Replace `screen.getByRole('button',ﾂｷ{ﾂｷname:ﾂｷ/邨悟霧繧｢繝峨ヰ繧､繧ｹ/iﾂｷ})` with `竢篠ｷﾂｷﾂｷﾂｷﾂｷﾂｷﾂｷﾂｷscreen.getByRole('button',ﾂｷ{ﾂｷname:ﾂｷ/邨悟霧繧｢繝峨ヰ繧､繧ｹ/iﾂｷ})竢篠ｷﾂｷﾂｷﾂｷﾂｷﾂｷ`  prettier/prettier
266:57  Error: Replace `ﾂｷname:ﾂｷ/譁ｰ隕上メ繝｣繝・ヨ/i` with `竢篠ｷﾂｷﾂｷﾂｷﾂｷﾂｷﾂｷﾂｷname:ﾂｷ/譁ｰ隕上メ繝｣繝・ヨ/i,竢篠ｷﾂｷﾂｷﾂｷﾂｷ`  prettier/prettier
282:14  Error: Replace `screen.getByText(/繝√Ε繝・ヨ繧呈怏蜉ｹ縺ｫ縺励※縺上□縺輔＞/i)` with `竢篠ｷﾂｷﾂｷﾂｷﾂｷﾂｷﾂｷﾂｷscreen.getByText(/繝√Ε繝・ヨ繧呈怏蜉ｹ縺ｫ縺励※縺上□縺輔＞/i)竢篠ｷﾂｷﾂｷﾂｷﾂｷﾂｷ`  prettier/prettier
318:14  Error: Replace `screen.getByText(/繝｡繝・そ繝ｼ繧ｸ繧貞・蜉帙＠縺ｦ莨夊ｩｱ繧帝幕蟋・i)` with `竢篠ｷﾂｷﾂｷﾂｷﾂｷﾂｷﾂｷﾂｷscreen.getByText(/繝｡繝・そ繝ｼ繧ｸ繧貞・蜉帙＠縺ｦ莨夊ｩｱ繧帝幕蟋・i)竢篠ｷﾂｷﾂｷﾂｷﾂｷﾂｷ`  prettier/prettier
401:14  Error: Replace `screen.getByText(/邂｡逅・・↓讓ｩ髯仙牡蠖薙ｒ萓晞ｼ縺励※縺上□縺輔＞/i)` with `竢篠ｷﾂｷﾂｷﾂｷﾂｷﾂｷﾂｷﾂｷscreen.getByText(/邂｡逅・・↓讓ｩ髯仙牡蠖薙ｒ萓晞ｼ縺励※縺上□縺輔＞/i)竢篠ｷﾂｷﾂｷﾂｷﾂｷﾂｷ`  prettier/prettier
427:14  Error: Replace `screen.getByText(/繝励Ο繝輔ぅ繝ｼ繝ｫ蜿門ｾ励↓螟ｱ謨励＠縺ｾ縺励◆/i)` with `竢篠ｷﾂｷﾂｷﾂｷﾂｷﾂｷﾂｷﾂｷscreen.getByText(/繝励Ο繝輔ぅ繝ｼ繝ｫ蜿門ｾ励↓螟ｱ謨励＠縺ｾ縺励◆/i)竢篠ｷﾂｷﾂｷﾂｷﾂｷﾂｷ`  prettier/prettier

./src/__tests__/components/conversion-funnel.test.tsx
1:27  Error: Delete `竦港  prettier/prettier
2:57  Error: Delete `竦港  prettier/prettier
3:72  Error: Delete `竦港  prettier/prettier
4:47  Error: Delete `竦港  prettier/prettier
5:1  Error: Delete `竦港  prettier/prettier
6:37  Error: Delete `竦港  prettier/prettier
7:42  Error: Delete `竦港  prettier/prettier
8:34  Error: Delete `竦港  prettier/prettier
9:34  Error: Delete `竦港  prettier/prettier
10:33  Error: Delete `竦港  prettier/prettier
11:5  Error: Delete `竦港  prettier/prettier
12:1  Error: Delete `竦港  prettier/prettier
13:62  Error: Delete `竦港  prettier/prettier
14:54  Error: Delete `竦港  prettier/prettier
15:1  Error: Delete `ﾂｷﾂｷﾂｷﾂｷ竦港  prettier/prettier
16:65  Error: Delete `竦港  prettier/prettier
17:6  Error: Delete `竦港  prettier/prettier
18:1  Error: Delete `竦港  prettier/prettier
19:62  Error: Delete `竦港  prettier/prettier
20:54  Error: Delete `竦港  prettier/prettier
21:1  Error: Delete `ﾂｷﾂｷﾂｷﾂｷ竦港  prettier/prettier
22:58  Error: Delete `竦港  prettier/prettier
23:35  Error: Delete `竦港  prettier/prettier
24:6  Error: Delete `竦港  prettier/prettier
25:1  Error: Delete `竦港  prettier/prettier
26:57  Error: Delete `竦港  prettier/prettier
27:54  Error: Delete `竦港  prettier/prettier
28:1  Error: Delete `ﾂｷﾂｷﾂｷﾂｷ竦港  prettier/prettier
29:58  Error: Delete `竦港  prettier/prettier
30:59  Error: Delete `竦港  prettier/prettier
31:58  Error: Delete `竦港  prettier/prettier
32:6  Error: Delete `竦港  prettier/prettier
33:1  Error: Delete `竦港  prettier/prettier
34:74  Error: Delete `竦港  prettier/prettier
35:54  Error: Delete `竦港  prettier/prettier
36:1  Error: Delete `ﾂｷﾂｷﾂｷﾂｷ竦港  prettier/prettier
37:17  Error: Delete `竦港  prettier/prettier
38:60  Error: Delete `竦港  prettier/prettier
39:45  Error: Delete `竦港  prettier/prettier
40:1  Error: Delete `ﾂｷﾂｷﾂｷﾂｷ竦港  prettier/prettier
41:24  Error: Delete `竦港  prettier/prettier
42:57  Error: Delete `竦港  prettier/prettier
43:30  Error: Delete `竦港  prettier/prettier
44:57  Error: Delete `竦港  prettier/prettier
45:6  Error: Delete `竦港  prettier/prettier
46:1  Error: Delete `竦港  prettier/prettier
47:61  Error: Delete `竦港  prettier/prettier
48:46  Error: Delete `竦港  prettier/prettier
49:1  Error: Delete `ﾂｷﾂｷﾂｷﾂｷ竦港  prettier/prettier
50:63  Error: Delete `竦港  prettier/prettier
51:6  Error: Delete `竦港  prettier/prettier
52:1  Error: Delete `竦港  prettier/prettier
53:65  Error: Delete `竦港  prettier/prettier
54:53  Error: Delete `竦港  prettier/prettier
55:1  Error: Delete `ﾂｷﾂｷﾂｷﾂｷ竦港  prettier/prettier
56:63  Error: Delete `竦港  prettier/prettier
57:6  Error: Delete `竦港  prettier/prettier
58:1  Error: Delete `竦港  prettier/prettier
59:51  Error: Delete `竦港  prettier/prettier
60:19  Error: Delete `竦港  prettier/prettier
61:46  Error: Delete `竦港  prettier/prettier
62:1  Error: Delete `ﾂｷﾂｷﾂｷﾂｷ竦港  prettier/prettier
63:30  Error: Delete `竦港  prettier/prettier
64:62  Error: Delete `竦港  prettier/prettier
65:65  Error: Delete `竦港  prettier/prettier
66:6  Error: Delete `竦港  prettier/prettier
67:1  Error: Delete `竦港  prettier/prettier
68:43  Error: Delete `竦港  prettier/prettier
69:45  Error: Replace `竦坂庶ﾂｷﾂｷﾂｷﾂｷﾂｷﾂｷ{ﾂｷname:ﾂｷ'蛻晏屓譚･髯｢',ﾂｷvalue:ﾂｷ100ﾂｷ},竦坂庶ﾂｷﾂｷﾂｷﾂｷ];竦港 with `{ﾂｷname:ﾂｷ'蛻晏屓譚･髯｢',ﾂｷvalue:ﾂｷ100ﾂｷ}];`  prettier/prettier
72:1  Error: Delete `ﾂｷﾂｷﾂｷﾂｷ竦港  prettier/prettier
73:55  Error: Delete `竦港  prettier/prettier
74:1  Error: Delete `ﾂｷﾂｷﾂｷﾂｷ竦港  prettier/prettier
75:58  Error: Delete `竦港  prettier/prettier
76:22  Error: Delete `竦港  prettier/prettier
77:58  Error: Delete `竦港  prettier/prettier
78:6  Error: Delete `竦港  prettier/prettier
79:4  Error: Delete `竦港  prettier/prettier

./src/__tests__/components/master-data-form.test.tsx
46:27  Error: Replace `竢篠ｷﾂｷﾂｷﾂｷﾂｷﾂｷ.spyOn(global,ﾂｷ'fetch')竢篠ｷﾂｷﾂｷﾂｷﾂｷﾂｷ` with `.spyOn(global,ﾂｷ'fetch')`  prettier/prettier
49:7  Error: Delete `ﾂｷﾂｷ`  prettier/prettier
50:1  Error: Delete `ﾂｷﾂｷ`  prettier/prettier
51:9  Error: Delete `ﾂｷﾂｷ`  prettier/prettier
52:1  Error: Replace `ﾂｷﾂｷﾂｷﾂｷﾂｷﾂｷﾂｷﾂｷﾂｷﾂｷﾂｷﾂｷ` with `ﾂｷﾂｷﾂｷﾂｷﾂｷﾂｷﾂｷﾂｷﾂｷﾂｷ`  prettier/prettier
53:13  Error: Delete `ﾂｷﾂｷ`  prettier/prettier
54:1  Error: Delete `ﾂｷﾂｷ`  prettier/prettier
55:1  Error: Replace `ﾂｷﾂｷﾂｷﾂｷﾂｷﾂｷﾂｷﾂｷﾂｷﾂｷﾂｷﾂｷﾂｷﾂｷﾂｷﾂｷ` with `ﾂｷﾂｷﾂｷﾂｷﾂｷﾂｷﾂｷﾂｷﾂｷﾂｷﾂｷﾂｷﾂｷﾂｷ`  prettier/prettier
56:1  Error: Delete `ﾂｷﾂｷ`  prettier/prettier
57:15  Error: Delete `ﾂｷﾂｷ`  prettier/prettier
58:1  Error: Delete `ﾂｷﾂｷ`  prettier/prettier
59:17  Error: Delete `ﾂｷﾂｷ`  prettier/prettier
60:1  Error: Delete `ﾂｷﾂｷ`  prettier/prettier
61:19  Error: Delete `ﾂｷﾂｷ`  prettier/prettier
62:1  Error: Replace `ﾂｷﾂｷﾂｷﾂｷﾂｷﾂｷﾂｷﾂｷﾂｷﾂｷﾂｷﾂｷﾂｷﾂｷﾂｷﾂｷﾂｷﾂｷﾂｷﾂｷ` with `ﾂｷﾂｷﾂｷﾂｷﾂｷﾂｷﾂｷﾂｷﾂｷﾂｷﾂｷﾂｷﾂｷﾂｷﾂｷﾂｷﾂｷﾂｷ`  prettier/prettier
63:1  Error: Delete `ﾂｷﾂｷ`  prettier/prettier
64:19  Error: Delete `ﾂｷﾂｷ`  prettier/prettier
65:1  Error: Delete `ﾂｷﾂｷ`  prettier/prettier
66:17  Error: Delete `ﾂｷﾂｷ`  prettier/prettier
67:1  Error: Delete `ﾂｷﾂｷ`  prettier/prettier
68:1  Error: Delete `ﾂｷﾂｷ`  prettier/prettier
69:15  Error: Delete `ﾂｷﾂｷ`  prettier/prettier
70:15  Error: Delete `ﾂｷﾂｷ`  prettier/prettier
71:1  Error: Delete `ﾂｷﾂｷ`  prettier/prettier
72:13  Error: Delete `ﾂｷﾂｷ`  prettier/prettier
73:1  Error: Replace `ﾂｷﾂｷﾂｷﾂｷﾂｷﾂｷﾂｷﾂｷﾂｷﾂｷﾂｷﾂｷ` with `ﾂｷﾂｷﾂｷﾂｷﾂｷﾂｷﾂｷﾂｷﾂｷﾂｷ`  prettier/prettier
74:1  Error: Delete `ﾂｷﾂｷ`  prettier/prettier
75:9  Error: Delete `ﾂｷﾂｷ`  prettier/prettier
76:1  Error: Delete `ﾂｷﾂｷ`  prettier/prettier
77:1  Error: Delete `ﾂｷﾂｷ`  prettier/prettier
88:12  Error: Replace `竢篠ｷﾂｷﾂｷﾂｷﾂｷﾂｷawaitﾂｷscreen.findByDisplayValue('繧ｫ繧ｹ繧ｿ繝譁ｽ陦・)竢篠ｷﾂｷﾂｷﾂｷ` with `awaitﾂｷscreen.findByDisplayValue('繧ｫ繧ｹ繧ｿ繝譁ｽ陦・)`  prettier/prettier
132:36  Error: Replace `竢篠ｷﾂｷﾂｷﾂｷﾂｷﾂｷ(request[1]ﾂｷasﾂｷRequestInit).bodyﾂｷasﾂｷstring竢篠ｷﾂｷﾂｷﾂｷ` with `(request[1]ﾂｷasﾂｷRequestInit).bodyﾂｷasﾂｷstring`  prettier/prettier
211:36  Error: Replace `竢篠ｷﾂｷﾂｷﾂｷﾂｷﾂｷ(request[1]ﾂｷasﾂｷRequestInit).bodyﾂｷasﾂｷstring竢篠ｷﾂｷﾂｷﾂｷ` with `(request[1]ﾂｷasﾂｷRequestInit).bodyﾂｷasﾂｷstring`  prettier/prettier

./src/__tests__/components/menu-ranking.test.tsx
1:27  Error: Delete `竦港  prettier/prettier
2:57  Error: Delete `竦港  prettier/prettier
3:53  Error: Delete `竦港  prettier/prettier
4:61  Error: Delete `竦港  prettier/prettier
5:62  Error: Delete `竦港  prettier/prettier
6:1  Error: Delete `竦港  prettier/prettier
7:15  Error: Delete `竦港  prettier/prettier
8:31  Error: Delete `竦港  prettier/prettier
9:74  Error: Delete `竦港  prettier/prettier
10:20  Error: Replace `"recharts-responsive-container">{children}</div>竦港 with `'recharts-responsive-container'>{children}</div>`  prettier/prettier
11:5  Error: Delete `竦港  prettier/prettier
12:63  Error: Delete `竦港  prettier/prettier
13:22  Error: Replace `"bar-chart">{children}</div>竦港 with `'bar-chart'>{children}</div>`  prettier/prettier
14:5  Error: Delete `竦港  prettier/prettier
15:31  Error: Replace `"bar"ﾂｷ/>,竦港 with `'bar'ﾂｷ/>,`  prettier/prettier
16:33  Error: Replace `"x-axis"ﾂｷ/>,竦港 with `'x-axis'ﾂｷ/>,`  prettier/prettier
17:33  Error: Replace `"y-axis"ﾂｷ/>,竦港 with `'y-axis'ﾂｷ/>,`  prettier/prettier
18:41  Error: Replace `"grid"ﾂｷ/>,竦港 with `'grid'ﾂｷ/>,`  prettier/prettier
19:35  Error: Replace `"tooltip"ﾂｷ/>,竦港 with `'tooltip'ﾂｷ/>,`  prettier/prettier
20:5  Error: Delete `竦港  prettier/prettier
21:1  Error: Delete `竦港  prettier/prettier
22:32  Error: Delete `竦港  prettier/prettier
23:40  Error: Delete `竦港  prettier/prettier
24:6  Error: Replace `ﾂｷmenu_id:ﾂｷ'1',ﾂｷmenu_name:ﾂｷ'鬪ｨ逶､遏ｯ豁｣',ﾂｷtotal_revenue:ﾂｷ500000,ﾂｷtransaction_count:ﾂｷ100ﾂｷ},竦港 with `竢篠ｷﾂｷﾂｷﾂｷﾂｷﾂｷmenu_id:ﾂｷ'1',竢篠ｷﾂｷﾂｷﾂｷﾂｷﾂｷmenu_name:ﾂｷ'鬪ｨ逶､遏ｯ豁｣',竢篠ｷﾂｷﾂｷﾂｷﾂｷﾂｷtotal_revenue:ﾂｷ500000,竢篠ｷﾂｷﾂｷﾂｷﾂｷﾂｷtransaction_count:ﾂｷ100,竢篠ｷﾂｷﾂｷﾂｷ},`  prettier/prettier
25:6  Error: Replace `ﾂｷmenu_id:ﾂｷ'2',ﾂｷmenu_name:ﾂｷ'骰ｼ豐ｻ逋・,ﾂｷtotal_revenue:ﾂｷ300000,ﾂｷtransaction_count:ﾂｷ80ﾂｷ},竦港 with `竢篠ｷﾂｷﾂｷﾂｷﾂｷﾂｷmenu_id:ﾂｷ'2',竢篠ｷﾂｷﾂｷﾂｷﾂｷﾂｷmenu_name:ﾂｷ'骰ｼ豐ｻ逋・,竢篠ｷﾂｷﾂｷﾂｷﾂｷﾂｷtotal_revenue:ﾂｷ300000,竢篠ｷﾂｷﾂｷﾂｷﾂｷﾂｷtransaction_count:ﾂｷ80,竢篠ｷﾂｷﾂｷﾂｷ},`  prettier/prettier
26:6  Error: Replace `ﾂｷmenu_id:ﾂｷ'3',ﾂｷmenu_name:ﾂｷ'繝槭ャ繧ｵ繝ｼ繧ｸ',ﾂｷtotal_revenue:ﾂｷ200000,ﾂｷtransaction_count:ﾂｷ60ﾂｷ},竦港 with `竢篠ｷﾂｷﾂｷﾂｷﾂｷﾂｷmenu_id:ﾂｷ'3',竢篠ｷﾂｷﾂｷﾂｷﾂｷﾂｷmenu_name:ﾂｷ'繝槭ャ繧ｵ繝ｼ繧ｸ',竢篠ｷﾂｷﾂｷﾂｷﾂｷﾂｷtotal_revenue:ﾂｷ200000,竢篠ｷﾂｷﾂｷﾂｷﾂｷﾂｷtransaction_count:ﾂｷ60,竢篠ｷﾂｷﾂｷﾂｷ},`  prettier/prettier
27:5  Error: Delete `竦港  prettier/prettier
28:1  Error: Delete `竦港  prettier/prettier
29:65  Error: Delete `竦港  prettier/prettier
30:45  Error: Delete `竦港  prettier/prettier
31:1  Error: Delete `ﾂｷﾂｷﾂｷﾂｷ竦港  prettier/prettier
32:12  Error: Replace `screen.getByText('譁ｽ陦薙Γ繝九Η繝ｼ蛻･蜿守寢繝ｩ繝ｳ繧ｭ繝ｳ繧ｰ')).toBeInTheDocument();竦港 with `竢篠ｷﾂｷﾂｷﾂｷﾂｷﾂｷscreen.getByText('譁ｽ陦薙Γ繝九Η繝ｼ蛻･蜿守寢繝ｩ繝ｳ繧ｭ繝ｳ繧ｰ')竢篠ｷﾂｷﾂｷﾂｷ).toBeInTheDocument();`  prettier/prettier
33:6  Error: Delete `竦港  prettier/prettier
34:1  Error: Delete `竦港  prettier/prettier
35:79  Error: Delete `竦港  prettier/prettier
36:36  Error: Delete `竦港  prettier/prettier
37:45  Error: Delete `竦港  prettier/prettier
38:1  Error: Delete `ﾂｷﾂｷﾂｷﾂｷ竦港  prettier/prettier
39:19  Error: Delete `竦港  prettier/prettier
40:47  Error: Delete `竦港  prettier/prettier
41:32  Error: Delete `竦港  prettier/prettier
42:1  Error: Delete `ﾂｷﾂｷﾂｷﾂｷ竦港  prettier/prettier
43:62  Error: Delete `竦港  prettier/prettier
44:34  Error: Delete `竦港  prettier/prettier
45:6  Error: Delete `竦港  prettier/prettier
46:1  Error: Delete `竦港  prettier/prettier
47:76  Error: Delete `竦港  prettier/prettier
48:36  Error: Delete `竦港  prettier/prettier
49:45  Error: Delete `竦港  prettier/prettier
50:1  Error: Delete `ﾂｷﾂｷﾂｷﾂｷ竦港  prettier/prettier
51:19  Error: Delete `竦港  prettier/prettier
52:47  Error: Delete `竦港  prettier/prettier
53:32  Error: Delete `竦港  prettier/prettier
54:1  Error: Delete `ﾂｷﾂｷﾂｷﾂｷ竦港  prettier/prettier
55:58  Error: Delete `竦港  prettier/prettier
56:57  Error: Delete `竦港  prettier/prettier
57:59  Error: Delete `竦港  prettier/prettier
58:6  Error: Delete `竦港  prettier/prettier
59:1  Error: Delete `竦港  prettier/prettier
60:70  Error: Delete `竦港  prettier/prettier
61:36  Error: Delete `竦港  prettier/prettier
62:46  Error: Delete `竦港  prettier/prettier
63:8  Error: Replace `ﾂｷmenu_id:ﾂｷ'1',ﾂｷmenu_name:ﾂｷ'繝｡繝九Η繝ｼA',ﾂｷtotal_revenue:ﾂｷ100000,ﾂｷtransaction_count:ﾂｷ10ﾂｷ},竦港 with `竢篠ｷﾂｷﾂｷﾂｷﾂｷﾂｷﾂｷﾂｷmenu_id:ﾂｷ'1',竢篠ｷﾂｷﾂｷﾂｷﾂｷﾂｷﾂｷﾂｷmenu_name:ﾂｷ'繝｡繝九Η繝ｼA',竢篠ｷﾂｷﾂｷﾂｷﾂｷﾂｷﾂｷﾂｷtotal_revenue:ﾂｷ100000,竢篠ｷﾂｷﾂｷﾂｷﾂｷﾂｷﾂｷﾂｷtransaction_count:ﾂｷ10,竢篠ｷﾂｷﾂｷﾂｷﾂｷﾂｷ},`  prettier/prettier
64:8  Error: Replace `ﾂｷmenu_id:ﾂｷ'2',ﾂｷmenu_name:ﾂｷ'繝｡繝九Η繝ｼB',ﾂｷtotal_revenue:ﾂｷ500000,ﾂｷtransaction_count:ﾂｷ50ﾂｷ},竦港 with `竢篠ｷﾂｷﾂｷﾂｷﾂｷﾂｷﾂｷﾂｷmenu_id:ﾂｷ'2',竢篠ｷﾂｷﾂｷﾂｷﾂｷﾂｷﾂｷﾂｷmenu_name:ﾂｷ'繝｡繝九Η繝ｼB',竢篠ｷﾂｷﾂｷﾂｷﾂｷﾂｷﾂｷﾂｷtotal_revenue:ﾂｷ500000,竢篠ｷﾂｷﾂｷﾂｷﾂｷﾂｷﾂｷﾂｷtransaction_count:ﾂｷ50,竢篠ｷﾂｷﾂｷﾂｷﾂｷﾂｷ},`  prettier/prettier
65:8  Error: Replace `ﾂｷmenu_id:ﾂｷ'3',ﾂｷmenu_name:ﾂｷ'繝｡繝九Η繝ｼC',ﾂｷtotal_revenue:ﾂｷ300000,ﾂｷtransaction_count:ﾂｷ30ﾂｷ},竦港 with `竢篠ｷﾂｷﾂｷﾂｷﾂｷﾂｷﾂｷﾂｷmenu_id:ﾂｷ'3',竢篠ｷﾂｷﾂｷﾂｷﾂｷﾂｷﾂｷﾂｷmenu_name:ﾂｷ'繝｡繝九Η繝ｼC',竢篠ｷﾂｷﾂｷﾂｷﾂｷﾂｷﾂｷﾂｷtotal_revenue:ﾂｷ300000,竢篠ｷﾂｷﾂｷﾂｷﾂｷﾂｷﾂｷﾂｷtransaction_count:ﾂｷ30,竢篠ｷﾂｷﾂｷﾂｷﾂｷﾂｷ},`  prettier/prettier
66:7  Error: Delete `竦港  prettier/prettier
67:1  Error: Delete `ﾂｷﾂｷﾂｷﾂｷ竦港  prettier/prettier
68:49  Error: Delete `竦港  prettier/prettier
69:1  Error: Delete `ﾂｷﾂｷﾂｷﾂｷ竦港  prettier/prettier
70:19  Error: Delete `竦港  prettier/prettier
71:47  Error: Delete `竦港  prettier/prettier
72:32  Error: Delete `竦港  prettier/prettier
73:1  Error: Delete `ﾂｷﾂｷﾂｷﾂｷ竦港  prettier/prettier
74:62  Error: Delete `竦港  prettier/prettier
75:20  Error: Delete `竦港  prettier/prettier
76:49  Error: Delete `竦港  prettier/prettier
77:6  Error: Delete `竦港  prettier/prettier
78:1  Error: Delete `竦港  prettier/prettier
79:59  Error: Delete `竦港  prettier/prettier
80:39  Error: Delete `竦港  prettier/prettier
81:1  Error: Delete `ﾂｷﾂｷﾂｷﾂｷ竦港  prettier/prettier
82:63  Error: Delete `竦港  prettier/prettier
83:6  Error: Delete `竦港  prettier/prettier
84:1  Error: Delete `竦港  prettier/prettier
85:63  Error: Delete `竦港  prettier/prettier
86:46  Error: Delete `竦港  prettier/prettier
87:1  Error: Delete `ﾂｷﾂｷﾂｷﾂｷ竦港  prettier/prettier
88:63  Error: Delete `竦港  prettier/prettier
89:6  Error: Delete `竦港  prettier/prettier
90:1  Error: Delete `竦港  prettier/prettier
91:51  Error: Delete `竦港  prettier/prettier
92:19  Error: Delete `竦港  prettier/prettier
93:39  Error: Delete `竦港  prettier/prettier
94:1  Error: Delete `ﾂｷﾂｷﾂｷﾂｷ竦港  prettier/prettier
95:28  Error: Delete `竦港  prettier/prettier
96:64  Error: Delete `竦港  prettier/prettier
97:64  Error: Delete `竦港  prettier/prettier
98:6  Error: Delete `竦港  prettier/prettier
99:1  Error: Delete `竦港  prettier/prettier
100:65  Error: Delete `竦港  prettier/prettier
101:36  Error: Delete `竦港  prettier/prettier
102:45  Error: Delete `竦港  prettier/prettier
103:1  Error: Delete `ﾂｷﾂｷﾂｷﾂｷ竦港  prettier/prettier
104:19  Error: Delete `竦港  prettier/prettier
105:47  Error: Delete `竦港  prettier/prettier
106:32  Error: Delete `竦港  prettier/prettier
107:1  Error: Delete `ﾂｷﾂｷﾂｷﾂｷ竦港  prettier/prettier
108:18  Error: Delete `竦港  prettier/prettier
109:59  Error: Delete `竦港  prettier/prettier
110:59  Error: Delete `竦港  prettier/prettier
111:56  Error: Delete `竦港  prettier/prettier
112:6  Error: Delete `竦港  prettier/prettier
113:4  Error: Delete `竦港  prettier/prettier

./src/__tests__/components/MultiStorePage.test.tsx
17:26  Error: 'waitFor' is defined but never used. Allowed unused vars must match /^_/u.  @typescript-eslint/no-unused-vars
48:64  Error: Replace `typeofﾂｷuseMultiStore` with `竢篠ｷﾂｷtypeofﾂｷuseMultiStore竢餐  prettier/prettier
91:14  Error: Replace `screen.getByRole('heading',ﾂｷ{ﾂｷname:ﾂｷ/螟壼ｺ苓・蛻・梵/iﾂｷ})` with `竢篠ｷﾂｷﾂｷﾂｷﾂｷﾂｷﾂｷﾂｷscreen.getByRole('heading',ﾂｷ{ﾂｷname:ﾂｷ/螟壼ｺ苓・蛻・梵/iﾂｷ})竢篠ｷﾂｷﾂｷﾂｷﾂｷﾂｷ`  prettier/prettier
215:75  Error: Replace `'4.35'` with `竢篠ｷﾂｷﾂｷﾂｷﾂｷﾂｷﾂｷﾂｷ'4.35'竢篠ｷﾂｷﾂｷﾂｷﾂｷﾂｷ`  prettier/prettier
268:61  Error: Replace `ﾂｷname:ﾂｷ/繝代ヵ繧ｩ繝ｼ繝槭Φ繧ｹ/i` with `竢篠ｷﾂｷﾂｷﾂｷﾂｷﾂｷﾂｷﾂｷname:ﾂｷ/繝代ヵ繧ｩ繝ｼ繝槭Φ繧ｹ/i,竢篠ｷﾂｷﾂｷﾂｷﾂｷ`  prettier/prettier
298:14  Error: Replace `screen.getByText(/繧ｯ繝ｪ繝九ャ繧ｯ繝・・繧ｿ縺後≠繧翫∪縺帙ｓ/i)` with `竢篠ｷﾂｷﾂｷﾂｷﾂｷﾂｷﾂｷﾂｷscreen.getByText(/繧ｯ繝ｪ繝九ャ繧ｯ繝・・繧ｿ縺後≠繧翫∪縺帙ｓ/i)竢篠ｷﾂｷﾂｷﾂｷﾂｷﾂｷ`  prettier/prettier

./src/__tests__/components/patient-flow-heatmap.test.tsx
1:27  Error: Delete `竦港  prettier/prettier
2:57  Error: Delete `竦港  prettier/prettier
3:78  Error: Delete `竦港  prettier/prettier
4:44  Error: Delete `竦港  prettier/prettier
5:1  Error: Delete `竦港  prettier/prettier
6:39  Error: Delete `竦港  prettier/prettier
7:37  Error: Delete `竦港  prettier/prettier
8:76  Error: Delete `竦港  prettier/prettier
9:77  Error: Delete `竦港  prettier/prettier
10:75  Error: Delete `竦港  prettier/prettier
11:77  Error: Delete `竦港  prettier/prettier
12:5  Error: Delete `竦港  prettier/prettier
13:1  Error: Delete `竦港  prettier/prettier
14:60  Error: Delete `竦港  prettier/prettier
15:52  Error: Delete `竦港  prettier/prettier
16:1  Error: Delete `ﾂｷﾂｷﾂｷﾂｷ竦港  prettier/prettier
17:12  Error: Replace `screen.getByText('譎る俣蟶ｯ蛻･豺ｷ髮醍憾豕√ヲ繝ｼ繝医・繝・・')).toBeInTheDocument();竦港 with `竢篠ｷﾂｷﾂｷﾂｷﾂｷﾂｷscreen.getByText('譎る俣蟶ｯ蛻･豺ｷ髮醍憾豕√ヲ繝ｼ繝医・繝・・')竢篠ｷﾂｷﾂｷﾂｷ).toBeInTheDocument();`  prettier/prettier
18:21  Error: Delete `竦港  prettier/prettier
19:77  Error: Delete `竦港  prettier/prettier
20:6  Error: Delete `竦港  prettier/prettier
21:1  Error: Delete `竦港  prettier/prettier
22:50  Error: Delete `竦港  prettier/prettier
23:52  Error: Delete `竦港  prettier/prettier
24:1  Error: Delete `ﾂｷﾂｷﾂｷﾂｷ竦港  prettier/prettier
25:55  Error: Delete `竦港  prettier/prettier
26:55  Error: Delete `竦港  prettier/prettier
27:55  Error: Delete `竦港  prettier/prettier
28:6  Error: Delete `竦港  prettier/prettier
29:1  Error: Delete `竦港  prettier/prettier
30:43  Error: Delete `竦港  prettier/prettier
31:52  Error: Delete `竦港  prettier/prettier
32:1  Error: Delete `ﾂｷﾂｷﾂｷﾂｷ竦港  prettier/prettier
33:58  Error: Delete `竦港  prettier/prettier
34:59  Error: Delete `竦港  prettier/prettier
35:6  Error: Delete `竦港  prettier/prettier
36:1  Error: Delete `竦港  prettier/prettier
37:59  Error: Delete `竦港  prettier/prettier
38:46  Error: Delete `竦港  prettier/prettier
39:1  Error: Delete `ﾂｷﾂｷﾂｷﾂｷ竦港  prettier/prettier
40:63  Error: Delete `竦港  prettier/prettier
41:6  Error: Delete `竦港  prettier/prettier
42:1  Error: Delete `竦港  prettier/prettier
43:63  Error: Delete `竦港  prettier/prettier
44:53  Error: Delete `竦港  prettier/prettier
45:1  Error: Delete `ﾂｷﾂｷﾂｷﾂｷ竦港  prettier/prettier
46:63  Error: Delete `竦港  prettier/prettier
47:6  Error: Delete `竦港  prettier/prettier
48:1  Error: Delete `竦港  prettier/prettier
49:51  Error: Delete `竦港  prettier/prettier
50:20  Error: Delete `竦港  prettier/prettier
51:46  Error: Delete `竦港  prettier/prettier
52:1  Error: Delete `ﾂｷﾂｷﾂｷﾂｷ竦港  prettier/prettier
53:35  Error: Delete `竦港  prettier/prettier
54:41  Error: Delete `竦港  prettier/prettier
55:67  Error: Delete `竦港  prettier/prettier
56:6  Error: Delete `竦港  prettier/prettier
57:1  Error: Delete `竦港  prettier/prettier
60:35  Error: Delete `竦港  prettier/prettier
61:79  Error: Delete `竦港  prettier/prettier
62:7  Error: Delete `竦港  prettier/prettier
63:1  Error: Delete `ﾂｷﾂｷﾂｷﾂｷ竦港  prettier/prettier
64:48  Error: Delete `竦港  prettier/prettier
65:1  Error: Delete `ﾂｷﾂｷﾂｷﾂｷ竦港  prettier/prettier
66:19  Error: Delete `竦港  prettier/prettier
67:57  Error: Delete `竦港  prettier/prettier
68:45  Error: Delete `竦港  prettier/prettier
69:6  Error: Delete `竦港  prettier/prettier
70:4  Error: Delete `竦港  prettier/prettier

./src/__tests__/components/reservations/reservation-timeline.test.tsx
46:13  Error: Replace `竢篠ｷﾂｷﾂｷﾂｷﾂｷﾂｷ{ﾂｷid:ﾂｷ'menu1',ﾂｷname:ﾂｷ'謨ｴ菴・0蛻・,ﾂｷisActive:ﾂｷtrue,ﾂｷoptions:ﾂｷ[]ﾂｷ},竢篠ｷﾂｷﾂｷﾂｷ` with `{ﾂｷid:ﾂｷ'menu1',ﾂｷname:ﾂｷ'謨ｴ菴・0蛻・,ﾂｷisActive:ﾂｷtrue,ﾂｷoptions:ﾂｷ[]ﾂｷ}`  prettier/prettier
50:8  Error: Replace `ﾂｷid:ﾂｷ'staff1',ﾂｷname:ﾂｷ'逕ｰ荳ｭ蜈育函',ﾂｷisActive:ﾂｷtrue,ﾂｷtype:ﾂｷ'staff',ﾂｷmaxConcurrent:ﾂｷ1` with `竢篠ｷﾂｷﾂｷﾂｷﾂｷﾂｷﾂｷﾂｷid:ﾂｷ'staff1',竢篠ｷﾂｷﾂｷﾂｷﾂｷﾂｷﾂｷﾂｷname:ﾂｷ'逕ｰ荳ｭ蜈育函',竢篠ｷﾂｷﾂｷﾂｷﾂｷﾂｷﾂｷﾂｷisActive:ﾂｷtrue,竢篠ｷﾂｷﾂｷﾂｷﾂｷﾂｷﾂｷﾂｷtype:ﾂｷ'staff',竢篠ｷﾂｷﾂｷﾂｷﾂｷﾂｷﾂｷﾂｷmaxConcurrent:ﾂｷ1,竢篠ｷﾂｷﾂｷﾂｷﾂｷ`  prettier/prettier
51:8  Error: Replace `ﾂｷid:ﾂｷ'staff2',ﾂｷname:ﾂｷ'菴占陸蜈育函',ﾂｷisActive:ﾂｷtrue,ﾂｷtype:ﾂｷ'staff',ﾂｷmaxConcurrent:ﾂｷ1` with `竢篠ｷﾂｷﾂｷﾂｷﾂｷﾂｷﾂｷﾂｷid:ﾂｷ'staff2',竢篠ｷﾂｷﾂｷﾂｷﾂｷﾂｷﾂｷﾂｷname:ﾂｷ'菴占陸蜈育函',竢篠ｷﾂｷﾂｷﾂｷﾂｷﾂｷﾂｷﾂｷisActive:ﾂｷtrue,竢篠ｷﾂｷﾂｷﾂｷﾂｷﾂｷﾂｷﾂｷtype:ﾂｷ'staff',竢篠ｷﾂｷﾂｷﾂｷﾂｷﾂｷﾂｷﾂｷmaxConcurrent:ﾂｷ1,竢篠ｷﾂｷﾂｷﾂｷﾂｷ`  prettier/prettier

./src/__tests__/components/revenue-chart.test.tsx
1:27  Error: Delete `竦港  prettier/prettier
2:57  Error: Delete `竦港  prettier/prettier
3:65  Error: Delete `竦港  prettier/prettier
4:49  Error: Delete `竦港  prettier/prettier
5:1  Error: Delete `竦港  prettier/prettier
6:15  Error: Delete `竦港  prettier/prettier
7:31  Error: Delete `竦港  prettier/prettier
8:74  Error: Delete `竦港  prettier/prettier
9:20  Error: Replace `"recharts-responsive-container">{children}</div>竦港 with `'recharts-responsive-container'>{children}</div>`  prettier/prettier
10:5  Error: Delete `竦港  prettier/prettier
11:64  Error: Delete `竦港  prettier/prettier
12:22  Error: Replace `"line-chart">{children}</div>竦港 with `'line-chart'>{children}</div>`  prettier/prettier
13:5  Error: Delete `竦港  prettier/prettier
14:48  Error: Delete `竦港  prettier/prettier
15:20  Error: Replace `"recharts-line"ﾂｷdata-testid={`line-${dataKey}`}ﾂｷ/>竦港 with `'recharts-line'ﾂｷdata-testid={`line-${dataKey}`}ﾂｷ/>`  prettier/prettier
16:5  Error: Delete `竦港  prettier/prettier
17:33  Error: Replace `"x-axis"ﾂｷ/>,竦港 with `'x-axis'ﾂｷ/>,`  prettier/prettier
18:33  Error: Replace `"y-axis"ﾂｷ/>,竦港 with `'y-axis'ﾂｷ/>,`  prettier/prettier
19:41  Error: Replace `"grid"ﾂｷ/>,竦港 with `'grid'ﾂｷ/>,`  prettier/prettier
20:35  Error: Replace `"tooltip"ﾂｷ/>,竦港 with `'tooltip'ﾂｷ/>,`  prettier/prettier
21:34  Error: Replace `"legend"ﾂｷ/>,竦港 with `'legend'ﾂｷ/>,`  prettier/prettier
22:5  Error: Delete `竦港  prettier/prettier
23:1  Error: Delete `竦港  prettier/prettier
24:33  Error: Delete `竦港  prettier/prettier
25:42  Error: Delete `竦港  prettier/prettier
26:67  Error: Delete `竦港  prettier/prettier
27:67  Error: Delete `竦港  prettier/prettier
28:66  Error: Delete `竦港  prettier/prettier
29:5  Error: Delete `竦港  prettier/prettier
30:1  Error: Delete `竦港  prettier/prettier
31:58  Error: Delete `竦港  prettier/prettier
32:46  Error: Delete `竦港  prettier/prettier
33:1  Error: Delete `ﾂｷﾂｷﾂｷﾂｷ竦港  prettier/prettier
34:66  Error: Delete `竦港  prettier/prettier
35:60  Error: Delete `竦港  prettier/prettier
36:6  Error: Delete `竦港  prettier/prettier
37:1  Error: Delete `竦港  prettier/prettier
38:58  Error: Delete `竦港  prettier/prettier
39:46  Error: Delete `竦港  prettier/prettier
40:1  Error: Delete `ﾂｷﾂｷﾂｷﾂｷ竦港  prettier/prettier
41:64  Error: Delete `竦港  prettier/prettier
42:65  Error: Delete `竦港  prettier/prettier
43:65  Error: Delete `竦港  prettier/prettier
44:6  Error: Delete `竦港  prettier/prettier
45:1  Error: Delete `竦港  prettier/prettier
46:59  Error: Delete `竦港  prettier/prettier
47:40  Error: Delete `竦港  prettier/prettier
48:1  Error: Delete `ﾂｷﾂｷﾂｷﾂｷ竦港  prettier/prettier
49:63  Error: Delete `竦港  prettier/prettier
50:72  Error: Delete `竦港  prettier/prettier
51:6  Error: Delete `竦港  prettier/prettier
52:1  Error: Delete `竦港  prettier/prettier
53:63  Error: Delete `竦港  prettier/prettier
54:47  Error: Delete `竦港  prettier/prettier
55:1  Error: Delete `ﾂｷﾂｷﾂｷﾂｷ竦港  prettier/prettier
56:63  Error: Delete `竦港  prettier/prettier
57:6  Error: Delete `竦港  prettier/prettier
58:1  Error: Delete `竦港  prettier/prettier
59:57  Error: Delete `竦港  prettier/prettier
60:46  Error: Delete `竦港  prettier/prettier
61:1  Error: Delete `ﾂｷﾂｷﾂｷﾂｷ竦港  prettier/prettier
62:77  Error: Delete `竦港  prettier/prettier
63:75  Error: Delete `竦港  prettier/prettier
64:74  Error: Delete `竦港  prettier/prettier
65:6  Error: Delete `竦港  prettier/prettier
66:4  Error: Delete `竦港  prettier/prettier

./src/__tests__/components/shift-optimizer.test.tsx
44:34  Error: Replace `竢篠ｷﾂｷﾂｷﾂｷﾂｷﾂｷﾂｷﾂｷﾂｷﾂｷﾂｷﾂｷcreateMockResponse({ﾂｷshifts:ﾂｷ[],ﾂｷtotal:ﾂｷ0ﾂｷ})竢篠ｷﾂｷﾂｷﾂｷﾂｷﾂｷﾂｷﾂｷﾂｷﾂｷ` with `createMockResponse({ﾂｷshifts:ﾂｷ[],ﾂｷtotal:ﾂｷ0ﾂｷ})`  prettier/prettier
191:20  Error: Replace `screen.queryByText(newﾂｷRegExp(date))` with `竢篠ｷﾂｷﾂｷﾂｷﾂｷﾂｷﾂｷﾂｷﾂｷﾂｷﾂｷﾂｷﾂｷﾂｷscreen.queryByText(newﾂｷRegExp(date))竢篠ｷﾂｷﾂｷﾂｷﾂｷﾂｷﾂｷﾂｷﾂｷﾂｷﾂｷﾂｷ`  prettier/prettier
278:3  Error: Insert `ﾂｷﾂｷ`  prettier/prettier
293:33  Error: Replace `ﾂｷforecasts:ﾂｷmockForecasts,ﾂｷhourlyDistribution:ﾂｷ[]` with `竢篠ｷﾂｷﾂｷﾂｷﾂｷﾂｷﾂｷﾂｷﾂｷﾂｷﾂｷﾂｷﾂｷﾂｷforecasts:ﾂｷmockForecasts,竢篠ｷﾂｷﾂｷﾂｷﾂｷﾂｷﾂｷﾂｷﾂｷﾂｷﾂｷﾂｷﾂｷﾂｷhourlyDistribution:ﾂｷ[],竢篠ｷﾂｷﾂｷﾂｷﾂｷﾂｷﾂｷﾂｷﾂｷﾂｷﾂｷ`  prettier/prettier

./src/__tests__/e2e/admin-access-denial.e2e.test.ts
101:38  Error: Replace `(p)` with `p`  prettier/prettier
161:15  Error: 'error' is assigned a value but never used. Allowed unused vars must match /^_/u.  @typescript-eslint/no-unused-vars
200:15  Error: 'error' is assigned a value but never used. Allowed unused vars must match /^_/u.  @typescript-eslint/no-unused-vars

./src/__tests__/e2e/admin-tenants.e2e.test.ts
59:22  Error: Replace `'admin繝ｦ繝ｼ繧ｶ繝ｼ縺ｧ縺ｮ隱崎ｨｼ縺ｫ螟ｱ謨猟ｷ-ﾂｷ繝・せ繝医Θ繝ｼ繧ｶ繝ｼ縺瑚ｨｭ螳壹＆繧後※縺・↑縺・庄閭ｽ諤ｧ縺後≠繧翫∪縺・` with `竢篠ｷﾂｷﾂｷﾂｷﾂｷﾂｷﾂｷﾂｷﾂｷﾂｷ'admin繝ｦ繝ｼ繧ｶ繝ｼ縺ｧ縺ｮ隱崎ｨｼ縺ｫ螟ｱ謨猟ｷ-ﾂｷ繝・せ繝医Θ繝ｼ繧ｶ繝ｼ縺瑚ｨｭ螳壹＆繧後※縺・↑縺・庄閭ｽ諤ｧ縺後≠繧翫∪縺・竢篠ｷﾂｷﾂｷﾂｷﾂｷﾂｷﾂｷﾂｷ`  prettier/prettier
194:22  Error: Replace `'therapist繝ｦ繝ｼ繧ｶ繝ｼ縺ｧ縺ｮ隱崎ｨｼ縺ｫ螟ｱ謨猟ｷ-ﾂｷ繝・せ繝医Θ繝ｼ繧ｶ繝ｼ縺瑚ｨｭ螳壹＆繧後※縺・↑縺・庄閭ｽ諤ｧ縺後≠繧翫∪縺・` with `竢篠ｷﾂｷﾂｷﾂｷﾂｷﾂｷﾂｷﾂｷﾂｷﾂｷ'therapist繝ｦ繝ｼ繧ｶ繝ｼ縺ｧ縺ｮ隱崎ｨｼ縺ｫ螟ｱ謨猟ｷ-ﾂｷ繝・せ繝医Θ繝ｼ繧ｶ繝ｼ縺瑚ｨｭ螳壹＆繧後※縺・↑縺・庄閭ｽ諤ｧ縺後≠繧翫∪縺・竢篠ｷﾂｷﾂｷﾂｷﾂｷﾂｷﾂｷﾂｷ`  prettier/prettier
227:15  Error: 'error' is assigned a value but never used. Allowed unused vars must match /^_/u.  @typescript-eslint/no-unused-vars

./src/__tests__/e2e/auth-login-flow.test.ts
1:10  Error: 'jest' is defined but never used. Allowed unused vars must match /^_/u.  @typescript-eslint/no-unused-vars

./src/__tests__/e2e/cross-clinic-isolation.e2e.test.ts
47:53  Error: Replace `(p)` with `p`  prettier/prettier
65:38  Error: Replace `(patient)` with `patient`  prettier/prettier
100:26  Error: Replace `(patient)` with `patient`  prettier/prettier
136:23  Error: Replace `((visit)` with `(visit`  prettier/prettier
172:26  Error: Replace `(revenue)` with `revenue`  prettier/prettier
221:52  Error: Replace `((c)` with `(c`  prettier/prettier
244:24  Error: Replace `(p)` with `p`  prettier/prettier

./src/__tests__/e2e/happy-path.test.ts
1:10  Error: 'jest' is defined but never used. Allowed unused vars must match /^_/u.  @typescript-eslint/no-unused-vars

./src/__tests__/e2e/helpers/test-auth.ts
153:14  Error: Insert `竢篠ｷﾂｷﾂｷﾂｷﾂｷﾂｷﾂｷ`  prettier/prettier

./src/__tests__/e2e/mocks/supabase-server.mock.ts
3:1  Error: '@/lib/supabase/server' import is restricted from being used. 蠢・★ '@/lib/supabase' 縺九ｉ import 縺励※縺上□縺輔＞  no-restricted-imports
37:18  Warning: Unexpected any. Specify a different type.  @typescript-eslint/no-explicit-any
48:28  Warning: Unexpected any. Specify a different type.  @typescript-eslint/no-explicit-any

./src/__tests__/e2e/onboarding-rls.e2e.test.ts
35:7  Error: 'adminUserId' is assigned a value but never used. Allowed unused vars must match /^_/u.  @typescript-eslint/no-unused-vars
36:7  Error: 'therapistUserId' is assigned a value but never used. Allowed unused vars must match /^_/u.  @typescript-eslint/no-unused-vars
134:26  Error: Replace `(row)` with `row`  prettier/prettier
280:15  Error: 'error' is assigned a value but never used. Allowed unused vars must match /^_/u.  @typescript-eslint/no-unused-vars

./src/__tests__/e2e-playwright/admin-access-denial.spec.ts
9:46  Error: Replace `ﾂｷ?ﾂｷtest.describe` with `竢篠ｷﾂｷ?ﾂｷtest.describe竢篠ｷ`  prettier/prettier

./src/__tests__/e2e-playwright/admin-settings.spec.ts
3:23  Error: 'CLINIC_B_ID' is defined but never used. Allowed unused vars must match /^_/u.  @typescript-eslint/no-unused-vars
437:24  Error: Replace `/譛牙柑縺ｪ繝｡繝ｼ繝ｫ繧｢繝峨Ξ繧ｹ|繝｡繝ｼ繝ｫ繧｢繝峨Ξ繧ｹ繧貞・蜉斈蜈･蜉帛､縺ｫ繧ｨ繝ｩ繝ｼ|螟ｱ謨・` with `竢篠ｷﾂｷﾂｷﾂｷﾂｷﾂｷﾂｷﾂｷﾂｷﾂｷ/譛牙柑縺ｪ繝｡繝ｼ繝ｫ繧｢繝峨Ξ繧ｹ|繝｡繝ｼ繝ｫ繧｢繝峨Ξ繧ｹ繧貞・蜉斈蜈･蜉帛､縺ｫ繧ｨ繝ｩ繝ｼ|螟ｱ謨・竢篠ｷﾂｷﾂｷﾂｷﾂｷﾂｷﾂｷﾂｷ`  prettier/prettier

./src/__tests__/e2e-playwright/admin-tenants.spec.ts
10:46  Error: Replace `ﾂｷ?ﾂｷtest.describe` with `竢篠ｷﾂｷ?ﾂｷtest.describe竢篠ｷ`  prettier/prettier

./src/__tests__/e2e-playwright/auth-context.spec.ts
16:3  Error: 'CLINIC_A_ID' is defined but never used. Allowed unused vars must match /^_/u.  @typescript-eslint/no-unused-vars
18:3  Error: 'USER_STAFF_ID' is defined but never used. Allowed unused vars must match /^_/u.  @typescript-eslint/no-unused-vars
19:3  Error: 'USER_NO_CLINIC_ID' is defined but never used. Allowed unused vars must match /^_/u.  @typescript-eslint/no-unused-vars
55:53  Error: Replace `ﾂｷpage` with `竢篠ｷﾂｷﾂｷﾂｷﾂｷﾂｷpage,竢篠ｷﾂｷﾂｷ`  prettier/prettier
72:58  Error: Replace `ﾂｷpage` with `竢篠ｷﾂｷﾂｷﾂｷﾂｷﾂｷpage,竢篠ｷﾂｷﾂｷ`  prettier/prettier
77:47  Error: Replace `(request)` with `request`  prettier/prettier
78:16  Error: Replace `request.url().includes('/api/chat')ﾂｷ&&ﾂｷrequest.method()ﾂｷ===ﾂｷ'POST'` with `(竢篠ｷﾂｷﾂｷﾂｷﾂｷﾂｷﾂｷﾂｷﾂｷﾂｷrequest.url().includes('/api/chat')ﾂｷ&&ﾂｷrequest.method()ﾂｷ===ﾂｷ'POST'竢篠ｷﾂｷﾂｷﾂｷﾂｷﾂｷﾂｷﾂｷ)`  prettier/prettier
100:54  Error: Replace `ﾂｷpage` with `竢篠ｷﾂｷﾂｷﾂｷﾂｷﾂｷpage,竢篠ｷﾂｷﾂｷ`  prettier/prettier
113:62  Error: Replace `ﾂｷpage` with `竢篠ｷﾂｷﾂｷﾂｷﾂｷﾂｷpage,竢篠ｷﾂｷﾂｷ`  prettier/prettier
118:20  Error: Replace `page.locator('text=邂｡逅・・↓讓ｩ髯仙牡蠖薙ｒ萓晞ｼ縺励※縺上□縺輔＞')` with `竢篠ｷﾂｷﾂｷﾂｷﾂｷﾂｷﾂｷﾂｷpage.locator('text=邂｡逅・・↓讓ｩ髯仙牡蠖薙ｒ萓晞ｼ縺励※縺上□縺輔＞')竢篠ｷﾂｷﾂｷﾂｷﾂｷﾂｷ`  prettier/prettier
127:74  Error: Replace `ﾂｷpage` with `竢篠ｷﾂｷﾂｷﾂｷﾂｷﾂｷpage,竢篠ｷﾂｷﾂｷ`  prettier/prettier
143:66  Error: Replace `ﾂｷpage` with `竢篠ｷﾂｷﾂｷﾂｷﾂｷﾂｷpage,竢篠ｷﾂｷﾂｷ`  prettier/prettier
154:64  Error: Replace `ﾂｷpage` with `竢篠ｷﾂｷﾂｷﾂｷﾂｷﾂｷpage,竢篠ｷﾂｷﾂｷ`  prettier/prettier
174:56  Error: Replace `ﾂｷpage` with `竢篠ｷﾂｷﾂｷﾂｷﾂｷﾂｷpage,竢篠ｷﾂｷﾂｷ`  prettier/prettier
182:58  Error: Replace `ﾂｷpage` with `竢篠ｷﾂｷﾂｷﾂｷﾂｷﾂｷpage,竢篠ｷﾂｷﾂｷ`  prettier/prettier
186:52  Error: Replace `(request)` with `request`  prettier/prettier
187:16  Error: Replace `request.url().includes('/api/resources')ﾂｷ&&ﾂｷrequest.method()ﾂｷ===ﾂｷ'GET'` with `(竢篠ｷﾂｷﾂｷﾂｷﾂｷﾂｷﾂｷﾂｷﾂｷﾂｷrequest.url().includes('/api/resources')ﾂｷ&&ﾂｷrequest.method()ﾂｷ===ﾂｷ'GET'竢篠ｷﾂｷﾂｷﾂｷﾂｷﾂｷﾂｷﾂｷ)`  prettier/prettier
215:47  Error: Replace `(request)` with `request`  prettier/prettier
236:58  Error: Replace `ﾂｷpage` with `竢篠ｷﾂｷﾂｷﾂｷﾂｷﾂｷpage,竢篠ｷﾂｷﾂｷ`  prettier/prettier
245:20  Error: Replace `page.locator('text=邂｡逅・・↓讓ｩ髯仙牡蠖薙ｒ萓晞ｼ縺励※縺上□縺輔＞')` with `竢篠ｷﾂｷﾂｷﾂｷﾂｷﾂｷﾂｷﾂｷpage.locator('text=邂｡逅・・↓讓ｩ髯仙牡蠖薙ｒ萓晞ｼ縺励※縺上□縺輔＞')竢篠ｷﾂｷﾂｷﾂｷﾂｷﾂｷ`  prettier/prettier

./src/__tests__/e2e-playwright/cross-clinic-isolation.spec.ts
10:46  Error: Replace `ﾂｷ?ﾂｷtest.describe` with `竢篠ｷﾂｷ?ﾂｷtest.describe竢篠ｷ`  prettier/prettier
293:13  Error: 'uniqueClinicIds' is assigned a value but never used. Allowed unused vars must match /^_/u.  @typescript-eslint/no-unused-vars
392:27  Error: Replace `ﾂｷsession.clinic_idﾂｷ===ﾂｷnullﾂｷ||` with `竢篠ｷﾂｷﾂｷﾂｷﾂｷﾂｷﾂｷﾂｷﾂｷﾂｷsession.clinic_idﾂｷ===ﾂｷnullﾂｷ||竢篠ｷﾂｷﾂｷﾂｷﾂｷﾂｷﾂｷﾂｷﾂｷ`  prettier/prettier
439:12  Error: Replace `ﾂｷdata:ﾂｷ{ﾂｷsessionﾂｷ}` with `竢篠ｷﾂｷﾂｷﾂｷﾂｷﾂｷdata:ﾂｷ{ﾂｷsessionﾂｷ},竢篠ｷﾂｷﾂｷ`  prettier/prettier
459:1  Error: Insert `ﾂｷﾂｷ`  prettier/prettier
557:12  Error: Replace `ﾂｷdata:ﾂｷ{ﾂｷsessionﾂｷ}` with `竢篠ｷﾂｷﾂｷﾂｷﾂｷﾂｷdata:ﾂｷ{ﾂｷsessionﾂｷ},竢篠ｷﾂｷﾂｷ`  prettier/prettier
576:1  Error: Insert `ﾂｷﾂｷ`  prettier/prettier

./src/__tests__/e2e-playwright/dashboard.spec.ts
5:24  Error: Delete `竢篠ｷ`  prettier/prettier
105:49  Error: Replace `ﾂｷpage` with `竢篠ｷﾂｷﾂｷﾂｷﾂｷﾂｷpage,竢篠ｷﾂｷﾂｷ`  prettier/prettier

./src/__tests__/e2e-playwright/fixtures.ts
42:30  Error: Delete `竢篠ｷ`  prettier/prettier

./src/__tests__/e2e-playwright/global-setup.ts
18:34  Error: Replace `ﾂｷawaitﾂｷimport(竢篠ｷﾂｷﾂｷﾂｷ'../../../scripts/e2e/validate-e2e-fixtures.mjs'竢篠ｷﾂｷ` with `竢篠ｷﾂｷﾂｷﾂｷawaitﾂｷimport('../../../scripts/e2e/validate-e2e-fixtures.mjs'`  prettier/prettier
21:36  Error: Replace `ﾂｷawaitﾂｷimport(竢篠ｷﾂｷﾂｷﾂｷ'../../../scripts/e2e/seed-e2e-data.mjs'竢篠ｷﾂｷ` with `竢篠ｷﾂｷﾂｷﾂｷawaitﾂｷimport('../../../scripts/e2e/seed-e2e-data.mjs'`  prettier/prettier

./src/__tests__/e2e-playwright/global-teardown.ts
2:29  Error: Replace `ﾂｷawaitﾂｷimport(竢篠ｷﾂｷﾂｷﾂｷ'../../../scripts/e2e/cleanup-e2e-data.mjs'竢篠ｷﾂｷ` with `竢篠ｷﾂｷﾂｷﾂｷawaitﾂｷimport('../../../scripts/e2e/cleanup-e2e-data.mjs'`  prettier/prettier

./src/__tests__/e2e-playwright/onboarding-rls.spec.ts
10:46  Error: Replace `ﾂｷ?ﾂｷtest.describe` with `竢篠ｷﾂｷ?ﾂｷtest.describe竢篠ｷ`  prettier/prettier
13:7  Error: 'adminUserId' is assigned a value but never used. Allowed unused vars must match /^_/u.  @typescript-eslint/no-unused-vars
14:7  Error: 'therapistUserId' is assigned a value but never used. Allowed unused vars must match /^_/u.  @typescript-eslint/no-unused-vars
206:31  Error: Replace `竢篠ｷﾂｷﾂｷﾂｷﾂｷﾂｷﾂｷﾂｷ.from('staff_invites')竢篠ｷﾂｷﾂｷﾂｷﾂｷﾂｷﾂｷﾂｷ.delete()竢篠ｷﾂｷﾂｷﾂｷﾂｷﾂｷﾂｷﾂｷ` with `.from('staff_invites').delete()`  prettier/prettier

./src/__tests__/e2e-playwright/patients-list.spec.ts
3:10  Error: 'CLINIC_A_ID' is defined but never used. Allowed unused vars must match /^_/u.  @typescript-eslint/no-unused-vars
15:18  Error: Replace `竢篠ｷﾂｷﾂｷﾂｷﾂｷﾂｷpage.getByRole('heading',ﾂｷ{ﾂｷname:ﾂｷ'謔｣閠・ｸ隕ｧ'ﾂｷ})竢篠ｷﾂｷﾂｷﾂｷ` with `page.getByRole('heading',ﾂｷ{ﾂｷname:ﾂｷ'謔｣閠・ｸ隕ｧ'ﾂｷ})`  prettier/prettier
42:7  Error: Replace `(response)` with `response`  prettier/prettier
73:7  Error: Replace `(response)` with `response`  prettier/prettier
88:28  Error: Replace `.locator('[data-testid="edit-patient-button"]')` with `竢篠ｷﾂｷﾂｷﾂｷﾂｷﾂｷ.locator('[data-testid="edit-patient-button"]')竢篠ｷﾂｷﾂｷﾂｷﾂｷﾂｷ`  prettier/prettier
102:7  Error: Replace `(response)` with `response`  prettier/prettier
142:7  Error: Replace `(response)` with `response`  prettier/prettier
173:7  Error: Replace `(response)` with `response`  prettier/prettier
180:28  Error: Replace `.locator('[data-testid="edit-patient-button"]')` with `竢篠ｷﾂｷﾂｷﾂｷﾂｷﾂｷ.locator('[data-testid="edit-patient-button"]')竢篠ｷﾂｷﾂｷﾂｷﾂｷﾂｷ`  prettier/prettier
198:7  Error: Replace `(response)` with `response`  prettier/prettier

./src/__tests__/e2e-playwright/reservations.spec.ts
2:9  Error: Replace `竢篠ｷﾂｷADMIN_EMAIL,竢篠ｷﾂｷADMIN_PASSWORD,竢篠ｷﾂｷCLINIC_A_ID,竢餐 with `ﾂｷADMIN_EMAIL,ﾂｷADMIN_PASSWORD,ﾂｷCLINIC_A_IDﾂｷ`  prettier/prettier
39:18  Error: Replace `page.getByRole('button',ﾂｷ{ﾂｷname:ﾂｷ/繧ｿ繧､繝繝ｩ繧､繝ｳ|timeline/iﾂｷ})` with `竢篠ｷﾂｷﾂｷﾂｷﾂｷﾂｷpage.getByRole('button',ﾂｷ{ﾂｷname:ﾂｷ/繧ｿ繧､繝繝ｩ繧､繝ｳ|timeline/iﾂｷ})竢篠ｷﾂｷﾂｷﾂｷ`  prettier/prettier
42:11  Error: 'scheduler' is assigned a value but never used. Allowed unused vars must match /^_/u.  @typescript-eslint/no-unused-vars
43:11  Error: 'listView' is assigned a value but never used. Allowed unused vars must match /^_/u.  @typescript-eslint/no-unused-vars
67:54  Error: Replace `ﾂｷname:ﾂｷ/譁ｰ隕楯逋ｻ骭ｲ|register/i` with `竢篠ｷﾂｷﾂｷﾂｷﾂｷﾂｷname:ﾂｷ/譁ｰ隕楯逋ｻ骭ｲ|register/i,竢篠ｷﾂｷﾂｷ`  prettier/prettier
91:20  Error: Replace `.getByText(/404|notﾂｷfound|繝壹・繧ｸ縺瑚ｦ九▽縺九ｊ縺ｾ縺帙ｓ/i)` with `竢篠ｷﾂｷﾂｷﾂｷﾂｷﾂｷﾂｷﾂｷﾂｷﾂｷ.getByText(/404|notﾂｷfound|繝壹・繧ｸ縺瑚ｦ九▽縺九ｊ縺ｾ縺帙ｓ/i)竢篠ｷﾂｷﾂｷﾂｷﾂｷﾂｷﾂｷﾂｷﾂｷﾂｷ`  prettier/prettier
105:24  Error: Replace `(request)` with `request`  prettier/prettier
107:11  Error: Replace `url.includes('/api/reservations')ﾂｷ||ﾂｷurl.includes('/Reservation/api')` with `竢篠ｷﾂｷﾂｷﾂｷﾂｷﾂｷﾂｷﾂｷurl.includes('/api/reservations')ﾂｷ||竢篠ｷﾂｷﾂｷﾂｷﾂｷﾂｷﾂｷﾂｷurl.includes('/Reservation/api')竢篠ｷﾂｷﾂｷﾂｷﾂｷﾂｷ`  prettier/prettier
119:11  Error: 'hasNewApi' is assigned a value but never used. Allowed unused vars must match /^_/u.  @typescript-eslint/no-unused-vars
119:37  Error: Replace `(url)` with `url`  prettier/prettier
120:37  Error: Replace `(url)` with `url`  prettier/prettier

./src/__tests__/e2e-playwright/security-monitor.spec.ts
7:3  Error: 'USER_SESSION_ID' is defined but never used. Allowed unused vars must match /^_/u.  @typescript-eslint/no-unused-vars
92:46  Error: Replace `竢篠ｷﾂｷﾂｷﾂｷﾂｷﾂｷpage,竢篠ｷﾂｷﾂｷ` with `ﾂｷpage`  prettier/prettier
298:48  Error: Replace `竢篠ｷﾂｷﾂｷﾂｷﾂｷﾂｷpage,竢篠ｷﾂｷﾂｷ` with `ﾂｷpage`  prettier/prettier

./src/__tests__/e2e-playwright/shift-optimizer.spec.ts
75:26  Error: Replace `ﾂｷdailyPatients:ﾂｷ0,ﾂｷtotalRevenue:ﾂｷ0,ﾂｷaverageSatisfaction:ﾂｷ0` with `竢篠ｷﾂｷﾂｷﾂｷﾂｷﾂｷﾂｷﾂｷﾂｷﾂｷﾂｷﾂｷdailyPatients:ﾂｷ0,竢篠ｷﾂｷﾂｷﾂｷﾂｷﾂｷﾂｷﾂｷﾂｷﾂｷﾂｷﾂｷtotalRevenue:ﾂｷ0,竢篠ｷﾂｷﾂｷﾂｷﾂｷﾂｷﾂｷﾂｷﾂｷﾂｷﾂｷﾂｷaverageSatisfaction:ﾂｷ0,竢篠ｷﾂｷﾂｷﾂｷﾂｷﾂｷﾂｷﾂｷﾂｷ`  prettier/prettier
222:46  Error: Replace `ﾂｷpage` with `竢篠ｷﾂｷﾂｷﾂｷpage,竢篠ｷ`  prettier/prettier
252:18  Error: Replace `page.getByText('繧ｹ繧ｿ繝・ヵ蟶梧悍繝・・繧ｿ縺後≠繧翫∪縺帙ｓ')` with `竢篠ｷﾂｷﾂｷﾂｷﾂｷﾂｷpage.getByText('繧ｹ繧ｿ繝・ヵ蟶梧悍繝・・繧ｿ縺後≠繧翫∪縺帙ｓ')竢篠ｷﾂｷﾂｷﾂｷ`  prettier/prettier
264:18  Error: Replace `竢篠ｷﾂｷﾂｷﾂｷﾂｷﾂｷpage.getByRole('heading',ﾂｷ{ﾂｷname:ﾂｷ'髴隕∽ｺ域ｸｬ'ﾂｷ})竢篠ｷﾂｷﾂｷﾂｷ).toBeVisible({ﾂｷtimeout:ﾂｷ20000` with `page.getByRole('heading',ﾂｷ{ﾂｷname:ﾂｷ'髴隕∽ｺ域ｸｬ'ﾂｷ})).toBeVisible({竢篠ｷﾂｷﾂｷﾂｷﾂｷﾂｷtimeout:ﾂｷ20000,竢篠ｷﾂｷﾂｷ`  prettier/prettier
270:18  Error: Replace `竢篠ｷﾂｷﾂｷﾂｷﾂｷﾂｷpage.locator('p',ﾂｷ{ﾂｷhasText:ﾂｷ'莠域ｸｬ:'ﾂｷ}).first()竢篠ｷﾂｷﾂｷﾂｷ` with `page.locator('p',ﾂｷ{ﾂｷhasText:ﾂｷ'莠域ｸｬ:'ﾂｷ}).first()`  prettier/prettier
276:22  Error: Replace `/\/api\/staff\/(shifts|preferences|demand-forecast)/,ﾂｷrouteﾂｷ=>竢篠ｷﾂｷﾂｷﾂｷﾂｷ` with `竢篠ｷﾂｷﾂｷﾂｷﾂｷﾂｷ/\/api\/staff\/(shifts|preferences|demand-forecast)/,竢篠ｷﾂｷﾂｷﾂｷﾂｷﾂｷrouteﾂｷ=>`  prettier/prettier

./src/__tests__/hooks/useChat.test.ts
28:33  Warning: Unexpected any. Specify a different type.  @typescript-eslint/no-explicit-any
29:31  Warning: Unexpected any. Specify a different type.  @typescript-eslint/no-explicit-any
30:27  Warning: Unexpected any. Specify a different type.  @typescript-eslint/no-explicit-any
306:35  Warning: Unexpected any. Specify a different type.  @typescript-eslint/no-explicit-any
308:21  Error: Replace `(resolve)` with `resolve`  prettier/prettier
332:28  Error: Replace `ﾂｷid:ﾂｷ'msg-1',ﾂｷsender:ﾂｷ'user',ﾂｷmessage_text:ﾂｷ'繝・せ繝・` with `竢篠ｷﾂｷﾂｷﾂｷﾂｷﾂｷﾂｷﾂｷﾂｷﾂｷﾂｷﾂｷﾂｷﾂｷid:ﾂｷ'msg-1',竢篠ｷﾂｷﾂｷﾂｷﾂｷﾂｷﾂｷﾂｷﾂｷﾂｷﾂｷﾂｷﾂｷﾂｷsender:ﾂｷ'user',竢篠ｷﾂｷﾂｷﾂｷﾂｷﾂｷﾂｷﾂｷﾂｷﾂｷﾂｷﾂｷﾂｷﾂｷmessage_text:ﾂｷ'繝・せ繝・,竢篠ｷﾂｷﾂｷﾂｷﾂｷﾂｷﾂｷﾂｷﾂｷﾂｷﾂｷ`  prettier/prettier

./src/__tests__/hooks/useDashboard.test.ts
55:61  Warning: Unexpected any. Specify a different type.  @typescript-eslint/no-explicit-any
59:18  Warning: Unexpected any. Specify a different type.  @typescript-eslint/no-explicit-any
61:55  Warning: Unexpected any. Specify a different type.  @typescript-eslint/no-explicit-any

./src/__tests__/hooks/useMultiStore.test.ts
111:29  Error: Replace `.spyOn(console,ﾂｷ'error')` with `竢篠ｷﾂｷﾂｷﾂｷﾂｷﾂｷﾂｷﾂｷ.spyOn(console,ﾂｷ'error')竢篠ｷﾂｷﾂｷﾂｷﾂｷﾂｷﾂｷﾂｷ`  prettier/prettier
158:42  Error: Replace `(resolve)` with `resolve`  prettier/prettier

./src/__tests__/hooks/usePatientAnalysis.test.ts
15:61  Warning: Unexpected any. Specify a different type.  @typescript-eslint/no-explicit-any
19:18  Warning: Unexpected any. Specify a different type.  @typescript-eslint/no-explicit-any
21:55  Warning: Unexpected any. Specify a different type.  @typescript-eslint/no-explicit-any

./src/__tests__/hooks/useRevenue.test.tsx
24:8  Error: Replace `ﾂｷmenu_name:ﾂｷ'繝槭ャ繧ｵ繝ｼ繧ｸ',ﾂｷtotal_revenue:ﾂｷ800000,ﾂｷtransaction_count:ﾂｷ160` with `竢篠ｷﾂｷﾂｷﾂｷﾂｷﾂｷﾂｷﾂｷmenu_name:ﾂｷ'繝槭ャ繧ｵ繝ｼ繧ｸ',竢篠ｷﾂｷﾂｷﾂｷﾂｷﾂｷﾂｷﾂｷtotal_revenue:ﾂｷ800000,竢篠ｷﾂｷﾂｷﾂｷﾂｷﾂｷﾂｷﾂｷtransaction_count:ﾂｷ160,竢篠ｷﾂｷﾂｷﾂｷﾂｷ`  prettier/prettier
40:61  Warning: Unexpected any. Specify a different type.  @typescript-eslint/no-explicit-any
44:18  Warning: Unexpected any. Specify a different type.  @typescript-eslint/no-explicit-any
62:42  Error: Replace `ﾂｷuseRevenue(nullﾂｷasﾂｷunknownﾂｷasﾂｷstring)` with `竢篠ｷﾂｷﾂｷﾂｷﾂｷﾂｷﾂｷﾂｷuseRevenue(nullﾂｷasﾂｷunknownﾂｷasﾂｷstring)竢篠ｷﾂｷﾂｷﾂｷﾂｷﾂｷ`  prettier/prettier
73:42  Error: Replace `ﾂｷuseRevenue(undefinedﾂｷasﾂｷunknownﾂｷasﾂｷstring)` with `竢篠ｷﾂｷﾂｷﾂｷﾂｷﾂｷﾂｷﾂｷuseRevenue(undefinedﾂｷasﾂｷunknownﾂｷasﾂｷstring)竢篠ｷﾂｷﾂｷﾂｷﾂｷﾂｷ`  prettier/prettier
104:68  Error: Replace `mockClinicId` with `竢篠ｷﾂｷﾂｷﾂｷﾂｷﾂｷﾂｷﾂｷmockClinicId竢篠ｷﾂｷﾂｷﾂｷﾂｷﾂｷ`  prettier/prettier

./src/__tests__/integration/api-staging-data.test.ts
210:40  Warning: Unexpected any. Specify a different type.  @typescript-eslint/no-explicit-any
302:41  Error: 'value' is defined but never used. Allowed unused args must match /^_/u.  @typescript-eslint/no-unused-vars
397:33  Warning: Unexpected any. Specify a different type.  @typescript-eslint/no-explicit-any
405:25  Warning: Unexpected any. Specify a different type.  @typescript-eslint/no-explicit-any
432:71  Warning: Unexpected any. Specify a different type.  @typescript-eslint/no-explicit-any

./src/__tests__/integration/auth-flow.test.ts
16:18  Warning: Unexpected any. Specify a different type.  @typescript-eslint/no-explicit-any
74:24  Error: 'logout' is assigned a value but never used. Allowed unused vars must match /^_/u.  @typescript-eslint/no-unused-vars

./src/__tests__/integration/onboarding-api.test.ts
66:29  Error: Replace `mockData:ﾂｷunknownﾂｷ=ﾂｷnull,ﾂｷmockError:ﾂｷunknownﾂｷ=ﾂｷnull` with `竢篠ｷﾂｷmockData:ﾂｷunknownﾂｷ=ﾂｷnull,竢篠ｷﾂｷmockError:ﾂｷunknownﾂｷ=ﾂｷnull竢餐  prettier/prettier
75:33  Error: Replace `ﾂｷPromise.resolve({ﾂｷdata:ﾂｷmockData,ﾂｷerror:ﾂｷmockErrorﾂｷ})` with `竢篠ｷﾂｷﾂｷﾂｷPromise.resolve({ﾂｷdata:ﾂｷmockData,ﾂｷerror:ﾂｷmockErrorﾂｷ})竢篠ｷﾂｷ`  prettier/prettier
76:38  Error: Replace `ﾂｷPromise.resolve({ﾂｷdata:ﾂｷmockData,ﾂｷerror:ﾂｷmockErrorﾂｷ})` with `竢篠ｷﾂｷﾂｷﾂｷPromise.resolve({ﾂｷdata:ﾂｷmockData,ﾂｷerror:ﾂｷmockErrorﾂｷ})竢篠ｷﾂｷ`  prettier/prettier
298:21  Error: Replace `竢篠ｷﾂｷﾂｷﾂｷﾂｷﾂｷﾂｷﾂｷﾂｷﾂｷﾂｷﾂｷ{ﾂｷemail:ﾂｷ'staff1@example.com',ﾂｷrole:ﾂｷ'staff'ﾂｷ},竢篠ｷﾂｷﾂｷﾂｷﾂｷﾂｷﾂｷﾂｷﾂｷﾂｷ` with `{ﾂｷemail:ﾂｷ'staff1@example.com',ﾂｷrole:ﾂｷ'staff'ﾂｷ}`  prettier/prettier
340:47  Error: Replace `createQueryBuilder({ﾂｷclinic_id:ﾂｷnullﾂｷ})` with `竢篠ｷﾂｷﾂｷﾂｷﾂｷﾂｷﾂｷﾂｷcreateQueryBuilder({ﾂｷclinic_id:ﾂｷnullﾂｷ})竢篠ｷﾂｷﾂｷﾂｷﾂｷﾂｷ`  prettier/prettier
376:29  Error: Replace `竢篠ｷﾂｷﾂｷﾂｷﾂｷﾂｷﾂｷﾂｷﾂｷﾂｷﾂｷﾂｷ{ﾂｷname:ﾂｷ'閧ｩ縺薙ｊ豐ｻ逋・,ﾂｷprice:ﾂｷ3000ﾂｷ},竢篠ｷﾂｷﾂｷﾂｷﾂｷﾂｷﾂｷﾂｷﾂｷﾂｷ` with `{ﾂｷname:ﾂｷ'閧ｩ縺薙ｊ豐ｻ逋・,ﾂｷprice:ﾂｷ3000ﾂｷ}`  prettier/prettier
412:47  Error: Replace `createQueryBuilder({ﾂｷclinic_id:ﾂｷnullﾂｷ})` with `竢篠ｷﾂｷﾂｷﾂｷﾂｷﾂｷﾂｷﾂｷcreateQueryBuilder({ﾂｷclinic_id:ﾂｷnullﾂｷ})竢篠ｷﾂｷﾂｷﾂｷﾂｷﾂｷ`  prettier/prettier

./src/__tests__/lib/api-client.test.ts
117:64  Warning: Unexpected any. Specify a different type.  @typescript-eslint/no-explicit-any

./src/__tests__/lib/error-handler-types.test.ts
22:45  Warning: Unexpected any. Specify a different type.  @typescript-eslint/no-explicit-any
33:32  Warning: Unexpected any. Specify a different type.  @typescript-eslint/no-explicit-any

./src/__tests__/lib/error-handler.test.ts
204:50  Warning: Unexpected any. Specify a different type.  @typescript-eslint/no-explicit-any

./src/__tests__/lib/postgrest-sanitizer.test.ts
1:9  Error: Replace `ﾂｷsanitizePostgrestValue,ﾂｷbuildSafeSearchFilter,ﾂｷisValidSearchInputﾂｷ` with `竢篠ｷﾂｷsanitizePostgrestValue,竢篠ｷﾂｷbuildSafeSearchFilter,竢篠ｷﾂｷisValidSearchInput,竢餐  prettier/prettier
19:63  Error: Replace `'user@example.com'` with `竢篠ｷﾂｷﾂｷﾂｷﾂｷﾂｷﾂｷﾂｷ'user@example.com'竢篠ｷﾂｷﾂｷﾂｷﾂｷﾂｷ`  prettier/prettier
58:60  Error: Replace `'・撰ｼ呻ｼ舌・・托ｼ抵ｼ難ｼ斐・・包ｼ厄ｼ暦ｼ・` with `竢篠ｷﾂｷﾂｷﾂｷﾂｷﾂｷﾂｷﾂｷ'・撰ｼ呻ｼ舌・・托ｼ抵ｼ難ｼ斐・・包ｼ厄ｼ暦ｼ・竢篠ｷﾂｷﾂｷﾂｷﾂｷﾂｷ`  prettier/prettier

./src/__tests__/lib/reservation-service.test.ts
9:14  Error: Replace `ﾂｷReservation,ﾂｷCustomer,ﾂｷMenu,ﾂｷResource,ﾂｷTimeSlotﾂｷ` with `竢篠ｷﾂｷReservation,竢篠ｷﾂｷCustomer,竢篠ｷﾂｷMenu,竢篠ｷﾂｷResource,竢篠ｷﾂｷTimeSlot,竢餐  prettier/prettier
10:9  Error: Replace `ﾂｷcreateSupabaseMock,ﾂｷtypeﾂｷSupabaseMockﾂｷ` with `竢篠ｷﾂｷcreateSupabaseMock,竢篠ｷﾂｷtypeﾂｷSupabaseMock,竢餐  prettier/prettier
15:7  Error: 'mockCustomer' is assigned a value but never used. Allowed unused vars must match /^_/u.  @typescript-eslint/no-unused-vars
27:7  Error: 'mockMenu' is assigned a value but never used. Allowed unused vars must match /^_/u.  @typescript-eslint/no-unused-vars
77:49  Error: Replace `TEST_CLINIC_ID,ﾂｷmockSupabase.client` with `竢篠ｷﾂｷﾂｷﾂｷﾂｷﾂｷTEST_CLINIC_ID,竢篠ｷﾂｷﾂｷﾂｷﾂｷﾂｷmockSupabase.client竢篠ｷﾂｷﾂｷﾂｷ`  prettier/prettier
119:74  Error: Replace `startDate,ﾂｷendDate` with `竢篠ｷﾂｷﾂｷﾂｷﾂｷﾂｷﾂｷﾂｷstartDate,竢篠ｷﾂｷﾂｷﾂｷﾂｷﾂｷﾂｷﾂｷendDate竢篠ｷﾂｷﾂｷﾂｷﾂｷﾂｷ`  prettier/prettier
126:70  Error: Replace `'staff1',ﾂｷnewﾂｷDate('2025-10-25')` with `竢篠ｷﾂｷﾂｷﾂｷﾂｷﾂｷﾂｷﾂｷ'staff1',竢篠ｷﾂｷﾂｷﾂｷﾂｷﾂｷﾂｷﾂｷnewﾂｷDate('2025-10-25')竢篠ｷﾂｷﾂｷﾂｷﾂｷﾂｷ`  prettier/prettier
138:21  Error: Insert `竢篠ｷﾂｷﾂｷﾂｷﾂｷﾂｷﾂｷ`  prettier/prettier
154:41  Error: Insert `竢篠ｷﾂｷﾂｷﾂｷﾂｷﾂｷﾂｷﾂｷ`  prettier/prettier
164:58  Error: Replace `'staff1',ﾂｷnewﾂｷDate('2025-10-25'),ﾂｷ60` with `竢篠ｷﾂｷﾂｷﾂｷﾂｷﾂｷﾂｷﾂｷ'staff1',竢篠ｷﾂｷﾂｷﾂｷﾂｷﾂｷﾂｷﾂｷnewﾂｷDate('2025-10-25'),竢篠ｷﾂｷﾂｷﾂｷﾂｷﾂｷﾂｷﾂｷ60竢篠ｷﾂｷﾂｷﾂｷﾂｷﾂｷ`  prettier/prettier
174:13  Error: 'getAvailableTimeSlots' is assigned a value but never used. Allowed unused vars must match /^_/u.  @typescript-eslint/no-unused-vars
174:41  Error: Insert `竢篠ｷﾂｷﾂｷﾂｷﾂｷﾂｷﾂｷﾂｷ`  prettier/prettier
189:10  Error: Replace `ﾂｷtime:ﾂｷ'10:00',ﾂｷavailable:ﾂｷfalse,ﾂｷconflictReason:ﾂｷ'莠育ｴ・ｸ医∩:ﾂｷ螻ｱ逕ｰ螟ｪ驛取ｧ・` with `竢篠ｷﾂｷﾂｷﾂｷﾂｷﾂｷﾂｷﾂｷﾂｷﾂｷtime:ﾂｷ'10:00',竢篠ｷﾂｷﾂｷﾂｷﾂｷﾂｷﾂｷﾂｷﾂｷﾂｷavailable:ﾂｷfalse,竢篠ｷﾂｷﾂｷﾂｷﾂｷﾂｷﾂｷﾂｷﾂｷﾂｷconflictReason:ﾂｷ'莠育ｴ・ｸ医∩:ﾂｷ螻ｱ逕ｰ螟ｪ驛取ｧ・,竢篠ｷﾂｷﾂｷﾂｷﾂｷﾂｷﾂｷ`  prettier/prettier
190:10  Error: Replace `ﾂｷtime:ﾂｷ'10:30',ﾂｷavailable:ﾂｷfalse,ﾂｷconflictReason:ﾂｷ'莠育ｴ・ｸ医∩:ﾂｷ螻ｱ逕ｰ螟ｪ驛取ｧ・` with `竢篠ｷﾂｷﾂｷﾂｷﾂｷﾂｷﾂｷﾂｷﾂｷﾂｷtime:ﾂｷ'10:30',竢篠ｷﾂｷﾂｷﾂｷﾂｷﾂｷﾂｷﾂｷﾂｷﾂｷavailable:ﾂｷfalse,竢篠ｷﾂｷﾂｷﾂｷﾂｷﾂｷﾂｷﾂｷﾂｷﾂｷconflictReason:ﾂｷ'莠育ｴ・ｸ医∩:ﾂｷ螻ｱ逕ｰ螟ｪ驛取ｧ・,竢篠ｷﾂｷﾂｷﾂｷﾂｷﾂｷﾂｷ`  prettier/prettier
194:13  Error: 'getAvailableTimeSlots' is assigned a value but never used. Allowed unused vars must match /^_/u.  @typescript-eslint/no-unused-vars
194:41  Error: Insert `竢篠ｷﾂｷﾂｷﾂｷﾂｷﾂｷﾂｷﾂｷ`  prettier/prettier
215:51  Error: Delete `ﾂｷﾂｷ`  prettier/prettier
222:11  Error: Insert `竢篠ｷﾂｷﾂｷﾂｷﾂｷﾂｷﾂｷﾂｷ`  prettier/prettier
231:21  Error: Insert `竢篠ｷﾂｷﾂｷﾂｷﾂｷﾂｷﾂｷ`  prettier/prettier
249:36  Error: Insert `竢篠ｷﾂｷﾂｷﾂｷﾂｷﾂｷﾂｷﾂｷ`  prettier/prettier
252:20  Error: Replace `reservationService.createReservation(conflictingData))` with `竢篠ｷﾂｷﾂｷﾂｷﾂｷﾂｷﾂｷﾂｷreservationService.createReservation(conflictingData)`  prettier/prettier
253:7  Error: Replace `ﾂｷﾂｷ` with `)`  prettier/prettier
281:46  Error: Insert `竢篠ｷﾂｷﾂｷﾂｷﾂｷﾂｷﾂｷﾂｷ`  prettier/prettier
284:74  Error: Replace `multipleReservationData` with `竢篠ｷﾂｷﾂｷﾂｷﾂｷﾂｷﾂｷﾂｷmultipleReservationData竢篠ｷﾂｷﾂｷﾂｷﾂｷﾂｷ`  prettier/prettier
287:63  Error: Replace `multipleReservationData` with `竢篠ｷﾂｷﾂｷﾂｷﾂｷﾂｷﾂｷﾂｷmultipleReservationData竢篠ｷﾂｷﾂｷﾂｷﾂｷﾂｷ`  prettier/prettier
293:71  Error: Replace `'res1',ﾂｷ'arrived'` with `竢篠ｷﾂｷﾂｷﾂｷﾂｷﾂｷﾂｷﾂｷ'res1',竢篠ｷﾂｷﾂｷﾂｷﾂｷﾂｷﾂｷﾂｷ'arrived'竢篠ｷﾂｷﾂｷﾂｷﾂｷﾂｷ`  prettier/prettier
303:69  Error: Replace `'res1',ﾂｷnewStartTime,ﾂｷnewEndTime` with `竢篠ｷﾂｷﾂｷﾂｷﾂｷﾂｷﾂｷﾂｷ'res1',竢篠ｷﾂｷﾂｷﾂｷﾂｷﾂｷﾂｷﾂｷnewStartTime,竢篠ｷﾂｷﾂｷﾂｷﾂｷﾂｷﾂｷﾂｷnewEndTime竢篠ｷﾂｷﾂｷﾂｷﾂｷﾂｷ`  prettier/prettier
309:70  Error: Replace `'res1',ﾂｷ'staff2'` with `竢篠ｷﾂｷﾂｷﾂｷﾂｷﾂｷﾂｷﾂｷ'res1',竢篠ｷﾂｷﾂｷﾂｷﾂｷﾂｷﾂｷﾂｷ'staff2'竢篠ｷﾂｷﾂｷﾂｷﾂｷﾂｷ`  prettier/prettier
315:70  Error: Replace `'res1',ﾂｷ'逞・憾縺梧隼蝟・＆繧後※縺・∪縺・` with `竢篠ｷﾂｷﾂｷﾂｷﾂｷﾂｷﾂｷﾂｷ'res1',竢篠ｷﾂｷﾂｷﾂｷﾂｷﾂｷﾂｷﾂｷ'逞・憾縺梧隼蝟・＆繧後※縺・∪縺・竢篠ｷﾂｷﾂｷﾂｷﾂｷﾂｷ`  prettier/prettier
323:65  Error: Replace `'res1',ﾂｷ'鬘ｧ螳｢驛ｽ蜷医↓繧医ｋ'` with `竢篠ｷﾂｷﾂｷﾂｷﾂｷﾂｷﾂｷﾂｷ'res1',竢篠ｷﾂｷﾂｷﾂｷﾂｷﾂｷﾂｷﾂｷ'鬘ｧ螳｢驛ｽ蜷医↓繧医ｋ'竢篠ｷﾂｷﾂｷﾂｷﾂｷﾂｷ`  prettier/prettier
341:36  Error: Insert `竢篠ｷﾂｷﾂｷﾂｷﾂｷﾂｷﾂｷﾂｷ`  prettier/prettier
344:64  Error: Replace `reservationIds,ﾂｷnewStatus` with `竢篠ｷﾂｷﾂｷﾂｷﾂｷﾂｷﾂｷﾂｷreservationIds,竢篠ｷﾂｷﾂｷﾂｷﾂｷﾂｷﾂｷﾂｷnewStatus竢篠ｷﾂｷﾂｷﾂｷﾂｷﾂｷ`  prettier/prettier
353:42  Error: Insert `竢篠ｷﾂｷﾂｷﾂｷﾂｷﾂｷﾂｷﾂｷ`  prettier/prettier
356:21  Error: Insert `竢篠ｷﾂｷﾂｷﾂｷﾂｷﾂｷﾂｷ`  prettier/prettier
365:13  Error: 'validateBusinessHours' is assigned a value but never used. Allowed unused vars must match /^_/u.  @typescript-eslint/no-unused-vars
365:41  Error: Insert `竢篠ｷﾂｷﾂｷﾂｷﾂｷﾂｷﾂｷﾂｷ`  prettier/prettier
377:13  Error: 'validateBusinessHours' is assigned a value but never used. Allowed unused vars must match /^_/u.  @typescript-eslint/no-unused-vars
377:41  Error: Insert `竢篠ｷﾂｷﾂｷﾂｷﾂｷﾂｷﾂｷﾂｷ`  prettier/prettier
390:13  Error: 'validateStaffMenu' is assigned a value but never used. Allowed unused vars must match /^_/u.  @typescript-eslint/no-unused-vars
390:37  Error: Insert `竢篠ｷﾂｷﾂｷﾂｷﾂｷﾂｷﾂｷﾂｷ`  prettier/prettier
393:65  Error: Replace `'staff1',ﾂｷ'menu1'` with `竢篠ｷﾂｷﾂｷﾂｷﾂｷﾂｷﾂｷﾂｷ'staff1',竢篠ｷﾂｷﾂｷﾂｷﾂｷﾂｷﾂｷﾂｷ'menu1'竢篠ｷﾂｷﾂｷﾂｷﾂｷﾂｷ`  prettier/prettier
399:13  Error: 'validateStaffMenu' is assigned a value but never used. Allowed unused vars must match /^_/u.  @typescript-eslint/no-unused-vars
399:37  Error: Insert `竢篠ｷﾂｷﾂｷﾂｷﾂｷﾂｷﾂｷﾂｷ`  prettier/prettier
400:29  Error: Replace `ﾂｷisValid:ﾂｷfalse,ﾂｷreason:ﾂｷ'縺薙・繧ｹ繧ｿ繝・ヵ縺ｯ蟇ｾ蠢懊〒縺阪↑縺・Γ繝九Η繝ｼ縺ｧ縺・` with `竢篠ｷﾂｷﾂｷﾂｷﾂｷﾂｷﾂｷﾂｷﾂｷﾂｷisValid:ﾂｷfalse,竢篠ｷﾂｷﾂｷﾂｷﾂｷﾂｷﾂｷﾂｷﾂｷﾂｷreason:ﾂｷ'縺薙・繧ｹ繧ｿ繝・ヵ縺ｯ蟇ｾ蠢懊〒縺阪↑縺・Γ繝九Η繝ｼ縺ｧ縺・,竢篠ｷﾂｷﾂｷﾂｷﾂｷﾂｷﾂｷ`  prettier/prettier
402:65  Error: Replace `'staff1',ﾂｷ'menu999'` with `竢篠ｷﾂｷﾂｷﾂｷﾂｷﾂｷﾂｷﾂｷ'staff1',竢篠ｷﾂｷﾂｷﾂｷﾂｷﾂｷﾂｷﾂｷ'menu999'竢篠ｷﾂｷﾂｷﾂｷﾂｷﾂｷ`  prettier/prettier
419:13  Error: 'getReservationStats' is assigned a value but never used. Allowed unused vars must match /^_/u.  @typescript-eslint/no-unused-vars
419:39  Error: Insert `竢篠ｷﾂｷﾂｷﾂｷﾂｷﾂｷﾂｷﾂｷ`  prettier/prettier
436:13  Error: 'getStaffUtilization' is assigned a value but never used. Allowed unused vars must match /^_/u.  @typescript-eslint/no-unused-vars
436:39  Error: Insert `竢篠ｷﾂｷﾂｷﾂｷﾂｷﾂｷﾂｷﾂｷ`  prettier/prettier
462:13  Error: 'getNoShowAnalysis' is assigned a value but never used. Allowed unused vars must match /^_/u.  @typescript-eslint/no-unused-vars
462:37  Error: Insert `竢篠ｷﾂｷﾂｷﾂｷﾂｷﾂｷﾂｷﾂｷ`  prettier/prettier
481:20  Error: Replace `reservationService.getReservationById('invalid-id'))` with `竢篠ｷﾂｷﾂｷﾂｷﾂｷﾂｷﾂｷﾂｷreservationService.getReservationById('invalid-id')`  prettier/prettier
482:7  Error: Replace `ﾂｷﾂｷ` with `)`  prettier/prettier
491:20  Error: Replace `reservationService.getReservationById('nonexistent'))` with `竢篠ｷﾂｷﾂｷﾂｷﾂｷﾂｷﾂｷﾂｷreservationService.getReservationById('nonexistent')`  prettier/prettier
492:7  Error: Replace `ﾂｷﾂｷ` with `)`  prettier/prettier
502:31  Warning: Unexpected any. Specify a different type.  @typescript-eslint/no-explicit-any
506:20  Error: Replace `reservationService.createReservation(invalidData))` with `竢篠ｷﾂｷﾂｷﾂｷﾂｷﾂｷﾂｷﾂｷreservationService.createReservation(invalidData)`  prettier/prettier
507:7  Error: Replace `ﾂｷﾂｷ` with `)`  prettier/prettier
531:11  Error: Insert `竢篠ｷﾂｷﾂｷﾂｷﾂｷﾂｷﾂｷﾂｷ`  prettier/prettier
558:49  Error: Replace `TEST_CLINIC_ID,ﾂｷmockSupabase.client` with `竢篠ｷﾂｷﾂｷﾂｷﾂｷﾂｷTEST_CLINIC_ID,竢篠ｷﾂｷﾂｷﾂｷﾂｷﾂｷmockSupabase.client竢篠ｷﾂｷﾂｷﾂｷ`  prettier/prettier
565:34  Warning: Unexpected any. Specify a different type.  @typescript-eslint/no-explicit-any
591:12  Warning: Unexpected any. Specify a different type.  @typescript-eslint/no-explicit-any
612:34  Warning: Unexpected any. Specify a different type.  @typescript-eslint/no-explicit-any
628:29  Error: Replace `{ﾂｷtime:ﾂｷ'09:00',ﾂｷavailable:ﾂｷfalse,ﾂｷconflictReason:ﾂｷ'蝟ｶ讌ｭ譎る俣螟・ﾂｷ}` with `竢篠ｷﾂｷﾂｷﾂｷﾂｷﾂｷ{ﾂｷtime:ﾂｷ'09:00',ﾂｷavailable:ﾂｷfalse,ﾂｷconflictReason:ﾂｷ'蝟ｶ讌ｭ譎る俣螟・ﾂｷ},竢篠ｷﾂｷﾂｷﾂｷ`  prettier/prettier

./src/__tests__/pages/blocks.test.tsx
107:15  Error: 'container' is assigned a value but never used. Allowed unused vars must match /^_/u.  @typescript-eslint/no-unused-vars
110:14  Error: Replace `screen.getByRole('heading',ﾂｷ{ﾂｷlevel:ﾂｷ1,ﾂｷname:ﾂｷ/雋ｩ螢ｲ蛛懈ｭ｢險ｭ螳・*F008/iﾂｷ})` with `竢篠ｷﾂｷﾂｷﾂｷﾂｷﾂｷﾂｷﾂｷscreen.getByRole('heading',ﾂｷ{ﾂｷlevel:ﾂｷ1,ﾂｷname:ﾂｷ/雋ｩ螢ｲ蛛懈ｭ｢險ｭ螳・*F008/iﾂｷ})竢篠ｷﾂｷﾂｷﾂｷﾂｷﾂｷ`  prettier/prettier
114:15  Error: 'container' is assigned a value but never used. Allowed unused vars must match /^_/u.  @typescript-eslint/no-unused-vars
116:14  Error: Replace `screen.getByRole('button',ﾂｷ{ﾂｷname:ﾂｷ/譁ｰ隕丈ｽ懈・/iﾂｷ})` with `竢篠ｷﾂｷﾂｷﾂｷﾂｷﾂｷﾂｷﾂｷscreen.getByRole('button',ﾂｷ{ﾂｷname:ﾂｷ/譁ｰ隕丈ｽ懈・/iﾂｷ})竢篠ｷﾂｷﾂｷﾂｷﾂｷﾂｷ`  prettier/prettier
210:15  Error: 'container' is assigned a value but never used. Allowed unused vars must match /^_/u.  @typescript-eslint/no-unused-vars
231:15  Error: 'container' is assigned a value but never used. Allowed unused vars must match /^_/u.  @typescript-eslint/no-unused-vars
260:15  Error: 'container' is assigned a value but never used. Allowed unused vars must match /^_/u.  @typescript-eslint/no-unused-vars
273:15  Error: 'container' is assigned a value but never used. Allowed unused vars must match /^_/u.  @typescript-eslint/no-unused-vars
275:14  Error: Replace `screen.getByText(/邂｡逅・・↓讓ｩ髯仙牡蠖薙ｒ萓晞ｼ縺励※縺上□縺輔＞/i)` with `竢篠ｷﾂｷﾂｷﾂｷﾂｷﾂｷﾂｷﾂｷscreen.getByText(/邂｡逅・・↓讓ｩ髯仙牡蠖薙ｒ萓晞ｼ縺励※縺上□縺輔＞/i)竢篠ｷﾂｷﾂｷﾂｷﾂｷﾂｷ`  prettier/prettier
322:14  Error: Replace `screen.getByText(/繝励Ο繝輔ぅ繝ｼ繝ｫ蜿門ｾ励↓螟ｱ謨励＠縺ｾ縺励◆/i)` with `竢篠ｷﾂｷﾂｷﾂｷﾂｷﾂｷﾂｷﾂｷscreen.getByText(/繝励Ο繝輔ぅ繝ｼ繝ｫ蜿門ｾ励↓螟ｱ謨励＠縺ｾ縺励◆/i)竢篠ｷﾂｷﾂｷﾂｷﾂｷﾂｷ`  prettier/prettier
334:16  Error: Replace `screen.getByText(/繝ｪ繧ｽ繝ｼ繧ｹ縺ｮ蜿門ｾ励↓螟ｱ謨励＠縺ｾ縺励◆/i)` with `竢篠ｷﾂｷﾂｷﾂｷﾂｷﾂｷﾂｷﾂｷﾂｷﾂｷscreen.getByText(/繝ｪ繧ｽ繝ｼ繧ｹ縺ｮ蜿門ｾ励↓螟ｱ謨励＠縺ｾ縺励◆/i)竢篠ｷﾂｷﾂｷﾂｷﾂｷﾂｷﾂｷﾂｷ`  prettier/prettier

./src/__tests__/pages/mfa-setup.test.tsx
25:19  Error: Replace `ﾂｷuserId,ﾂｷclinicId,ﾂｷisAdminﾂｷ}:ﾂｷ{ﾂｷuserId:ﾂｷstring;ﾂｷclinicId:ﾂｷstring;ﾂｷisAdmin:ﾂｷboolean` with `竢篠ｷﾂｷﾂｷﾂｷuserId,竢篠ｷﾂｷﾂｷﾂｷclinicId,竢篠ｷﾂｷﾂｷﾂｷisAdmin,竢篠ｷﾂｷ}:ﾂｷ{竢篠ｷﾂｷﾂｷﾂｷuserId:ﾂｷstring;竢篠ｷﾂｷﾂｷﾂｷclinicId:ﾂｷstring;竢篠ｷﾂｷﾂｷﾂｷisAdmin:ﾂｷboolean;竢篠ｷ`  prettier/prettier
26:22  Error: Replace `"mfa-dashboard"` with `'mfa-dashboard'`  prettier/prettier
27:25  Error: Replace `"mfa-user-id"` with `'mfa-user-id'`  prettier/prettier
28:25  Error: Replace `"mfa-clinic-id"` with `'mfa-clinic-id'`  prettier/prettier
29:25  Error: Replace `"mfa-is-admin"` with `'mfa-is-admin'`  prettier/prettier
87:14  Error: Replace `screen.getByText(/荳肴ｭ｣繧｢繧ｯ繧ｻ繧ｹ縺ｮ繝ｪ繧ｹ繧ｯ繧・9.9%蜑頑ｸ・i)` with `竢篠ｷﾂｷﾂｷﾂｷﾂｷﾂｷﾂｷﾂｷscreen.getByText(/荳肴ｭ｣繧｢繧ｯ繧ｻ繧ｹ縺ｮ繝ｪ繧ｹ繧ｯ繧・9.9%蜑頑ｸ・i)竢篠ｷﾂｷﾂｷﾂｷﾂｷﾂｷ`  prettier/prettier
255:14  Error: Replace `screen.getByText(/繝励Ο繝輔ぅ繝ｼ繝ｫ蜿門ｾ励↓螟ｱ謨励＠縺ｾ縺励◆/i)` with `竢篠ｷﾂｷﾂｷﾂｷﾂｷﾂｷﾂｷﾂｷscreen.getByText(/繝励Ο繝輔ぅ繝ｼ繝ｫ蜿門ｾ励↓螟ｱ謨励＠縺ｾ縺励◆/i)竢篠ｷﾂｷﾂｷﾂｷﾂｷﾂｷ`  prettier/prettier
286:14  Error: Replace `screen.getByText(/邂｡逅・・↓讓ｩ髯仙牡蠖薙ｒ萓晞ｼ縺励※縺上□縺輔＞/i)` with `竢篠ｷﾂｷﾂｷﾂｷﾂｷﾂｷﾂｷﾂｷscreen.getByText(/邂｡逅・・↓讓ｩ髯仙牡蠖薙ｒ萓晞ｼ縺励※縺上□縺輔＞/i)竢篠ｷﾂｷﾂｷﾂｷﾂｷﾂｷ`  prettier/prettier

./src/__tests__/pages/patients-list.test.tsx
1:8  Error: 'React' is defined but never used. Allowed unused vars must match /^_/u.  @typescript-eslint/no-unused-vars
2:10  Error: 'render' is defined but never used. Allowed unused vars must match /^_/u.  @typescript-eslint/no-unused-vars
2:18  Error: 'screen' is defined but never used. Allowed unused vars must match /^_/u.  @typescript-eslint/no-unused-vars
2:26  Error: 'fireEvent' is defined but never used. Allowed unused vars must match /^_/u.  @typescript-eslint/no-unused-vars
2:37  Error: 'waitFor' is defined but never used. Allowed unused vars must match /^_/u.  @typescript-eslint/no-unused-vars
3:8  Error: 'userEvent' is defined but never used. Allowed unused vars must match /^_/u.  @typescript-eslint/no-unused-vars
180:31  Error: Replace `ﾂｷdata:ﾂｷ[updatedCustomer,ﾂｷ...mockCustomers.slice(1)]` with `竢篠ｷﾂｷﾂｷﾂｷﾂｷﾂｷﾂｷﾂｷﾂｷﾂｷﾂｷﾂｷdata:ﾂｷ[updatedCustomer,ﾂｷ...mockCustomers.slice(1)],竢篠ｷﾂｷﾂｷﾂｷﾂｷﾂｷﾂｷﾂｷﾂｷ`  prettier/prettier

./src/__tests__/pages/reservations.test.tsx
11:18  Error: 'screen' is defined but never used. Allowed unused vars must match /^_/u.  @typescript-eslint/no-unused-vars
12:8  Error: 'userEvent' is defined but never used. Allowed unused vars must match /^_/u.  @typescript-eslint/no-unused-vars
33:23  Error: Replace `.fn()` with `竢篠ｷﾂｷﾂｷﾂｷ.fn()竢篠ｷﾂｷﾂｷﾂｷ`  prettier/prettier
51:13  Error: Replace `竢篠ｷﾂｷﾂｷﾂｷﾂｷﾂｷ{ﾂｷid:ﾂｷ'menu-1',ﾂｷname:ﾂｷ'TestﾂｷMenu',ﾂｷisActive:ﾂｷtrue,ﾂｷoptions:ﾂｷ[]ﾂｷ},竢篠ｷﾂｷﾂｷﾂｷ` with `{ﾂｷid:ﾂｷ'menu-1',ﾂｷname:ﾂｷ'TestﾂｷMenu',ﾂｷisActive:ﾂｷtrue,ﾂｷoptions:ﾂｷ[]ﾂｷ}`  prettier/prettier
55:8  Error: Replace `ﾂｷid:ﾂｷ'resource-1',ﾂｷname:ﾂｷ'Staffﾂｷ1',ﾂｷisActive:ﾂｷtrue,ﾂｷtype:ﾂｷ'staff',ﾂｷmaxConcurrent:ﾂｷ1` with `竢篠ｷﾂｷﾂｷﾂｷﾂｷﾂｷﾂｷﾂｷid:ﾂｷ'resource-1',竢篠ｷﾂｷﾂｷﾂｷﾂｷﾂｷﾂｷﾂｷname:ﾂｷ'Staffﾂｷ1',竢篠ｷﾂｷﾂｷﾂｷﾂｷﾂｷﾂｷﾂｷisActive:ﾂｷtrue,竢篠ｷﾂｷﾂｷﾂｷﾂｷﾂｷﾂｷﾂｷtype:ﾂｷ'staff',竢篠ｷﾂｷﾂｷﾂｷﾂｷﾂｷﾂｷﾂｷmaxConcurrent:ﾂｷ1,竢篠ｷﾂｷﾂｷﾂｷﾂｷ`  prettier/prettier
64:35  Error: Replace `"loader"` with `'loader'`  prettier/prettier
87:9  Error: 'path' is assigned a value but never used. Allowed unused vars must match /^_/u.  @typescript-eslint/no-unused-vars
123:38  Error: Replace `getProjectRoot(),ﾂｷ'src/app/Reservation/api.ts'` with `竢篠ｷﾂｷﾂｷﾂｷﾂｷﾂｷﾂｷﾂｷﾂｷﾂｷgetProjectRoot(),竢篠ｷﾂｷﾂｷﾂｷﾂｷﾂｷﾂｷﾂｷﾂｷﾂｷ'src/app/Reservation/api.ts'竢篠ｷﾂｷﾂｷﾂｷﾂｷﾂｷﾂｷﾂｷ`  prettier/prettier
140:34  Error: Replace `getProjectRoot(),ﾂｷ'src/app/reservations/hooks/useAppointments.ts'` with `竢篠ｷﾂｷﾂｷﾂｷﾂｷﾂｷﾂｷﾂｷgetProjectRoot(),竢篠ｷﾂｷﾂｷﾂｷﾂｷﾂｷﾂｷﾂｷ'src/app/reservations/hooks/useAppointments.ts'竢篠ｷﾂｷﾂｷﾂｷﾂｷﾂｷ`  prettier/prettier
157:34  Error: Replace `getProjectRoot(),ﾂｷ'src/app/reservations/page.tsx'` with `竢篠ｷﾂｷﾂｷﾂｷﾂｷﾂｷﾂｷﾂｷgetProjectRoot(),竢篠ｷﾂｷﾂｷﾂｷﾂｷﾂｷﾂｷﾂｷ'src/app/reservations/page.tsx'竢篠ｷﾂｷﾂｷﾂｷﾂｷﾂｷ`  prettier/prettier

./src/__tests__/pages/revenue.test.tsx
15:66  Error: Replace `typeofﾂｷuseUserProfile` with `竢篠ｷﾂｷtypeofﾂｷuseUserProfile竢餐  prettier/prettier
78:14  Error: Replace `screen.getByText('蜿守寢莠域ｸｬ縺ｨ繧ｷ繝溘Η繝ｬ繝ｼ繧ｷ繝ｧ繝ｳ')` with `竢篠ｷﾂｷﾂｷﾂｷﾂｷﾂｷﾂｷﾂｷscreen.getByText('蜿守寢莠域ｸｬ縺ｨ繧ｷ繝溘Η繝ｬ繝ｼ繧ｷ繝ｧ繝ｳ')竢篠ｷﾂｷﾂｷﾂｷﾂｷﾂｷ`  prettier/prettier
196:14  Error: Replace `screen.getByText('繧ｨ繝ｩ繝ｼ:ﾂｷ蜿守寢繝・・繧ｿ縺ｮ蜿門ｾ励↓螟ｱ謨励＠縺ｾ縺励◆')` with `竢篠ｷﾂｷﾂｷﾂｷﾂｷﾂｷﾂｷﾂｷscreen.getByText('繧ｨ繝ｩ繝ｼ:ﾂｷ蜿守寢繝・・繧ｿ縺ｮ蜿門ｾ励↓螟ｱ謨励＠縺ｾ縺励◆')竢篠ｷﾂｷﾂｷﾂｷﾂｷﾂｷ`  prettier/prettier
215:14  Error: Replace `screen.getByText('蠎苓・諠・ｱ縺瑚ｨｭ螳壹＆繧後※縺・∪縺帙ｓ')` with `竢篠ｷﾂｷﾂｷﾂｷﾂｷﾂｷﾂｷﾂｷscreen.getByText('蠎苓・諠・ｱ縺瑚ｨｭ螳壹＆繧後※縺・∪縺帙ｓ')竢篠ｷﾂｷﾂｷﾂｷﾂｷﾂｷ`  prettier/prettier

./src/__tests__/pages/staff.test.tsx
35:6  Error: Replace `ﾂｷstaff_id:ﾂｷ'staff-1',ﾂｷname:ﾂｷ'逕ｰ荳ｭ',ﾂｷrevenue:ﾂｷ120000,ﾂｷpatients:ﾂｷ50,ﾂｷsatisfaction:ﾂｷ4.5` with `竢篠ｷﾂｷﾂｷﾂｷﾂｷﾂｷstaff_id:ﾂｷ'staff-1',竢篠ｷﾂｷﾂｷﾂｷﾂｷﾂｷname:ﾂｷ'逕ｰ荳ｭ',竢篠ｷﾂｷﾂｷﾂｷﾂｷﾂｷrevenue:ﾂｷ120000,竢篠ｷﾂｷﾂｷﾂｷﾂｷﾂｷpatients:ﾂｷ50,竢篠ｷﾂｷﾂｷﾂｷﾂｷﾂｷsatisfaction:ﾂｷ4.5,竢篠ｷﾂｷﾂｷ`  prettier/prettier
36:6  Error: Replace `ﾂｷstaff_id:ﾂｷ'staff-2',ﾂｷname:ﾂｷ'菴占陸',ﾂｷrevenue:ﾂｷ110000,ﾂｷpatients:ﾂｷ45,ﾂｷsatisfaction:ﾂｷ4.2` with `竢篠ｷﾂｷﾂｷﾂｷﾂｷﾂｷstaff_id:ﾂｷ'staff-2',竢篠ｷﾂｷﾂｷﾂｷﾂｷﾂｷname:ﾂｷ'菴占陸',竢篠ｷﾂｷﾂｷﾂｷﾂｷﾂｷrevenue:ﾂｷ110000,竢篠ｷﾂｷﾂｷﾂｷﾂｷﾂｷpatients:ﾂｷ45,竢篠ｷﾂｷﾂｷﾂｷﾂｷﾂｷsatisfaction:ﾂｷ4.2,竢篠ｷﾂｷﾂｷ`  prettier/prettier
37:6  Error: Replace `ﾂｷstaff_id:ﾂｷ'staff-3',ﾂｷname:ﾂｷ'螻ｱ逕ｰ',ﾂｷrevenue:ﾂｷ95000,ﾂｷpatients:ﾂｷ40,ﾂｷsatisfaction:ﾂｷ4.0` with `竢篠ｷﾂｷﾂｷﾂｷﾂｷﾂｷstaff_id:ﾂｷ'staff-3',竢篠ｷﾂｷﾂｷﾂｷﾂｷﾂｷname:ﾂｷ'螻ｱ逕ｰ',竢篠ｷﾂｷﾂｷﾂｷﾂｷﾂｷrevenue:ﾂｷ95000,竢篠ｷﾂｷﾂｷﾂｷﾂｷﾂｷpatients:ﾂｷ40,竢篠ｷﾂｷﾂｷﾂｷﾂｷﾂｷsatisfaction:ﾂｷ4.0,竢篠ｷﾂｷﾂｷ`  prettier/prettier
45:64  Error: Replace `ﾂｷhour:ﾂｷi,ﾂｷcount:ﾂｷiﾂｷ>=ﾂｷ9ﾂｷ&&ﾂｷiﾂｷ<=ﾂｷ18ﾂｷ?ﾂｷ5ﾂｷ:ﾂｷ0` with `竢篠ｷﾂｷﾂｷﾂｷﾂｷﾂｷhour:ﾂｷi,竢篠ｷﾂｷﾂｷﾂｷﾂｷﾂｷcount:ﾂｷiﾂｷ>=ﾂｷ9ﾂｷ&&ﾂｷiﾂｷ<=ﾂｷ18ﾂｷ?ﾂｷ5ﾂｷ:ﾂｷ0,竢篠ｷﾂｷﾂｷ`  prettier/prettier

./src/__tests__/security/failsafe.test.ts
72:5  Error: Do not reference SUPABASE_SERVICE_ROLE_KEY directly; use server-side helpers instead.  no-restricted-syntax
257:45  Warning: Unexpected any. Specify a different type.  @typescript-eslint/no-explicit-any

./src/__tests__/session-management/penetration-test-prep.ts
156:13  Error: 'failedAttempts' is assigned a value but never used. Allowed unused vars must match /^_/u.  @typescript-eslint/no-unused-vars
228:13  Error: 'originalToken' is assigned a value but never used. Allowed unused vars must match /^_/u.  @typescript-eslint/no-unused-vars
282:16  Error: 'error' is defined but never used.  @typescript-eslint/no-unused-vars
329:16  Error: 'error' is defined but never used.  @typescript-eslint/no-unused-vars
351:11  Error: 'lowPrivilegeSession' is assigned a value but never used. Allowed unused vars must match /^_/u.  @typescript-eslint/no-unused-vars
386:15  Error: Empty block statement.  no-empty
393:15  Error: Empty block statement.  no-empty
486:19  Error: 'session' is assigned a value but never used. Allowed unused vars must match /^_/u.  @typescript-eslint/no-unused-vars
603:21  Error: Empty block statement.  no-empty
639:21  Error: Empty block statement.  no-empty
792:16  Error: 'error' is defined but never used.  @typescript-eslint/no-unused-vars
836:16  Error: 'error' is defined but never used.  @typescript-eslint/no-unused-vars
881:5  Error: 'role' is assigned a value but never used. Allowed unused args must match /^_/u.  @typescript-eslint/no-unused-vars
882:14  Warning: Unexpected any. Specify a different type.  @typescript-eslint/no-explicit-any

./src/__tests__/session-management/security-monitor.test.ts
9:9  Error: Replace `ﾂｷcreateSupabaseMock,ﾂｷtypeﾂｷSupabaseMockﾂｷ` with `竢篠ｷﾂｷcreateSupabaseMock,竢篠ｷﾂｷtypeﾂｷSupabaseMock,竢餐  prettier/prettier
69:12  Warning: Unexpected any. Specify a different type.  @typescript-eslint/no-explicit-any
71:24  Warning: Unexpected any. Specify a different type.  @typescript-eslint/no-explicit-any
96:45  Warning: Unexpected any. Specify a different type.  @typescript-eslint/no-explicit-any
173:24  Warning: Unexpected any. Specify a different type.  @typescript-eslint/no-explicit-any
174:30  Warning: Unexpected any. Specify a different type.  @typescript-eslint/no-explicit-any
202:45  Warning: Unexpected any. Specify a different type.  @typescript-eslint/no-explicit-any
347:45  Warning: Unexpected any. Specify a different type.  @typescript-eslint/no-explicit-any
433:45  Warning: Unexpected any. Specify a different type.  @typescript-eslint/no-explicit-any
433:59  Warning: Unexpected any. Specify a different type.  @typescript-eslint/no-explicit-any

./src/__tests__/session-management/session-manager.test.ts
10:33  Error: Replace `.fn()` with `竢篠ｷﾂｷﾂｷﾂｷﾂｷﾂｷ.fn()竢篠ｷﾂｷﾂｷﾂｷﾂｷﾂｷ`  prettier/prettier
38:27  Error: Replace `.fn()` with `竢篠ｷﾂｷﾂｷﾂｷ.fn()竢篠ｷﾂｷﾂｷﾂｷ`  prettier/prettier
169:29  Warning: Unexpected any. Specify a different type.  @typescript-eslint/no-explicit-any
261:28  Error: Insert `竢篠ｷﾂｷﾂｷﾂｷﾂｷﾂｷﾂｷ`  prettier/prettier
296:57  Error: Replace `mockSessionId,ﾂｷmockReason` with `竢篠ｷﾂｷﾂｷﾂｷﾂｷﾂｷﾂｷﾂｷmockSessionId,竢篠ｷﾂｷﾂｷﾂｷﾂｷﾂｷﾂｷﾂｷmockReason竢篠ｷﾂｷﾂｷﾂｷﾂｷﾂｷ`  prettier/prettier
343:16  Error: Replace `resolve:ﾂｷ(result:ﾂｷ{ﾂｷdata:ﾂｷtypeofﾂｷmockSessions;ﾂｷerror:ﾂｷnullﾂｷ})ﾂｷ=>ﾂｷvoid)ﾂｷ=>` with `竢篠ｷﾂｷﾂｷﾂｷﾂｷﾂｷﾂｷﾂｷﾂｷﾂｷresolve:ﾂｷ(result:ﾂｷ{ﾂｷdata:ﾂｷtypeofﾂｷmockSessions;ﾂｷerror:ﾂｷnullﾂｷ})ﾂｷ=>ﾂｷvoid`  prettier/prettier
344:9  Error: Replace `ﾂｷ` with `)ﾂｷ=>`  prettier/prettier
347:59  Error: Replace `mockUserId,ﾂｷmockClinicId` with `竢篠ｷﾂｷﾂｷﾂｷﾂｷﾂｷﾂｷﾂｷmockUserId,竢篠ｷﾂｷﾂｷﾂｷﾂｷﾂｷﾂｷﾂｷmockClinicId竢篠ｷﾂｷﾂｷﾂｷﾂｷﾂｷ`  prettier/prettier

info  - Need to disable some ESLint rules? Learn more here: https://nextjs.org/docs/app/api-reference/config/eslint#disabling-rules
