
> seikotsuin-management-saas@0.1.0-pilot pretest
> node scripts/check-swc-binary.mjs


> seikotsuin-management-saas@0.1.0-pilot test
> node scripts/run-jest.mjs --ci --config .next/jest-pd.config.cjs --runTestsByPath src/__tests__/lib/reservation-notification-durability.test.ts src/__tests__/api/email-reservation-enqueue.test.ts src/__tests__/security/post-core100-notification-migration.test.ts

 ⚠ Warning: Next.js inferred your workspace root, but it may not be correct.
 We detected multiple lockfiles and selected the directory of C:\Users\seekf\Desktop\seikotsuin_management_saas\package-lock.json as the root directory.
 To silence this warning, set `outputFileTracingRoot` in your Next.js config, or consider removing one of the lockfiles if it's not needed.
   See https://nextjs.org/docs/app/api-reference/config/next-config-js/output#caveats for more information.
 Detected additional lockfiles:
   * C:\Users\seekf\Desktop\seikotsuin_management_saas\.w\pd\package-lock.json

FAIL server src/__tests__/api/email-reservation-enqueue.test.ts
  ● reservation email enqueue helpers › enqueueReservationCreated › enqueues reservation_created with customer email

    expect(jest.fn()).toHaveBeenCalledTimes(expected)

    Expected number of calls: 1
    Received number of calls: 0

      91 |       await enqueueReservationCreated(supabase, reservation);
      92 |
    > 93 |       expect(outboxInsert.insert).toHaveBeenCalledTimes(1);
         |                                   ^
      94 |       const insertArg = outboxInsert.insert.mock.calls[0][0];
      95 |       expect(insertArg.clinic_id).toBe('clinic-001');
      96 |       expect(insertArg.template_type).toBe('reservation_created');

      at Object.toHaveBeenCalledTimes (src/__tests__/api/email-reservation-enqueue.test.ts:93:35)

FAIL server src/__tests__/lib/reservation-notification-durability.test.ts
  ● reservation notification durable handoff › persists the prepared email in one notification write before resolving

    expect(received).resolves.toBe()

    Received promise rejected instead of resolved
    Rejected to value: [Error: Outbox must be written in the notification transaction]

      33 |   it('persists the prepared email in one notification write before resolving', async () => {
      34 |     const fixture = makeClient();
    > 35 |     await expect(enqueuePatientReservationEmail(fixture.client, input)).resolves.toBe('enqueued');
         |           ^
      36 |     expect(fixture.upsert).toHaveBeenCalledWith(expect.objectContaining({
      37 |       clinic_id: 'clinic-a', reservation_id: 'reservation-a', channel: 'email',
      38 |       detail: expect.objectContaining({ enqueue: expect.objectContaining({ customer_id: 'customer-a', to_email: 'synthetic@example.invalid', template_type: 'reservation_created' }) }),

      at expect (../../node_modules/expect/build/index.js:113:15)
      at Object.expect (src/__tests__/lib/reservation-notification-durability.test.ts:35:11)

  ● reservation notification durable handoff › can retry a failed or incomplete claim under the same clinic scope

    expect(received).resolves.toBe(expected) // Object.is equality

    Expected: "enqueued"
    Received: "duplicate"

      43 |   it('can retry a failed or incomplete claim under the same clinic scope', async () => {
      44 |     const fixture = makeClient({ duplicate: true, retry: true });
    > 45 |     await expect(enqueuePatientReservationEmail(fixture.client, input)).resolves.toBe('enqueued');
         |                                                                                  ^
      46 |     expect(fixture.query.eq).toHaveBeenCalledWith('clinic_id', 'clinic-a');
      47 |     expect(fixture.query.eq).toHaveBeenCalledWith('reservation_id', 'reservation-a');
      48 |     expect(fixture.query.in).toHaveBeenCalledWith('status', ['claimed', 'failed']);

      at Object.toBe (../../node_modules/expect/build/index.js:174:22)
      at Object.toBe (src/__tests__/lib/reservation-notification-durability.test.ts:45:82)

  ● reservation notification durable handoff › fails closed when the deployed database has not confirmed an outbox insert

    expect(received).rejects.toThrow(expected)

    Expected substring: "Durable notification enqueue was not confirmed"
    Received message:   "Outbox must be written in the notification transaction"

          24 |   const update = jest.fn().mockReturnValue(query);
          25 |   const from = jest.fn((table: string) => {
        > 26 |     if (table !== 'reservation_notifications') throw new Error('Outbox must be written in the notification transaction');
             |                                                      ^
          27 |     return { upsert, update, select: jest.fn().mockReturnValue(confirm) };
          28 |   });
          29 |   return { client: { from: from as Client['from'] }, from, upsert, update, query };

      at Object.<anonymous> (src/__tests__/lib/reservation-notification-durability.test.ts:26:54)
      at from (src/lib/notifications/email/enqueue-email.ts:42:6)
      at enqueuePatientReservationEmail (src/lib/notifications/reservation-notifications.ts:196:38)
      at Object.<anonymous> (src/__tests__/lib/reservation-notification-durability.test.ts:63:5)
      at Object.toThrow (../../node_modules/expect/build/index.js:218:22)
      at Object.toThrow (src/__tests__/lib/reservation-notification-durability.test.ts:63:81)

FAIL server src/__tests__/security/post-core100-notification-migration.test.ts
  ● post-Core100 notification migration contract › keeps lease revisions strictly monotone on the email-specific trigger only

    expect(received).toContain(expected) // indexOf

    Expected substring: "public.update_email_outbox_updated_at()"
    Received string:    ""

       6 | describe('post-Core100 notification migration contract', () => {
       7 |   it('keeps lease revisions strictly monotone on the email-specific trigger only', () => {
    >  8 |     expect(sql).toContain('public.update_email_outbox_updated_at()');
         |                 ^
       9 |     expect(sql).toContain("old.updated_at + interval '1 microsecond'");
      10 |     expect(sql).not.toContain('public.update_updated_at_column()');
      11 |   });

      at Object.toContain (src/__tests__/security/post-core100-notification-migration.test.ts:8:17)

  ● post-Core100 notification migration contract › atomically stores the outbox using a private invoker trigger without client grants

    expect(received).toContain(expected) // indexOf

    Expected substring: "app_private.persist_reservation_notification_outbox()"
    Received string:    ""

      11 |   });
      12 |   it('atomically stores the outbox using a private invoker trigger without client grants', () => {
    > 13 |     expect(sql).toContain('app_private.persist_reservation_notification_outbox()');
         |                 ^
      14 |     expect(sql).toContain('security invoker');
      15 |     expect(sql).toContain('after insert or update of status, detail');
      16 |     expect(sql).toContain('from public, anon, authenticated');

      at Object.toContain (src/__tests__/security/post-core100-notification-migration.test.ts:13:17)

Test Suites: 3 failed, 3 total
Tests:       6 failed, 11 passed, 17 total
Snapshots:   0 total
Time:        5.123 s
Ran all test suites within paths "src/__tests__/lib/reservation-notification-durability.test.ts", "src/__tests__/api/email-reservation-enqueue.test.ts", "src/__tests__/security/post-core100-notification-migration.test.ts".
